Archive member included to satisfy reference by file (symbol)

c:/program files (x86)/atmel/studio/7.0/toolchain/arm/arm-gnu-toolchain/bin/../lib/gcc/arm-none-eabi/6.3.1/thumb/v7-m\libgcc.a(_arm_addsubdf3.o)
                              src/main.o (__aeabi_f2d)
c:/program files (x86)/atmel/studio/7.0/toolchain/arm/arm-gnu-toolchain/bin/../lib/gcc/arm-none-eabi/6.3.1/thumb/v7-m\libgcc.a(_aeabi_uldivmod.o)
                              MiniWin/hal/ATSAM3X8E/hal_delay.o (__aeabi_uldivmod)
c:/program files (x86)/atmel/studio/7.0/toolchain/arm/arm-gnu-toolchain/bin/../lib/gcc/arm-none-eabi/6.3.1/thumb/v7-m\libgcc.a(_udivmoddi4.o)
                              c:/program files (x86)/atmel/studio/7.0/toolchain/arm/arm-gnu-toolchain/bin/../lib/gcc/arm-none-eabi/6.3.1/thumb/v7-m\libgcc.a(_aeabi_uldivmod.o) (__udivmoddi4)
c:/program files (x86)/atmel/studio/7.0/toolchain/arm/arm-gnu-toolchain/bin/../lib/gcc/arm-none-eabi/6.3.1/thumb/v7-m\libgcc.a(_dvmd_tls.o)
                              c:/program files (x86)/atmel/studio/7.0/toolchain/arm/arm-gnu-toolchain/bin/../lib/gcc/arm-none-eabi/6.3.1/thumb/v7-m\libgcc.a(_aeabi_uldivmod.o) (__aeabi_ldiv0)
c:/program files (x86)/atmel/studio/7.0/toolchain/arm/arm-gnu-toolchain/bin/../lib/gcc/arm-none-eabi/6.3.1/../../../../arm-none-eabi/lib/thumb/v7-m\libc.a(lib_a-exit.o)
                              c:/program files (x86)/atmel/studio/7.0/toolchain/arm/arm-gnu-toolchain/bin/../lib/gcc/arm-none-eabi/6.3.1/../../../../arm-none-eabi/lib/thumb/v7-m/crt0.o (exit)
c:/program files (x86)/atmel/studio/7.0/toolchain/arm/arm-gnu-toolchain/bin/../lib/gcc/arm-none-eabi/6.3.1/../../../../arm-none-eabi/lib/thumb/v7-m\libc.a(lib_a-impure.o)
                              c:/program files (x86)/atmel/studio/7.0/toolchain/arm/arm-gnu-toolchain/bin/../lib/gcc/arm-none-eabi/6.3.1/../../../../arm-none-eabi/lib/thumb/v7-m\libc.a(lib_a-exit.o) (_global_impure_ptr)
c:/program files (x86)/atmel/studio/7.0/toolchain/arm/arm-gnu-toolchain/bin/../lib/gcc/arm-none-eabi/6.3.1/../../../../arm-none-eabi/lib/thumb/v7-m\libc.a(lib_a-init.o)
                              c:/program files (x86)/atmel/studio/7.0/toolchain/arm/arm-gnu-toolchain/bin/../lib/gcc/arm-none-eabi/6.3.1/../../../../arm-none-eabi/lib/thumb/v7-m/crt0.o (__libc_init_array)
c:/program files (x86)/atmel/studio/7.0/toolchain/arm/arm-gnu-toolchain/bin/../lib/gcc/arm-none-eabi/6.3.1/../../../../arm-none-eabi/lib/thumb/v7-m\libc.a(lib_a-memcpy.o)
                              MiniWin/hal/ATSAM3X8E/hal_non_vol.o (memcpy)
c:/program files (x86)/atmel/studio/7.0/toolchain/arm/arm-gnu-toolchain/bin/../lib/gcc/arm-none-eabi/6.3.1/../../../../arm-none-eabi/lib/thumb/v7-m\libc.a(lib_a-memset.o)
                              c:/program files (x86)/atmel/studio/7.0/toolchain/arm/arm-gnu-toolchain/bin/../lib/gcc/arm-none-eabi/6.3.1/../../../../arm-none-eabi/lib/thumb/v7-m/crt0.o (memset)
c:/program files (x86)/atmel/studio/7.0/toolchain/arm/arm-gnu-toolchain/bin/../lib/gcc/arm-none-eabi/6.3.1/../../../../arm-none-eabi/lib/thumb/v7-m\libc.a(lib_a-setbuf.o)
                              src/ASF/common/utils/stdio/stdio_usb/stdio_usb.o (setbuf)
c:/program files (x86)/atmel/studio/7.0/toolchain/arm/arm-gnu-toolchain/bin/../lib/gcc/arm-none-eabi/6.3.1/../../../../arm-none-eabi/lib/thumb/v7-m\libc.a(lib_a-setvbuf.o)
                              c:/program files (x86)/atmel/studio/7.0/toolchain/arm/arm-gnu-toolchain/bin/../lib/gcc/arm-none-eabi/6.3.1/../../../../arm-none-eabi/lib/thumb/v7-m\libc.a(lib_a-setbuf.o) (setvbuf)
c:/program files (x86)/atmel/studio/7.0/toolchain/arm/arm-gnu-toolchain/bin/../lib/gcc/arm-none-eabi/6.3.1/../../../../arm-none-eabi/lib/thumb/v7-m\libc.a(lib_a-sprintf.o)
                              src/main.o (sprintf)
c:/program files (x86)/atmel/studio/7.0/toolchain/arm/arm-gnu-toolchain/bin/../lib/gcc/arm-none-eabi/6.3.1/../../../../arm-none-eabi/lib/thumb/v7-m\libc.a(lib_a-svfprintf.o)
                              c:/program files (x86)/atmel/studio/7.0/toolchain/arm/arm-gnu-toolchain/bin/../lib/gcc/arm-none-eabi/6.3.1/../../../../arm-none-eabi/lib/thumb/v7-m\libc.a(lib_a-sprintf.o) (_svfprintf_r)
c:/program files (x86)/atmel/studio/7.0/toolchain/arm/arm-gnu-toolchain/bin/../lib/gcc/arm-none-eabi/6.3.1/../../../../arm-none-eabi/lib/thumb/v7-m\libc.a(lib_a-__call_atexit.o)
                              c:/program files (x86)/atmel/studio/7.0/toolchain/arm/arm-gnu-toolchain/bin/../lib/gcc/arm-none-eabi/6.3.1/../../../../arm-none-eabi/lib/thumb/v7-m\libc.a(lib_a-exit.o) (__call_exitprocs)
c:/program files (x86)/atmel/studio/7.0/toolchain/arm/arm-gnu-toolchain/bin/../lib/gcc/arm-none-eabi/6.3.1/../../../../arm-none-eabi/lib/thumb/v7-m\libc.a(lib_a-atexit.o)
                              c:/program files (x86)/atmel/studio/7.0/toolchain/arm/arm-gnu-toolchain/bin/../lib/gcc/arm-none-eabi/6.3.1/../../../../arm-none-eabi/lib/thumb/v7-m\libc.a(lib_a-__call_atexit.o) (atexit)
[...]
Memory Configuration

Name             Origin             Length             Attributes
rom              0x00080000         0x00080000         xr
sram0            0x20000000         0x00010000         xrw
sram1            0x20080000         0x00008000         xrw
ram              0x20070000         0x00018000         xrw
*default*        0x00000000         0xffffffff

Linker script and memory map

LOAD c:/program files (x86)/atmel/studio/7.0/toolchain/arm/arm-gnu-toolchain/bin/../lib/gcc/arm-none-eabi/6.3.1/thumb/v7-m/crti.o
LOAD c:/program files (x86)/atmel/studio/7.0/toolchain/arm/arm-gnu-toolchain/bin/../lib/gcc/arm-none-eabi/6.3.1/thumb/v7-m/crtbegin.o
LOAD c:/program files (x86)/atmel/studio/7.0/toolchain/arm/arm-gnu-toolchain/bin/../lib/gcc/arm-none-eabi/6.3.1/../../../../arm-none-eabi/lib/thumb/v7-m/crt0.o
LOAD MiniWin/hal/ATSAM3X8E/hal_delay.o
LOAD MiniWin/hal/ATSAM3X8E/hal_non_vol.o
LOAD MiniWin/hal/ATSAM3X8E/hal_timer.o
LOAD MiniWin/hal/ATSAM3X8E/hal_touch.o
LOAD src/app.o
LOAD src/ASF/common/services/sleepmgr/sam/sleepmgr.o
LOAD src/ASF/common/services/usb/class/cdc/device/udi_cdc.o
LOAD src/ASF/common/services/usb/udc/udc.o
LOAD src/ASF/common/utils/stdio/read.o
LOAD src/ASF/common/utils/stdio/stdio_usb/stdio_usb.o
LOAD src/ASF/sam/drivers/spi/spi.o
LOAD src/ASF/sam/drivers/tc/tc.o
LOAD src/ASF/sam/drivers/uotghs/uotghs_device.o
LOAD src/ASF/thirdparty/wireless/addons/sio2host/usb/sio2host.o
LOAD src/ASF/common/utils/stdio/write.o
LOAD src/ASF/common/services/usb/class/cdc/device/udi_cdc_desc.o
LOAD src/ASF/common/services/delay/sam/cycle_counter.o
LOAD src/ASF/sam/drivers/efc/efc.o
LOAD src/ASF/sam/services/flash_efc/flash_efc.o
LOAD src/ASF/common/services/clock/sam3x/sysclk.o
LOAD src/ASF/common/utils/interrupt/interrupt_sam_nvic.o
LOAD src/ASF/sam/boards/arduino_due_x/init.o
LOAD src/ASF/sam/drivers/pio/pio.o
LOAD src/ASF/sam/drivers/pio/pio_handler.o
LOAD src/ASF/sam/drivers/pmc/pmc.o
LOAD src/ASF/sam/drivers/pmc/sleep.o
LOAD src/ASF/sam/utils/cmsis/sam3x/source/templates/exceptions.o
LOAD src/ASF/sam/utils/cmsis/sam3x/source/templates/gcc/startup_sam3x.o
LOAD src/ASF/sam/utils/cmsis/sam3x/source/templates/system_sam3x.o
LOAD src/ASF/sam/utils/syscalls/gcc/syscalls.o
LOAD src/main.o
START GROUP
LOAD ../src/ASF/thirdparty/CMSIS/Lib/GCC\libarm_cortexM3l_math.a
LOAD c:/program files (x86)/atmel/studio/7.0/toolchain/arm/arm-gnu-toolchain/bin/../lib/gcc/arm-none-eabi/6.3.1/../../../../arm-none-eabi/lib/thumb/v7-m\libm.a
END GROUP
START GROUP
LOAD c:/program files (x86)/atmel/studio/7.0/toolchain/arm/arm-gnu-toolchain/bin/../lib/gcc/arm-none-eabi/6.3.1/thumb/v7-m\libgcc.a
LOAD c:/program files (x86)/atmel/studio/7.0/toolchain/arm/arm-gnu-toolchain/bin/../lib/gcc/arm-none-eabi/6.3.1/../../../../arm-none-eabi/lib/thumb/v7-m\libc.a
END GROUP
LOAD c:/program files (x86)/atmel/studio/7.0/toolchain/arm/arm-gnu-toolchain/bin/../lib/gcc/arm-none-eabi/6.3.1/thumb/v7-m/crtend.o
LOAD c:/program files (x86)/atmel/studio/7.0/toolchain/arm/arm-gnu-toolchain/bin/../lib/gcc/arm-none-eabi/6.3.1/thumb/v7-m/crtn.o
                0x00002000                __stack_size__ = DEFINED (__stack_size__)?__stack_size__:0x2000
                0x20087ffc                __ram_end__ = ((ORIGIN (ram) + LENGTH (ram)) - 0x4)

.text           0x00080000     0x8574
                0x00080000                . = ALIGN (0x4)
                0x00080000                _sfixed = .
 *(.vectors .vectors.*)
 .vectors       0x00080000       0xf4 src/ASF/sam/utils/cmsis/sam3x/source/templates/gcc/startup_sam3x.o
                0x00080000                exception_table
 *(.text .text.* .gnu.linkonce.t.*)
 .text          0x000800f4       0x6c c:/program files (x86)/atmel/studio/7.0/toolchain/arm/arm-gnu-toolchain/bin/../lib/gcc/arm-none-eabi/6.3.1/thumb/v7-m/crtbegin.o
 .text.mw_hal_delay_ms
                0x00080160       0x3c MiniWin/hal/ATSAM3X8E/hal_delay.o
                0x00080160                mw_hal_delay_ms
 .text.mw_hal_non_vol_load
                0x0008019c       0x14 MiniWin/hal/ATSAM3X8E/hal_non_vol.o
                0x0008019c                mw_hal_non_vol_load
 .text.mw_hal_non_vol_save
                0x000801b0       0x54 MiniWin/hal/ATSAM3X8E/hal_non_vol.o
                0x000801b0                mw_hal_non_vol_save
 .text.TC0_Handler
                0x00080204       0x2c MiniWin/hal/ATSAM3X8E/hal_timer.o
                0x00080204                TC0_Handler
 .text.mw_hal_timer_init
                0x00080230       0x88 MiniWin/hal/ATSAM3X8E/hal_timer.o
                0x00080230                mw_hal_timer_init
 .text.spi_master_transfer
                0x000802b8       0x4c MiniWin/hal/ATSAM3X8E/hal_touch.o
 .text.mw_hal_touch_init
                0x00080304       0xc8 MiniWin/hal/ATSAM3X8E/hal_touch.o
                0x00080304                mw_hal_touch_init
 .text.mw_hal_touch_get_state
                0x000803cc       0x10 MiniWin/hal/ATSAM3X8E/hal_touch.o
                0x000803cc                mw_hal_touch_get_state
 .text.mw_hal_touch_get_point
                0x000803dc      0x100 MiniWin/hal/ATSAM3X8E/hal_touch.o
                0x000803dc                mw_hal_touch_get_point
 .text.app_init
                0x000804dc       0x14 src/app.o
                0x000804dc                app_init
 .text.udi_cdc_comm_enable
                0x000804f0       0x4c src/ASF/common/services/usb/class/cdc/device/udi_cdc.o
                0x000804f0                udi_cdc_comm_enable
 .text.udi_cdc_comm_disable
                0x0008053c       0x10 src/ASF/common/services/usb/class/cdc/device/udi_cdc.o
                0x0008053c                udi_cdc_comm_disable
 .text.udi_cdc_data_disable
                0x0008054c       0x1c src/ASF/common/services/usb/class/cdc/device/udi_cdc.o
                0x0008054c                udi_cdc_data_disable
 .text.udi_cdc_data_setup
                0x00080568        0x4 src/ASF/common/services/usb/class/cdc/device/udi_cdc.o
                0x00080568                udi_cdc_data_setup
 .text.udi_cdc_getsetting
                0x0008056c        0x4 src/ASF/common/services/usb/class/cdc/device/udi_cdc.o
                0x0008056c                udi_cdc_getsetting
 .text.udi_cdc_comm_setup
                0x00080570       0x84 src/ASF/common/services/usb/class/cdc/device/udi_cdc.o
                0x00080570                udi_cdc_comm_setup
 .text.udi_cdc_line_coding_received
                0x000805f4        0x2 src/ASF/common/services/usb/class/cdc/device/udi_cdc.o
 *fill*         0x000805f6        0x2 
 .text.udi_cdc_tx_send
                0x000805f8      0x148 src/ASF/common/services/usb/class/cdc/device/udi_cdc.o
 .text.udi_cdc_data_sent
                0x00080740       0x38 src/ASF/common/services/usb/class/cdc/device/udi_cdc.o
 .text.udi_cdc_data_sof_notify
                0x00080778       0x10 src/ASF/common/services/usb/class/cdc/device/udi_cdc.o
                0x00080778                udi_cdc_data_sof_notify
 .text.udi_cdc_multi_get_nb_received_data
                0x00080788       0x54 src/ASF/common/services/usb/class/cdc/device/udi_cdc.o
                0x00080788                udi_cdc_multi_get_nb_received_data
 .text.udi_cdc_multi_is_rx_ready
                0x000807dc       0x14 src/ASF/common/services/usb/class/cdc/device/udi_cdc.o
                0x000807dc                udi_cdc_multi_is_rx_ready
 .text.udi_cdc_rx_start
                0x000807f0       0xb8 src/ASF/common/services/usb/class/cdc/device/udi_cdc.o
 .text.udi_cdc_data_enable
                0x000808a8       0x94 src/ASF/common/services/usb/class/cdc/device/udi_cdc.o
                0x000808a8                udi_cdc_data_enable
 .text.udi_cdc_data_received
                0x0008093c       0x5c src/ASF/common/services/usb/class/cdc/device/udi_cdc.o
 .text.udi_cdc_multi_getc
                0x00080998       0xbc src/ASF/common/services/usb/class/cdc/device/udi_cdc.o
                0x00080998                udi_cdc_multi_getc
 .text.udi_cdc_getc
                0x00080a54       0x10 src/ASF/common/services/usb/class/cdc/device/udi_cdc.o
                0x00080a54                udi_cdc_getc
 .text.udi_cdc_multi_get_free_tx_buffer
                0x00080a64       0x7c src/ASF/common/services/usb/class/cdc/device/udi_cdc.o
                0x00080a64                udi_cdc_multi_get_free_tx_buffer
 .text.udi_cdc_multi_is_tx_ready
                0x00080ae0       0x14 src/ASF/common/services/usb/class/cdc/device/udi_cdc.o
                0x00080ae0                udi_cdc_multi_is_tx_ready
 .text.udi_cdc_multi_putc
                0x00080af4       0x9c src/ASF/common/services/usb/class/cdc/device/udi_cdc.o
                0x00080af4                udi_cdc_multi_putc
 .text.udi_cdc_putc
                0x00080b90       0x10 src/ASF/common/services/usb/class/cdc/device/udi_cdc.o
                0x00080b90                udi_cdc_putc
 .text.udc_next_desc_in_iface
                0x00080ba0       0x48 src/ASF/common/services/usb/udc/udc.o
 .text.udc_valid_address
                0x00080be8       0x18 src/ASF/common/services/usb/udc/udc.o
 .text.udc_update_iface_desc
                0x00080c00       0x74 src/ASF/common/services/usb/udc/udc.o
 .text.udc_iface_disable
                0x00080c74       0x6c src/ASF/common/services/usb/udc/udc.o
 .text.udc_iface_enable
                0x00080ce0       0x5c src/ASF/common/services/usb/udc/udc.o
 .text.udc_start
                0x00080d3c        0xc src/ASF/common/services/usb/udc/udc.o
                0x00080d3c                udc_start
 .text.udc_reset
                0x00080d48       0x48 src/ASF/common/services/usb/udc/udc.o
                0x00080d48                udc_reset
 .text.udc_sof_notify
                0x00080d90       0x40 src/ASF/common/services/usb/udc/udc.o
                0x00080d90                udc_sof_notify
 .text.udc_process_setup
                0x00080dd0      0x410 src/ASF/common/services/usb/udc/udc.o
                0x00080dd0                udc_process_setup
 .text._read    0x000811e0       0x3c src/ASF/common/utils/stdio/read.o
                0x000811e0                _read
 .text.stdio_usb_putchar
                0x0008121c       0x24 src/ASF/common/utils/stdio/stdio_usb/stdio_usb.o
                0x0008121c                stdio_usb_putchar
 .text.stdio_usb_getchar
                0x00081240       0x20 src/ASF/common/utils/stdio/stdio_usb/stdio_usb.o
                0x00081240                stdio_usb_getchar
 .text.stdio_usb_enable
                0x00081260        0xc src/ASF/common/utils/stdio/stdio_usb/stdio_usb.o
                0x00081260                stdio_usb_enable
 .text.stdio_usb_init
                0x0008126c       0x50 src/ASF/common/utils/stdio/stdio_usb/stdio_usb.o
                0x0008126c                stdio_usb_init
 .text.spi_enable_clock
                0x000812bc       0x1c src/ASF/sam/drivers/spi/spi.o
                0x000812bc                spi_enable_clock
 .text.spi_set_peripheral_chip_select_value
                0x000812d8       0x16 src/ASF/sam/drivers/spi/spi.o
                0x000812d8                spi_set_peripheral_chip_select_value
 .text.spi_set_clock_polarity
                0x000812ee       0x1e src/ASF/sam/drivers/spi/spi.o
                0x000812ee                spi_set_clock_polarity
 .text.spi_set_clock_phase
                0x0008130c       0x1e src/ASF/sam/drivers/spi/spi.o
                0x0008130c                spi_set_clock_phase
 .text.spi_set_bits_per_transfer
                0x0008132a       0x14 src/ASF/sam/drivers/spi/spi.o
                0x0008132a                spi_set_bits_per_transfer
 .text.spi_set_baudrate_div
                0x0008133e       0x26 src/ASF/sam/drivers/spi/spi.o
                0x0008133e                spi_set_baudrate_div
 .text.spi_set_transfer_delay
                0x00081364       0x1c src/ASF/sam/drivers/spi/spi.o
                0x00081364                spi_set_transfer_delay
 .text.tc_init  0x00081380       0x18 src/ASF/sam/drivers/tc/tc.o
                0x00081380                tc_init
 .text.tc_start
                0x00081398        0x8 src/ASF/sam/drivers/tc/tc.o
                0x00081398                tc_start
 .text.tc_write_rc
                0x000813a0        0x8 src/ASF/sam/drivers/tc/tc.o
                0x000813a0                tc_write_rc
 .text.tc_enable_interrupt
                0x000813a8        0x8 src/ASF/sam/drivers/tc/tc.o
                0x000813a8                tc_enable_interrupt
 .text.tc_get_status
                0x000813b0        0x8 src/ASF/sam/drivers/tc/tc.o
                0x000813b0                tc_get_status
 .text.tc_find_mck_divisor
                0x000813b8       0x70 src/ASF/sam/drivers/tc/tc.o
                0x000813b8                tc_find_mck_divisor
 .text.udd_ctrl_init
                0x00081428       0x5c src/ASF/sam/drivers/uotghs/uotghs_device.o
 .text.udd_ctrl_stall_data
                0x00081484       0x18 src/ASF/sam/drivers/uotghs/uotghs_device.o
 .text.udd_ctrl_send_zlp_in
                0x0008149c       0x54 src/ASF/sam/drivers/uotghs/uotghs_device.o
 .text.udd_ctrl_endofrequest
                0x000814f0       0x10 src/ASF/sam/drivers/uotghs/uotghs_device.o
 .text.udd_ctrl_in_sent
                0x00081500      0x17c src/ASF/sam/drivers/uotghs/uotghs_device.o
 .text.udd_ep_finish_job
                0x0008167c       0x38 src/ASF/sam/drivers/uotghs/uotghs_device.o
 .text.udd_ep_trans_done
                0x000816b4      0x1a8 src/ASF/sam/drivers/uotghs/uotghs_device.o
 .text.udd_sleep_mode
                0x0008185c       0xa4 src/ASF/sam/drivers/uotghs/uotghs_device.o
 .text.udd_enable
                0x00081900      0x198 src/ASF/sam/drivers/uotghs/uotghs_device.o
                0x00081900                udd_enable
 .text.udd_attach
                0x00081a98       0x8c src/ASF/sam/drivers/uotghs/uotghs_device.o
                0x00081a98                udd_attach
 .text.udd_detach
                0x00081b24       0x34 src/ASF/sam/drivers/uotghs/uotghs_device.o
                0x00081b24                udd_detach
 .text.UOTGHS_Handler
                0x00081b58      0x618 src/ASF/sam/drivers/uotghs/uotghs_device.o
                0x00081b58                UOTGHS_Handler
 .text.udd_is_high_speed
                0x00082170        0x4 src/ASF/sam/drivers/uotghs/uotghs_device.o
                0x00082170                udd_is_high_speed
 .text.udd_set_address
                0x00082174       0x28 src/ASF/sam/drivers/uotghs/uotghs_device.o
                0x00082174                udd_set_address
 .text.udd_getaddress
                0x0008219c       0x10 src/ASF/sam/drivers/uotghs/uotghs_device.o
                0x0008219c                udd_getaddress
 .text.udd_get_frame_number
                0x000821ac       0x10 src/ASF/sam/drivers/uotghs/uotghs_device.o
                0x000821ac                udd_get_frame_number
 .text.udd_get_micro_frame_number
                0x000821bc       0x10 src/ASF/sam/drivers/uotghs/uotghs_device.o
                0x000821bc                udd_get_micro_frame_number
 .text.udd_set_setup_payload
                0x000821cc        0xc src/ASF/sam/drivers/uotghs/uotghs_device.o
                0x000821cc                udd_set_setup_payload
 .text.udd_ep_free
                0x000821d8       0x5c src/ASF/sam/drivers/uotghs/uotghs_device.o
                0x000821d8                udd_ep_free
 .text.udd_ep_is_halted
                0x00082234       0x14 src/ASF/sam/drivers/uotghs/uotghs_device.o
                0x00082234                udd_ep_is_halted
 .text.udd_ep_set_halt
                0x00082248      0x100 src/ASF/sam/drivers/uotghs/uotghs_device.o
                0x00082248                udd_ep_set_halt
 .text.udd_ep_clear_halt
                0x00082348       0xdc src/ASF/sam/drivers/uotghs/uotghs_device.o
                0x00082348                udd_ep_clear_halt
 .text.udd_ep_run
                0x00082424       0xfc src/ASF/sam/drivers/uotghs/uotghs_device.o
                0x00082424                udd_ep_run
 .text.udd_ep_alloc
                0x00082520      0x1f8 src/ASF/sam/drivers/uotghs/uotghs_device.o
                0x00082520                udd_ep_alloc
 .text.udd_ep_abort
                0x00082718       0x80 src/ASF/sam/drivers/uotghs/uotghs_device.o
                0x00082718                udd_ep_abort
 .text._write   0x00082798       0x50 src/ASF/common/utils/stdio/write.o
                0x00082798                _write
 .text.efc_get_wait_state
                0x000827e8        0x8 src/ASF/sam/drivers/efc/efc.o
                0x000827e8                efc_get_wait_state
 .text.efc_init
                0x000827f0       0x18 src/ASF/sam/drivers/efc/efc.o
                0x000827f0                efc_init
 .text.efc_set_wait_state
                0x00082808       0x1c src/ASF/sam/drivers/efc/efc.o
                0x00082808                efc_set_wait_state
 .text.efc_perform_command
                0x00082824       0x5c src/ASF/sam/drivers/efc/efc.o
                0x00082824                efc_perform_command
 .text.translate_address
                0x00082880       0x3c src/ASF/sam/services/flash_efc/flash_efc.o
 .text.flash_init
                0x000828bc       0x28 src/ASF/sam/services/flash_efc/flash_efc.o
                0x000828bc                flash_init
 .text.flash_write
                0x000828e4      0x100 src/ASF/sam/services/flash_efc/flash_efc.o
                0x000828e4                flash_write
 .text.flash_lock
                0x000829e4       0x74 src/ASF/sam/services/flash_efc/flash_efc.o
                0x000829e4                flash_lock
 .text.flash_unlock
                0x00082a58       0x74 src/ASF/sam/services/flash_efc/flash_efc.o
                0x00082a58                flash_unlock
 .text.sysclk_enable_usb
                0x00082acc       0x20 src/ASF/common/services/clock/sam3x/sysclk.o
                0x00082acc                sysclk_enable_usb
 .text.sysclk_init
                0x00082aec       0x64 src/ASF/common/services/clock/sam3x/sysclk.o
                0x00082aec                sysclk_init
 .text.board_init
                0x00082b50       0x80 src/ASF/sam/boards/arduino_due_x/init.o
                0x00082b50                board_init
 .text.pio_set_peripheral
                0x00082bd0       0x3e src/ASF/sam/drivers/pio/pio.o
                0x00082bd0                pio_set_peripheral
 .text.pio_set_input
                0x00082c0e       0x32 src/ASF/sam/drivers/pio/pio.o
                0x00082c0e                pio_set_input
 .text.pio_set_output
                0x00082c40       0x26 src/ASF/sam/drivers/pio/pio.o
                0x00082c40                pio_set_output
 .text.pio_get_interrupt_status
                0x00082c66        0x4 src/ASF/sam/drivers/pio/pio.o
                0x00082c66                pio_get_interrupt_status
 .text.pio_get_interrupt_mask
                0x00082c6a        0x4 src/ASF/sam/drivers/pio/pio.o
                0x00082c6a                pio_get_interrupt_mask
 *fill*         0x00082c6e        0x2 
 .text.pio_configure_pin
                0x00082c70       0xd0 src/ASF/sam/drivers/pio/pio.o
                0x00082c70                pio_configure_pin
 .text.pio_configure_pin_group
                0x00082d40       0x9c src/ASF/sam/drivers/pio/pio.o
                0x00082d40                pio_configure_pin_group
 .text.pio_handler_process
                0x00082ddc       0x50 src/ASF/sam/drivers/pio/pio_handler.o
                0x00082ddc                pio_handler_process
 .text.PIOA_Handler
                0x00082e2c       0x14 src/ASF/sam/drivers/pio/pio_handler.o
                0x00082e2c                PIOA_Handler
 .text.PIOB_Handler
                0x00082e40       0x14 src/ASF/sam/drivers/pio/pio_handler.o
                0x00082e40                PIOB_Handler
 .text.PIOC_Handler
                0x00082e54       0x14 src/ASF/sam/drivers/pio/pio_handler.o
                0x00082e54                PIOC_Handler
 .text.PIOD_Handler
                0x00082e68       0x14 src/ASF/sam/drivers/pio/pio_handler.o
                0x00082e68                PIOD_Handler
 .text.pmc_switch_mck_to_pllack
                0x00082e7c       0x64 src/ASF/sam/drivers/pmc/pmc.o
                0x00082e7c                pmc_switch_mck_to_pllack
 .text.pmc_switch_mainck_to_xtal
                0x00082ee0       0x54 src/ASF/sam/drivers/pmc/pmc.o
                0x00082ee0                pmc_switch_mainck_to_xtal
 .text.pmc_osc_is_ready_mainck
                0x00082f34       0x10 src/ASF/sam/drivers/pmc/pmc.o
                0x00082f34                pmc_osc_is_ready_mainck
 .text.pmc_disable_pllack
                0x00082f44       0x10 src/ASF/sam/drivers/pmc/pmc.o
                0x00082f44                pmc_disable_pllack
 .text.pmc_is_locked_pllack
                0x00082f54       0x10 src/ASF/sam/drivers/pmc/pmc.o
                0x00082f54                pmc_is_locked_pllack
 .text.pmc_enable_upll_clock
                0x00082f64       0x18 src/ASF/sam/drivers/pmc/pmc.o
                0x00082f64                pmc_enable_upll_clock
 .text.pmc_enable_periph_clk
                0x00082f7c       0x20 src/ASF/sam/drivers/pmc/pmc.o
                0x00082f7c                pmc_enable_periph_clk
 .text.pmc_switch_udpck_to_upllck
                0x00082f9c       0x14 src/ASF/sam/drivers/pmc/pmc.o
                0x00082f9c                pmc_switch_udpck_to_upllck
 .text.pmc_enable_udpck
                0x00082fb0        0xc src/ASF/sam/drivers/pmc/pmc.o
                0x00082fb0                pmc_enable_udpck
 .text.pmc_set_fast_startup_input
                0x00082fbc       0x14 src/ASF/sam/drivers/pmc/pmc.o
                0x00082fbc                pmc_set_fast_startup_input
 .text.pmc_is_wakeup_clocks_restored
                0x00082fd0       0x10 src/ASF/sam/drivers/pmc/sleep.o
                0x00082fd0                pmc_is_wakeup_clocks_restored
 .text.Dummy_Handler
                0x00082fe0        0x2 src/ASF/sam/utils/cmsis/sam3x/source/templates/exceptions.o
                0x00082fe0                DACC_Handler
                0x00082fe0                DebugMon_Handler
                0x00082fe0                DMAC_Handler
                0x00082fe0                TRNG_Handler
                0x00082fe0                HardFault_Handler
                0x00082fe0                TC2_Handler
                0x00082fe0                SysTick_Handler
                0x00082fe0                USART3_Handler
                0x00082fe0                TWI1_Handler
                0x00082fe0                PendSV_Handler
                0x00082fe0                NMI_Handler
                0x00082fe0                TC7_Handler
                0x00082fe0                ADC_Handler
                0x00082fe0                SMC_Handler
                0x00082fe0                USART0_Handler
                0x00082fe0                RTT_Handler
                0x00082fe0                EFC1_Handler
                0x00082fe0                RTC_Handler
                0x00082fe0                UsageFault_Handler
                0x00082fe0                TC6_Handler
                0x00082fe0                WDT_Handler
                0x00082fe0                CAN0_Handler
                0x00082fe0                TC4_Handler
                0x00082fe0                TC1_Handler
                0x00082fe0                HSMCI_Handler
                0x00082fe0                TC3_Handler
                0x00082fe0                Dummy_Handler
                0x00082fe0                TWI0_Handler
                0x00082fe0                USART1_Handler
                0x00082fe0                SSC_Handler
                0x00082fe0                EFC0_Handler
                0x00082fe0                PMC_Handler
                0x00082fe0                PWM_Handler
                0x00082fe0                CAN1_Handler
                0x00082fe0                MemManage_Handler
                0x00082fe0                SUPC_Handler
                0x00082fe0                SVC_Handler
                0x00082fe0                TC8_Handler
                0x00082fe0                USART2_Handler
                0x00082fe0                EMAC_Handler
                0x00082fe0                UART_Handler
                0x00082fe0                BusFault_Handler
                0x00082fe0                RSTC_Handler
                0x00082fe0                TC5_Handler
                0x00082fe0                SPI0_Handler
 *fill*         0x00082fe2        0x2 
 .text.Reset_Handler
                0x00082fe4       0x98 src/ASF/sam/utils/cmsis/sam3x/source/templates/gcc/startup_sam3x.o
                0x00082fe4                Reset_Handler
 .text.SystemCoreClockUpdate
                0x0008307c      0x118 src/ASF/sam/utils/cmsis/sam3x/source/templates/system_sam3x.o
                0x0008307c                SystemCoreClockUpdate
 .text._sbrk    0x00083194       0x38 src/ASF/sam/utils/syscalls/gcc/syscalls.o
                0x00083194                _sbrk
 .text._close   0x000831cc        0x6 src/ASF/sam/utils/syscalls/gcc/syscalls.o
                0x000831cc                _close
 .text._fstat   0x000831d2        0xa src/ASF/sam/utils/syscalls/gcc/syscalls.o
                0x000831d2                _fstat
 .text._lseek   0x000831dc        0x4 src/ASF/sam/utils/syscalls/gcc/syscalls.o
                0x000831dc                _lseek
 .text.send_buf
                0x000831e0       0x20 src/main.o
                0x000831e0                send_buf
 .text.main     0x00083200      0x11c src/main.o
                0x00083200                main
 .text          0x0008331c      0x370 c:/program files (x86)/atmel/studio/7.0/toolchain/arm/arm-gnu-toolchain/bin/../lib/gcc/arm-none-eabi/6.3.1/thumb/v7-m\libgcc.a(_arm_addsubdf3.o)
                0x0008331c                __aeabi_drsub
                0x00083324                __aeabi_dsub
                0x00083324                __subdf3
                0x00083328                __aeabi_dadd
                0x00083328                __adddf3
                0x000835a0                __floatunsidf
                0x000835a0                __aeabi_ui2d
                0x000835c0                __floatsidf
                0x000835c0                __aeabi_i2d
                0x000835e4                __aeabi_f2d
                0x000835e4                __extendsfdf2
                0x00083620                __floatundidf
                0x00083620                __aeabi_ul2d
                0x00083630                __floatdidf
                0x00083630                __aeabi_l2d
 .text          0x0008368c       0x30 c:/program files (x86)/atmel/studio/7.0/toolchain/arm/arm-gnu-toolchain/bin/../lib/gcc/arm-none-eabi/6.3.1/thumb/v7-m\libgcc.a(_aeabi_uldivmod.o)
                0x0008368c                __aeabi_uldivmod
 .text          0x000836bc      0x2dc c:/program files (x86)/atmel/studio/7.0/toolchain/arm/arm-gnu-toolchain/bin/../lib/gcc/arm-none-eabi/6.3.1/thumb/v7-m\libgcc.a(_udivmoddi4.o)
                0x000836bc                __udivmoddi4
 .text          0x00083998        0x4 c:/program files (x86)/atmel/studio/7.0/toolchain/arm/arm-gnu-toolchain/bin/../lib/gcc/arm-none-eabi/6.3.1/thumb/v7-m\libgcc.a(_dvmd_tls.o)
                0x00083998                __aeabi_idiv0
                0x00083998                __aeabi_ldiv0
 .text.__libc_init_array
                0x0008399c       0x50 c:/program files (x86)/atmel/studio/7.0/toolchain/arm/arm-gnu-toolchain/bin/../lib/gcc/arm-none-eabi/6.3.1/../../../../arm-none-eabi/lib/thumb/v7-m\libc.a(lib_a-init.o)
                0x0008399c                __libc_init_array
 .text          0x000839ec       0xec c:/program files (x86)/atmel/studio/7.0/toolchain/arm/arm-gnu-toolchain/bin/../lib/gcc/arm-none-eabi/6.3.1/../../../../arm-none-eabi/lib/thumb/v7-m\libc.a(lib_a-memcpy.o)
                0x000839ec                memcpy
 .text.memset   0x00083ad8       0x9c c:/program files (x86)/atmel/studio/7.0/toolchain/arm/arm-gnu-toolchain/bin/../lib/gcc/arm-none-eabi/6.3.1/../../../../arm-none-eabi/lib/thumb/v7-m\libc.a(lib_a-memset.o)
                0x00083ad8                memset
 .text.setbuf   0x00083b74       0x10 c:/program files (x86)/atmel/studio/7.0/toolchain/arm/arm-gnu-toolchain/bin/../lib/gcc/arm-none-eabi/6.3.1/../../../../arm-none-eabi/lib/thumb/v7-m\libc.a(lib_a-setbuf.o)
                0x00083b74                setbuf
 .text.setvbuf  0x00083b84      0x190 c:/program files (x86)/atmel/studio/7.0/toolchain/arm/arm-gnu-toolchain/bin/../lib/gcc/arm-none-eabi/6.3.1/../../../../arm-none-eabi/lib/thumb/v7-m\libc.a(lib_a-setvbuf.o)
                0x00083b84                setvbuf
 .text.sprintf  0x00083d14       0x4c c:/program files (x86)/atmel/studio/7.0/toolchain/arm/arm-gnu-toolchain/bin/../lib/gcc/arm-none-eabi/6.3.1/../../../../arm-none-eabi/lib/thumb/v7-m\libc.a(lib_a-sprintf.o)
                0x00083d14                sprintf
 .text._svfprintf_r
                0x00083d60     0x1500 c:/program files (x86)/atmel/studio/7.0/toolchain/arm/arm-gnu-toolchain/bin/../lib/gcc/arm-none-eabi/6.3.1/../../../../arm-none-eabi/lib/thumb/v7-m\libc.a(lib_a-svfprintf.o)
                0x00083d60                _svfprintf_r
 .text.startup.register_fini
                0x00085260       0x14 c:/program files (x86)/atmel/studio/7.0/toolchain/arm/arm-gnu-toolchain/bin/../lib/gcc/arm-none-eabi/6.3.1/../../../../arm-none-eabi/lib/thumb/v7-m\libc.a(lib_a-__call_atexit.o)
 .text.atexit   0x00085274        0xc c:/program files (x86)/atmel/studio/7.0/toolchain/arm/arm-gnu-toolchain/bin/../lib/gcc/arm-none-eabi/6.3.1/../../../../arm-none-eabi/lib/thumb/v7-m\libc.a(lib_a-atexit.o)
                0x00085274                atexit
 .text.quorem   0x00085280      0x128 c:/program files (x86)/atmel/studio/7.0/toolchain/arm/arm-gnu-toolchain/bin/../lib/gcc/arm-none-eabi/6.3.1/../../../../arm-none-eabi/lib/thumb/v7-m\libc.a(lib_a-dtoa.o)
 .text._dtoa_r  0x000853a8      0xe44 c:/program files (x86)/atmel/studio/7.0/toolchain/arm/arm-gnu-toolchain/bin/../lib/gcc/arm-none-eabi/6.3.1/../../../../arm-none-eabi/lib/thumb/v7-m\libc.a(lib_a-dtoa.o)
                0x000853a8                _dtoa_r
 .text.__sflush_r
                0x000861ec      0x138 c:/program files (x86)/atmel/studio/7.0/toolchain/arm/arm-gnu-toolchain/bin/../lib/gcc/arm-none-eabi/6.3.1/../../../../arm-none-eabi/lib/thumb/v7-m\libc.a(lib_a-fflush.o)
                0x000861ec                __sflush_r
 .text._fflush_r
                0x00086324       0x54 c:/program files (x86)/atmel/studio/7.0/toolchain/arm/arm-gnu-toolchain/bin/../lib/gcc/arm-none-eabi/6.3.1/../../../../arm-none-eabi/lib/thumb/v7-m\libc.a(lib_a-fflush.o)
                0x00086324                _fflush_r
 .text._cleanup_r
                0x00086378        0xc c:/program files (x86)/atmel/studio/7.0/toolchain/arm/arm-gnu-toolchain/bin/../lib/gcc/arm-none-eabi/6.3.1/../../../../arm-none-eabi/lib/thumb/v7-m\libc.a(lib_a-findfp.o)
                0x00086378                _cleanup_r
 .text.std.isra.0
                0x00086384       0x50 c:/program files (x86)/atmel/studio/7.0/toolchain/arm/arm-gnu-toolchain/bin/../lib/gcc/arm-none-eabi/6.3.1/../../../../arm-none-eabi/lib/thumb/v7-m\libc.a(lib_a-findfp.o)
 .text.__sinit  0x000863d4       0x60 c:/program files (x86)/atmel/studio/7.0/toolchain/arm/arm-gnu-toolchain/bin/../lib/gcc/arm-none-eabi/6.3.1/../../../../arm-none-eabi/lib/thumb/v7-m\libc.a(lib_a-findfp.o)
                0x000863d4                __sinit
 .text.__sfp_lock_acquire
                0x00086434        0xc c:/program files (x86)/atmel/studio/7.0/toolchain/arm/arm-gnu-toolchain/bin/../lib/gcc/arm-none-eabi/6.3.1/../../../../arm-none-eabi/lib/thumb/v7-m\libc.a(lib_a-findfp.o)
                0x00086434                __sfp_lock_acquire
 .text.__sfp_lock_release
                0x00086440        0xc c:/program files (x86)/atmel/studio/7.0/toolchain/arm/arm-gnu-toolchain/bin/../lib/gcc/arm-none-eabi/6.3.1/../../../../arm-none-eabi/lib/thumb/v7-m\libc.a(lib_a-findfp.o)
                0x00086440                __sfp_lock_release
 .text.__libc_fini_array
                0x0008644c       0x34 c:/program files (x86)/atmel/studio/7.0/toolchain/arm/arm-gnu-toolchain/bin/../lib/gcc/arm-none-eabi/6.3.1/../../../../arm-none-eabi/lib/thumb/v7-m\libc.a(lib_a-fini.o)
                0x0008644c                __libc_fini_array
 .text._malloc_trim_r
                0x00086480       0xa0 c:/program files (x86)/atmel/studio/7.0/toolchain/arm/arm-gnu-toolchain/bin/../lib/gcc/arm-none-eabi/6.3.1/../../../../arm-none-eabi/lib/thumb/v7-m\libc.a(lib_a-freer.o)
                0x00086480                _malloc_trim_r
 .text._free_r  0x00086520      0x1cc c:/program files (x86)/atmel/studio/7.0/toolchain/arm/arm-gnu-toolchain/bin/../lib/gcc/arm-none-eabi/6.3.1/../../../../arm-none-eabi/lib/thumb/v7-m\libc.a(lib_a-freer.o)
                0x00086520                _free_r
 .text._fwalk_reent
                0x000866ec       0x50 c:/program files (x86)/atmel/studio/7.0/toolchain/arm/arm-gnu-toolchain/bin/../lib/gcc/arm-none-eabi/6.3.1/../../../../arm-none-eabi/lib/thumb/v7-m\libc.a(lib_a-fwalk.o)
                0x000866ec                _fwalk_reent
 .text._localeconv_r
                0x0008673c       0x1c c:/program files (x86)/atmel/studio/7.0/toolchain/arm/arm-gnu-toolchain/bin/../lib/gcc/arm-none-eabi/6.3.1/../../../../arm-none-eabi/lib/thumb/v7-m\libc.a(lib_a-localeconv.o)
                0x0008673c                _localeconv_r
 .text.__retarget_lock_init_recursive
                0x00086758        0x4 c:/program files (x86)/atmel/studio/7.0/toolchain/arm/arm-gnu-toolchain/bin/../lib/gcc/arm-none-eabi/6.3.1/../../../../arm-none-eabi/lib/thumb/v7-m\libc.a(lib_a-lock.o)
                0x00086758                __retarget_lock_init_recursive
 .text.__retarget_lock_close_recursive
                0x0008675c        0x4 c:/program files (x86)/atmel/studio/7.0/toolchain/arm/arm-gnu-toolchain/bin/../lib/gcc/arm-none-eabi/6.3.1/../../../../arm-none-eabi/lib/thumb/v7-m\libc.a(lib_a-lock.o)
                0x0008675c                __retarget_lock_close_recursive
 .text.__retarget_lock_acquire_recursive
                0x00086760        0x4 c:/program files (x86)/atmel/studio/7.0/toolchain/arm/arm-gnu-toolchain/bin/../lib/gcc/arm-none-eabi/6.3.1/../../../../arm-none-eabi/lib/thumb/v7-m\libc.a(lib_a-lock.o)
                0x00086760                __retarget_lock_acquire_recursive
 .text.__retarget_lock_release_recursive
                0x00086764        0x4 c:/program files (x86)/atmel/studio/7.0/toolchain/arm/arm-gnu-toolchain/bin/../lib/gcc/arm-none-eabi/6.3.1/../../../../arm-none-eabi/lib/thumb/v7-m\libc.a(lib_a-lock.o)
                0x00086764                __retarget_lock_release_recursive
 .text.__swhatbuf_r
                0x00086768       0x5c c:/program files (x86)/atmel/studio/7.0/toolchain/arm/arm-gnu-toolchain/bin/../lib/gcc/arm-none-eabi/6.3.1/../../../../arm-none-eabi/lib/thumb/v7-m\libc.a(lib_a-makebuf.o)
                0x00086768                __swhatbuf_r
 .text.malloc   0x000867c4       0x10 c:/program files (x86)/atmel/studio/7.0/toolchain/arm/arm-gnu-toolchain/bin/../lib/gcc/arm-none-eabi/6.3.1/../../../../arm-none-eabi/lib/thumb/v7-m\libc.a(lib_a-malloc.o)
                0x000867c4                malloc
 .text._malloc_r
                0x000867d4      0x544 c:/program files (x86)/atmel/studio/7.0/toolchain/arm/arm-gnu-toolchain/bin/../lib/gcc/arm-none-eabi/6.3.1/../../../../arm-none-eabi/lib/thumb/v7-m\libc.a(lib_a-mallocr.o)
                0x000867d4                _malloc_r
 .text.memchr   0x00086d18       0x8c c:/program files (x86)/atmel/studio/7.0/toolchain/arm/arm-gnu-toolchain/bin/../lib/gcc/arm-none-eabi/6.3.1/../../../../arm-none-eabi/lib/thumb/v7-m\libc.a(lib_a-memchr-stub.o)
                0x00086d18                memchr
 .text.__malloc_lock
                0x00086da4        0xc c:/program files (x86)/atmel/studio/7.0/toolchain/arm/arm-gnu-toolchain/bin/../lib/gcc/arm-none-eabi/6.3.1/../../../../arm-none-eabi/lib/thumb/v7-m\libc.a(lib_a-mlock.o)
                0x00086da4                __malloc_lock
 .text.__malloc_unlock
                0x00086db0        0xc c:/program files (x86)/atmel/studio/7.0/toolchain/arm/arm-gnu-toolchain/bin/../lib/gcc/arm-none-eabi/6.3.1/../../../../arm-none-eabi/lib/thumb/v7-m\libc.a(lib_a-mlock.o)
                0x00086db0                __malloc_unlock
 .text._Balloc  0x00086dbc       0x4c c:/program files (x86)/atmel/studio/7.0/toolchain/arm/arm-gnu-toolchain/bin/../lib/gcc/arm-none-eabi/6.3.1/../../../../arm-none-eabi/lib/thumb/v7-m\libc.a(lib_a-mprec.o)
                0x00086dbc                _Balloc
 .text._Bfree   0x00086e08       0x14 c:/program files (x86)/atmel/studio/7.0/toolchain/arm/arm-gnu-toolchain/bin/../lib/gcc/arm-none-eabi/6.3.1/../../../../arm-none-eabi/lib/thumb/v7-m\libc.a(lib_a-mprec.o)
                0x00086e08                _Bfree
 .text.__multadd
                0x00086e1c       0x84 c:/program files (x86)/atmel/studio/7.0/toolchain/arm/arm-gnu-toolchain/bin/../lib/gcc/arm-none-eabi/6.3.1/../../../../arm-none-eabi/lib/thumb/v7-m\libc.a(lib_a-mprec.o)
                0x00086e1c                __multadd
 .text.__hi0bits
                0x00086ea0       0x40 c:/program files (x86)/atmel/studio/7.0/toolchain/arm/arm-gnu-toolchain/bin/../lib/gcc/arm-none-eabi/6.3.1/../../../../arm-none-eabi/lib/thumb/v7-m\libc.a(lib_a-mprec.o)
                0x00086ea0                __hi0bits
 .text.__lo0bits
                0x00086ee0       0x60 c:/program files (x86)/atmel/studio/7.0/toolchain/arm/arm-gnu-toolchain/bin/../lib/gcc/arm-none-eabi/6.3.1/../../../../arm-none-eabi/lib/thumb/v7-m\libc.a(lib_a-mprec.o)
                0x00086ee0                __lo0bits
 .text.__i2b    0x00086f40       0x14 c:/program files (x86)/atmel/studio/7.0/toolchain/arm/arm-gnu-toolchain/bin/../lib/gcc/arm-none-eabi/6.3.1/../../../../arm-none-eabi/lib/thumb/v7-m\libc.a(lib_a-mprec.o)
                0x00086f40                __i2b
 .text.__multiply
                0x00086f54      0x124 c:/program files (x86)/atmel/studio/7.0/toolchain/arm/arm-gnu-toolchain/bin/../lib/gcc/arm-none-eabi/6.3.1/../../../../arm-none-eabi/lib/thumb/v7-m\libc.a(lib_a-mprec.o)
                0x00086f54                __multiply
 .text.__pow5mult
                0x00087078       0xa0 c:/program files (x86)/atmel/studio/7.0/toolchain/arm/arm-gnu-toolchain/bin/../lib/gcc/arm-none-eabi/6.3.1/../../../../arm-none-eabi/lib/thumb/v7-m\libc.a(lib_a-mprec.o)
                0x00087078                __pow5mult
 .text.__lshift
                0x00087118       0xa0 c:/program files (x86)/atmel/studio/7.0/toolchain/arm/arm-gnu-toolchain/bin/../lib/gcc/arm-none-eabi/6.3.1/../../../../arm-none-eabi/lib/thumb/v7-m\libc.a(lib_a-mprec.o)
                0x00087118                __lshift
 .text.__mcmp   0x000871b8       0x38 c:/program files (x86)/atmel/studio/7.0/toolchain/arm/arm-gnu-toolchain/bin/../lib/gcc/arm-none-eabi/6.3.1/../../../../arm-none-eabi/lib/thumb/v7-m\libc.a(lib_a-mprec.o)
                0x000871b8                __mcmp
 .text.__mdiff  0x000871f0      0x11c c:/program files (x86)/atmel/studio/7.0/toolchain/arm/arm-gnu-toolchain/bin/../lib/gcc/arm-none-eabi/6.3.1/../../../../arm-none-eabi/lib/thumb/v7-m\libc.a(lib_a-mprec.o)
                0x000871f0                __mdiff
 .text.__d2b    0x0008730c       0xa8 c:/program files (x86)/atmel/studio/7.0/toolchain/arm/arm-gnu-toolchain/bin/../lib/gcc/arm-none-eabi/6.3.1/../../../../arm-none-eabi/lib/thumb/v7-m\libc.a(lib_a-mprec.o)
                0x0008730c                __d2b
 .text._sbrk_r  0x000873b4       0x24 c:/program files (x86)/atmel/studio/7.0/toolchain/arm/arm-gnu-toolchain/bin/../lib/gcc/arm-none-eabi/6.3.1/../../../../arm-none-eabi/lib/thumb/v7-m\libc.a(lib_a-sbrkr.o)
                0x000873b4                _sbrk_r
 .text.__sread  0x000873d8       0x24 c:/program files (x86)/atmel/studio/7.0/toolchain/arm/arm-gnu-toolchain/bin/../lib/gcc/arm-none-eabi/6.3.1/../../../../arm-none-eabi/lib/thumb/v7-m\libc.a(lib_a-stdio.o)
                0x000873d8                __sread
 .text.__swrite
                0x000873fc       0x3c c:/program files (x86)/atmel/studio/7.0/toolchain/arm/arm-gnu-toolchain/bin/../lib/gcc/arm-none-eabi/6.3.1/../../../../arm-none-eabi/lib/thumb/v7-m\libc.a(lib_a-stdio.o)
                0x000873fc                __swrite
 .text.__sseek  0x00087438       0x20 c:/program files (x86)/atmel/studio/7.0/toolchain/arm/arm-gnu-toolchain/bin/../lib/gcc/arm-none-eabi/6.3.1/../../../../arm-none-eabi/lib/thumb/v7-m\libc.a(lib_a-stdio.o)
                0x00087438                __sseek
 .text.__sclose
                0x00087458        0x8 c:/program files (x86)/atmel/studio/7.0/toolchain/arm/arm-gnu-toolchain/bin/../lib/gcc/arm-none-eabi/6.3.1/../../../../arm-none-eabi/lib/thumb/v7-m\libc.a(lib_a-stdio.o)
                0x00087458                __sclose
 .text.strlen   0x00087460       0x5c c:/program files (x86)/atmel/studio/7.0/toolchain/arm/arm-gnu-toolchain/bin/../lib/gcc/arm-none-eabi/6.3.1/../../../../arm-none-eabi/lib/thumb/v7-m\libc.a(lib_a-strlen-stub.o)
                0x00087460                strlen
 .text.__ssprint_r
                0x000874bc       0xfc c:/program files (x86)/atmel/studio/7.0/toolchain/arm/arm-gnu-toolchain/bin/../lib/gcc/arm-none-eabi/6.3.1/../../../../arm-none-eabi/lib/thumb/v7-m\libc.a(lib_a-svfiprintf.o)
                0x000874bc                __ssprint_r
 .text._write_r
                0x000875b8       0x2c c:/program files (x86)/atmel/studio/7.0/toolchain/arm/arm-gnu-toolchain/bin/../lib/gcc/arm-none-eabi/6.3.1/../../../../arm-none-eabi/lib/thumb/v7-m\libc.a(lib_a-writer.o)
                0x000875b8                _write_r
 .text.__register_exitproc
                0x000875e4       0xc4 c:/program files (x86)/atmel/studio/7.0/toolchain/arm/arm-gnu-toolchain/bin/../lib/gcc/arm-none-eabi/6.3.1/../../../../arm-none-eabi/lib/thumb/v7-m\libc.a(lib_a-__atexit.o)
                0x000875e4                __register_exitproc
 .text._calloc_r
                0x000876a8       0x60 c:/program files (x86)/atmel/studio/7.0/toolchain/arm/arm-gnu-toolchain/bin/../lib/gcc/arm-none-eabi/6.3.1/../../../../arm-none-eabi/lib/thumb/v7-m\libc.a(lib_a-callocr.o)
                0x000876a8                _calloc_r
 .text._close_r
                0x00087708       0x24 c:/program files (x86)/atmel/studio/7.0/toolchain/arm/arm-gnu-toolchain/bin/../lib/gcc/arm-none-eabi/6.3.1/../../../../arm-none-eabi/lib/thumb/v7-m\libc.a(lib_a-closer.o)
                0x00087708                _close_r
 .text._fclose_r
                0x0008772c       0xc4 c:/program files (x86)/atmel/studio/7.0/toolchain/arm/arm-gnu-toolchain/bin/../lib/gcc/arm-none-eabi/6.3.1/../../../../arm-none-eabi/lib/thumb/v7-m\libc.a(lib_a-fclose.o)
                0x0008772c                _fclose_r
 .text._fstat_r
                0x000877f0       0x28 c:/program files (x86)/atmel/studio/7.0/toolchain/arm/arm-gnu-toolchain/bin/../lib/gcc/arm-none-eabi/6.3.1/../../../../arm-none-eabi/lib/thumb/v7-m\libc.a(lib_a-fstatr.o)
                0x000877f0                _fstat_r
 .text._lseek_r
                0x00087818       0x2c c:/program files (x86)/atmel/studio/7.0/toolchain/arm/arm-gnu-toolchain/bin/../lib/gcc/arm-none-eabi/6.3.1/../../../../arm-none-eabi/lib/thumb/v7-m\libc.a(lib_a-lseekr.o)
                0x00087818                _lseek_r
 .text.__ascii_mbtowc
                0x00087844       0x2c c:/program files (x86)/atmel/studio/7.0/toolchain/arm/arm-gnu-toolchain/bin/../lib/gcc/arm-none-eabi/6.3.1/../../../../arm-none-eabi/lib/thumb/v7-m\libc.a(lib_a-mbtowc_r.o)
                0x00087844                __ascii_mbtowc
 .text.memmove  0x00087870       0xc8 c:/program files (x86)/atmel/studio/7.0/toolchain/arm/arm-gnu-toolchain/bin/../lib/gcc/arm-none-eabi/6.3.1/../../../../arm-none-eabi/lib/thumb/v7-m\libc.a(lib_a-memmove.o)
                0x00087870                memmove
 .text._read_r  0x00087938       0x2c c:/program files (x86)/atmel/studio/7.0/toolchain/arm/arm-gnu-toolchain/bin/../lib/gcc/arm-none-eabi/6.3.1/../../../../arm-none-eabi/lib/thumb/v7-m\libc.a(lib_a-readr.o)
                0x00087938                _read_r
 .text._realloc_r
                0x00087964      0x36c c:/program files (x86)/atmel/studio/7.0/toolchain/arm/arm-gnu-toolchain/bin/../lib/gcc/arm-none-eabi/6.3.1/../../../../arm-none-eabi/lib/thumb/v7-m\libc.a(lib_a-reallocr.o)
                0x00087964                _realloc_r
 .text.__ascii_wctomb
                0x00087cd0       0x18 c:/program files (x86)/atmel/studio/7.0/toolchain/arm/arm-gnu-toolchain/bin/../lib/gcc/arm-none-eabi/6.3.1/../../../../arm-none-eabi/lib/thumb/v7-m\libc.a(lib_a-wctomb_r.o)
                0x00087cd0                __ascii_wctomb
 .text          0x00087ce8      0x424 c:/program files (x86)/atmel/studio/7.0/toolchain/arm/arm-gnu-toolchain/bin/../lib/gcc/arm-none-eabi/6.3.1/thumb/v7-m\libgcc.a(_arm_muldivdf3.o)
                0x00087ce8                __aeabi_dmul
                0x00087ce8                __muldf3
                0x00087f3c                __divdf3
                0x00087f3c                __aeabi_ddiv
 .text          0x0008810c      0x110 c:/program files (x86)/atmel/studio/7.0/toolchain/arm/arm-gnu-toolchain/bin/../lib/gcc/arm-none-eabi/6.3.1/thumb/v7-m\libgcc.a(_arm_cmpdf2.o)
                0x0008810c                __gtdf2
                0x0008810c                __gedf2
                0x00088114                __ltdf2
                0x00088114                __ledf2
                0x0008811c                __nedf2
                0x0008811c                __eqdf2
                0x0008811c                __cmpdf2
                0x00088198                __aeabi_cdrcmple
                0x000881a8                __aeabi_cdcmpeq
                0x000881a8                __aeabi_cdcmple
                0x000881b8                __aeabi_dcmpeq
                0x000881cc                __aeabi_dcmplt
                0x000881e0                __aeabi_dcmple
                0x000881f4                __aeabi_dcmpge
                0x00088208                __aeabi_dcmpgt
 .text          0x0008821c       0x2c c:/program files (x86)/atmel/studio/7.0/toolchain/arm/arm-gnu-toolchain/bin/../lib/gcc/arm-none-eabi/6.3.1/thumb/v7-m\libgcc.a(_arm_unorddf2.o)
                0x0008821c                __unorddf2
                0x0008821c                __aeabi_dcmpun
 .text          0x00088248       0x50 c:/program files (x86)/atmel/studio/7.0/toolchain/arm/arm-gnu-toolchain/bin/../lib/gcc/arm-none-eabi/6.3.1/thumb/v7-m\libgcc.a(_arm_fixdfsi.o)
                0x00088248                __aeabi_d2iz
                0x00088248                __fixdfsi
 *(.glue_7t)
 .glue_7t       0x00088298        0x0 linker stubs
 *(.glue_7)
 .glue_7        0x00088298        0x0 linker stubs
 *(.rodata .rodata* .gnu.linkonce.r.*)
 .rodata        0x00088298       0x10 src/main.o
 .rodata.main.str1.4
                0x000882a8       0x1f src/main.o
 *fill*         0x000882c7        0x1 
 .rodata._global_impure_ptr
                0x000882c8        0x4 c:/program files (x86)/atmel/studio/7.0/toolchain/arm/arm-gnu-toolchain/bin/../lib/gcc/arm-none-eabi/6.3.1/../../../../arm-none-eabi/lib/thumb/v7-m\libc.a(lib_a-impure.o)
                0x000882c8                _global_impure_ptr
 .rodata._svfprintf_r.str1.4
                0x000882cc       0x42 c:/program files (x86)/atmel/studio/7.0/toolchain/arm/arm-gnu-toolchain/bin/../lib/gcc/arm-none-eabi/6.3.1/../../../../arm-none-eabi/lib/thumb/v7-m\libc.a(lib_a-svfprintf.o)
 *fill*         0x0008830e        0x2 
 .rodata.blanks.7223
                0x00088310       0x10 c:/program files (x86)/atmel/studio/7.0/toolchain/arm/arm-gnu-toolchain/bin/../lib/gcc/arm-none-eabi/6.3.1/../../../../arm-none-eabi/lib/thumb/v7-m\libc.a(lib_a-svfprintf.o)
 .rodata.zeroes.7224
                0x00088320       0x10 c:/program files (x86)/atmel/studio/7.0/toolchain/arm/arm-gnu-toolchain/bin/../lib/gcc/arm-none-eabi/6.3.1/../../../../arm-none-eabi/lib/thumb/v7-m\libc.a(lib_a-svfprintf.o)
 .rodata._dtoa_r.str1.4
                0x00088330       0x10 c:/program files (x86)/atmel/studio/7.0/toolchain/arm/arm-gnu-toolchain/bin/../lib/gcc/arm-none-eabi/6.3.1/../../../../arm-none-eabi/lib/thumb/v7-m\libc.a(lib_a-dtoa.o)
                                 0x12 (size before relaxing)
 .rodata.__mprec_bigtens
                0x00088340       0x28 c:/program files (x86)/atmel/studio/7.0/toolchain/arm/arm-gnu-toolchain/bin/../lib/gcc/arm-none-eabi/6.3.1/../../../../arm-none-eabi/lib/thumb/v7-m\libc.a(lib_a-mprec.o)
                0x00088340                __mprec_bigtens
 .rodata.__mprec_tens
                0x00088368       0xc8 c:/program files (x86)/atmel/studio/7.0/toolchain/arm/arm-gnu-toolchain/bin/../lib/gcc/arm-none-eabi/6.3.1/../../../../arm-none-eabi/lib/thumb/v7-m\libc.a(lib_a-mprec.o)
                0x00088368                __mprec_tens
 .rodata.p05.6055
                0x00088430        0xc c:/program files (x86)/atmel/studio/7.0/toolchain/arm/arm-gnu-toolchain/bin/../lib/gcc/arm-none-eabi/6.3.1/../../../../arm-none-eabi/lib/thumb/v7-m\libc.a(lib_a-mprec.o)
 .rodata._setlocale_r.str1.4
                0x0008843c        0xa c:/program files (x86)/atmel/studio/7.0/toolchain/arm/arm-gnu-toolchain/bin/../lib/gcc/arm-none-eabi/6.3.1/../../../../arm-none-eabi/lib/thumb/v7-m\libc.a(lib_a-locale.o)
                                  0xd (size before relaxing)
 *fill*         0x00088446        0x2 
 .rodata.str1.4
                0x00088448        0x4 c:/program files (x86)/atmel/studio/7.0/toolchain/arm/arm-gnu-toolchain/bin/../lib/gcc/arm-none-eabi/6.3.1/../../../../arm-none-eabi/lib/thumb/v7-m\libc.a(lib_a-locale.o)
                                  0x2 (size before relaxing)
 .rodata._ctype_
                0x0008844c      0x101 c:/program files (x86)/atmel/studio/7.0/toolchain/arm/arm-gnu-toolchain/bin/../lib/gcc/arm-none-eabi/6.3.1/../../../../arm-none-eabi/lib/thumb/v7-m\libc.a(lib_a-ctype_.o)
                0x0008844c                _ctype_
 *(.ARM.extab* .gnu.linkonce.armextab.*)
                0x00088550                . = ALIGN (0x4)
 *fill*         0x0008854d        0x3 
 *(.init)
 .init          0x00088550        0x4 c:/program files (x86)/atmel/studio/7.0/toolchain/arm/arm-gnu-toolchain/bin/../lib/gcc/arm-none-eabi/6.3.1/thumb/v7-m/crti.o
                0x00088550                _init
 .init          0x00088554        0x8 c:/program files (x86)/atmel/studio/7.0/toolchain/arm/arm-gnu-toolchain/bin/../lib/gcc/arm-none-eabi/6.3.1/thumb/v7-m/crtn.o
                0x0008855c                . = ALIGN (0x4)
                0x0008855c                __preinit_array_start = .
 *(.preinit_array)
                0x0008855c                __preinit_array_end = .
                0x0008855c                . = ALIGN (0x4)
                0x0008855c                __init_array_start = .
 *(SORT(.init_array.*))
 .init_array.00000
                0x0008855c        0x4 c:/program files (x86)/atmel/studio/7.0/toolchain/arm/arm-gnu-toolchain/bin/../lib/gcc/arm-none-eabi/6.3.1/../../../../arm-none-eabi/lib/thumb/v7-m\libc.a(lib_a-__call_atexit.o)
 *(.init_array)
 .init_array    0x00088560        0x4 c:/program files (x86)/atmel/studio/7.0/toolchain/arm/arm-gnu-toolchain/bin/../lib/gcc/arm-none-eabi/6.3.1/thumb/v7-m/crtbegin.o
                0x00088564                __init_array_end = .
                0x00088564                . = ALIGN (0x4)
 *crtbegin.o(.ctors)
 *(EXCLUDE_FILE(*crtend.o) .ctors)
 *(SORT(.ctors.*))
 *crtend.o(.ctors)
                0x00088564                . = ALIGN (0x4)
 *(.fini)
 .fini          0x00088564        0x4 c:/program files (x86)/atmel/studio/7.0/toolchain/arm/arm-gnu-toolchain/bin/../lib/gcc/arm-none-eabi/6.3.1/thumb/v7-m/crti.o
                0x00088564                _fini
 .fini          0x00088568        0x8 c:/program files (x86)/atmel/studio/7.0/toolchain/arm/arm-gnu-toolchain/bin/../lib/gcc/arm-none-eabi/6.3.1/thumb/v7-m/crtn.o
                0x00088570                . = ALIGN (0x4)
                0x00088570                __fini_array_start = .
 *(.fini_array)
 .fini_array    0x00088570        0x4 c:/program files (x86)/atmel/studio/7.0/toolchain/arm/arm-gnu-toolchain/bin/../lib/gcc/arm-none-eabi/6.3.1/thumb/v7-m/crtbegin.o
 *(SORT(.fini_array.*))
                0x00088574                __fini_array_end = .
 *crtbegin.o(.dtors)
 *(EXCLUDE_FILE(*crtend.o) .dtors)
 *(SORT(.dtors.*))
 *crtend.o(.dtors)
                0x00088574                . = ALIGN (0x4)
                0x00088574                _efixed = .
                [!provide]                PROVIDE (__exidx_start, .)

.vfp11_veneer   0x00088574        0x0
 .vfp11_veneer  0x00088574        0x0 linker stubs

.v4_bx          0x00088574        0x0
 .v4_bx         0x00088574        0x0 linker stubs

.iplt           0x00088574        0x0
 .iplt          0x00088574        0x0 c:/program files (x86)/atmel/studio/7.0/toolchain/arm/arm-gnu-toolchain/bin/../lib/gcc/arm-none-eabi/6.3.1/thumb/v7-m/crtbegin.o

.ARM.exidx      0x00088574        0x8
 *(.ARM.exidx* .gnu.linkonce.armexidx.*)
 .ARM.exidx     0x00088574        0x8 c:/program files (x86)/atmel/studio/7.0/toolchain/arm/arm-gnu-toolchain/bin/../lib/gcc/arm-none-eabi/6.3.1/thumb/v7-m\libgcc.a(_udivmoddi4.o)
                [!provide]                PROVIDE (__exidx_end, .)

.eh_frame       0x0008857c        0x0
 .eh_frame      0x0008857c        0x0 c:/program files (x86)/atmel/studio/7.0/toolchain/arm/arm-gnu-toolchain/bin/../lib/gcc/arm-none-eabi/6.3.1/thumb/v7-m/crtbegin.o

.rel.dyn        0x0008857c        0x0
 .rel.iplt      0x0008857c        0x0 c:/program files (x86)/atmel/studio/7.0/toolchain/arm/arm-gnu-toolchain/bin/../lib/gcc/arm-none-eabi/6.3.1/thumb/v7-m/crtbegin.o

.jcr            0x0008857c        0x0
 .jcr           0x0008857c        0x0 c:/program files (x86)/atmel/studio/7.0/toolchain/arm/arm-gnu-toolchain/bin/../lib/gcc/arm-none-eabi/6.3.1/thumb/v7-m/crtbegin.o

.igot.plt       0x0008857c        0x0
 .igot.plt      0x0008857c        0x0 c:/program files (x86)/atmel/studio/7.0/toolchain/arm/arm-gnu-toolchain/bin/../lib/gcc/arm-none-eabi/6.3.1/thumb/v7-m/crtbegin.o
                0x0008857c                . = ALIGN (0x4)
                0x0008857c                _etext = .

.relocate       0x20070000      0xc28 load address 0x0008857c
                0x20070000                . = ALIGN (0x4)
                0x20070000                _srelocate = .
 *(.ramfunc .ramfunc.*)
 .ramfunc       0x20070000        0xa src/ASF/common/services/delay/sam/cycle_counter.o
                0x20070000                portable_delay_cycles
 *fill*         0x2007000a        0x2 
 .ramfunc       0x2007000c       0x98 src/ASF/sam/drivers/efc/efc.o
                0x2007000c                efc_perform_read_sequence
                0x20070084                efc_write_fmr
                0x20070088                efc_perform_fcr
 .ramfunc       0x200700a4      0x12c src/ASF/sam/utils/cmsis/sam3x/source/templates/system_sam3x.o
                0x200700a4                SystemInit
                0x20070148                system_init_flash
 *(.data .data.*)
 .data.udi_api_cdc_comm
                0x200701d0       0x14 src/ASF/common/services/usb/class/cdc/device/udi_cdc.o
                0x200701d0                udi_api_cdc_comm
 .data.udi_api_cdc_data
                0x200701e4       0x14 src/ASF/common/services/usb/class/cdc/device/udi_cdc.o
                0x200701e4                udi_api_cdc_data
 .data.udc_string_desc_languageid
                0x200701f8        0x4 src/ASF/common/services/usb/udc/udc.o
 .data.udc_config
                0x200701fc        0xc src/ASF/common/services/usb/class/cdc/device/udi_cdc_desc.o
                0x200701fc                udc_config
 .data.udc_config_fs
                0x20070208        0x8 src/ASF/common/services/usb/class/cdc/device/udi_cdc_desc.o
                0x20070208                udc_config_fs
 .data.udc_desc_fs
                0x20070210       0x43 src/ASF/common/services/usb/class/cdc/device/udi_cdc_desc.o
                0x20070210                udc_desc_fs
 *fill*         0x20070253        0x1 
 .data.udc_device_desc
                0x20070254       0x12 src/ASF/common/services/usb/class/cdc/device/udi_cdc_desc.o
                0x20070254                udc_device_desc
 *fill*         0x20070266        0x2 
 .data.udi_apis
                0x20070268        0x8 src/ASF/common/services/usb/class/cdc/device/udi_cdc_desc.o
                0x20070268                udi_apis
 .data.g_interrupt_enabled
                0x20070270        0x1 src/ASF/common/utils/interrupt/interrupt_sam_nvic.o
                0x20070270                g_interrupt_enabled
 *fill*         0x20070271        0x3 
 .data.SystemCoreClock
                0x20070274        0x4 src/ASF/sam/utils/cmsis/sam3x/source/templates/system_sam3x.o
                0x20070274                SystemCoreClock
 .data._impure_ptr
                0x20070278        0x4 c:/program files (x86)/atmel/studio/7.0/toolchain/arm/arm-gnu-toolchain/bin/../lib/gcc/arm-none-eabi/6.3.1/../../../../arm-none-eabi/lib/thumb/v7-m\libc.a(lib_a-impure.o)
                0x20070278                _impure_ptr
 *fill*         0x2007027c        0x4 
 .data.impure_data
                0x20070280      0x428 c:/program files (x86)/atmel/studio/7.0/toolchain/arm/arm-gnu-toolchain/bin/../lib/gcc/arm-none-eabi/6.3.1/../../../../arm-none-eabi/lib/thumb/v7-m\libc.a(lib_a-impure.o)
 .data.__atexit_recursive_mutex
                0x200706a8        0x4 c:/program files (x86)/atmel/studio/7.0/toolchain/arm/arm-gnu-toolchain/bin/../lib/gcc/arm-none-eabi/6.3.1/../../../../arm-none-eabi/lib/thumb/v7-m\libc.a(lib_a-__call_atexit.o)
                0x200706a8                __atexit_recursive_mutex
 .data.__malloc_av_
                0x200706ac      0x408 c:/program files (x86)/atmel/studio/7.0/toolchain/arm/arm-gnu-toolchain/bin/../lib/gcc/arm-none-eabi/6.3.1/../../../../arm-none-eabi/lib/thumb/v7-m\libc.a(lib_a-mallocr.o)
                0x200706ac                __malloc_av_
 .data.__malloc_sbrk_base
                0x20070ab4        0x4 c:/program files (x86)/atmel/studio/7.0/toolchain/arm/arm-gnu-toolchain/bin/../lib/gcc/arm-none-eabi/6.3.1/../../../../arm-none-eabi/lib/thumb/v7-m\libc.a(lib_a-mallocr.o)
                0x20070ab4                __malloc_sbrk_base
 .data.__malloc_trim_threshold
                0x20070ab8        0x4 c:/program files (x86)/atmel/studio/7.0/toolchain/arm/arm-gnu-toolchain/bin/../lib/gcc/arm-none-eabi/6.3.1/../../../../arm-none-eabi/lib/thumb/v7-m\libc.a(lib_a-mallocr.o)
                0x20070ab8                __malloc_trim_threshold
 .data.__global_locale
                0x20070abc      0x16c c:/program files (x86)/atmel/studio/7.0/toolchain/arm/arm-gnu-toolchain/bin/../lib/gcc/arm-none-eabi/6.3.1/../../../../arm-none-eabi/lib/thumb/v7-m\libc.a(lib_a-locale.o)
                0x20070abc                __global_locale
                0x20070c28                . = ALIGN (0x4)
                0x20070c28                _erelocate = .

.bss            0x20070c28      0x3c8 load address 0x000891a4
                0x20070c28                . = ALIGN (0x4)
                0x20070c28                _sbss = .
                0x20070c28                _szero = .
 *(.bss .bss.*)
 .bss           0x20070c28       0x1c c:/program files (x86)/atmel/studio/7.0/toolchain/arm/arm-gnu-toolchain/bin/../lib/gcc/arm-none-eabi/6.3.1/thumb/v7-m/crtbegin.o
 .bss.sof_zlp_counter.7961
                0x20070c44        0x2 src/ASF/common/services/usb/class/cdc/device/udi_cdc.o
 .bss.udi_cdc_data_running
                0x20070c46        0x1 src/ASF/common/services/usb/class/cdc/device/udi_cdc.o
 *fill*         0x20070c47        0x1 
 .bss.udi_cdc_line_coding
                0x20070c48        0x7 src/ASF/common/services/usb/class/cdc/device/udi_cdc.o
 .bss.udi_cdc_nb_comm_enabled
                0x20070c4f        0x1 src/ASF/common/services/usb/class/cdc/device/udi_cdc.o
 .bss.udi_cdc_nb_data_enabled
                0x20070c50        0x1 src/ASF/common/services/usb/class/cdc/device/udi_cdc.o
 *fill*         0x20070c51        0x3 
 .bss.udi_cdc_rx_buf
                0x20070c54       0x80 src/ASF/common/services/usb/class/cdc/device/udi_cdc.o
 .bss.udi_cdc_rx_buf_nb
                0x20070cd4        0x4 src/ASF/common/services/usb/class/cdc/device/udi_cdc.o
 .bss.udi_cdc_rx_buf_sel
                0x20070cd8        0x1 src/ASF/common/services/usb/class/cdc/device/udi_cdc.o
 *fill*         0x20070cd9        0x3 
 .bss.udi_cdc_rx_pos
                0x20070cdc        0x2 src/ASF/common/services/usb/class/cdc/device/udi_cdc.o
 *fill*         0x20070cde        0x2 
 .bss.udi_cdc_rx_trans_ongoing
                0x20070ce0        0x1 src/ASF/common/services/usb/class/cdc/device/udi_cdc.o
 *fill*         0x20070ce1        0x3 
 .bss.udi_cdc_state
                0x20070ce4        0x2 src/ASF/common/services/usb/class/cdc/device/udi_cdc.o
 *fill*         0x20070ce6        0x2 
 .bss.udi_cdc_tx_both_buf_to_send
                0x20070ce8        0x1 src/ASF/common/services/usb/class/cdc/device/udi_cdc.o
 *fill*         0x20070ce9        0x3 
 .bss.udi_cdc_tx_buf
                0x20070cec       0x80 src/ASF/common/services/usb/class/cdc/device/udi_cdc.o
 .bss.udi_cdc_tx_buf_nb
                0x20070d6c        0x4 src/ASF/common/services/usb/class/cdc/device/udi_cdc.o
 .bss.udi_cdc_tx_buf_sel
                0x20070d70        0x1 src/ASF/common/services/usb/class/cdc/device/udi_cdc.o
 *fill*         0x20070d71        0x3 
 .bss.udi_cdc_tx_sof_num
                0x20070d74        0x2 src/ASF/common/services/usb/class/cdc/device/udi_cdc.o
 *fill*         0x20070d76        0x2 
 .bss.udi_cdc_tx_trans_ongoing
                0x20070d78        0x1 src/ASF/common/services/usb/class/cdc/device/udi_cdc.o
 *fill*         0x20070d79        0x3 
 .bss.uid_cdc_state_msg
                0x20070d7c        0xa src/ASF/common/services/usb/class/cdc/device/udi_cdc.o
 .bss.udc_device_status
                0x20070d86        0x2 src/ASF/common/services/usb/udc/udc.o
 .bss.udc_ep_status.7602
                0x20070d88        0x2 src/ASF/common/services/usb/udc/udc.o
 *fill*         0x20070d8a        0x2 
 .bss.udc_iface_setting
                0x20070d8c        0x1 src/ASF/common/services/usb/udc/udc.o
 *fill*         0x20070d8d        0x3 
 .bss.udc_num_configuration
                0x20070d90        0x1 src/ASF/common/services/usb/udc/udc.o
 *fill*         0x20070d91        0x3 
 .bss.udc_ptr_conf
                0x20070d94        0x4 src/ASF/common/services/usb/udc/udc.o
 .bss.udc_ptr_iface
                0x20070d98        0x4 src/ASF/common/services/usb/udc/udc.o
 .bss.stdio_usb_interface_enable
                0x20070d9c        0x1 src/ASF/common/utils/stdio/stdio_usb/stdio_usb.o
 .bss.b_shortpacket.8296
                0x20070d9d        0x1 src/ASF/sam/drivers/uotghs/uotghs_device.o
 .bss.udd_b_idle
                0x20070d9e        0x1 src/ASF/sam/drivers/uotghs/uotghs_device.o
 .bss.udd_b_sleep_initialized
                0x20070d9f        0x1 src/ASF/sam/drivers/uotghs/uotghs_device.o
 .bss.udd_ctrl_payload_buf_cnt
                0x20070da0        0x2 src/ASF/sam/drivers/uotghs/uotghs_device.o
 .bss.udd_ctrl_prev_payload_buf_cnt
                0x20070da2        0x2 src/ASF/sam/drivers/uotghs/uotghs_device.o
 .bss.udd_ep_control_state
                0x20070da4        0x1 src/ASF/sam/drivers/uotghs/uotghs_device.o
 *fill*         0x20070da5        0x3 
 .bss.udd_ep_job
                0x20070da8       0x48 src/ASF/sam/drivers/uotghs/uotghs_device.o
 .bss.gs_ul_page_buffer
                0x20070df0      0x100 src/ASF/sam/services/flash_efc/flash_efc.o
 .bss.gs_interrupt_sources
                0x20070ef0       0x70 src/ASF/sam/drivers/pio/pio_handler.o
 .bss.b_is_sleep_clock_used
                0x20070f60        0x1 src/ASF/sam/drivers/pmc/sleep.o
 *fill*         0x20070f61        0x3 
 .bss.heap.5297
                0x20070f64        0x4 src/ASF/sam/utils/syscalls/gcc/syscalls.o
 .bss.__malloc_current_mallinfo
                0x20070f68       0x28 c:/program files (x86)/atmel/studio/7.0/toolchain/arm/arm-gnu-toolchain/bin/../lib/gcc/arm-none-eabi/6.3.1/../../../../arm-none-eabi/lib/thumb/v7-m\libc.a(lib_a-mallocr.o)
                0x20070f68                __malloc_current_mallinfo
 .bss.__malloc_max_sbrked_mem
                0x20070f90        0x4 c:/program files (x86)/atmel/studio/7.0/toolchain/arm/arm-gnu-toolchain/bin/../lib/gcc/arm-none-eabi/6.3.1/../../../../arm-none-eabi/lib/thumb/v7-m\libc.a(lib_a-mallocr.o)
                0x20070f90                __malloc_max_sbrked_mem
 .bss.__malloc_max_total_mem
                0x20070f94        0x4 c:/program files (x86)/atmel/studio/7.0/toolchain/arm/arm-gnu-toolchain/bin/../lib/gcc/arm-none-eabi/6.3.1/../../../../arm-none-eabi/lib/thumb/v7-m\libc.a(lib_a-mallocr.o)
                0x20070f94                __malloc_max_total_mem
 .bss.__malloc_top_pad
                0x20070f98        0x4 c:/program files (x86)/atmel/studio/7.0/toolchain/arm/arm-gnu-toolchain/bin/../lib/gcc/arm-none-eabi/6.3.1/../../../../arm-none-eabi/lib/thumb/v7-m\libc.a(lib_a-mallocr.o)
                0x20070f98                __malloc_top_pad
 *(COMMON)
 COMMON         0x20070f9c        0x6 src/ASF/common/services/sleepmgr/sam/sleepmgr.o
                0x20070f9c                sleepmgr_locks
 *fill*         0x20070fa2        0x2 
 COMMON         0x20070fa4        0x4 src/ASF/common/utils/stdio/read.o
                0x20070fa4                ptr_get
 COMMON         0x20070fa8       0x18 src/ASF/sam/drivers/uotghs/uotghs_device.o
                0x20070fa8                udd_g_ctrlreq
 COMMON         0x20070fc0        0x8 src/ASF/common/utils/stdio/write.o
                0x20070fc0                ptr_put
                0x20070fc4                stdio_base
 COMMON         0x20070fc8       0x21 c:/program files (x86)/atmel/studio/7.0/toolchain/arm/arm-gnu-toolchain/bin/../lib/gcc/arm-none-eabi/6.3.1/../../../../arm-none-eabi/lib/thumb/v7-m\libc.a(lib_a-lock.o)
                0x20070fc8                __lock___atexit_recursive_mutex
                0x20070fcc                __lock___arc4random_mutex
                0x20070fd0                __lock___env_recursive_mutex
                0x20070fd4                __lock___sinit_recursive_mutex
                0x20070fd8                __lock___malloc_recursive_mutex
                0x20070fdc                __lock___at_quick_exit_mutex
                0x20070fe0                __lock___dd_hash_mutex
                0x20070fe4                __lock___tz_mutex
                0x20070fe8                __lock___sfp_recursive_mutex
 *fill*         0x20070fe9        0x3 
 COMMON         0x20070fec        0x4 c:/program files (x86)/atmel/studio/7.0/toolchain/arm/arm-gnu-toolchain/bin/../lib/gcc/arm-none-eabi/6.3.1/../../../../arm-none-eabi/lib/thumb/v7-m\libc.a(lib_a-reent.o)
                0x20070fec                errno
                0x20070ff0                . = ALIGN (0x4)
                0x20070ff0                _ebss = .
                0x20070ff0                _ezero = .

.stack          0x20070ff0     0x2000 load address 0x0008956c
                0x20070ff0                . = ALIGN (0x8)
                0x20070ff0                _sstack = .
                0x20072ff0                . = (. + __stack_size__)
 *fill*         0x20070ff0     0x2000 
                0x20072ff0                . = ALIGN (0x8)
                0x20072ff0                _estack = .
                0x20072ff0                . = ALIGN (0x4)
                0x20072ff0                _end = .
OUTPUT(MiniWinSimple.elf elf32-littlearm)

.ARM.attributes
                0x00000000       0x29
 .ARM.attributes
                0x00000000       0x1d c:/program files (x86)/atmel/studio/7.0/toolchain/arm/arm-gnu-toolchain/bin/../lib/gcc/arm-none-eabi/6.3.1/thumb/v7-m/crti.o
 .ARM.attributes
                0x0000001d       0x2d c:/program files (x86)/atmel/studio/7.0/toolchain/arm/arm-gnu-toolchain/bin/../lib/gcc/arm-none-eabi/6.3.1/thumb/v7-m/crtbegin.o
 .ARM.attributes
                0x0000004a       0x33 MiniWin/hal/ATSAM3X8E/hal_delay.o
 .ARM.attributes
                0x0000007d       0x33 MiniWin/hal/ATSAM3X8E/hal_non_vol.o
 .ARM.attributes
                0x000000b0       0x33 MiniWin/hal/ATSAM3X8E/hal_timer.o
 .ARM.attributes
                0x000000e3       0x33 MiniWin/hal/ATSAM3X8E/hal_touch.o
 .ARM.attributes
                0x00000116       0x33 src/app.o
 .ARM.attributes
                0x00000149       0x33 src/ASF/common/services/sleepmgr/sam/sleepmgr.o
 .ARM.attributes
                0x0000017c       0x33 src/ASF/common/services/usb/class/cdc/device/udi_cdc.o
 .ARM.attributes
                0x000001af       0x33 src/ASF/common/services/usb/udc/udc.o
 .ARM.attributes
                0x000001e2       0x33 src/ASF/common/utils/stdio/read.o
 .ARM.attributes
                0x00000215       0x33 src/ASF/common/utils/stdio/stdio_usb/stdio_usb.o
 .ARM.attributes
                0x00000248       0x33 src/ASF/sam/drivers/spi/spi.o
 .ARM.attributes
                0x0000027b       0x33 src/ASF/sam/drivers/tc/tc.o
 .ARM.attributes
                0x000002ae       0x33 src/ASF/sam/drivers/uotghs/uotghs_device.o
 .ARM.attributes
                0x000002e1       0x33 src/ASF/common/utils/stdio/write.o
 .ARM.attributes
                0x00000314       0x33 src/ASF/common/services/usb/class/cdc/device/udi_cdc_desc.o
 .ARM.attributes
                0x00000347       0x33 src/ASF/common/services/delay/sam/cycle_counter.o
 .ARM.attributes
                0x0000037a       0x33 src/ASF/sam/drivers/efc/efc.o
 .ARM.attributes
                0x000003ad       0x33 src/ASF/sam/services/flash_efc/flash_efc.o
 .ARM.attributes
                0x000003e0       0x33 src/ASF/common/services/clock/sam3x/sysclk.o
 .ARM.attributes
                0x00000413       0x33 src/ASF/common/utils/interrupt/interrupt_sam_nvic.o
 .ARM.attributes
                0x00000446       0x33 src/ASF/sam/boards/arduino_due_x/init.o
 .ARM.attributes
                0x00000479       0x33 src/ASF/sam/drivers/pio/pio.o
 .ARM.attributes
                0x000004ac       0x33 src/ASF/sam/drivers/pio/pio_handler.o
 .ARM.attributes
                0x000004df       0x33 src/ASF/sam/drivers/pmc/pmc.o
 .ARM.attributes
                0x00000512       0x33 src/ASF/sam/drivers/pmc/sleep.o
 .ARM.attributes
                0x00000545       0x33 src/ASF/sam/utils/cmsis/sam3x/source/templates/exceptions.o
 .ARM.attributes
                0x00000578       0x33 src/ASF/sam/utils/cmsis/sam3x/source/templates/gcc/startup_sam3x.o
 .ARM.attributes
                0x000005ab       0x33 src/ASF/sam/utils/cmsis/sam3x/source/templates/system_sam3x.o
 .ARM.attributes
                0x000005de       0x33 src/ASF/sam/utils/syscalls/gcc/syscalls.o
 .ARM.attributes
                0x00000611       0x33 src/main.o
 .ARM.attributes
                0x00000644       0x1d c:/program files (x86)/atmel/studio/7.0/toolchain/arm/arm-gnu-toolchain/bin/../lib/gcc/arm-none-eabi/6.3.1/thumb/v7-m\libgcc.a(_arm_addsubdf3.o)
 .ARM.attributes
                0x00000661       0x1d c:/program files (x86)/atmel/studio/7.0/toolchain/arm/arm-gnu-toolchain/bin/../lib/gcc/arm-none-eabi/6.3.1/thumb/v7-m\libgcc.a(_aeabi_uldivmod.o)
 .ARM.attributes
                0x0000067e       0x2d c:/program files (x86)/atmel/studio/7.0/toolchain/arm/arm-gnu-toolchain/bin/../lib/gcc/arm-none-eabi/6.3.1/thumb/v7-m\libgcc.a(_udivmoddi4.o)
 .ARM.attributes
                0x000006ab       0x1d c:/program files (x86)/atmel/studio/7.0/toolchain/arm/arm-gnu-toolchain/bin/../lib/gcc/arm-none-eabi/6.3.1/thumb/v7-m\libgcc.a(_dvmd_tls.o)
 .ARM.attributes
                0x000006c8       0x2d c:/program files (x86)/atmel/studio/7.0/toolchain/arm/arm-gnu-toolchain/bin/../lib/gcc/arm-none-eabi/6.3.1/../../../../arm-none-eabi/lib/thumb/v7-m\libc.a(lib_a-impure.o)
 .ARM.attributes
                0x000006f5       0x2d c:/program files (x86)/atmel/studio/7.0/toolchain/arm/arm-gnu-toolchain/bin/../lib/gcc/arm-none-eabi/6.3.1/../../../../arm-none-eabi/lib/thumb/v7-m\libc.a(lib_a-init.o)
 .ARM.attributes
                0x00000722       0x1b c:/program files (x86)/atmel/studio/7.0/toolchain/arm/arm-gnu-toolchain/bin/../lib/gcc/arm-none-eabi/6.3.1/../../../../arm-none-eabi/lib/thumb/v7-m\libc.a(lib_a-memcpy.o)
 .ARM.attributes
                0x0000073d       0x2d c:/program files (x86)/atmel/studio/7.0/toolchain/arm/arm-gnu-toolchain/bin/../lib/gcc/arm-none-eabi/6.3.1/../../../../arm-none-eabi/lib/thumb/v7-m\libc.a(lib_a-memset.o)
 .ARM.attributes
                0x0000076a       0x2d c:/program files (x86)/atmel/studio/7.0/toolchain/arm/arm-gnu-toolchain/bin/../lib/gcc/arm-none-eabi/6.3.1/../../../../arm-none-eabi/lib/thumb/v7-m\libc.a(lib_a-setbuf.o)
 .ARM.attributes
                0x00000797       0x2d c:/program files (x86)/atmel/studio/7.0/toolchain/arm/arm-gnu-toolchain/bin/../lib/gcc/arm-none-eabi/6.3.1/../../../../arm-none-eabi/lib/thumb/v7-m\libc.a(lib_a-setvbuf.o)
 .ARM.attributes
                0x000007c4       0x2d c:/program files (x86)/atmel/studio/7.0/toolchain/arm/arm-gnu-toolchain/bin/../lib/gcc/arm-none-eabi/6.3.1/../../../../arm-none-eabi/lib/thumb/v7-m\libc.a(lib_a-sprintf.o)
 .ARM.attributes
                0x000007f1       0x2d c:/program files (x86)/atmel/studio/7.0/toolchain/arm/arm-gnu-toolchain/bin/../lib/gcc/arm-none-eabi/6.3.1/../../../../arm-none-eabi/lib/thumb/v7-m\libc.a(lib_a-svfprintf.o)
 .ARM.attributes
                0x0000081e       0x2d c:/program files (x86)/atmel/studio/7.0/toolchain/arm/arm-gnu-toolchain/bin/../lib/gcc/arm-none-eabi/6.3.1/../../../../arm-none-eabi/lib/thumb/v7-m\libc.a(lib_a-__call_atexit.o)
 .ARM.attributes
                0x0000084b       0x2d c:/program files (x86)/atmel/studio/7.0/toolchain/arm/arm-gnu-toolchain/bin/../lib/gcc/arm-none-eabi/6.3.1/../../../../arm-none-eabi/lib/thumb/v7-m\libc.a(lib_a-atexit.o)
 .ARM.attributes
                0x00000878       0x2d c:/program files (x86)/atmel/studio/7.0/toolchain/arm/arm-gnu-toolchain/bin/../lib/gcc/arm-none-eabi/6.3.1/../../../../arm-none-eabi/lib/thumb/v7-m\libc.a(lib_a-dtoa.o)
 .ARM.attributes
                0x000008a5       0x2d c:/program files (x86)/atmel/studio/7.0/toolchain/arm/arm-gnu-toolchain/bin/../lib/gcc/arm-none-eabi/6.3.1/../../../../arm-none-eabi/lib/thumb/v7-m\libc.a(lib_a-fflush.o)
 .ARM.attributes
                0x000008d2       0x2d c:/program files (x86)/atmel/studio/7.0/toolchain/arm/arm-gnu-toolchain/bin/../lib/gcc/arm-none-eabi/6.3.1/../../../../arm-none-eabi/lib/thumb/v7-m\libc.a(lib_a-findfp.o)
 .ARM.attributes
                0x000008ff       0x2d c:/program files (x86)/atmel/studio/7.0/toolchain/arm/arm-gnu-toolchain/bin/../lib/gcc/arm-none-eabi/6.3.1/../../../../arm-none-eabi/lib/thumb/v7-m\libc.a(lib_a-fini.o)
 .ARM.attributes
                0x0000092c       0x2d c:/program files (x86)/atmel/studio/7.0/toolchain/arm/arm-gnu-toolchain/bin/../lib/gcc/arm-none-eabi/6.3.1/../../../../arm-none-eabi/lib/thumb/v7-m\libc.a(lib_a-freer.o)
 .ARM.attributes
                0x00000959       0x2d c:/program files (x86)/atmel/studio/7.0/toolchain/arm/arm-gnu-toolchain/bin/../lib/gcc/arm-none-eabi/6.3.1/../../../../arm-none-eabi/lib/thumb/v7-m\libc.a(lib_a-fwalk.o)
 .ARM.attributes
                0x00000986       0x2d c:/program files (x86)/atmel/studio/7.0/toolchain/arm/arm-gnu-toolchain/bin/../lib/gcc/arm-none-eabi/6.3.1/../../../../arm-none-eabi/lib/thumb/v7-m\libc.a(lib_a-localeconv.o)
 .ARM.attributes
                0x000009b3       0x2d c:/program files (x86)/atmel/studio/7.0/toolchain/arm/arm-gnu-toolchain/bin/../lib/gcc/arm-none-eabi/6.3.1/../../../../arm-none-eabi/lib/thumb/v7-m\libc.a(lib_a-lock.o)
 .ARM.attributes
                0x000009e0       0x2d c:/program files (x86)/atmel/studio/7.0/toolchain/arm/arm-gnu-toolchain/bin/../lib/gcc/arm-none-eabi/6.3.1/../../../../arm-none-eabi/lib/thumb/v7-m\libc.a(lib_a-makebuf.o)
 .ARM.attributes
                0x00000a0d       0x2d c:/program files (x86)/atmel/studio/7.0/toolchain/arm/arm-gnu-toolchain/bin/../lib/gcc/arm-none-eabi/6.3.1/../../../../arm-none-eabi/lib/thumb/v7-m\libc.a(lib_a-malloc.o)
 .ARM.attributes
                0x00000a3a       0x2d c:/program files (x86)/atmel/studio/7.0/toolchain/arm/arm-gnu-toolchain/bin/../lib/gcc/arm-none-eabi/6.3.1/../../../../arm-none-eabi/lib/thumb/v7-m\libc.a(lib_a-mallocr.o)
 .ARM.attributes
                0x00000a67       0x2d c:/program files (x86)/atmel/studio/7.0/toolchain/arm/arm-gnu-toolchain/bin/../lib/gcc/arm-none-eabi/6.3.1/../../../../arm-none-eabi/lib/thumb/v7-m\libc.a(lib_a-memchr-stub.o)
 .ARM.attributes
                0x00000a94       0x2d c:/program files (x86)/atmel/studio/7.0/toolchain/arm/arm-gnu-toolchain/bin/../lib/gcc/arm-none-eabi/6.3.1/../../../../arm-none-eabi/lib/thumb/v7-m\libc.a(lib_a-mlock.o)
 .ARM.attributes
                0x00000ac1       0x2d c:/program files (x86)/atmel/studio/7.0/toolchain/arm/arm-gnu-toolchain/bin/../lib/gcc/arm-none-eabi/6.3.1/../../../../arm-none-eabi/lib/thumb/v7-m\libc.a(lib_a-mprec.o)
 .ARM.attributes
                0x00000aee       0x2d c:/program files (x86)/atmel/studio/7.0/toolchain/arm/arm-gnu-toolchain/bin/../lib/gcc/arm-none-eabi/6.3.1/../../../../arm-none-eabi/lib/thumb/v7-m\libc.a(lib_a-sbrkr.o)
 .ARM.attributes
                0x00000b1b       0x2d c:/program files (x86)/atmel/studio/7.0/toolchain/arm/arm-gnu-toolchain/bin/../lib/gcc/arm-none-eabi/6.3.1/../../../../arm-none-eabi/lib/thumb/v7-m\libc.a(lib_a-stdio.o)
 .ARM.attributes
                0x00000b48       0x2d c:/program files (x86)/atmel/studio/7.0/toolchain/arm/arm-gnu-toolchain/bin/../lib/gcc/arm-none-eabi/6.3.1/../../../../arm-none-eabi/lib/thumb/v7-m\libc.a(lib_a-strlen-stub.o)
 .ARM.attributes
                0x00000b75       0x2d c:/program files (x86)/atmel/studio/7.0/toolchain/arm/arm-gnu-toolchain/bin/../lib/gcc/arm-none-eabi/6.3.1/../../../../arm-none-eabi/lib/thumb/v7-m\libc.a(lib_a-svfiprintf.o)
 .ARM.attributes
                0x00000ba2       0x2d c:/program files (x86)/atmel/studio/7.0/toolchain/arm/arm-gnu-toolchain/bin/../lib/gcc/arm-none-eabi/6.3.1/../../../../arm-none-eabi/lib/thumb/v7-m\libc.a(lib_a-writer.o)
 .ARM.attributes
                0x00000bcf       0x2d c:/program files (x86)/atmel/studio/7.0/toolchain/arm/arm-gnu-toolchain/bin/../lib/gcc/arm-none-eabi/6.3.1/../../../../arm-none-eabi/lib/thumb/v7-m\libc.a(lib_a-__atexit.o)
 .ARM.attributes
                0x00000bfc       0x2d c:/program files (x86)/atmel/studio/7.0/toolchain/arm/arm-gnu-toolchain/bin/../lib/gcc/arm-none-eabi/6.3.1/../../../../arm-none-eabi/lib/thumb/v7-m\libc.a(lib_a-callocr.o)
 .ARM.attributes
                0x00000c29       0x2d c:/program files (x86)/atmel/studio/7.0/toolchain/arm/arm-gnu-toolchain/bin/../lib/gcc/arm-none-eabi/6.3.1/../../../../arm-none-eabi/lib/thumb/v7-m\libc.a(lib_a-closer.o)
 .ARM.attributes
                0x00000c56       0x2d c:/program files (x86)/atmel/studio/7.0/toolchain/arm/arm-gnu-toolchain/bin/../lib/gcc/arm-none-eabi/6.3.1/../../../../arm-none-eabi/lib/thumb/v7-m\libc.a(lib_a-fclose.o)
 .ARM.attributes
                0x00000c83       0x2d c:/program files (x86)/atmel/studio/7.0/toolchain/arm/arm-gnu-toolchain/bin/../lib/gcc/arm-none-eabi/6.3.1/../../../../arm-none-eabi/lib/thumb/v7-m\libc.a(lib_a-fstatr.o)
 .ARM.attributes
                0x00000cb0       0x2d c:/program files (x86)/atmel/studio/7.0/toolchain/arm/arm-gnu-toolchain/bin/../lib/gcc/arm-none-eabi/6.3.1/../../../../arm-none-eabi/lib/thumb/v7-m\libc.a(lib_a-locale.o)
 .ARM.attributes
                0x00000cdd       0x2d c:/program files (x86)/atmel/studio/7.0/toolchain/arm/arm-gnu-toolchain/bin/../lib/gcc/arm-none-eabi/6.3.1/../../../../arm-none-eabi/lib/thumb/v7-m\libc.a(lib_a-lseekr.o)
 .ARM.attributes
                0x00000d0a       0x2d c:/program files (x86)/atmel/studio/7.0/toolchain/arm/arm-gnu-toolchain/bin/../lib/gcc/arm-none-eabi/6.3.1/../../../../arm-none-eabi/lib/thumb/v7-m\libc.a(lib_a-mbtowc_r.o)
 .ARM.attributes
                0x00000d37       0x2d c:/program files (x86)/atmel/studio/7.0/toolchain/arm/arm-gnu-toolchain/bin/../lib/gcc/arm-none-eabi/6.3.1/../../../../arm-none-eabi/lib/thumb/v7-m\libc.a(lib_a-memmove.o)
 .ARM.attributes
                0x00000d64       0x2d c:/program files (x86)/atmel/studio/7.0/toolchain/arm/arm-gnu-toolchain/bin/../lib/gcc/arm-none-eabi/6.3.1/../../../../arm-none-eabi/lib/thumb/v7-m\libc.a(lib_a-readr.o)
 .ARM.attributes
                0x00000d91       0x2d c:/program files (x86)/atmel/studio/7.0/toolchain/arm/arm-gnu-toolchain/bin/../lib/gcc/arm-none-eabi/6.3.1/../../../../arm-none-eabi/lib/thumb/v7-m\libc.a(lib_a-reallocr.o)
 .ARM.attributes
                0x00000dbe       0x2d c:/program files (x86)/atmel/studio/7.0/toolchain/arm/arm-gnu-toolchain/bin/../lib/gcc/arm-none-eabi/6.3.1/../../../../arm-none-eabi/lib/thumb/v7-m\libc.a(lib_a-reent.o)
 .ARM.attributes
                0x00000deb       0x2d c:/program files (x86)/atmel/studio/7.0/toolchain/arm/arm-gnu-toolchain/bin/../lib/gcc/arm-none-eabi/6.3.1/../../../../arm-none-eabi/lib/thumb/v7-m\libc.a(lib_a-wctomb_r.o)
 .ARM.attributes
                0x00000e18       0x2d c:/program files (x86)/atmel/studio/7.0/toolchain/arm/arm-gnu-toolchain/bin/../lib/gcc/arm-none-eabi/6.3.1/../../../../arm-none-eabi/lib/thumb/v7-m\libc.a(lib_a-ctype_.o)
 .ARM.attributes
                0x00000e45       0x1d c:/program files (x86)/atmel/studio/7.0/toolchain/arm/arm-gnu-toolchain/bin/../lib/gcc/arm-none-eabi/6.3.1/thumb/v7-m\libgcc.a(_arm_muldivdf3.o)
 .ARM.attributes
                0x00000e62       0x1d c:/program files (x86)/atmel/studio/7.0/toolchain/arm/arm-gnu-toolchain/bin/../lib/gcc/arm-none-eabi/6.3.1/thumb/v7-m\libgcc.a(_arm_cmpdf2.o)
 .ARM.attributes
                0x00000e7f       0x1d c:/program files (x86)/atmel/studio/7.0/toolchain/arm/arm-gnu-toolchain/bin/../lib/gcc/arm-none-eabi/6.3.1/thumb/v7-m\libgcc.a(_arm_unorddf2.o)
 .ARM.attributes
                0x00000e9c       0x1d c:/program files (x86)/atmel/studio/7.0/toolchain/arm/arm-gnu-toolchain/bin/../lib/gcc/arm-none-eabi/6.3.1/thumb/v7-m\libgcc.a(_arm_fixdfsi.o)
 .ARM.attributes
                0x00000eb9       0x1d c:/program files (x86)/atmel/studio/7.0/toolchain/arm/arm-gnu-toolchain/bin/../lib/gcc/arm-none-eabi/6.3.1/thumb/v7-m/crtn.o

.comment        0x00000000       0x59
 .comment       0x00000000       0x59 MiniWin/hal/ATSAM3X8E/hal_delay.o
                                 0x5a (size before relaxing)
 .comment       0x00000059       0x5a MiniWin/hal/ATSAM3X8E/hal_non_vol.o
 .comment       0x00000059       0x5a MiniWin/hal/ATSAM3X8E/hal_timer.o
 .comment       0x00000059       0x5a MiniWin/hal/ATSAM3X8E/hal_touch.o
 .comment       0x00000059       0x5a src/app.o
 .comment       0x00000059       0x5a src/ASF/common/services/sleepmgr/sam/sleepmgr.o
 .comment       0x00000059       0x5a src/ASF/common/services/usb/class/cdc/device/udi_cdc.o
 .comment       0x00000059       0x5a src/ASF/common/services/usb/udc/udc.o
 .comment       0x00000059       0x5a src/ASF/common/utils/stdio/read.o
 .comment       0x00000059       0x5a src/ASF/common/utils/stdio/stdio_usb/stdio_usb.o
 .comment       0x00000059       0x5a src/ASF/sam/drivers/spi/spi.o
 .comment       0x00000059       0x5a src/ASF/sam/drivers/tc/tc.o
 .comment       0x00000059       0x5a src/ASF/sam/drivers/uotghs/uotghs_device.o
 .comment       0x00000059       0x5a src/ASF/common/utils/stdio/write.o
 .comment       0x00000059       0x5a src/ASF/common/services/usb/class/cdc/device/udi_cdc_desc.o
 .comment       0x00000059       0x5a src/ASF/common/services/delay/sam/cycle_counter.o
 .comment       0x00000059       0x5a src/ASF/sam/drivers/efc/efc.o
 .comment       0x00000059       0x5a src/ASF/sam/services/flash_efc/flash_efc.o
 .comment       0x00000059       0x5a src/ASF/common/services/clock/sam3x/sysclk.o
 .comment       0x00000059       0x5a src/ASF/common/utils/interrupt/interrupt_sam_nvic.o
 .comment       0x00000059       0x5a src/ASF/sam/boards/arduino_due_x/init.o
 .comment       0x00000059       0x5a src/ASF/sam/drivers/pio/pio.o
 .comment       0x00000059       0x5a src/ASF/sam/drivers/pio/pio_handler.o
 .comment       0x00000059       0x5a src/ASF/sam/drivers/pmc/pmc.o
 .comment       0x00000059       0x5a src/ASF/sam/drivers/pmc/sleep.o
 .comment       0x00000059       0x5a src/ASF/sam/utils/cmsis/sam3x/source/templates/exceptions.o
 .comment       0x00000059       0x5a src/ASF/sam/utils/cmsis/sam3x/source/templates/gcc/startup_sam3x.o
 .comment       0x00000059       0x5a src/ASF/sam/utils/cmsis/sam3x/source/templates/system_sam3x.o
 .comment       0x00000059       0x5a src/ASF/sam/utils/syscalls/gcc/syscalls.o
 .comment       0x00000059       0x5a src/main.o

.debug_info     0x00000000    0x24e24
 .debug_info    0x00000000      0xb79 MiniWin/hal/ATSAM3X8E/hal_delay.o
 .debug_info    0x00000b79     0x1008 MiniWin/hal/ATSAM3X8E/hal_non_vol.o
 .debug_info    0x00001b81     0x1a39 MiniWin/hal/ATSAM3X8E/hal_timer.o
 .debug_info    0x000035ba     0x1c81 MiniWin/hal/ATSAM3X8E/hal_touch.o
 .debug_info    0x0000523b      0xef7 src/app.o
 .debug_info    0x00006132      0xa8e src/ASF/common/services/sleepmgr/sam/sleepmgr.o
 .debug_info    0x00006bc0     0x28fc src/ASF/common/services/usb/class/cdc/device/udi_cdc.o
 .debug_info    0x000094bc     0x1a0f src/ASF/common/services/usb/udc/udc.o
 .debug_info    0x0000aecb      0xac9 src/ASF/common/utils/stdio/read.o
 .debug_info    0x0000b994      0xfc6 src/ASF/common/utils/stdio/stdio_usb/stdio_usb.o
 .debug_info    0x0000c95a     0x1124 src/ASF/sam/drivers/spi/spi.o
 .debug_info    0x0000da7e     0x125d src/ASF/sam/drivers/tc/tc.o
 .debug_info    0x0000ecdb     0x3810 src/ASF/sam/drivers/uotghs/uotghs_device.o
 .debug_info    0x000124eb      0xac6 src/ASF/common/utils/stdio/write.o
 .debug_info    0x00012fb1     0x124a src/ASF/common/services/usb/class/cdc/device/udi_cdc_desc.o
 .debug_info    0x000141fb      0xa45 src/ASF/common/services/delay/sam/cycle_counter.o
 .debug_info    0x00014c40     0x101f src/ASF/sam/drivers/efc/efc.o
 .debug_info    0x00015c5f     0x19ed src/ASF/sam/services/flash_efc/flash_efc.o
 .debug_info    0x0001764c     0x11ad src/ASF/common/services/clock/sam3x/sysclk.o
 .debug_info    0x000187f9      0xaff src/ASF/common/utils/interrupt/interrupt_sam_nvic.o
 .debug_info    0x000192f8     0x108a src/ASF/sam/boards/arduino_due_x/init.o
 .debug_info    0x0001a382     0x1c61 src/ASF/sam/drivers/pio/pio.o
 .debug_info    0x0001bfe3     0x17f6 src/ASF/sam/drivers/pio/pio_handler.o
 .debug_info    0x0001d7d9     0x19eb src/ASF/sam/drivers/pmc/pmc.o
 .debug_info    0x0001f1c4     0x1336 src/ASF/sam/drivers/pmc/sleep.o
 .debug_info    0x000204fa      0xa39 src/ASF/sam/utils/cmsis/sam3x/source/templates/exceptions.o
 .debug_info    0x00020f33      0xd1b src/ASF/sam/utils/cmsis/sam3x/source/templates/gcc/startup_sam3x.o
 .debug_info    0x00021c4e      0xdc2 src/ASF/sam/utils/cmsis/sam3x/source/templates/system_sam3x.o
 .debug_info    0x00022a10      0xdb0 src/ASF/sam/utils/syscalls/gcc/syscalls.o
 .debug_info    0x000237c0     0x1664 src/main.o

.debug_abbrev   0x00000000     0x54d7
 .debug_abbrev  0x00000000      0x26b MiniWin/hal/ATSAM3X8E/hal_delay.o
 .debug_abbrev  0x0000026b      0x224 MiniWin/hal/ATSAM3X8E/hal_non_vol.o
 .debug_abbrev  0x0000048f      0x336 MiniWin/hal/ATSAM3X8E/hal_timer.o
 .debug_abbrev  0x000007c5      0x409 MiniWin/hal/ATSAM3X8E/hal_touch.o
 .debug_abbrev  0x00000bce      0x1ee src/app.o
 .debug_abbrev  0x00000dbc      0x1b2 src/ASF/common/services/sleepmgr/sam/sleepmgr.o
 .debug_abbrev  0x00000f6e      0x484 src/ASF/common/services/usb/class/cdc/device/udi_cdc.o
 .debug_abbrev  0x000013f2      0x41d src/ASF/common/services/usb/udc/udc.o
 .debug_abbrev  0x0000180f      0x1fe src/ASF/common/utils/stdio/read.o
 .debug_abbrev  0x00001a0d      0x264 src/ASF/common/utils/stdio/stdio_usb/stdio_usb.o
 .debug_abbrev  0x00001c71      0x394 src/ASF/sam/drivers/spi/spi.o
 .debug_abbrev  0x00002005      0x293 src/ASF/sam/drivers/tc/tc.o
 .debug_abbrev  0x00002298      0x5c0 src/ASF/sam/drivers/uotghs/uotghs_device.o
 .debug_abbrev  0x00002858      0x1e9 src/ASF/common/utils/stdio/write.o
 .debug_abbrev  0x00002a41      0x1c7 src/ASF/common/services/usb/class/cdc/device/udi_cdc_desc.o
 .debug_abbrev  0x00002c08      0x1b3 src/ASF/common/services/delay/sam/cycle_counter.o
 .debug_abbrev  0x00002dbb      0x3a9 src/ASF/sam/drivers/efc/efc.o
 .debug_abbrev  0x00003164      0x390 src/ASF/sam/services/flash_efc/flash_efc.o
 .debug_abbrev  0x000034f4      0x330 src/ASF/common/services/clock/sam3x/sysclk.o
 .debug_abbrev  0x00003824      0x221 src/ASF/common/utils/interrupt/interrupt_sam_nvic.o
 .debug_abbrev  0x00003a45      0x262 src/ASF/sam/boards/arduino_due_x/init.o
 .debug_abbrev  0x00003ca7      0x3c7 src/ASF/sam/drivers/pio/pio.o
 .debug_abbrev  0x0000406e      0x340 src/ASF/sam/drivers/pio/pio_handler.o
 .debug_abbrev  0x000043ae      0x335 src/ASF/sam/drivers/pmc/pmc.o
 .debug_abbrev  0x000046e3      0x314 src/ASF/sam/drivers/pmc/sleep.o
 .debug_abbrev  0x000049f7      0x1a4 src/ASF/sam/utils/cmsis/sam3x/source/templates/exceptions.o
 .debug_abbrev  0x00004b9b      0x1f2 src/ASF/sam/utils/cmsis/sam3x/source/templates/gcc/startup_sam3x.o
 .debug_abbrev  0x00004d8d      0x1f4 src/ASF/sam/utils/cmsis/sam3x/source/templates/system_sam3x.o
 .debug_abbrev  0x00004f81      0x264 src/ASF/sam/utils/syscalls/gcc/syscalls.o
 .debug_abbrev  0x000051e5      0x2f2 src/main.o

.debug_loc      0x00000000     0x7823
 .debug_loc     0x00000000       0xbf MiniWin/hal/ATSAM3X8E/hal_delay.o
 .debug_loc     0x000000bf       0xcf MiniWin/hal/ATSAM3X8E/hal_non_vol.o
 .debug_loc     0x0000018e       0x81 MiniWin/hal/ATSAM3X8E/hal_timer.o
 .debug_loc     0x0000020f      0x3f6 MiniWin/hal/ATSAM3X8E/hal_touch.o
 .debug_loc     0x00000605       0x20 src/app.o
 .debug_loc     0x00000625     0x11ee src/ASF/common/services/usb/class/cdc/device/udi_cdc.o
 .debug_loc     0x00001813      0x49b src/ASF/common/services/usb/udc/udc.o
 .debug_loc     0x00001cae       0xb3 src/ASF/common/utils/stdio/read.o
 .debug_loc     0x00001d61      0x108 src/ASF/common/utils/stdio/stdio_usb/stdio_usb.o
 .debug_loc     0x00001e69      0x5b6 src/ASF/sam/drivers/spi/spi.o
 .debug_loc     0x0000241f      0x5a4 src/ASF/sam/drivers/tc/tc.o
 .debug_loc     0x000029c3     0x166c src/ASF/sam/drivers/uotghs/uotghs_device.o
 .debug_loc     0x0000402f      0x12b src/ASF/common/utils/stdio/write.o
 .debug_loc     0x0000415a      0x572 src/ASF/sam/drivers/efc/efc.o
 .debug_loc     0x000046cc      0xe41 src/ASF/sam/services/flash_efc/flash_efc.o
 .debug_loc     0x0000550d      0x183 src/ASF/common/services/clock/sam3x/sysclk.o
 .debug_loc     0x00005690       0x70 src/ASF/sam/boards/arduino_due_x/init.o
 .debug_loc     0x00005700      0xacc src/ASF/sam/drivers/pio/pio.o
 .debug_loc     0x000061cc      0x571 src/ASF/sam/drivers/pio/pio_handler.o
 .debug_loc     0x0000673d      0xa54 src/ASF/sam/drivers/pmc/pmc.o
 .debug_loc     0x00007191      0x43b src/ASF/sam/drivers/pmc/sleep.o
 .debug_loc     0x000075cc       0x6b src/ASF/sam/utils/cmsis/sam3x/source/templates/gcc/startup_sam3x.o
 .debug_loc     0x00007637       0xfd src/ASF/sam/utils/syscalls/gcc/syscalls.o
 .debug_loc     0x00007734       0xef src/main.o

.debug_aranges  0x00000000      0xc98
 .debug_aranges
                0x00000000       0x30 MiniWin/hal/ATSAM3X8E/hal_delay.o
 .debug_aranges
                0x00000030       0x30 MiniWin/hal/ATSAM3X8E/hal_non_vol.o
 .debug_aranges
                0x00000060       0x30 MiniWin/hal/ATSAM3X8E/hal_timer.o
 .debug_aranges
                0x00000090       0x40 MiniWin/hal/ATSAM3X8E/hal_touch.o
 .debug_aranges
                0x000000d0       0x28 src/app.o
 .debug_aranges
                0x000000f8       0x18 src/ASF/common/services/sleepmgr/sam/sleepmgr.o
 .debug_aranges
                0x00000110      0x178 src/ASF/common/services/usb/class/cdc/device/udi_cdc.o
 .debug_aranges
                0x00000288       0x70 src/ASF/common/services/usb/udc/udc.o
 .debug_aranges
                0x000002f8       0x20 src/ASF/common/utils/stdio/read.o
 .debug_aranges
                0x00000318       0x40 src/ASF/common/utils/stdio/stdio_usb/stdio_usb.o
 .debug_aranges
                0x00000358       0x90 src/ASF/sam/drivers/spi/spi.o
 .debug_aranges
                0x000003e8       0xd0 src/ASF/sam/drivers/tc/tc.o
 .debug_aranges
                0x000004b8      0x100 src/ASF/sam/drivers/uotghs/uotghs_device.o
 .debug_aranges
                0x000005b8       0x20 src/ASF/common/utils/stdio/write.o
 .debug_aranges
                0x000005d8       0x18 src/ASF/common/services/usb/class/cdc/device/udi_cdc_desc.o
 .debug_aranges
                0x000005f0       0x20 src/ASF/common/services/delay/sam/cycle_counter.o
 .debug_aranges
                0x00000610       0x80 src/ASF/sam/drivers/efc/efc.o
 .debug_aranges
                0x00000690       0xb8 src/ASF/sam/services/flash_efc/flash_efc.o
 .debug_aranges
                0x00000748       0x40 src/ASF/common/services/clock/sam3x/sysclk.o
 .debug_aranges
                0x00000788       0x28 src/ASF/common/utils/interrupt/interrupt_sam_nvic.o
 .debug_aranges
                0x000007b0       0x20 src/ASF/sam/boards/arduino_due_x/init.o
 .debug_aranges
                0x000007d0      0x148 src/ASF/sam/drivers/pio/pio.o
 .debug_aranges
                0x00000918       0x58 src/ASF/sam/drivers/pio/pio_handler.o
 .debug_aranges
                0x00000970      0x200 src/ASF/sam/drivers/pmc/pmc.o
 .debug_aranges
                0x00000b70       0x30 src/ASF/sam/drivers/pmc/sleep.o
 .debug_aranges
                0x00000ba0       0x20 src/ASF/sam/utils/cmsis/sam3x/source/templates/exceptions.o
 .debug_aranges
                0x00000bc0       0x20 src/ASF/sam/utils/cmsis/sam3x/source/templates/gcc/startup_sam3x.o
 .debug_aranges
                0x00000be0       0x30 src/ASF/sam/utils/cmsis/sam3x/source/templates/system_sam3x.o
 .debug_aranges
                0x00000c10       0x60 src/ASF/sam/utils/syscalls/gcc/syscalls.o
 .debug_aranges
                0x00000c70       0x28 src/main.o

.debug_ranges   0x00000000      0xc18
 .debug_ranges  0x00000000       0x20 MiniWin/hal/ATSAM3X8E/hal_delay.o