   1                             		.file	"dialog_two_button.c"
   2                             		.section P,"ax"
   3                             	.Ltext0:
   4                             		.section	.bss.mw_dialog_two_button_data,"aw",@nobits
   5                             		.balign 4
   8                             	_mw_dialog_two_button_data:
   9 0000 00 00 00 00 00 00 00 00 		.zero	48
   9      00 00 00 00 00 00 00 00 
   9      00 00 00 00 00 00 00 00 
   9      00 00 00 00 00 00 00 00 
   9      00 00 00 00 00 00 00 00 
  10                             		.section C,"a",@progbits
  11                             		.p2align 2
  12                             	.LC0:
  13 0000 4E 75 6C 6C 20 70 6F 69 		.string	"Null pointer argument"
  13      6E 74 65 72 20 61 72 67 
  13      75 6D 65 6E 74 00 
  14 0016 00 00                   		.section	.text.mw_dialog_two_button_paint_function,"ax",@progbits
  16                             	_mw_dialog_two_button_paint_function:
  17                             	.LFB0:
  18                             		.file 1 "C:/Users/John/Desktop/workspace/miniwinwm/MiniWin/dialogs/dialog_two_button.c"
   1:C:/Users/John/Desktop/workspace/miniwinwm/MiniWin/dialogs\dialog_two_button.c **** /*
   2:C:/Users/John/Desktop/workspace/miniwinwm/MiniWin/dialogs\dialog_two_button.c **** 
   3:C:/Users/John/Desktop/workspace/miniwinwm/MiniWin/dialogs\dialog_two_button.c **** MIT License
   4:C:/Users/John/Desktop/workspace/miniwinwm/MiniWin/dialogs\dialog_two_button.c **** 
   5:C:/Users/John/Desktop/workspace/miniwinwm/MiniWin/dialogs\dialog_two_button.c **** Copyright (c) John Blaiklock 2019 miniwin Embedded Window Manager
   6:C:/Users/John/Desktop/workspace/miniwinwm/MiniWin/dialogs\dialog_two_button.c **** 
   7:C:/Users/John/Desktop/workspace/miniwinwm/MiniWin/dialogs\dialog_two_button.c **** Permission is hereby granted, free of charge, to any person obtaining a copy
   8:C:/Users/John/Desktop/workspace/miniwinwm/MiniWin/dialogs\dialog_two_button.c **** of this software and associated documentation files (the "Software"), to deal
   9:C:/Users/John/Desktop/workspace/miniwinwm/MiniWin/dialogs\dialog_two_button.c **** in the Software without restriction, including without limitation the rights
  10:C:/Users/John/Desktop/workspace/miniwinwm/MiniWin/dialogs\dialog_two_button.c **** to use, copy, modify, merge, publish, distribute, sublicense, and/or sell
  11:C:/Users/John/Desktop/workspace/miniwinwm/MiniWin/dialogs\dialog_two_button.c **** copies of the Software, and to permit persons to whom the Software is
  12:C:/Users/John/Desktop/workspace/miniwinwm/MiniWin/dialogs\dialog_two_button.c **** furnished to do so, subject to the following conditions:
  13:C:/Users/John/Desktop/workspace/miniwinwm/MiniWin/dialogs\dialog_two_button.c **** 
  14:C:/Users/John/Desktop/workspace/miniwinwm/MiniWin/dialogs\dialog_two_button.c **** The above copyright notice and this permission notice shall be included in all
  15:C:/Users/John/Desktop/workspace/miniwinwm/MiniWin/dialogs\dialog_two_button.c **** copies or substantial portions of the Software.
  16:C:/Users/John/Desktop/workspace/miniwinwm/MiniWin/dialogs\dialog_two_button.c **** 
  17:C:/Users/John/Desktop/workspace/miniwinwm/MiniWin/dialogs\dialog_two_button.c **** THE SOFTWARE IS PROVIDED "AS IS", WITHOUT WARRANTY OF ANY KIND, EXPRESS OR
  18:C:/Users/John/Desktop/workspace/miniwinwm/MiniWin/dialogs\dialog_two_button.c **** IMPLIED, INCLUDING BUT NOT LIMITED TO THE WARRANTIES OF MERCHANTABILITY,
  19:C:/Users/John/Desktop/workspace/miniwinwm/MiniWin/dialogs\dialog_two_button.c **** FITNESS FOR A PARTICULAR PURPOSE AND NONINFRINGEMENT. IN NO EVENT SHALL THE
  20:C:/Users/John/Desktop/workspace/miniwinwm/MiniWin/dialogs\dialog_two_button.c **** AUTHORS OR COPYRIGHT HOLDERS BE LIABLE FOR ANY CLAIM, DAMAGES OR OTHER
  21:C:/Users/John/Desktop/workspace/miniwinwm/MiniWin/dialogs\dialog_two_button.c **** LIABILITY, WHETHER IN AN ACTION OF CONTRACT, TORT OR OTHERWISE, ARISING FROM,
  22:C:/Users/John/Desktop/workspace/miniwinwm/MiniWin/dialogs\dialog_two_button.c **** OUT OF OR IN CONNECTION WITH THE SOFTWARE OR THE USE OR OTHER DEALINGS IN THE
  23:C:/Users/John/Desktop/workspace/miniwinwm/MiniWin/dialogs\dialog_two_button.c **** SOFTWARE.
  24:C:/Users/John/Desktop/workspace/miniwinwm/MiniWin/dialogs\dialog_two_button.c **** 
  25:C:/Users/John/Desktop/workspace/miniwinwm/MiniWin/dialogs\dialog_two_button.c **** */
  26:C:/Users/John/Desktop/workspace/miniwinwm/MiniWin/dialogs\dialog_two_button.c **** 
  27:C:/Users/John/Desktop/workspace/miniwinwm/MiniWin/dialogs\dialog_two_button.c **** /***************
  28:C:/Users/John/Desktop/workspace/miniwinwm/MiniWin/dialogs\dialog_two_button.c **** *** INCLUDES ***
  29:C:/Users/John/Desktop/workspace/miniwinwm/MiniWin/dialogs\dialog_two_button.c **** ***************/
  30:C:/Users/John/Desktop/workspace/miniwinwm/MiniWin/dialogs\dialog_two_button.c **** 
  31:C:/Users/John/Desktop/workspace/miniwinwm/MiniWin/dialogs\dialog_two_button.c **** #include <string.h>
  32:C:/Users/John/Desktop/workspace/miniwinwm/MiniWin/dialogs\dialog_two_button.c **** #include "dialogs/dialog_common.h"
  33:C:/Users/John/Desktop/workspace/miniwinwm/MiniWin/dialogs\dialog_two_button.c **** #include "miniwin.h"
  34:C:/Users/John/Desktop/workspace/miniwinwm/MiniWin/dialogs\dialog_two_button.c **** #include "ui/ui_common.h"
  35:C:/Users/John/Desktop/workspace/miniwinwm/MiniWin/dialogs\dialog_two_button.c **** 
  36:C:/Users/John/Desktop/workspace/miniwinwm/MiniWin/dialogs\dialog_two_button.c **** /****************
  37:C:/Users/John/Desktop/workspace/miniwinwm/MiniWin/dialogs\dialog_two_button.c **** *** CONSTANTS ***
  38:C:/Users/John/Desktop/workspace/miniwinwm/MiniWin/dialogs\dialog_two_button.c **** ****************/
  39:C:/Users/John/Desktop/workspace/miniwinwm/MiniWin/dialogs\dialog_two_button.c **** 
  40:C:/Users/John/Desktop/workspace/miniwinwm/MiniWin/dialogs\dialog_two_button.c **** #define BUTTON_GAP			10		/**< horizontal space between buttons */
  41:C:/Users/John/Desktop/workspace/miniwinwm/MiniWin/dialogs\dialog_two_button.c **** #define BUTTON_LARGE_GAP	10		/**< horizontal space between large buttons */
  42:C:/Users/John/Desktop/workspace/miniwinwm/MiniWin/dialogs\dialog_two_button.c **** 
  43:C:/Users/John/Desktop/workspace/miniwinwm/MiniWin/dialogs\dialog_two_button.c **** /************
  44:C:/Users/John/Desktop/workspace/miniwinwm/MiniWin/dialogs\dialog_two_button.c **** *** TYPES ***
  45:C:/Users/John/Desktop/workspace/miniwinwm/MiniWin/dialogs\dialog_two_button.c **** ************/
  46:C:/Users/John/Desktop/workspace/miniwinwm/MiniWin/dialogs\dialog_two_button.c **** 
  47:C:/Users/John/Desktop/workspace/miniwinwm/MiniWin/dialogs\dialog_two_button.c **** /**
  48:C:/Users/John/Desktop/workspace/miniwinwm/MiniWin/dialogs\dialog_two_button.c ****  * Window data structure
  49:C:/Users/John/Desktop/workspace/miniwinwm/MiniWin/dialogs\dialog_two_button.c ****  */
  50:C:/Users/John/Desktop/workspace/miniwinwm/MiniWin/dialogs\dialog_two_button.c **** typedef struct
  51:C:/Users/John/Desktop/workspace/miniwinwm/MiniWin/dialogs\dialog_two_button.c **** {
  52:C:/Users/John/Desktop/workspace/miniwinwm/MiniWin/dialogs\dialog_two_button.c **** 	mw_handle_t button_1_handle;					/**< Handle of left button */
  53:C:/Users/John/Desktop/workspace/miniwinwm/MiniWin/dialogs\dialog_two_button.c **** 	mw_handle_t button_2_handle;					/**< Handle of right button */
  54:C:/Users/John/Desktop/workspace/miniwinwm/MiniWin/dialogs\dialog_two_button.c **** 	mw_handle_t owner_window_handle;				/**< Window handle to send response message to */
  55:C:/Users/John/Desktop/workspace/miniwinwm/MiniWin/dialogs\dialog_two_button.c **** 	mw_handle_t two_button_dialog_window_handle;	/**< Handle of two button dialog window */
  56:C:/Users/John/Desktop/workspace/miniwinwm/MiniWin/dialogs\dialog_two_button.c **** 	mw_ui_button_data_t button_1_data;				/**< Instance data of left button */
  57:C:/Users/John/Desktop/workspace/miniwinwm/MiniWin/dialogs\dialog_two_button.c **** 	mw_ui_button_data_t button_2_data;				/**< Instance data of right button */
  58:C:/Users/John/Desktop/workspace/miniwinwm/MiniWin/dialogs\dialog_two_button.c **** 	char *message;									/**< Text to display in dialog */
  59:C:/Users/John/Desktop/workspace/miniwinwm/MiniWin/dialogs\dialog_two_button.c **** 	bool large_size;								/**< True for large size false for standard size */
  60:C:/Users/John/Desktop/workspace/miniwinwm/MiniWin/dialogs\dialog_two_button.c **** } mw_dialog_two_button_data_t;
  61:C:/Users/John/Desktop/workspace/miniwinwm/MiniWin/dialogs\dialog_two_button.c **** 
  62:C:/Users/John/Desktop/workspace/miniwinwm/MiniWin/dialogs\dialog_two_button.c **** /***********************
  63:C:/Users/John/Desktop/workspace/miniwinwm/MiniWin/dialogs\dialog_two_button.c **** *** GLOBAL VARIABLES ***
  64:C:/Users/John/Desktop/workspace/miniwinwm/MiniWin/dialogs\dialog_two_button.c **** ***********************/
  65:C:/Users/John/Desktop/workspace/miniwinwm/MiniWin/dialogs\dialog_two_button.c **** 
  66:C:/Users/John/Desktop/workspace/miniwinwm/MiniWin/dialogs\dialog_two_button.c **** /**********************
  67:C:/Users/John/Desktop/workspace/miniwinwm/MiniWin/dialogs\dialog_two_button.c **** *** LOCAL VARIABLES ***
  68:C:/Users/John/Desktop/workspace/miniwinwm/MiniWin/dialogs\dialog_two_button.c **** **********************/
  69:C:/Users/John/Desktop/workspace/miniwinwm/MiniWin/dialogs\dialog_two_button.c **** 
  70:C:/Users/John/Desktop/workspace/miniwinwm/MiniWin/dialogs\dialog_two_button.c **** static mw_dialog_two_button_data_t mw_dialog_two_button_data;
  71:C:/Users/John/Desktop/workspace/miniwinwm/MiniWin/dialogs\dialog_two_button.c **** 
  72:C:/Users/John/Desktop/workspace/miniwinwm/MiniWin/dialogs\dialog_two_button.c **** /********************************
  73:C:/Users/John/Desktop/workspace/miniwinwm/MiniWin/dialogs\dialog_two_button.c **** *** LOCAL FUNCTION PROTOTYPES ***
  74:C:/Users/John/Desktop/workspace/miniwinwm/MiniWin/dialogs\dialog_two_button.c **** ********************************/
  75:C:/Users/John/Desktop/workspace/miniwinwm/MiniWin/dialogs\dialog_two_button.c **** 
  76:C:/Users/John/Desktop/workspace/miniwinwm/MiniWin/dialogs\dialog_two_button.c **** static void mw_dialog_two_button_paint_function(mw_handle_t window_handle, const mw_gl_draw_info_t 
  77:C:/Users/John/Desktop/workspace/miniwinwm/MiniWin/dialogs\dialog_two_button.c **** static void mw_dialog_two_button_message_function(const mw_message_t *message);
  78:C:/Users/John/Desktop/workspace/miniwinwm/MiniWin/dialogs\dialog_two_button.c **** 
  79:C:/Users/John/Desktop/workspace/miniwinwm/MiniWin/dialogs\dialog_two_button.c **** /**********************
  80:C:/Users/John/Desktop/workspace/miniwinwm/MiniWin/dialogs\dialog_two_button.c **** *** LOCAL FUNCTIONS ***
  81:C:/Users/John/Desktop/workspace/miniwinwm/MiniWin/dialogs\dialog_two_button.c **** **********************/
  82:C:/Users/John/Desktop/workspace/miniwinwm/MiniWin/dialogs\dialog_two_button.c **** 
  83:C:/Users/John/Desktop/workspace/miniwinwm/MiniWin/dialogs\dialog_two_button.c **** /**
  84:C:/Users/John/Desktop/workspace/miniwinwm/MiniWin/dialogs\dialog_two_button.c ****  * Window paint routine, called by window manager.
  85:C:/Users/John/Desktop/workspace/miniwinwm/MiniWin/dialogs\dialog_two_button.c ****  *
  86:C:/Users/John/Desktop/workspace/miniwinwm/MiniWin/dialogs\dialog_two_button.c ****  * @param window_handle The window identifier in the array of windows
  87:C:/Users/John/Desktop/workspace/miniwinwm/MiniWin/dialogs\dialog_two_button.c ****  * @param draw_info Draw info structure describing offset and clip region
  88:C:/Users/John/Desktop/workspace/miniwinwm/MiniWin/dialogs\dialog_two_button.c ****  * @note Do not call this directly from user code
  89:C:/Users/John/Desktop/workspace/miniwinwm/MiniWin/dialogs\dialog_two_button.c ****  */
  90:C:/Users/John/Desktop/workspace/miniwinwm/MiniWin/dialogs\dialog_two_button.c **** static void mw_dialog_two_button_paint_function(mw_handle_t window_handle, const mw_gl_draw_info_t 
  91:C:/Users/John/Desktop/workspace/miniwinwm/MiniWin/dialogs\dialog_two_button.c **** {
  19                             		.loc 1 91 1
  20 0000 6E 6B                   		pushm	r6-r11
  21                             	.LCFI0:
  22 0002 71 0A F8                		add	#-8, r0, r10
  23                             	.LCFI1:
  24 0005 71 A0 FC                		add	#-4, r10, r0
  25                             	.LCFI2:
  26 0008 E3 A1                   		mov.L	r1, [r10]
  27 000a E7 A2 01                		mov.L	r2, 4[r10]
  92:C:/Users/John/Desktop/workspace/miniwinwm/MiniWin/dialogs\dialog_two_button.c **** 	MW_ASSERT(draw_info != (void*)0, "Null pointer argument");
  28                             		.loc 1 92 2
  29 000d ED A5 01                		mov.L	4[r10], r5
  30 0010 61 05                   		cmp	#0, r5
  31 0012 FC DB 51                		scne.L	r5
  32 0015 FB 42 00 00 00 00       		mov.L	#.LC0, r4
  33 001b 75 43 5C                		mov.L	#0x5c, r3
  34 001e FB 22 00 00 00 00       		mov.L	#___func__.2970, r2
  35 0024 CF 51                   		mov.B	r5, r1
  36 0026 05 00 00 00             		bsr	_mw_debug_print_assert
  93:C:/Users/John/Desktop/workspace/miniwinwm/MiniWin/dialogs\dialog_two_button.c **** 
  94:C:/Users/John/Desktop/workspace/miniwinwm/MiniWin/dialogs\dialog_two_button.c **** 	mw_gl_set_fill(MW_GL_FILL);
  37                             		.loc 1 94 2
  38 002a 66 11                   		mov.L	#1, r1
  39 002c 05 00 00 00             		bsr	_mw_gl_set_fill
  95:C:/Users/John/Desktop/workspace/miniwinwm/MiniWin/dialogs\dialog_two_button.c **** 	mw_gl_set_solid_fill_colour(MW_HAL_LCD_WHITE);
  40                             		.loc 1 95 2
  41 0030 FB 12 FF FF FF 00       		mov.L	#0xffffff, r1
  42 0036 05 00 00 00             		bsr	_mw_gl_set_solid_fill_colour
  96:C:/Users/John/Desktop/workspace/miniwinwm/MiniWin/dialogs\dialog_two_button.c **** 	mw_gl_set_border(MW_GL_BORDER_OFF);
  43                             		.loc 1 96 2
  44 003a 66 01                   		mov.L	#0, r1
  45 003c 05 00 00 00             		bsr	_mw_gl_set_border
  97:C:/Users/John/Desktop/workspace/miniwinwm/MiniWin/dialogs\dialog_two_button.c **** 	mw_gl_clear_pattern();
  46                             		.loc 1 97 2
  47 0040 05 00 00 00             		bsr	_mw_gl_clear_pattern
  98:C:/Users/John/Desktop/workspace/miniwinwm/MiniWin/dialogs\dialog_two_button.c **** 	mw_gl_rectangle(draw_info,
  99:C:/Users/John/Desktop/workspace/miniwinwm/MiniWin/dialogs\dialog_two_button.c **** 			0,
 100:C:/Users/John/Desktop/workspace/miniwinwm/MiniWin/dialogs\dialog_two_button.c **** 			0,
 101:C:/Users/John/Desktop/workspace/miniwinwm/MiniWin/dialogs\dialog_two_button.c **** 			mw_get_window_client_rect(window_handle).width,
  48                             		.loc 1 101 4
  49 0044 EC A1                   		mov.L	[r10], r1
  50 0046 05 00 00 00             		bsr	_mw_get_window_client_rect
  51 004a EF 15                   		mov.L	r1, r5
  52 004c EF 26                   		mov.L	r2, r6
  98:C:/Users/John/Desktop/workspace/miniwinwm/MiniWin/dialogs\dialog_two_button.c **** 	mw_gl_rectangle(draw_info,
  53                             		.loc 1 98 2
  54 004e DF 6B                   		mov.W	r6, r11
 102:C:/Users/John/Desktop/workspace/miniwinwm/MiniWin/dialogs\dialog_two_button.c **** 			mw_get_window_client_rect(window_handle).height);
  55                             		.loc 1 102 4
  56 0050 EC A1                   		mov.L	[r10], r1
  57 0052 05 00 00 00             		bsr	_mw_get_window_client_rect
  58 0056 EF 15                   		mov.L	r1, r5
  59 0058 EF 26                   		mov.L	r2, r6
  98:C:/Users/John/Desktop/workspace/miniwinwm/MiniWin/dialogs\dialog_two_button.c **** 	mw_gl_rectangle(draw_info,
  60                             		.loc 1 98 2
  61 005a EF 65                   		mov.L	r6, r5
  62 005c 6B 05                   		shar	#16, r5
  63 005e D3 05                   		mov.W	r5, [r0]
  64 0060 DF B4                   		mov.W	r11, r4
  65 0062 66 03                   		mov	#0, r3
  66 0064 66 02                   		mov	#0, r2
  67 0066 ED A1 01                		mov.L	4[r10], r1
  68 0069 05 00 00 00             		bsr	_mw_gl_rectangle
 103:C:/Users/John/Desktop/workspace/miniwinwm/MiniWin/dialogs\dialog_two_button.c **** 
 104:C:/Users/John/Desktop/workspace/miniwinwm/MiniWin/dialogs\dialog_two_button.c **** 	mw_gl_set_fg_colour(MW_HAL_LCD_BLACK);
  69                             		.loc 1 104 2
  70 006d 66 01                   		mov.L	#0, r1
  71 006f 05 00 00 00             		bsr	_mw_gl_set_fg_colour
 105:C:/Users/John/Desktop/workspace/miniwinwm/MiniWin/dialogs\dialog_two_button.c **** 	mw_gl_set_bg_transparency(MW_GL_BG_TRANSPARENT);
  72                             		.loc 1 105 2
  73 0073 66 01                   		mov.L	#0, r1
  74 0075 05 00 00 00             		bsr	_mw_gl_set_bg_transparency
 106:C:/Users/John/Desktop/workspace/miniwinwm/MiniWin/dialogs\dialog_two_button.c **** 	mw_gl_set_text_rotation(MW_GL_TEXT_ROTATION_0);
  75                             		.loc 1 106 2
  76 0079 66 01                   		mov.L	#0, r1
  77 007b 05 00 00 00             		bsr	_mw_gl_set_text_rotation
 107:C:/Users/John/Desktop/workspace/miniwinwm/MiniWin/dialogs\dialog_two_button.c **** 
 108:C:/Users/John/Desktop/workspace/miniwinwm/MiniWin/dialogs\dialog_two_button.c **** 	if (mw_dialog_two_button_data.large_size)
  78                             		.loc 1 108 31
  79 007f FB 52 00 00 00 00       		mov.L	#_mw_dialog_two_button_data, r5
  80 0085 CD 55 2C                		mov.B	44[r5], r5
  81                             		.loc 1 108 5
  82 0088 5B 55                   		movu.B	r5, r5
  83 008a 61 05                   		cmp	#0, r5
  84 008c 20 1F                   		beq	.L2
 109:C:/Users/John/Desktop/workspace/miniwinwm/MiniWin/dialogs\dialog_two_button.c **** 	{
 110:C:/Users/John/Desktop/workspace/miniwinwm/MiniWin/dialogs\dialog_two_button.c **** 		mw_gl_set_font(MW_GL_TITLE_FONT);
  85                             		.loc 1 110 3
  86 008e 66 51                   		mov.L	#5, r1
  87 0090 05 00 00 00             		bsr	_mw_gl_set_font
 111:C:/Users/John/Desktop/workspace/miniwinwm/MiniWin/dialogs\dialog_two_button.c **** 		mw_gl_string(draw_info, 12, 10, mw_dialog_two_button_data.message);
  88                             		.loc 1 111 60
  89 0094 FB 52 00 00 00 00       		mov.L	#_mw_dialog_two_button_data, r5
  90 009a AA D5                   		mov.L	40[r5], r5
  91                             		.loc 1 111 3
  92 009c EF 54                   		mov.L	r5, r4
  93 009e 66 A3                   		mov	#10, r3
  94 00a0 66 C2                   		mov	#12, r2
  95 00a2 ED A1 01                		mov.L	4[r10], r1
  96 00a5 05 00 00 00             		bsr	_mw_gl_string
 112:C:/Users/John/Desktop/workspace/miniwinwm/MiniWin/dialogs\dialog_two_button.c **** 	}
 113:C:/Users/John/Desktop/workspace/miniwinwm/MiniWin/dialogs\dialog_two_button.c **** 	else
 114:C:/Users/John/Desktop/workspace/miniwinwm/MiniWin/dialogs\dialog_two_button.c **** 	{
 115:C:/Users/John/Desktop/workspace/miniwinwm/MiniWin/dialogs\dialog_two_button.c **** 		mw_gl_set_font(MW_GL_FONT_9);
 116:C:/Users/John/Desktop/workspace/miniwinwm/MiniWin/dialogs\dialog_two_button.c **** 		mw_gl_string(draw_info, 12, 10, mw_dialog_two_button_data.message);
 117:C:/Users/John/Desktop/workspace/miniwinwm/MiniWin/dialogs\dialog_two_button.c **** 	}
 118:C:/Users/John/Desktop/workspace/miniwinwm/MiniWin/dialogs\dialog_two_button.c **** }
  97                             		.loc 1 118 1
  98 00a9 2E 1D                   		bra	.L4
  99                             	.L2:
 115:C:/Users/John/Desktop/workspace/miniwinwm/MiniWin/dialogs\dialog_two_button.c **** 		mw_gl_string(draw_info, 12, 10, mw_dialog_two_button_data.message);
 100                             		.loc 1 115 3
 101 00ab 66 01                   		mov.L	#0, r1
 102 00ad 05 00 00 00             		bsr	_mw_gl_set_font
 116:C:/Users/John/Desktop/workspace/miniwinwm/MiniWin/dialogs\dialog_two_button.c **** 	}
 103                             		.loc 1 116 60
 104 00b1 FB 52 00 00 00 00       		mov.L	#_mw_dialog_two_button_data, r5
 105 00b7 AA D5                   		mov.L	40[r5], r5
 116:C:/Users/John/Desktop/workspace/miniwinwm/MiniWin/dialogs\dialog_two_button.c **** 	}
 106                             		.loc 1 116 3
 107 00b9 EF 54                   		mov.L	r5, r4
 108 00bb 66 A3                   		mov	#10, r3
 109 00bd 66 C2                   		mov	#12, r2
 110 00bf ED A1 01                		mov.L	4[r10], r1
 111 00c2 05 00 00 00             		bsr	_mw_gl_string
 112                             	.L4:
 113                             		.loc 1 118 1
 114 00c6 03                      		nop
 115 00c7 3F 6B 09                		rtsd	#36, r6-r11
 116                             	.LFE0:
 118                             		.section	.text.mw_dialog_two_button_message_function,"ax",@progbits
 120                             	_mw_dialog_two_button_message_function:
 121                             	.LFB1:
 119:C:/Users/John/Desktop/workspace/miniwinwm/MiniWin/dialogs\dialog_two_button.c **** 
 120:C:/Users/John/Desktop/workspace/miniwinwm/MiniWin/dialogs\dialog_two_button.c **** /**
 121:C:/Users/John/Desktop/workspace/miniwinwm/MiniWin/dialogs\dialog_two_button.c ****  * Window message handler called by the window manager.
 122:C:/Users/John/Desktop/workspace/miniwinwm/MiniWin/dialogs\dialog_two_button.c ****  *
 123:C:/Users/John/Desktop/workspace/miniwinwm/MiniWin/dialogs\dialog_two_button.c ****  * @param message The message to be processed
 124:C:/Users/John/Desktop/workspace/miniwinwm/MiniWin/dialogs\dialog_two_button.c ****  * @note Do not call this directly from user code
 125:C:/Users/John/Desktop/workspace/miniwinwm/MiniWin/dialogs\dialog_two_button.c ****  */
 126:C:/Users/John/Desktop/workspace/miniwinwm/MiniWin/dialogs\dialog_two_button.c **** static void mw_dialog_two_button_message_function(const mw_message_t *message)
 127:C:/Users/John/Desktop/workspace/miniwinwm/MiniWin/dialogs\dialog_two_button.c **** {
 122                             		.loc 1 127 1
 123 0000 7E AA                   		push.l	r10
 124                             	.LCFI3:
 125 0002 71 0A F8                		add	#-8, r0, r10
 126                             	.LCFI4:
 127 0005 71 A0 F8                		add	#-8, r10, r0
 128                             	.LCFI5:
 129 0008 E7 A1 01                		mov.L	r1, 4[r10]
 128:C:/Users/John/Desktop/workspace/miniwinwm/MiniWin/dialogs\dialog_two_button.c **** 	MW_ASSERT(message != (void*)0, "Null pointer argument");
 130                             		.loc 1 128 2
 131 000b ED A5 01                		mov.L	4[r10], r5
 132 000e 61 05                   		cmp	#0, r5
 133 0010 FC DB 51                		scne.L	r5
 134 0013 FB 42 00 00 00 00       		mov.L	#.LC0, r4
 135 0019 75 43 80                		mov.L	#0x80, r3
 136 001c FB 22 00 00 00 00       		mov.L	#___func__.2974, r2
 137 0022 CF 51                   		mov.B	r5, r1
 138 0024 05 00 00 00             		bsr	_mw_debug_print_assert
 129:C:/Users/John/Desktop/workspace/miniwinwm/MiniWin/dialogs\dialog_two_button.c **** 
 130:C:/Users/John/Desktop/workspace/miniwinwm/MiniWin/dialogs\dialog_two_button.c **** 	switch (message->message_id)
 139                             		.loc 1 130 17
 140 0028 ED A5 01                		mov.L	4[r10], r5
 141 002b A8 D5                   		mov.L	8[r5], r5
 142                             		.loc 1 130 2
 143 002d 75 55 1A                		cmp	#26, r5
 144 0030 21 48                   		bne	.L10
 145                             	.LBB2:
 131:C:/Users/John/Desktop/workspace/miniwinwm/MiniWin/dialogs\dialog_two_button.c **** 	{
 132:C:/Users/John/Desktop/workspace/miniwinwm/MiniWin/dialogs\dialog_two_button.c **** 	case MW_BUTTON_PRESSED_MESSAGE:
 133:C:/Users/John/Desktop/workspace/miniwinwm/MiniWin/dialogs\dialog_two_button.c **** 		{
 134:C:/Users/John/Desktop/workspace/miniwinwm/MiniWin/dialogs\dialog_two_button.c **** 			uint32_t button_pressed;
 135:C:/Users/John/Desktop/workspace/miniwinwm/MiniWin/dialogs\dialog_two_button.c **** 
 136:C:/Users/John/Desktop/workspace/miniwinwm/MiniWin/dialogs\dialog_two_button.c **** 			/* remove all controls and window */
 137:C:/Users/John/Desktop/workspace/miniwinwm/MiniWin/dialogs\dialog_two_button.c **** 			mw_remove_window(mw_dialog_two_button_data.two_button_dialog_window_handle);
 146                             		.loc 1 137 4
 147 0032 FB 52 00 00 00 00       		mov.L	#_mw_dialog_two_button_data, r5
 148 0038 A8 DD                   		mov.L	12[r5], r5
 149 003a EF 51                   		mov.L	r5, r1
 150 003c 05 00 00 00             		bsr	_mw_remove_window
 138:C:/Users/John/Desktop/workspace/miniwinwm/MiniWin/dialogs\dialog_two_button.c **** 
 139:C:/Users/John/Desktop/workspace/miniwinwm/MiniWin/dialogs\dialog_two_button.c **** 			/* a window has changed visibility so repaint all */
 140:C:/Users/John/Desktop/workspace/miniwinwm/MiniWin/dialogs\dialog_two_button.c **** 			mw_paint_all();
 151                             		.loc 1 140 4
 152 0040 05 00 00 00             		bsr	_mw_paint_all
 141:C:/Users/John/Desktop/workspace/miniwinwm/MiniWin/dialogs\dialog_two_button.c **** 
 142:C:/Users/John/Desktop/workspace/miniwinwm/MiniWin/dialogs\dialog_two_button.c **** 			/* find which button was pressed */
 143:C:/Users/John/Desktop/workspace/miniwinwm/MiniWin/dialogs\dialog_two_button.c **** 			if (message->sender_handle == mw_dialog_two_button_data.button_1_handle)
 153                             		.loc 1 143 15
 154 0044 ED A5 01                		mov.L	4[r10], r5
 155 0047 EC 54                   		mov.L	[r5], r4
 156                             		.loc 1 143 59
 157 0049 FB 52 00 00 00 00       		mov.L	#_mw_dialog_two_button_data, r5
 158 004f EC 55                   		mov.L	[r5], r5
 159                             		.loc 1 143 7
 160 0051 47 54                   		cmp	r5, r4
 161 0053 1D                      		bne	.L7
 144:C:/Users/John/Desktop/workspace/miniwinwm/MiniWin/dialogs\dialog_two_button.c **** 			{
 145:C:/Users/John/Desktop/workspace/miniwinwm/MiniWin/dialogs\dialog_two_button.c **** 				button_pressed = 0U;
 162                             		.loc 1 145 20
 163 0054 F8 A6 00                		mov.L	#0, [r10]
 164 0057 0C                      		bra	.L8
 165                             	.L7:
 146:C:/Users/John/Desktop/workspace/miniwinwm/MiniWin/dialogs\dialog_two_button.c **** 			}
 147:C:/Users/John/Desktop/workspace/miniwinwm/MiniWin/dialogs\dialog_two_button.c **** 			else
 148:C:/Users/John/Desktop/workspace/miniwinwm/MiniWin/dialogs\dialog_two_button.c **** 			{
 149:C:/Users/John/Desktop/workspace/miniwinwm/MiniWin/dialogs\dialog_two_button.c **** 				button_pressed = 1U;
 166                             		.loc 1 149 20
 167 0058 F8 A6 01                		mov.L	#1, [r10]
 168                             	.L8:
 150:C:/Users/John/Desktop/workspace/miniwinwm/MiniWin/dialogs\dialog_two_button.c **** 			}
 151:C:/Users/John/Desktop/workspace/miniwinwm/MiniWin/dialogs\dialog_two_button.c **** 
 152:C:/Users/John/Desktop/workspace/miniwinwm/MiniWin/dialogs\dialog_two_button.c **** 			/* post response to receiving window */
 153:C:/Users/John/Desktop/workspace/miniwinwm/MiniWin/dialogs\dialog_two_button.c **** 			mw_post_message(MW_DIALOG_TWO_BUTTONS_DISMISSED_MESSAGE,
 169                             		.loc 1 153 4
 170 005b FB 52 00 00 00 00       		mov.L	#_mw_dialog_two_button_data, r5
 171 0061 A8 D5                   		mov.L	8[r5], r5
 172 0063 3E 01 00                		mov.L	#0, 4[r0]
 173 0066 F8 06 00                		mov.L	#0, [r0]
 174 0069 EC A4                   		mov.L	[r10], r4
 175 006b EF 53                   		mov.L	r5, r3
 176 006d 66 02                   		mov.L	#0, r2
 177 006f 75 41 3C                		mov.L	#60, r1
 178 0072 05 00 00 00             		bsr	_mw_post_message
 179                             	.LBE2:
 154:C:/Users/John/Desktop/workspace/miniwinwm/MiniWin/dialogs\dialog_two_button.c **** 					MW_UNUSED_MESSAGE_PARAMETER,
 155:C:/Users/John/Desktop/workspace/miniwinwm/MiniWin/dialogs\dialog_two_button.c **** 					mw_dialog_two_button_data.owner_window_handle,
 156:C:/Users/John/Desktop/workspace/miniwinwm/MiniWin/dialogs\dialog_two_button.c **** 					(uint32_t)button_pressed,
 157:C:/Users/John/Desktop/workspace/miniwinwm/MiniWin/dialogs\dialog_two_button.c **** 					NULL,
 158:C:/Users/John/Desktop/workspace/miniwinwm/MiniWin/dialogs\dialog_two_button.c **** 					MW_WINDOW_MESSAGE);
 159:C:/Users/John/Desktop/workspace/miniwinwm/MiniWin/dialogs\dialog_two_button.c **** 		}
 160:C:/Users/John/Desktop/workspace/miniwinwm/MiniWin/dialogs\dialog_two_button.c **** 		break;
 180                             		.loc 1 160 3
 181 0076 2E 03                   		bra	.L9
 182                             	.L10:
 161:C:/Users/John/Desktop/workspace/miniwinwm/MiniWin/dialogs\dialog_two_button.c **** 
 162:C:/Users/John/Desktop/workspace/miniwinwm/MiniWin/dialogs\dialog_two_button.c **** 	default:
 163:C:/Users/John/Desktop/workspace/miniwinwm/MiniWin/dialogs\dialog_two_button.c **** 		/* keep MISRA happy */
 164:C:/Users/John/Desktop/workspace/miniwinwm/MiniWin/dialogs\dialog_two_button.c **** 		break;
 183                             		.loc 1 164 3
 184 0078 03                      		nop
 185                             	.L9:
 165:C:/Users/John/Desktop/workspace/miniwinwm/MiniWin/dialogs\dialog_two_button.c **** 	}
 166:C:/Users/John/Desktop/workspace/miniwinwm/MiniWin/dialogs\dialog_two_button.c **** }
 186                             		.loc 1 166 1
 187 0079 03                      		nop
 188 007a 3F AA 05                		rtsd	#20, r10-r10
 189                             	.LFE1:
 191                             		.section	.text.mw_create_window_dialog_two_button,"ax",@progbits
 192                             		.global	_mw_create_window_dialog_two_button
 194                             	_mw_create_window_dialog_two_button:
 195                             	.LFB2:
 167:C:/Users/John/Desktop/workspace/miniwinwm/MiniWin/dialogs\dialog_two_button.c **** 
 168:C:/Users/John/Desktop/workspace/miniwinwm/MiniWin/dialogs\dialog_two_button.c **** /***********************
 169:C:/Users/John/Desktop/workspace/miniwinwm/MiniWin/dialogs\dialog_two_button.c **** *** GLOBAL FUNCTIONS ***
 170:C:/Users/John/Desktop/workspace/miniwinwm/MiniWin/dialogs\dialog_two_button.c **** ***********************/
 171:C:/Users/John/Desktop/workspace/miniwinwm/MiniWin/dialogs\dialog_two_button.c **** 
 172:C:/Users/John/Desktop/workspace/miniwinwm/MiniWin/dialogs\dialog_two_button.c **** mw_handle_t mw_create_window_dialog_two_button(int16_t x,
 173:C:/Users/John/Desktop/workspace/miniwinwm/MiniWin/dialogs\dialog_two_button.c **** 		int16_t y,
 174:C:/Users/John/Desktop/workspace/miniwinwm/MiniWin/dialogs\dialog_two_button.c **** 		int16_t width,
 175:C:/Users/John/Desktop/workspace/miniwinwm/MiniWin/dialogs\dialog_two_button.c **** 		char *title,
 176:C:/Users/John/Desktop/workspace/miniwinwm/MiniWin/dialogs\dialog_two_button.c **** 		char *message,
 177:C:/Users/John/Desktop/workspace/miniwinwm/MiniWin/dialogs\dialog_two_button.c **** 		char *button_1_label,
 178:C:/Users/John/Desktop/workspace/miniwinwm/MiniWin/dialogs\dialog_two_button.c **** 		char *button_2_label,
 179:C:/Users/John/Desktop/workspace/miniwinwm/MiniWin/dialogs\dialog_two_button.c **** 		bool large_size,
 180:C:/Users/John/Desktop/workspace/miniwinwm/MiniWin/dialogs\dialog_two_button.c **** 		mw_handle_t owner_window_handle)
 181:C:/Users/John/Desktop/workspace/miniwinwm/MiniWin/dialogs\dialog_two_button.c **** {
 196                             		.loc 1 181 1
 197 0000 6E 6B                   		pushm	r6-r11
 198                             	.LCFI6:
 199 0002 71 0A D0                		add	#-48, r0, r10
 200                             	.LCFI7:
 201 0005 71 A0 F0                		add	#-16, r10, r0
 202                             	.LCFI8:
 203 0008 75 46 4C                		mov.L	#0x4c, r6
 204 000b 4B A6                   		add	r10, r6
 205 000d D7 A1 08                		mov.W	r1, 16[r10]
 206 0010 D7 A2 09                		mov.W	r2, 18[r10]
 207 0013 D7 A3 0A                		mov.W	r3, 20[r10]
 208 0016 E7 A4 06                		mov.L	r4, 24[r10]
 182:C:/Users/John/Desktop/workspace/miniwinwm/MiniWin/dialogs\dialog_two_button.c **** 	mw_util_rect_t rect;
 183:C:/Users/John/Desktop/workspace/miniwinwm/MiniWin/dialogs\dialog_two_button.c **** 	int16_t window_client_width;
 184:C:/Users/John/Desktop/workspace/miniwinwm/MiniWin/dialogs\dialog_two_button.c **** 	mw_handle_t temp_handle;
 185:C:/Users/John/Desktop/workspace/miniwinwm/MiniWin/dialogs\dialog_two_button.c **** 
 186:C:/Users/John/Desktop/workspace/miniwinwm/MiniWin/dialogs\dialog_two_button.c **** 	/* check pointer parameters */
 187:C:/Users/John/Desktop/workspace/miniwinwm/MiniWin/dialogs\dialog_two_button.c **** 	if (title == NULL || message == NULL || button_1_label == NULL || button_2_label == NULL)
 209                             		.loc 1 187 5
 210 0019 ED A5 06                		mov.L	24[r10], r5
 211 001c 61 05                   		cmp	#0, r5
 212 001e 20 13                   		beq	.L12
 213                             		.loc 1 187 20 discriminator 1
 214 0020 EC 65                   		mov.L	[r6], r5
 215 0022 61 05                   		cmp	#0, r5
 216 0024 20 0D                   		beq	.L12
 217                             		.loc 1 187 39 discriminator 2
 218 0026 A8 6D                   		mov.L	4[r6], r5
 219 0028 61 05                   		cmp	#0, r5
 220 002a 17                      		beq	.L12
 221                             		.loc 1 187 65 discriminator 3
 222 002b A8 E5                   		mov.L	8[r6], r5
 223 002d 61 05                   		cmp	#0, r5
 224 002f 21 1C                   		bne	.L13
 225                             		.balign 8,3,5
 226                             	.L12:
 188:C:/Users/John/Desktop/workspace/miniwinwm/MiniWin/dialogs\dialog_two_button.c **** 	{
 189:C:/Users/John/Desktop/workspace/miniwinwm/MiniWin/dialogs\dialog_two_button.c **** 		MW_ASSERT((bool)false, "Null pointer argument");
 227                             		.loc 1 189 3
 228 0031 FB 42 00 00 00 00       		mov.L	#.LC0, r4
 229 0037 75 43 BD                		mov.L	#0xbd, r3
 230 003a FB 22 00 00 00 00       		mov.L	#___func__.2993, r2
 231 0040 66 01                   		mov	#0, r1
 232 0042 05 00 00 00             		bsr	_mw_debug_print_assert
 190:C:/Users/John/Desktop/workspace/miniwinwm/MiniWin/dialogs\dialog_two_button.c **** 		return (MW_INVALID_HANDLE);
 233                             		.loc 1 190 10
 234 0046 66 05                   		mov.L	#0, r5
 235 0048 38 6A 02                		bra	.L31
 236                             	.L13:
 191:C:/Users/John/Desktop/workspace/miniwinwm/MiniWin/dialogs\dialog_two_button.c **** 	}
 192:C:/Users/John/Desktop/workspace/miniwinwm/MiniWin/dialogs\dialog_two_button.c **** 
 193:C:/Users/John/Desktop/workspace/miniwinwm/MiniWin/dialogs\dialog_two_button.c **** 	/* check width */
 194:C:/Users/John/Desktop/workspace/miniwinwm/MiniWin/dialogs\dialog_two_button.c **** 	if (large_size)
 237                             		.loc 1 194 5
 238 004b B3 65                   		movu.B	12[r6], r5
 239 004d 61 05                   		cmp	#0, r5
 240 004f 20 15                   		beq	.L15
 195:C:/Users/John/Desktop/workspace/miniwinwm/MiniWin/dialogs\dialog_two_button.c **** 	{
 196:C:/Users/John/Desktop/workspace/miniwinwm/MiniWin/dialogs\dialog_two_button.c **** 		if (width < 2 * MW_UI_BUTTON_LARGE_WIDTH + 2 * MW_BORDER_WIDTH + BUTTON_LARGE_GAP)
 241                             		.loc 1 196 6
 242 0051 DD A5 0A                		mov.W	20[r10], r5
 243 0054 75 55 D3                		cmp	#0xd3, r5
 244 0057 2A 07                   		bgt	.L16
 197:C:/Users/John/Desktop/workspace/miniwinwm/MiniWin/dialogs\dialog_two_button.c **** 		{
 198:C:/Users/John/Desktop/workspace/miniwinwm/MiniWin/dialogs\dialog_two_button.c **** 			return (MW_INVALID_HANDLE);
 245                             		.loc 1 198 11
 246 0059 66 05                   		mov.L	#0, r5
 247 005b 38 57 02                		bra	.L31
 248                             	.L16:
 199:C:/Users/John/Desktop/workspace/miniwinwm/MiniWin/dialogs\dialog_two_button.c **** 		}
 200:C:/Users/John/Desktop/workspace/miniwinwm/MiniWin/dialogs\dialog_two_button.c **** 		rect.height = 95;
 249                             		.loc 1 200 15
 250 005e F9 A5 07 5F             		mov.W	#0x5f, 14[r10]
 251 0062 2E 13                   		bra	.L17
 252                             	.L15:
 201:C:/Users/John/Desktop/workspace/miniwinwm/MiniWin/dialogs\dialog_two_button.c **** 	}
 202:C:/Users/John/Desktop/workspace/miniwinwm/MiniWin/dialogs\dialog_two_button.c **** 	else
 203:C:/Users/John/Desktop/workspace/miniwinwm/MiniWin/dialogs\dialog_two_button.c **** 	{
 204:C:/Users/John/Desktop/workspace/miniwinwm/MiniWin/dialogs\dialog_two_button.c **** 		if (width < 2 * MW_UI_BUTTON_WIDTH + 2 * MW_BORDER_WIDTH + BUTTON_GAP)
 253                             		.loc 1 204 6
 254 0064 DD A5 0A                		mov.W	20[r10], r5
 255 0067 75 55 6F                		cmp	#0x6f, r5
 256 006a 2A 07                   		bgt	.L18
 205:C:/Users/John/Desktop/workspace/miniwinwm/MiniWin/dialogs\dialog_two_button.c **** 		{
 206:C:/Users/John/Desktop/workspace/miniwinwm/MiniWin/dialogs\dialog_two_button.c **** 			return (MW_INVALID_HANDLE);
 257                             		.loc 1 206 11
 258 006c 66 05                   		mov.L	#0, r5
 259 006e 38 44 02                		bra	.L31
 260                             	.L18:
 207:C:/Users/John/Desktop/workspace/miniwinwm/MiniWin/dialogs\dialog_two_button.c **** 		}
 208:C:/Users/John/Desktop/workspace/miniwinwm/MiniWin/dialogs\dialog_two_button.c **** 		rect.height = 75;
 261                             		.loc 1 208 15
 262 0071 F9 A5 07 4B             		mov.W	#0x4b, 14[r10]
 263                             	.L17:
 209:C:/Users/John/Desktop/workspace/miniwinwm/MiniWin/dialogs\dialog_two_button.c **** 	}
 210:C:/Users/John/Desktop/workspace/miniwinwm/MiniWin/dialogs\dialog_two_button.c **** 
 211:C:/Users/John/Desktop/workspace/miniwinwm/MiniWin/dialogs\dialog_two_button.c **** 	/* check start position */
 212:C:/Users/John/Desktop/workspace/miniwinwm/MiniWin/dialogs\dialog_two_button.c **** 	if (x + width > MW_ROOT_WIDTH || x < 0)
 264                             		.loc 1 212 8
 265 0075 DD A4 08                		mov.W	16[r10], r4
 266 0078 DD A5 0A                		mov.W	20[r10], r5
 267 007b FF 2B 54                		add	r5, r4, r11
 268                             		.loc 1 212 18
 269 007e 05 00 00 00             		bsr	_mw_hal_lcd_get_display_width
 270 0082 EF 15                   		mov.L	r1, r5
 271 0084 DF 55                   		mov.W	r5, r5
 272                             		.loc 1 212 5
 273 0086 47 5B                   		cmp	r5, r11
 274 0088 2A 09                   		bgt	.L19
 275                             		.loc 1 212 32 discriminator 1
 276 008a DD A5 08                		mov.W	16[r10], r5
 277 008d 61 05                   		cmp	#0, r5
 278 008f 28 07                   		bge	.L20
 279                             	.L19:
 213:C:/Users/John/Desktop/workspace/miniwinwm/MiniWin/dialogs\dialog_two_button.c **** 	{
 214:C:/Users/John/Desktop/workspace/miniwinwm/MiniWin/dialogs\dialog_two_button.c **** 		return (MW_INVALID_HANDLE);
 280                             		.loc 1 214 10
 281 0091 66 05                   		mov.L	#0, r5
 282 0093 38 1F 02                		bra	.L31
 283                             	.L20:
 215:C:/Users/John/Desktop/workspace/miniwinwm/MiniWin/dialogs\dialog_two_button.c **** 	}
 216:C:/Users/John/Desktop/workspace/miniwinwm/MiniWin/dialogs\dialog_two_button.c **** 	if (y + rect.height > MW_ROOT_HEIGHT || y < 0)
 284                             		.loc 1 216 8
 285 0096 DD A4 09                		mov.W	18[r10], r4
 286                             		.loc 1 216 14
 287 0099 DD A5 07                		mov.W	14[r10], r5
 288 009c DF 55                   		mov.W	r5, r5
 289                             		.loc 1 216 8
 290 009e FF 2B 54                		add	r5, r4, r11
 291                             		.loc 1 216 24
 292 00a1 05 00 00 00             		bsr	_mw_hal_lcd_get_display_height
 293 00a5 EF 15                   		mov.L	r1, r5
 294 00a7 DF 55                   		mov.W	r5, r5
 295                             		.loc 1 216 5
 296 00a9 47 5B                   		cmp	r5, r11
 297 00ab 2A 09                   		bgt	.L21
 298                             		.loc 1 216 39 discriminator 1
 299 00ad DD A5 09                		mov.W	18[r10], r5
 300 00b0 61 05                   		cmp	#0, r5
 301 00b2 28 07                   		bge	.L22
 302                             	.L21:
 217:C:/Users/John/Desktop/workspace/miniwinwm/MiniWin/dialogs\dialog_two_button.c **** 	{
 218:C:/Users/John/Desktop/workspace/miniwinwm/MiniWin/dialogs\dialog_two_button.c **** 		return (MW_INVALID_HANDLE);
 303                             		.loc 1 218 10
 304 00b4 66 05                   		mov.L	#0, r5
 305 00b6 38 FC 01                		bra	.L31
 306                             	.L22:
 219:C:/Users/John/Desktop/workspace/miniwinwm/MiniWin/dialogs\dialog_two_button.c **** 	}
 220:C:/Users/John/Desktop/workspace/miniwinwm/MiniWin/dialogs\dialog_two_button.c **** 
 221:C:/Users/John/Desktop/workspace/miniwinwm/MiniWin/dialogs\dialog_two_button.c **** 	/* check response window handle */
 222:C:/Users/John/Desktop/workspace/miniwinwm/MiniWin/dialogs\dialog_two_button.c **** 	if (!mw_is_window_handle_valid(owner_window_handle))
 307                             		.loc 1 222 7
 308 00b9 A9 61                   		mov.L	16[r6], r1
 309 00bb 05 00 00 00             		bsr	_mw_is_window_handle_valid
 310 00bf EF 15                   		mov.L	r1, r5
 311                             		.loc 1 222 6
 312 00c1 FD 74 D5 01             		xor	#1, r5
 313                             		.loc 1 222 5
 314 00c5 5B 55                   		movu.B	r5, r5
 315 00c7 61 05                   		cmp	#0, r5
 316 00c9 16                      		beq	.L23
 223:C:/Users/John/Desktop/workspace/miniwinwm/MiniWin/dialogs\dialog_two_button.c **** 	{
 224:C:/Users/John/Desktop/workspace/miniwinwm/MiniWin/dialogs\dialog_two_button.c **** 		return (MW_INVALID_HANDLE);
 317                             		.loc 1 224 10
 318 00ca 66 05                   		mov.L	#0, r5
 319 00cc 38 E6 01                		bra	.L31
 320                             	.L23:
 225:C:/Users/John/Desktop/workspace/miniwinwm/MiniWin/dialogs\dialog_two_button.c **** 	}
 226:C:/Users/John/Desktop/workspace/miniwinwm/MiniWin/dialogs\dialog_two_button.c **** 
 227:C:/Users/John/Desktop/workspace/miniwinwm/MiniWin/dialogs\dialog_two_button.c **** 	mw_dialog_two_button_data.large_size = large_size;
 321                             		.loc 1 227 39
 322 00cf FB 52 00 00 00 00       		mov.L	#_mw_dialog_two_button_data, r5
 323 00d5 8B 64                   		mov.B	12[r6], r4
 324 00d7 C7 54 2C                		mov.B	r4, 44[r5]
 228:C:/Users/John/Desktop/workspace/miniwinwm/MiniWin/dialogs\dialog_two_button.c **** 	mw_dialog_two_button_data.message = message;
 325                             		.loc 1 228 36
 326 00da FB 52 00 00 00 00       		mov.L	#_mw_dialog_two_button_data, r5
 327 00e0 EC 64                   		mov.L	[r6], r4
 328 00e2 A2 D4                   		mov.L	r4, 40[r5]
 229:C:/Users/John/Desktop/workspace/miniwinwm/MiniWin/dialogs\dialog_two_button.c **** 	mw_dialog_two_button_data.owner_window_handle = owner_window_handle;
 329                             		.loc 1 229 48
 330 00e4 FB 52 00 00 00 00       		mov.L	#_mw_dialog_two_button_data, r5
 331 00ea A9 64                   		mov.L	16[r6], r4
 332 00ec A0 D4                   		mov.L	r4, 8[r5]
 230:C:/Users/John/Desktop/workspace/miniwinwm/MiniWin/dialogs\dialog_two_button.c **** 	rect.x = x;
 333                             		.loc 1 230 9
 334 00ee DD A5 08                		mov.W	16[r10], r5
 335 00f1 D7 A5 04                		mov.W	r5, 8[r10]
 231:C:/Users/John/Desktop/workspace/miniwinwm/MiniWin/dialogs\dialog_two_button.c **** 	rect.y = y;
 336                             		.loc 1 231 9
 337 00f4 DD A5 09                		mov.W	18[r10], r5
 338 00f7 D7 A5 05                		mov.W	r5, 10[r10]
 232:C:/Users/John/Desktop/workspace/miniwinwm/MiniWin/dialogs\dialog_two_button.c **** 	rect.width = width;
 339                             		.loc 1 232 13
 340 00fa DD A5 0A                		mov.W	20[r10], r5
 341 00fd D7 A5 06                		mov.W	r5, 12[r10]
 233:C:/Users/John/Desktop/workspace/miniwinwm/MiniWin/dialogs\dialog_two_button.c **** 
 234:C:/Users/John/Desktop/workspace/miniwinwm/MiniWin/dialogs\dialog_two_button.c **** 	mw_dialog_two_button_data.two_button_dialog_window_handle = mw_add_window(&rect,
 342                             		.loc 1 234 62
 343 0100 B3 65                   		movu.B	12[r6], r5
 344 0102 61 05                   		cmp	#0, r5
 345 0104 17                      		beq	.L24
 346                             		.loc 1 234 62 is_stmt 0 discriminator 1
 347 0105 FB 4E 4B 80 00          		mov.L	#0x804b, r4
 348 010a 0C                      		bra	.L25
 349                             	.L24:
 350                             		.loc 1 234 62 discriminator 2
 351 010b 75 44 4B                		mov.L	#0x4b, r4
 352                             	.L25:
 353                             		.loc 1 234 62 discriminator 4
 354 010e 71 A5 08                		add	#8, r10, r5
 355 0111 3E 03 00                		mov.L	#0, 12[r0]
 356 0114 A0 84                   		mov.L	r4, 8[r0]
 357 0116 3C 04 00                		mov.B	#0, 4[r0]
 358 0119 F8 06 00                		mov.L	#0, [r0]
 359 011c FB 42 00 00 00 00       		mov.L	#_mw_dialog_two_button_message_function, r4
 360 0122 FB 32 00 00 00 00       		mov.L	#_mw_dialog_two_button_paint_function, r3
 361 0128 ED A2 06                		mov.L	24[r10], r2
 362 012b EF 51                   		mov.L	r5, r1
 363 012d 05 00 00 00             		bsr	_mw_add_window
 364 0131 EF 14                   		mov.L	r1, r4
 365                             		.loc 1 234 60 is_stmt 1 discriminator 4
 366 0133 FB 52 00 00 00 00       		mov.L	#_mw_dialog_two_button_data, r5
 367 0139 A0 DC                   		mov.L	r4, 12[r5]
 235:C:/Users/John/Desktop/workspace/miniwinwm/MiniWin/dialogs\dialog_two_button.c **** 			title,
 236:C:/Users/John/Desktop/workspace/miniwinwm/MiniWin/dialogs\dialog_two_button.c **** 			mw_dialog_two_button_paint_function,
 237:C:/Users/John/Desktop/workspace/miniwinwm/MiniWin/dialogs\dialog_two_button.c **** 			mw_dialog_two_button_message_function,
 238:C:/Users/John/Desktop/workspace/miniwinwm/MiniWin/dialogs\dialog_two_button.c **** 			NULL,
 239:C:/Users/John/Desktop/workspace/miniwinwm/MiniWin/dialogs\dialog_two_button.c **** 			0,
 240:C:/Users/John/Desktop/workspace/miniwinwm/MiniWin/dialogs\dialog_two_button.c **** 			MW_WINDOW_FLAG_HAS_BORDER | MW_WINDOW_FLAG_HAS_TITLE_BAR |
 241:C:/Users/John/Desktop/workspace/miniwinwm/MiniWin/dialogs\dialog_two_button.c **** 					MW_WINDOW_FLAG_IS_VISIBLE | MW_WINDOW_FLAG_IS_MODAL | (uint32_t)(large_size ? MW_WINDOW_FLAG_L
 242:C:/Users/John/Desktop/workspace/miniwinwm/MiniWin/dialogs\dialog_two_button.c **** 			NULL);
 243:C:/Users/John/Desktop/workspace/miniwinwm/MiniWin/dialogs\dialog_two_button.c **** 
 244:C:/Users/John/Desktop/workspace/miniwinwm/MiniWin/dialogs\dialog_two_button.c **** 	/* check if window could be created */
 245:C:/Users/John/Desktop/workspace/miniwinwm/MiniWin/dialogs\dialog_two_button.c **** 	if (mw_dialog_two_button_data.two_button_dialog_window_handle == MW_INVALID_HANDLE)
 368                             		.loc 1 245 31 discriminator 4
 369 013b FB 52 00 00 00 00       		mov.L	#_mw_dialog_two_button_data, r5
 370 0141 A8 DD                   		mov.L	12[r5], r5
 371                             		.loc 1 245 5 discriminator 4
 372 0143 61 05                   		cmp	#0, r5
 373 0145 1E                      		bne	.L26
 246:C:/Users/John/Desktop/workspace/miniwinwm/MiniWin/dialogs\dialog_two_button.c **** 	{
 247:C:/Users/John/Desktop/workspace/miniwinwm/MiniWin/dialogs\dialog_two_button.c **** 		/* it couldn't so exit */
 248:C:/Users/John/Desktop/workspace/miniwinwm/MiniWin/dialogs\dialog_two_button.c **** 		return (MW_INVALID_HANDLE);
 374                             		.loc 1 248 10
 375 0146 66 05                   		mov.L	#0, r5
 376 0148 38 6A 01                		bra	.L31
 377                             	.L26:
 249:C:/Users/John/Desktop/workspace/miniwinwm/MiniWin/dialogs\dialog_two_button.c **** 	}
 250:C:/Users/John/Desktop/workspace/miniwinwm/MiniWin/dialogs\dialog_two_button.c **** 
 251:C:/Users/John/Desktop/workspace/miniwinwm/MiniWin/dialogs\dialog_two_button.c **** 	/* get window client rect width */
 252:C:/Users/John/Desktop/workspace/miniwinwm/MiniWin/dialogs\dialog_two_button.c **** 	window_client_width = mw_get_window_client_rect(mw_dialog_two_button_data.two_button_dialog_window
 378                             		.loc 1 252 24
 379 014b FB 52 00 00 00 00       		mov.L	#_mw_dialog_two_button_data, r5
 380 0151 A8 DD                   		mov.L	12[r5], r5
 381 0153 EF 51                   		mov.L	r5, r1
 382 0155 05 00 00 00             		bsr	_mw_get_window_client_rect
 383 0159 EF 14                   		mov.L	r1, r4
 384 015b EF 25                   		mov.L	r2, r5
 385                             		.loc 1 252 22
 386 015d D3 A5                   		mov.W	r5, [r10]
 253:C:/Users/John/Desktop/workspace/miniwinwm/MiniWin/dialogs\dialog_two_button.c **** 
 254:C:/Users/John/Desktop/workspace/miniwinwm/MiniWin/dialogs\dialog_two_button.c **** 	/* set controls data */
 255:C:/Users/John/Desktop/workspace/miniwinwm/MiniWin/dialogs\dialog_two_button.c **** 	(void)mw_util_safe_strcpy(mw_dialog_two_button_data.button_1_data.button_label,
 387                             		.loc 1 255 8
 388 015f A8 6B                   		mov.L	4[r6], r3
 389 0161 66 A2                   		mov.L	#10, r2
 390 0163 FB 12 10 00 00 00       		mov.L	#_mw_dialog_two_button_data+16, r1
 391 0169 05 00 00 00             		bsr	_mw_util_safe_strcpy
 256:C:/Users/John/Desktop/workspace/miniwinwm/MiniWin/dialogs\dialog_two_button.c **** 			MW_UI_BUTTON_LABEL_MAX_CHARS, button_1_label);
 257:C:/Users/John/Desktop/workspace/miniwinwm/MiniWin/dialogs\dialog_two_button.c **** 	(void)mw_util_safe_strcpy(mw_dialog_two_button_data.button_2_data.button_label,
 392                             		.loc 1 257 8
 393 016d A8 E3                   		mov.L	8[r6], r3
 394 016f 66 A2                   		mov.L	#10, r2
 395 0171 FB 12 1C 00 00 00       		mov.L	#_mw_dialog_two_button_data+28, r1
 396 0177 05 00 00 00             		bsr	_mw_util_safe_strcpy
 258:C:/Users/John/Desktop/workspace/miniwinwm/MiniWin/dialogs\dialog_two_button.c **** 			MW_UI_BUTTON_LABEL_MAX_CHARS, button_2_label);
 259:C:/Users/John/Desktop/workspace/miniwinwm/MiniWin/dialogs\dialog_two_button.c **** 
 260:C:/Users/John/Desktop/workspace/miniwinwm/MiniWin/dialogs\dialog_two_button.c **** 	if (large_size)
 397                             		.loc 1 260 5
 398 017b B3 65                   		movu.B	12[r6], r5
 399 017d 61 05                   		cmp	#0, r5
 400 017f 20 6F                   		beq	.L27
 261:C:/Users/John/Desktop/workspace/miniwinwm/MiniWin/dialogs\dialog_two_button.c **** 	{
 262:C:/Users/John/Desktop/workspace/miniwinwm/MiniWin/dialogs\dialog_two_button.c **** 		temp_handle = mw_ui_button_add_new(
 263:C:/Users/John/Desktop/workspace/miniwinwm/MiniWin/dialogs\dialog_two_button.c **** 				(window_client_width - BUTTON_LARGE_GAP) / 2 - MW_UI_BUTTON_LARGE_WIDTH,
 401                             		.loc 1 263 26
 402 0181 DC A5                   		mov.W	[r10], r5
 403 0183 60 A5                   		sub	#10, r5
 404                             		.loc 1 263 46
 405 0185 FD 9F 54                		shlr	#31, r5, r4
 406 0188 4B 45                   		add	r4, r5
 407 018a 6A 15                   		shar	#1, r5
 408                             		.loc 1 263 50
 409 018c 71 55 9C                		add	#-100, r5
 262:C:/Users/John/Desktop/workspace/miniwinwm/MiniWin/dialogs\dialog_two_button.c **** 				(window_client_width - BUTTON_LARGE_GAP) / 2 - MW_UI_BUTTON_LARGE_WIDTH,
 410                             		.loc 1 262 17
 411 018f DF 51                   		mov.W	r5, r1
 412 0191 FB 52 00 00 00 00       		mov.L	#_mw_dialog_two_button_data, r5
 413 0197 A8 DD                   		mov.L	12[r5], r5
 414 0199 F8 02 10 00 00 00       		mov.L	#_mw_dialog_two_button_data+16, [r0]
 415 019f 66 B4                   		mov	#11, r4
 416 01a1 EF 53                   		mov.L	r5, r3
 417 01a3 75 42 23                		mov	#35, r2
 418 01a6 05 00 00 00             		bsr	_mw_ui_button_add_new
 419 01aa E7 A1 01                		mov.L	r1, 4[r10]
 264:C:/Users/John/Desktop/workspace/miniwinwm/MiniWin/dialogs\dialog_two_button.c **** 				35,
 265:C:/Users/John/Desktop/workspace/miniwinwm/MiniWin/dialogs\dialog_two_button.c **** 				mw_dialog_two_button_data.two_button_dialog_window_handle,
 266:C:/Users/John/Desktop/workspace/miniwinwm/MiniWin/dialogs\dialog_two_button.c **** 				MW_CONTROL_FLAG_IS_VISIBLE | MW_CONTROL_FLAG_IS_ENABLED | MW_CONTROL_FLAG_LARGE_SIZE,
 267:C:/Users/John/Desktop/workspace/miniwinwm/MiniWin/dialogs\dialog_two_button.c **** 				&mw_dialog_two_button_data.button_1_data);
 268:C:/Users/John/Desktop/workspace/miniwinwm/MiniWin/dialogs\dialog_two_button.c **** 
 269:C:/Users/John/Desktop/workspace/miniwinwm/MiniWin/dialogs\dialog_two_button.c **** 		mw_dialog_two_button_data.button_1_handle = temp_handle;
 420                             		.loc 1 269 45
 421 01ad FB 52 00 00 00 00       		mov.L	#_mw_dialog_two_button_data, r5
 422 01b3 ED A4 01                		mov.L	4[r10], r4
 423 01b6 E3 54                   		mov.L	r4, [r5]
 270:C:/Users/John/Desktop/workspace/miniwinwm/MiniWin/dialogs\dialog_two_button.c **** 
 271:C:/Users/John/Desktop/workspace/miniwinwm/MiniWin/dialogs\dialog_two_button.c **** 		temp_handle = mw_ui_button_add_new(
 272:C:/Users/John/Desktop/workspace/miniwinwm/MiniWin/dialogs\dialog_two_button.c **** 				(window_client_width / 2) + BUTTON_LARGE_GAP / 2,
 424                             		.loc 1 272 31
 425 01b8 DC A5                   		mov.W	[r10], r5
 426 01ba FD 9F 54                		shlr	#31, r5, r4
 427 01bd 4B 45                   		add	r4, r5
 428 01bf 6A 15                   		shar	#1, r5
 429 01c1 62 55                   		add	#5, r5
 271:C:/Users/John/Desktop/workspace/miniwinwm/MiniWin/dialogs\dialog_two_button.c **** 				(window_client_width / 2) + BUTTON_LARGE_GAP / 2,
 430                             		.loc 1 271 17
 431 01c3 DF 51                   		mov.W	r5, r1
 432 01c5 FB 52 00 00 00 00       		mov.L	#_mw_dialog_two_button_data, r5
 433 01cb A8 DD                   		mov.L	12[r5], r5
 434 01cd F8 02 1C 00 00 00       		mov.L	#_mw_dialog_two_button_data+28, [r0]
 435 01d3 66 B4                   		mov	#11, r4
 436 01d5 EF 53                   		mov.L	r5, r3
 437 01d7 75 42 23                		mov	#35, r2
 438 01da 05 00 00 00             		bsr	_mw_ui_button_add_new
 439 01de E7 A1 01                		mov.L	r1, 4[r10]
 273:C:/Users/John/Desktop/workspace/miniwinwm/MiniWin/dialogs\dialog_two_button.c **** 				35,
 274:C:/Users/John/Desktop/workspace/miniwinwm/MiniWin/dialogs\dialog_two_button.c **** 				mw_dialog_two_button_data.two_button_dialog_window_handle,
 275:C:/Users/John/Desktop/workspace/miniwinwm/MiniWin/dialogs\dialog_two_button.c **** 				MW_CONTROL_FLAG_IS_VISIBLE | MW_CONTROL_FLAG_IS_ENABLED | MW_CONTROL_FLAG_LARGE_SIZE,
 276:C:/Users/John/Desktop/workspace/miniwinwm/MiniWin/dialogs\dialog_two_button.c **** 				&mw_dialog_two_button_data.button_2_data);
 277:C:/Users/John/Desktop/workspace/miniwinwm/MiniWin/dialogs\dialog_two_button.c **** 		mw_dialog_two_button_data.button_2_handle = temp_handle;
 440                             		.loc 1 277 45
 441 01e1 FB 52 00 00 00 00       		mov.L	#_mw_dialog_two_button_data, r5
 442 01e7 ED A4 01                		mov.L	4[r10], r4
 443 01ea A0 5C                   		mov.L	r4, 4[r5]
 444 01ec 2E 6D                   		bra	.L28
 445                             	.L27:
 278:C:/Users/John/Desktop/workspace/miniwinwm/MiniWin/dialogs\dialog_two_button.c **** 	}
 279:C:/Users/John/Desktop/workspace/miniwinwm/MiniWin/dialogs\dialog_two_button.c **** 	else
 280:C:/Users/John/Desktop/workspace/miniwinwm/MiniWin/dialogs\dialog_two_button.c **** 	{
 281:C:/Users/John/Desktop/workspace/miniwinwm/MiniWin/dialogs\dialog_two_button.c **** 		temp_handle = mw_ui_button_add_new(
 282:C:/Users/John/Desktop/workspace/miniwinwm/MiniWin/dialogs\dialog_two_button.c **** 				(window_client_width - BUTTON_GAP) / 2 - MW_UI_BUTTON_WIDTH,
 446                             		.loc 1 282 26
 447 01ee DC A5                   		mov.W	[r10], r5
 448 01f0 60 A5                   		sub	#10, r5
 449                             		.loc 1 282 40
 450 01f2 FD 9F 54                		shlr	#31, r5, r4
 451 01f5 4B 45                   		add	r4, r5
 452 01f7 6A 15                   		shar	#1, r5
 453                             		.loc 1 282 44
 454 01f9 71 55 CE                		add	#-50, r5
 281:C:/Users/John/Desktop/workspace/miniwinwm/MiniWin/dialogs\dialog_two_button.c **** 				(window_client_width - BUTTON_GAP) / 2 - MW_UI_BUTTON_WIDTH,
 455                             		.loc 1 281 17
 456 01fc DF 51                   		mov.W	r5, r1
 457 01fe FB 52 00 00 00 00       		mov.L	#_mw_dialog_two_button_data, r5
 458 0204 A8 DD                   		mov.L	12[r5], r5
 459 0206 F8 02 10 00 00 00       		mov.L	#_mw_dialog_two_button_data+16, [r0]
 460 020c 66 34                   		mov	#3, r4
 461 020e EF 53                   		mov.L	r5, r3
 462 0210 75 42 1E                		mov	#30, r2
 463 0213 05 00 00 00             		bsr	_mw_ui_button_add_new
 464 0217 E7 A1 01                		mov.L	r1, 4[r10]
 283:C:/Users/John/Desktop/workspace/miniwinwm/MiniWin/dialogs\dialog_two_button.c **** 				30,
 284:C:/Users/John/Desktop/workspace/miniwinwm/MiniWin/dialogs\dialog_two_button.c **** 				mw_dialog_two_button_data.two_button_dialog_window_handle,
 285:C:/Users/John/Desktop/workspace/miniwinwm/MiniWin/dialogs\dialog_two_button.c **** 				MW_CONTROL_FLAG_IS_VISIBLE | MW_CONTROL_FLAG_IS_ENABLED,
 286:C:/Users/John/Desktop/workspace/miniwinwm/MiniWin/dialogs\dialog_two_button.c **** 				&mw_dialog_two_button_data.button_1_data);
 287:C:/Users/John/Desktop/workspace/miniwinwm/MiniWin/dialogs\dialog_two_button.c **** 		mw_dialog_two_button_data.button_1_handle = temp_handle;
 465                             		.loc 1 287 45
 466 021a FB 52 00 00 00 00       		mov.L	#_mw_dialog_two_button_data, r5
 467 0220 ED A4 01                		mov.L	4[r10], r4
 468 0223 E3 54                   		mov.L	r4, [r5]
 288:C:/Users/John/Desktop/workspace/miniwinwm/MiniWin/dialogs\dialog_two_button.c **** 
 289:C:/Users/John/Desktop/workspace/miniwinwm/MiniWin/dialogs\dialog_two_button.c **** 		temp_handle = mw_ui_button_add_new(
 290:C:/Users/John/Desktop/workspace/miniwinwm/MiniWin/dialogs\dialog_two_button.c **** 				(window_client_width / 2) + BUTTON_GAP / 2,
 469                             		.loc 1 290 31
 470 0225 DC A5                   		mov.W	[r10], r5
 471 0227 FD 9F 54                		shlr	#31, r5, r4
 472 022a 4B 45                   		add	r4, r5
 473 022c 6A 15                   		shar	#1, r5
 474 022e 62 55                   		add	#5, r5
 289:C:/Users/John/Desktop/workspace/miniwinwm/MiniWin/dialogs\dialog_two_button.c **** 				(window_client_width / 2) + BUTTON_GAP / 2,
 475                             		.loc 1 289 17
 476 0230 DF 51                   		mov.W	r5, r1
 477 0232 FB 52 00 00 00 00       		mov.L	#_mw_dialog_two_button_data, r5
 478 0238 A8 DD                   		mov.L	12[r5], r5
 479 023a F8 02 1C 00 00 00       		mov.L	#_mw_dialog_two_button_data+28, [r0]
 480 0240 66 34                   		mov	#3, r4
 481 0242 EF 53                   		mov.L	r5, r3
 482 0244 75 42 1E                		mov	#30, r2
 483 0247 05 00 00 00             		bsr	_mw_ui_button_add_new
 484 024b E7 A1 01                		mov.L	r1, 4[r10]
 291:C:/Users/John/Desktop/workspace/miniwinwm/MiniWin/dialogs\dialog_two_button.c **** 				30,
 292:C:/Users/John/Desktop/workspace/miniwinwm/MiniWin/dialogs\dialog_two_button.c **** 				mw_dialog_two_button_data.two_button_dialog_window_handle,
 293:C:/Users/John/Desktop/workspace/miniwinwm/MiniWin/dialogs\dialog_two_button.c **** 				MW_CONTROL_FLAG_IS_VISIBLE | MW_CONTROL_FLAG_IS_ENABLED,
 294:C:/Users/John/Desktop/workspace/miniwinwm/MiniWin/dialogs\dialog_two_button.c **** 				&mw_dialog_two_button_data.button_2_data);
 295:C:/Users/John/Desktop/workspace/miniwinwm/MiniWin/dialogs\dialog_two_button.c **** 		mw_dialog_two_button_data.button_2_handle = temp_handle;
 485                             		.loc 1 295 45
 486 024e FB 52 00 00 00 00       		mov.L	#_mw_dialog_two_button_data, r5
 487 0254 ED A4 01                		mov.L	4[r10], r4
 488 0257 A0 5C                   		mov.L	r4, 4[r5]
 489                             	.L28:
 296:C:/Users/John/Desktop/workspace/miniwinwm/MiniWin/dialogs\dialog_two_button.c **** 	}
 297:C:/Users/John/Desktop/workspace/miniwinwm/MiniWin/dialogs\dialog_two_button.c **** 
 298:C:/Users/John/Desktop/workspace/miniwinwm/MiniWin/dialogs\dialog_two_button.c **** 	/* check if controls could be created */
 299:C:/Users/John/Desktop/workspace/miniwinwm/MiniWin/dialogs\dialog_two_button.c **** 	if (mw_dialog_two_button_data.button_1_handle == MW_INVALID_HANDLE ||
 490                             		.loc 1 299 31
 491 0259 FB 52 00 00 00 00       		mov.L	#_mw_dialog_two_button_data, r5
 492 025f EC 55                   		mov.L	[r5], r5
 493                             		.loc 1 299 5
 494 0261 61 05                   		cmp	#0, r5
 495 0263 20 0E                   		beq	.L29
 300:C:/Users/John/Desktop/workspace/miniwinwm/MiniWin/dialogs\dialog_two_button.c **** 			mw_dialog_two_button_data.button_2_handle == MW_INVALID_HANDLE)
 496                             		.loc 1 300 29 discriminator 1
 497 0265 FB 52 00 00 00 00       		mov.L	#_mw_dialog_two_button_data, r5
 498 026b A8 5D                   		mov.L	4[r5], r5
 299:C:/Users/John/Desktop/workspace/miniwinwm/MiniWin/dialogs\dialog_two_button.c **** 			mw_dialog_two_button_data.button_2_handle == MW_INVALID_HANDLE)
 499                             		.loc 1 299 69 discriminator 1
 500 026d 61 05                   		cmp	#0, r5
 501 026f 21 14                   		bne	.L30
 502                             	.L29:
 301:C:/Users/John/Desktop/workspace/miniwinwm/MiniWin/dialogs\dialog_two_button.c **** 	{
 302:C:/Users/John/Desktop/workspace/miniwinwm/MiniWin/dialogs\dialog_two_button.c **** 		/* remove all controls and window */
 303:C:/Users/John/Desktop/workspace/miniwinwm/MiniWin/dialogs\dialog_two_button.c **** 		mw_remove_window(mw_dialog_two_button_data.two_button_dialog_window_handle);
 503                             		.loc 1 303 3
 504 0271 FB 52 00 00 00 00       		mov.L	#_mw_dialog_two_button_data, r5
 505 0277 A8 DD                   		mov.L	12[r5], r5
 506 0279 EF 51                   		mov.L	r5, r1
 507 027b 05 00 00 00             		bsr	_mw_remove_window
 304:C:/Users/John/Desktop/workspace/miniwinwm/MiniWin/dialogs\dialog_two_button.c **** 
 305:C:/Users/John/Desktop/workspace/miniwinwm/MiniWin/dialogs\dialog_two_button.c **** 		return (MW_INVALID_HANDLE);
 508                             		.loc 1 305 10
 509 027f 66 05                   		mov.L	#0, r5
 510 0281 2E 31                   		bra	.L31
 511                             	.L30:
 306:C:/Users/John/Desktop/workspace/miniwinwm/MiniWin/dialogs\dialog_two_button.c **** 	}
 307:C:/Users/John/Desktop/workspace/miniwinwm/MiniWin/dialogs\dialog_two_button.c **** 
 308:C:/Users/John/Desktop/workspace/miniwinwm/MiniWin/dialogs\dialog_two_button.c **** 	/* owner window needs its title bar redrawing */
 309:C:/Users/John/Desktop/workspace/miniwinwm/MiniWin/dialogs\dialog_two_button.c **** 	mw_paint_window_frame(owner_window_handle, MW_WINDOW_FRAME_COMPONENT_TITLE_BAR);
 512                             		.loc 1 309 2
 513 0283 66 12                   		mov	#1, r2
 514 0285 A9 61                   		mov.L	16[r6], r1
 515 0287 05 00 00 00             		bsr	_mw_paint_window_frame
 310:C:/Users/John/Desktop/workspace/miniwinwm/MiniWin/dialogs\dialog_two_button.c **** 
 311:C:/Users/John/Desktop/workspace/miniwinwm/MiniWin/dialogs\dialog_two_button.c **** 	/* this window needs painting; it is coming up at the front so paint only this one */
 312:C:/Users/John/Desktop/workspace/miniwinwm/MiniWin/dialogs\dialog_two_button.c **** 	mw_paint_window_frame(mw_dialog_two_button_data.two_button_dialog_window_handle, MW_WINDOW_FRAME_C
 516                             		.loc 1 312 2
 517 028b FB 52 00 00 00 00       		mov.L	#_mw_dialog_two_button_data, r5
 518 0291 A8 DD                   		mov.L	12[r5], r5
 519 0293 75 42 1F                		mov	#31, r2
 520 0296 EF 51                   		mov.L	r5, r1
 521 0298 05 00 00 00             		bsr	_mw_paint_window_frame
 313:C:/Users/John/Desktop/workspace/miniwinwm/MiniWin/dialogs\dialog_two_button.c **** 	mw_paint_window_client(mw_dialog_two_button_data.two_button_dialog_window_handle);
 522                             		.loc 1 313 2
 523 029c FB 52 00 00 00 00       		mov.L	#_mw_dialog_two_button_data, r5
 524 02a2 A8 DD                   		mov.L	12[r5], r5
 525 02a4 EF 51                   		mov.L	r5, r1
 526 02a6 05 00 00 00             		bsr	_mw_paint_window_client
 314:C:/Users/John/Desktop/workspace/miniwinwm/MiniWin/dialogs\dialog_two_button.c **** 
 315:C:/Users/John/Desktop/workspace/miniwinwm/MiniWin/dialogs\dialog_two_button.c **** 	return (mw_dialog_two_button_data.two_button_dialog_window_handle);
 527                             		.loc 1 315 35
 528 02aa FB 52 00 00 00 00       		mov.L	#_mw_dialog_two_button_data, r5
 529 02b0 A8 DD                   		mov.L	12[r5], r5
 530                             		.balign 8,3,1
 531                             	.L31:
 316:C:/Users/John/Desktop/workspace/miniwinwm/MiniWin/dialogs\dialog_two_button.c **** }
 532                             		.loc 1 316 1 discriminator 1
 533 02b2 EF 51                   		mov.L	r5, r1
 534 02b4 3F 6B 16                		rtsd	#88, r6-r11
 535                             	.LFE2:
 537 02b7 03                      		.section	.rodata.__func__.2970,"a"
 540                             	___func__.2970:
 541 0000 6D 77 5F 64 69 61 6C 6F 		.string	"mw_dialog_two_button_paint_function"
 541      67 5F 74 77 6F 5F 62 75 
 541      74 74 6F 6E 5F 70 61 69 
 541      6E 74 5F 66 75 6E 63 74 
 541      69 6F 6E 00 
 542                             		.section	.rodata.__func__.2974,"a"
 545                             	___func__.2974:
 546 0000 6D 77 5F 64 69 61 6C 6F 		.string	"mw_dialog_two_button_message_function"
 546      67 5F 74 77 6F 5F 62 75 
 546      74 74 6F 6E 5F 6D 65 73 
 546      73 61 67 65 5F 66 75 6E 
 546      63 74 69 6F 6E 00 
 547                             		.section	.rodata.__func__.2993,"a"
 550                             	___func__.2993:
 551 0000 6D 77 5F 63 72 65 61 74 		.string	"mw_create_window_dialog_two_button"
 551      65 5F 77 69 6E 64 6F 77 
 551      5F 64 69 61 6C 6F 67 5F 
 551      74 77 6F 5F 62 75 74 74 
 551      6F 6E 00 
 662                             	.Letext0:
 663                             		.file 2 "c:\\program files (x86)\\gcc for renesas rx 8.3.0.201904-gnurx-elf\\rx-elf\\rx-elf\\rx-el
 664                             		.file 3 "c:\\program files (x86)\\gcc for renesas rx 8.3.0.201904-gnurx-elf\\rx-elf\\rx-elf\\rx-el
 665                             		.file 4 "c:\\program files (x86)\\gcc for renesas rx 8.3.0.201904-gnurx-elf\\rx-elf\\rx-elf\\rx-el
 666                             		.file 5 "c:\\program files (x86)\\gcc for renesas rx 8.3.0.201904-gnurx-elf\\rx-elf\\rx-elf\\lib\\
 667                             		.file 6 "c:\\program files (x86)\\gcc for renesas rx 8.3.0.201904-gnurx-elf\\rx-elf\\rx-elf\\rx-el
 668                             		.file 7 "c:\\program files (x86)\\gcc for renesas rx 8.3.0.201904-gnurx-elf\\rx-elf\\rx-elf\\rx-el
 669                             		.file 8 "C:\\Users\\John\\Desktop\\workspace\\miniwinwm\\MiniWin/miniwin_utilities.h"
 670                             		.file 9 "C:\\Users\\John\\Desktop\\workspace\\miniwinwm\\MiniWin/gl/gl.h"
 671                             		.file 10 "C:\\Users\\John\\Desktop\\workspace\\miniwinwm\\MiniWin/bitmaps/mw_bitmaps.h"
 672                             		.file 11 "C:\\Users\\John\\Desktop\\workspace\\miniwinwm\\MiniWin/hal/hal_timer.h"
 673                             		.file 12 "C:\\Users\\John\\Desktop\\workspace\\miniwinwm\\MiniWin/miniwin.h"
 674                             		.file 13 "C:\\Users\\John\\Desktop\\workspace\\miniwinwm\\MiniWin/ui/ui_button.h"
