   1                             		.file	"font9.c"
   2                             		.section P,"ax"
   3                             	.Ltext0:
   4                             		.global	_Font9_Table
   5                             		.section	.rodata.Font9_Table,"a"
   8                             	_Font9_Table:
   9 0000 00                      		.byte	0
  10 0001 00                      		.byte	0
  11 0002 00                      		.byte	0
  12 0003 00                      		.byte	0
  13 0004 00                      		.byte	0
  14 0005 00                      		.byte	0
  15 0006 00                      		.byte	0
  16 0007 00                      		.byte	0
  17 0008 00                      		.byte	0
  18 0009 20                      		.byte	32
  19 000a 20                      		.byte	32
  20 000b 20                      		.byte	32
  21 000c 20                      		.byte	32
  22 000d 20                      		.byte	32
  23 000e 00                      		.byte	0
  24 000f 20                      		.byte	32
  25 0010 00                      		.byte	0
  26 0011 00                      		.byte	0
  27 0012 50                      		.byte	0x50
  28 0013 50                      		.byte	0x50
  29 0014 00                      		.byte	0
  30 0015 00                      		.byte	0
  31 0016 00                      		.byte	0
  32 0017 00                      		.byte	0
  33 0018 00                      		.byte	0
  34 0019 00                      		.byte	0
  35 001a 00                      		.byte	0
  36 001b 50                      		.byte	0x50
  37 001c 50                      		.byte	0x50
  38 001d F8                      		.byte	-8
  39 001e 50                      		.byte	0x50
  40 001f F8                      		.byte	-8
  41 0020 50                      		.byte	0x50
  42 0021 50                      		.byte	0x50
  43 0022 00                      		.byte	0
  44 0023 00                      		.byte	0
  45 0024 20                      		.byte	32
  46 0025 78                      		.byte	0x78
  47 0026 A0                      		.byte	-96
  48 0027 70                      		.byte	0x70
  49 0028 28                      		.byte	40
  50 0029 F0                      		.byte	-16
  51 002a 20                      		.byte	32
  52 002b 00                      		.byte	0
  53 002c 00                      		.byte	0
  54 002d C0                      		.byte	-64
  55 002e C8                      		.byte	-56
  56 002f 10                      		.byte	16
  57 0030 20                      		.byte	32
  58 0031 40                      		.byte	0x40
  59 0032 98                      		.byte	-104
  60 0033 18                      		.byte	24
  61 0034 00                      		.byte	0
  62 0035 00                      		.byte	0
  63 0036 60                      		.byte	0x60
  64 0037 90                      		.byte	-112
  65 0038 A0                      		.byte	-96
  66 0039 40                      		.byte	0x40
  67 003a A8                      		.byte	-88
  68 003b 90                      		.byte	-112
  69 003c 68                      		.byte	0x68
  70 003d 00                      		.byte	0
  71 003e 00                      		.byte	0
  72 003f 20                      		.byte	32
  73 0040 20                      		.byte	32
  74 0041 00                      		.byte	0
  75 0042 00                      		.byte	0
  76 0043 00                      		.byte	0
  77 0044 00                      		.byte	0
  78 0045 00                      		.byte	0
  79 0046 00                      		.byte	0
  80 0047 00                      		.byte	0
  81 0048 10                      		.byte	16
  82 0049 20                      		.byte	32
  83 004a 40                      		.byte	0x40
  84 004b 40                      		.byte	0x40
  85 004c 40                      		.byte	0x40
  86 004d 20                      		.byte	32
  87 004e 10                      		.byte	16
  88 004f 00                      		.byte	0
  89 0050 00                      		.byte	0
  90 0051 40                      		.byte	0x40
  91 0052 20                      		.byte	32
  92 0053 10                      		.byte	16
  93 0054 10                      		.byte	16
  94 0055 10                      		.byte	16
  95 0056 20                      		.byte	32
  96 0057 40                      		.byte	0x40
  97 0058 00                      		.byte	0
  98 0059 00                      		.byte	0
  99 005a 00                      		.byte	0
 100 005b 20                      		.byte	32
 101 005c A8                      		.byte	-88
 102 005d 70                      		.byte	0x70
 103 005e A8                      		.byte	-88
 104 005f 20                      		.byte	32
 105 0060 00                      		.byte	0
 106 0061 00                      		.byte	0
 107 0062 00                      		.byte	0
 108 0063 00                      		.byte	0
 109 0064 20                      		.byte	32
 110 0065 20                      		.byte	32
 111 0066 F8                      		.byte	-8
 112 0067 20                      		.byte	32
 113 0068 20                      		.byte	32
 114 0069 00                      		.byte	0
 115 006a 00                      		.byte	0
 116 006b 00                      		.byte	0
 117 006c 00                      		.byte	0
 118 006d 00                      		.byte	0
 119 006e 00                      		.byte	0
 120 006f 00                      		.byte	0
 121 0070 00                      		.byte	0
 122 0071 00                      		.byte	0
 123 0072 20                      		.byte	32
 124 0073 40                      		.byte	0x40
 125 0074 00                      		.byte	0
 126 0075 00                      		.byte	0
 127 0076 00                      		.byte	0
 128 0077 00                      		.byte	0
 129 0078 F8                      		.byte	-8
 130 0079 00                      		.byte	0
 131 007a 00                      		.byte	0
 132 007b 00                      		.byte	0
 133 007c 00                      		.byte	0
 134 007d 00                      		.byte	0
 135 007e 00                      		.byte	0
 136 007f 00                      		.byte	0
 137 0080 00                      		.byte	0
 138 0081 00                      		.byte	0
 139 0082 00                      		.byte	0
 140 0083 00                      		.byte	0
 141 0084 20                      		.byte	32
 142 0085 00                      		.byte	0
 143 0086 00                      		.byte	0
 144 0087 10                      		.byte	16
 145 0088 10                      		.byte	16
 146 0089 20                      		.byte	32
 147 008a 20                      		.byte	32
 148 008b 20                      		.byte	32
 149 008c 40                      		.byte	0x40
 150 008d 40                      		.byte	0x40
 151 008e 00                      		.byte	0
 152 008f 00                      		.byte	0
 153 0090 70                      		.byte	0x70
 154 0091 88                      		.byte	-120
 155 0092 98                      		.byte	-104
 156 0093 A8                      		.byte	-88
 157 0094 C8                      		.byte	-56
 158 0095 88                      		.byte	-120
 159 0096 70                      		.byte	0x70
 160 0097 00                      		.byte	0
 161 0098 00                      		.byte	0
 162 0099 20                      		.byte	32
 163 009a 60                      		.byte	0x60
 164 009b 20                      		.byte	32
 165 009c 20                      		.byte	32
 166 009d 20                      		.byte	32
 167 009e 20                      		.byte	32
 168 009f 20                      		.byte	32
 169 00a0 00                      		.byte	0
 170 00a1 00                      		.byte	0
 171 00a2 70                      		.byte	0x70
 172 00a3 88                      		.byte	-120
 173 00a4 08                      		.byte	8
 174 00a5 10                      		.byte	16
 175 00a6 20                      		.byte	32
 176 00a7 40                      		.byte	0x40
 177 00a8 F8                      		.byte	-8
 178 00a9 00                      		.byte	0
 179 00aa 00                      		.byte	0
 180 00ab 70                      		.byte	0x70
 181 00ac 88                      		.byte	-120
 182 00ad 08                      		.byte	8
 183 00ae 30                      		.byte	48
 184 00af 08                      		.byte	8
 185 00b0 88                      		.byte	-120
 186 00b1 70                      		.byte	0x70
 187 00b2 00                      		.byte	0
 188 00b3 00                      		.byte	0
 189 00b4 10                      		.byte	16
 190 00b5 30                      		.byte	48
 191 00b6 50                      		.byte	0x50
 192 00b7 90                      		.byte	-112
 193 00b8 F8                      		.byte	-8
 194 00b9 10                      		.byte	16
 195 00ba 10                      		.byte	16
 196 00bb 00                      		.byte	0
 197 00bc 00                      		.byte	0
 198 00bd F8                      		.byte	-8
 199 00be 80                      		.byte	-128
 200 00bf F0                      		.byte	-16
 201 00c0 08                      		.byte	8
 202 00c1 08                      		.byte	8
 203 00c2 88                      		.byte	-120
 204 00c3 70                      		.byte	0x70
 205 00c4 00                      		.byte	0
 206 00c5 00                      		.byte	0
 207 00c6 30                      		.byte	48
 208 00c7 40                      		.byte	0x40
 209 00c8 80                      		.byte	-128
 210 00c9 F0                      		.byte	-16
 211 00ca 88                      		.byte	-120
 212 00cb 88                      		.byte	-120
 213 00cc 70                      		.byte	0x70
 214 00cd 00                      		.byte	0
 215 00ce 00                      		.byte	0
 216 00cf F8                      		.byte	-8
 217 00d0 08                      		.byte	8
 218 00d1 10                      		.byte	16
 219 00d2 20                      		.byte	32
 220 00d3 40                      		.byte	0x40
 221 00d4 40                      		.byte	0x40
 222 00d5 40                      		.byte	0x40
 223 00d6 00                      		.byte	0
 224 00d7 00                      		.byte	0
 225 00d8 70                      		.byte	0x70
 226 00d9 88                      		.byte	-120
 227 00da 88                      		.byte	-120
 228 00db 70                      		.byte	0x70
 229 00dc 88                      		.byte	-120
 230 00dd 88                      		.byte	-120
 231 00de 70                      		.byte	0x70
 232 00df 00                      		.byte	0
 233 00e0 00                      		.byte	0
 234 00e1 70                      		.byte	0x70
 235 00e2 88                      		.byte	-120
 236 00e3 88                      		.byte	-120
 237 00e4 78                      		.byte	0x78
 238 00e5 08                      		.byte	8
 239 00e6 10                      		.byte	16
 240 00e7 60                      		.byte	0x60
 241 00e8 00                      		.byte	0
 242 00e9 00                      		.byte	0
 243 00ea 00                      		.byte	0
 244 00eb 00                      		.byte	0
 245 00ec 20                      		.byte	32
 246 00ed 00                      		.byte	0
 247 00ee 00                      		.byte	0
 248 00ef 20                      		.byte	32
 249 00f0 00                      		.byte	0
 250 00f1 00                      		.byte	0
 251 00f2 00                      		.byte	0
 252 00f3 00                      		.byte	0
 253 00f4 00                      		.byte	0
 254 00f5 20                      		.byte	32
 255 00f6 00                      		.byte	0
 256 00f7 00                      		.byte	0
 257 00f8 20                      		.byte	32
 258 00f9 40                      		.byte	0x40
 259 00fa 00                      		.byte	0
 260 00fb 00                      		.byte	0
 261 00fc 00                      		.byte	0
 262 00fd 10                      		.byte	16
 263 00fe 20                      		.byte	32
 264 00ff 40                      		.byte	0x40
 265 0100 20                      		.byte	32
 266 0101 10                      		.byte	16
 267 0102 00                      		.byte	0
 268 0103 00                      		.byte	0
 269 0104 00                      		.byte	0
 270 0105 00                      		.byte	0
 271 0106 00                      		.byte	0
 272 0107 F8                      		.byte	-8
 273 0108 00                      		.byte	0
 274 0109 F8                      		.byte	-8
 275 010a 00                      		.byte	0
 276 010b 00                      		.byte	0
 277 010c 00                      		.byte	0
 278 010d 00                      		.byte	0
 279 010e 00                      		.byte	0
 280 010f 80                      		.byte	-128
 281 0110 40                      		.byte	0x40
 282 0111 20                      		.byte	32
 283 0112 40                      		.byte	0x40
 284 0113 80                      		.byte	-128
 285 0114 00                      		.byte	0
 286 0115 00                      		.byte	0
 287 0116 00                      		.byte	0
 288 0117 70                      		.byte	0x70
 289 0118 88                      		.byte	-120
 290 0119 08                      		.byte	8
 291 011a 10                      		.byte	16
 292 011b 20                      		.byte	32
 293 011c 00                      		.byte	0
 294 011d 20                      		.byte	32
 295 011e 00                      		.byte	0
 296 011f 00                      		.byte	0
 297 0120 70                      		.byte	0x70
 298 0121 88                      		.byte	-120
 299 0122 88                      		.byte	-120
 300 0123 B8                      		.byte	-72
 301 0124 B0                      		.byte	-80
 302 0125 80                      		.byte	-128
 303 0126 78                      		.byte	0x78
 304 0127 00                      		.byte	0
 305 0128 00                      		.byte	0
 306 0129 20                      		.byte	32
 307 012a 50                      		.byte	0x50
 308 012b 88                      		.byte	-120
 309 012c 88                      		.byte	-120
 310 012d F8                      		.byte	-8
 311 012e 88                      		.byte	-120
 312 012f 88                      		.byte	-120
 313 0130 00                      		.byte	0
 314 0131 00                      		.byte	0
 315 0132 F0                      		.byte	-16
 316 0133 88                      		.byte	-120
 317 0134 88                      		.byte	-120
 318 0135 F0                      		.byte	-16
 319 0136 88                      		.byte	-120
 320 0137 88                      		.byte	-120
 321 0138 F0                      		.byte	-16
 322 0139 00                      		.byte	0
 323 013a 00                      		.byte	0
 324 013b 70                      		.byte	0x70
 325 013c 88                      		.byte	-120
 326 013d 80                      		.byte	-128
 327 013e 80                      		.byte	-128
 328 013f 80                      		.byte	-128
 329 0140 88                      		.byte	-120
 330 0141 70                      		.byte	0x70
 331 0142 00                      		.byte	0
 332 0143 00                      		.byte	0
 333 0144 E0                      		.byte	-32
 334 0145 90                      		.byte	-112
 335 0146 88                      		.byte	-120
 336 0147 88                      		.byte	-120
 337 0148 88                      		.byte	-120
 338 0149 90                      		.byte	-112
 339 014a E0                      		.byte	-32
 340 014b 00                      		.byte	0
 341 014c 00                      		.byte	0
 342 014d F8                      		.byte	-8
 343 014e 80                      		.byte	-128
 344 014f 80                      		.byte	-128
 345 0150 F0                      		.byte	-16
 346 0151 80                      		.byte	-128
 347 0152 80                      		.byte	-128
 348 0153 F8                      		.byte	-8
 349 0154 00                      		.byte	0
 350 0155 00                      		.byte	0
 351 0156 F8                      		.byte	-8
 352 0157 80                      		.byte	-128
 353 0158 80                      		.byte	-128
 354 0159 F0                      		.byte	-16
 355 015a 80                      		.byte	-128
 356 015b 80                      		.byte	-128
 357 015c 80                      		.byte	-128
 358 015d 00                      		.byte	0
 359 015e 00                      		.byte	0
 360 015f 70                      		.byte	0x70
 361 0160 88                      		.byte	-120
 362 0161 80                      		.byte	-128
 363 0162 98                      		.byte	-104
 364 0163 88                      		.byte	-120
 365 0164 88                      		.byte	-120
 366 0165 78                      		.byte	0x78
 367 0166 00                      		.byte	0
 368 0167 00                      		.byte	0
 369 0168 88                      		.byte	-120
 370 0169 88                      		.byte	-120
 371 016a 88                      		.byte	-120
 372 016b F8                      		.byte	-8
 373 016c 88                      		.byte	-120
 374 016d 88                      		.byte	-120
 375 016e 88                      		.byte	-120
 376 016f 00                      		.byte	0
 377 0170 00                      		.byte	0
 378 0171 70                      		.byte	0x70
 379 0172 20                      		.byte	32
 380 0173 20                      		.byte	32
 381 0174 20                      		.byte	32
 382 0175 20                      		.byte	32
 383 0176 20                      		.byte	32
 384 0177 70                      		.byte	0x70
 385 0178 00                      		.byte	0
 386 0179 00                      		.byte	0
 387 017a 38                      		.byte	56
 388 017b 10                      		.byte	16
 389 017c 10                      		.byte	16
 390 017d 10                      		.byte	16
 391 017e 10                      		.byte	16
 392 017f 90                      		.byte	-112
 393 0180 60                      		.byte	0x60
 394 0181 00                      		.byte	0
 395 0182 00                      		.byte	0
 396 0183 88                      		.byte	-120
 397 0184 90                      		.byte	-112
 398 0185 A0                      		.byte	-96
 399 0186 C0                      		.byte	-64
 400 0187 A0                      		.byte	-96
 401 0188 90                      		.byte	-112
 402 0189 88                      		.byte	-120
 403 018a 00                      		.byte	0
 404 018b 00                      		.byte	0
 405 018c 80                      		.byte	-128
 406 018d 80                      		.byte	-128
 407 018e 80                      		.byte	-128
 408 018f 80                      		.byte	-128
 409 0190 80                      		.byte	-128
 410 0191 80                      		.byte	-128
 411 0192 F8                      		.byte	-8
 412 0193 00                      		.byte	0
 413 0194 00                      		.byte	0
 414 0195 88                      		.byte	-120
 415 0196 D8                      		.byte	-40
 416 0197 A8                      		.byte	-88
 417 0198 A8                      		.byte	-88
 418 0199 88                      		.byte	-120
 419 019a 88                      		.byte	-120
 420 019b 88                      		.byte	-120
 421 019c 00                      		.byte	0
 422 019d 00                      		.byte	0
 423 019e 88                      		.byte	-120
 424 019f 88                      		.byte	-120
 425 01a0 C8                      		.byte	-56
 426 01a1 A8                      		.byte	-88
 427 01a2 98                      		.byte	-104
 428 01a3 88                      		.byte	-120
 429 01a4 88                      		.byte	-120
 430 01a5 00                      		.byte	0
 431 01a6 00                      		.byte	0
 432 01a7 70                      		.byte	0x70
 433 01a8 88                      		.byte	-120
 434 01a9 88                      		.byte	-120
 435 01aa 88                      		.byte	-120
 436 01ab 88                      		.byte	-120
 437 01ac 88                      		.byte	-120
 438 01ad 70                      		.byte	0x70
 439 01ae 00                      		.byte	0
 440 01af 00                      		.byte	0
 441 01b0 F0                      		.byte	-16
 442 01b1 88                      		.byte	-120
 443 01b2 88                      		.byte	-120
 444 01b3 F0                      		.byte	-16
 445 01b4 80                      		.byte	-128
 446 01b5 80                      		.byte	-128
 447 01b6 80                      		.byte	-128
 448 01b7 00                      		.byte	0
 449 01b8 00                      		.byte	0
 450 01b9 70                      		.byte	0x70
 451 01ba 88                      		.byte	-120
 452 01bb 88                      		.byte	-120
 453 01bc 88                      		.byte	-120
 454 01bd A8                      		.byte	-88
 455 01be 90                      		.byte	-112
 456 01bf 68                      		.byte	0x68
 457 01c0 00                      		.byte	0
 458 01c1 00                      		.byte	0
 459 01c2 F0                      		.byte	-16
 460 01c3 88                      		.byte	-120
 461 01c4 88                      		.byte	-120
 462 01c5 F0                      		.byte	-16
 463 01c6 A0                      		.byte	-96
 464 01c7 90                      		.byte	-112
 465 01c8 88                      		.byte	-120
 466 01c9 00                      		.byte	0
 467 01ca 00                      		.byte	0
 468 01cb 70                      		.byte	0x70
 469 01cc 88                      		.byte	-120
 470 01cd 80                      		.byte	-128
 471 01ce 70                      		.byte	0x70
 472 01cf 08                      		.byte	8
 473 01d0 88                      		.byte	-120
 474 01d1 70                      		.byte	0x70
 475 01d2 00                      		.byte	0
 476 01d3 00                      		.byte	0
 477 01d4 F8                      		.byte	-8
 478 01d5 20                      		.byte	32
 479 01d6 20                      		.byte	32
 480 01d7 20                      		.byte	32
 481 01d8 20                      		.byte	32
 482 01d9 20                      		.byte	32
 483 01da 20                      		.byte	32
 484 01db 00                      		.byte	0
 485 01dc 00                      		.byte	0
 486 01dd 88                      		.byte	-120
 487 01de 88                      		.byte	-120
 488 01df 88                      		.byte	-120
 489 01e0 88                      		.byte	-120
 490 01e1 88                      		.byte	-120
 491 01e2 88                      		.byte	-120
 492 01e3 70                      		.byte	0x70
 493 01e4 00                      		.byte	0
 494 01e5 00                      		.byte	0
 495 01e6 88                      		.byte	-120
 496 01e7 88                      		.byte	-120
 497 01e8 88                      		.byte	-120
 498 01e9 88                      		.byte	-120
 499 01ea 88                      		.byte	-120
 500 01eb 50                      		.byte	0x50
 501 01ec 20                      		.byte	32
 502 01ed 00                      		.byte	0
 503 01ee 00                      		.byte	0
 504 01ef 88                      		.byte	-120
 505 01f0 88                      		.byte	-120
 506 01f1 88                      		.byte	-120
 507 01f2 88                      		.byte	-120
 508 01f3 A8                      		.byte	-88
 509 01f4 A8                      		.byte	-88
 510 01f5 50                      		.byte	0x50
 511 01f6 00                      		.byte	0
 512 01f7 00                      		.byte	0
 513 01f8 88                      		.byte	-120
 514 01f9 88                      		.byte	-120
 515 01fa 50                      		.byte	0x50
 516 01fb 20                      		.byte	32
 517 01fc 50                      		.byte	0x50
 518 01fd 88                      		.byte	-120
 519 01fe 88                      		.byte	-120
 520 01ff 00                      		.byte	0
 521 0200 00                      		.byte	0
 522 0201 88                      		.byte	-120
 523 0202 88                      		.byte	-120
 524 0203 88                      		.byte	-120
 525 0204 50                      		.byte	0x50
 526 0205 20                      		.byte	32
 527 0206 20                      		.byte	32
 528 0207 20                      		.byte	32
 529 0208 00                      		.byte	0
 530 0209 00                      		.byte	0
 531 020a F8                      		.byte	-8
 532 020b 08                      		.byte	8
 533 020c 10                      		.byte	16
 534 020d 20                      		.byte	32
 535 020e 40                      		.byte	0x40
 536 020f 80                      		.byte	-128
 537 0210 F8                      		.byte	-8
 538 0211 00                      		.byte	0
 539 0212 00                      		.byte	0
 540 0213 70                      		.byte	0x70
 541 0214 40                      		.byte	0x40
 542 0215 40                      		.byte	0x40
 543 0216 40                      		.byte	0x40
 544 0217 40                      		.byte	0x40
 545 0218 40                      		.byte	0x40
 546 0219 70                      		.byte	0x70
 547 021a 00                      		.byte	0
 548 021b 00                      		.byte	0
 549 021c 40                      		.byte	0x40
 550 021d 40                      		.byte	0x40
 551 021e 20                      		.byte	32
 552 021f 20                      		.byte	32
 553 0220 20                      		.byte	32
 554 0221 10                      		.byte	16
 555 0222 10                      		.byte	16
 556 0223 00                      		.byte	0
 557 0224 00                      		.byte	0
 558 0225 70                      		.byte	0x70
 559 0226 10                      		.byte	16
 560 0227 10                      		.byte	16
 561 0228 10                      		.byte	16
 562 0229 10                      		.byte	16
 563 022a 10                      		.byte	16
 564 022b 70                      		.byte	0x70
 565 022c 00                      		.byte	0
 566 022d 00                      		.byte	0
 567 022e 20                      		.byte	32
 568 022f 50                      		.byte	0x50
 569 0230 88                      		.byte	-120
 570 0231 00                      		.byte	0
 571 0232 00                      		.byte	0
 572 0233 00                      		.byte	0
 573 0234 00                      		.byte	0
 574 0235 00                      		.byte	0
 575 0236 00                      		.byte	0
 576 0237 00                      		.byte	0
 577 0238 00                      		.byte	0
 578 0239 00                      		.byte	0
 579 023a 00                      		.byte	0
 580 023b 00                      		.byte	0
 581 023c 00                      		.byte	0
 582 023d F8                      		.byte	-8
 583 023e 00                      		.byte	0
 584 023f 00                      		.byte	0
 585 0240 40                      		.byte	0x40
 586 0241 20                      		.byte	32
 587 0242 10                      		.byte	16
 588 0243 00                      		.byte	0
 589 0244 00                      		.byte	0
 590 0245 00                      		.byte	0
 591 0246 00                      		.byte	0
 592 0247 00                      		.byte	0
 593 0248 00                      		.byte	0
 594 0249 00                      		.byte	0
 595 024a 00                      		.byte	0
 596 024b 70                      		.byte	0x70
 597 024c 08                      		.byte	8
 598 024d 78                      		.byte	0x78
 599 024e 88                      		.byte	-120
 600 024f 78                      		.byte	0x78
 601 0250 00                      		.byte	0
 602 0251 00                      		.byte	0
 603 0252 80                      		.byte	-128
 604 0253 80                      		.byte	-128
 605 0254 B0                      		.byte	-80
 606 0255 C8                      		.byte	-56
 607 0256 88                      		.byte	-120
 608 0257 88                      		.byte	-120
 609 0258 F0                      		.byte	-16
 610 0259 00                      		.byte	0
 611 025a 00                      		.byte	0
 612 025b 00                      		.byte	0
 613 025c 00                      		.byte	0
 614 025d 70                      		.byte	0x70
 615 025e 80                      		.byte	-128
 616 025f 80                      		.byte	-128
 617 0260 88                      		.byte	-120
 618 0261 70                      		.byte	0x70
 619 0262 00                      		.byte	0
 620 0263 00                      		.byte	0
 621 0264 08                      		.byte	8
 622 0265 08                      		.byte	8
 623 0266 68                      		.byte	0x68
 624 0267 98                      		.byte	-104
 625 0268 88                      		.byte	-120
 626 0269 88                      		.byte	-120
 627 026a 78                      		.byte	0x78
 628 026b 00                      		.byte	0
 629 026c 00                      		.byte	0
 630 026d 00                      		.byte	0
 631 026e 00                      		.byte	0
 632 026f 70                      		.byte	0x70
 633 0270 88                      		.byte	-120
 634 0271 F8                      		.byte	-8
 635 0272 80                      		.byte	-128
 636 0273 70                      		.byte	0x70
 637 0274 00                      		.byte	0
 638 0275 00                      		.byte	0
 639 0276 18                      		.byte	24
 640 0277 20                      		.byte	32
 641 0278 20                      		.byte	32
 642 0279 70                      		.byte	0x70
 643 027a 20                      		.byte	32
 644 027b 20                      		.byte	32
 645 027c 20                      		.byte	32
 646 027d 00                      		.byte	0
 647 027e 00                      		.byte	0
 648 027f 00                      		.byte	0
 649 0280 00                      		.byte	0
 650 0281 68                      		.byte	0x68
 651 0282 98                      		.byte	-104
 652 0283 88                      		.byte	-120
 653 0284 88                      		.byte	-120
 654 0285 78                      		.byte	0x78
 655 0286 08                      		.byte	8
 656 0287 70                      		.byte	0x70
 657 0288 80                      		.byte	-128
 658 0289 80                      		.byte	-128
 659 028a B0                      		.byte	-80
 660 028b C8                      		.byte	-56
 661 028c 88                      		.byte	-120
 662 028d 88                      		.byte	-120
 663 028e 88                      		.byte	-120
 664 028f 00                      		.byte	0
 665 0290 00                      		.byte	0
 666 0291 20                      		.byte	32
 667 0292 00                      		.byte	0
 668 0293 20                      		.byte	32
 669 0294 20                      		.byte	32
 670 0295 20                      		.byte	32
 671 0296 20                      		.byte	32
 672 0297 20                      		.byte	32
 673 0298 00                      		.byte	0
 674 0299 00                      		.byte	0
 675 029a 00                      		.byte	0
 676 029b 10                      		.byte	16
 677 029c 00                      		.byte	0
 678 029d 10                      		.byte	16
 679 029e 10                      		.byte	16
 680 029f 10                      		.byte	16
 681 02a0 10                      		.byte	16
 682 02a1 90                      		.byte	-112
 683 02a2 60                      		.byte	0x60
 684 02a3 80                      		.byte	-128
 685 02a4 80                      		.byte	-128
 686 02a5 90                      		.byte	-112
 687 02a6 A0                      		.byte	-96
 688 02a7 C0                      		.byte	-64
 689 02a8 A0                      		.byte	-96
 690 02a9 90                      		.byte	-112
 691 02aa 00                      		.byte	0
 692 02ab 00                      		.byte	0
 693 02ac 20                      		.byte	32
 694 02ad 20                      		.byte	32
 695 02ae 20                      		.byte	32
 696 02af 20                      		.byte	32
 697 02b0 20                      		.byte	32
 698 02b1 20                      		.byte	32
 699 02b2 10                      		.byte	16
 700 02b3 00                      		.byte	0
 701 02b4 00                      		.byte	0
 702 02b5 00                      		.byte	0
 703 02b6 00                      		.byte	0
 704 02b7 D0                      		.byte	-48
 705 02b8 A8                      		.byte	-88
 706 02b9 A8                      		.byte	-88
 707 02ba 88                      		.byte	-120
 708 02bb 88                      		.byte	-120
 709 02bc 00                      		.byte	0
 710 02bd 00                      		.byte	0
 711 02be 00                      		.byte	0
 712 02bf 00                      		.byte	0
 713 02c0 B0                      		.byte	-80
 714 02c1 C8                      		.byte	-56
 715 02c2 88                      		.byte	-120
 716 02c3 88                      		.byte	-120
 717 02c4 88                      		.byte	-120
 718 02c5 00                      		.byte	0
 719 02c6 00                      		.byte	0
 720 02c7 00                      		.byte	0
 721 02c8 00                      		.byte	0
 722 02c9 70                      		.byte	0x70
 723 02ca 88                      		.byte	-120
 724 02cb 88                      		.byte	-120
 725 02cc 88                      		.byte	-120
 726 02cd 70                      		.byte	0x70
 727 02ce 00                      		.byte	0
 728 02cf 00                      		.byte	0
 729 02d0 00                      		.byte	0
 730 02d1 00                      		.byte	0
 731 02d2 B0                      		.byte	-80
 732 02d3 C8                      		.byte	-56
 733 02d4 88                      		.byte	-120
 734 02d5 88                      		.byte	-120
 735 02d6 F0                      		.byte	-16
 736 02d7 80                      		.byte	-128
 737 02d8 80                      		.byte	-128
 738 02d9 00                      		.byte	0
 739 02da 00                      		.byte	0
 740 02db 68                      		.byte	0x68
 741 02dc 98                      		.byte	-104
 742 02dd 88                      		.byte	-120
 743 02de 88                      		.byte	-120
 744 02df 78                      		.byte	0x78
 745 02e0 08                      		.byte	8
 746 02e1 08                      		.byte	8
 747 02e2 00                      		.byte	0
 748 02e3 00                      		.byte	0
 749 02e4 B0                      		.byte	-80
 750 02e5 C8                      		.byte	-56
 751 02e6 80                      		.byte	-128
 752 02e7 80                      		.byte	-128
 753 02e8 80                      		.byte	-128
 754 02e9 00                      		.byte	0
 755 02ea 00                      		.byte	0
 756 02eb 00                      		.byte	0
 757 02ec 00                      		.byte	0
 758 02ed 70                      		.byte	0x70
 759 02ee 80                      		.byte	-128
 760 02ef 70                      		.byte	0x70
 761 02f0 08                      		.byte	8
 762 02f1 F0                      		.byte	-16
 763 02f2 00                      		.byte	0
 764 02f3 00                      		.byte	0
 765 02f4 40                      		.byte	0x40
 766 02f5 40                      		.byte	0x40
 767 02f6 E0                      		.byte	-32
 768 02f7 40                      		.byte	0x40
 769 02f8 40                      		.byte	0x40
 770 02f9 48                      		.byte	0x48
 771 02fa 30                      		.byte	48
 772 02fb 00                      		.byte	0
 773 02fc 00                      		.byte	0
 774 02fd 00                      		.byte	0
 775 02fe 00                      		.byte	0
 776 02ff 88                      		.byte	-120
 777 0300 88                      		.byte	-120
 778 0301 88                      		.byte	-120
 779 0302 98                      		.byte	-104
 780 0303 68                      		.byte	0x68
 781 0304 00                      		.byte	0
 782 0305 00                      		.byte	0
 783 0306 00                      		.byte	0
 784 0307 00                      		.byte	0
 785 0308 88                      		.byte	-120
 786 0309 88                      		.byte	-120
 787 030a 88                      		.byte	-120
 788 030b 50                      		.byte	0x50
 789 030c 20                      		.byte	32
 790 030d 00                      		.byte	0
 791 030e 00                      		.byte	0
 792 030f 00                      		.byte	0
 793 0310 00                      		.byte	0
 794 0311 88                      		.byte	-120
 795 0312 88                      		.byte	-120
 796 0313 A8                      		.byte	-88
 797 0314 A8                      		.byte	-88
 798 0315 50                      		.byte	0x50
 799 0316 00                      		.byte	0
 800 0317 00                      		.byte	0
 801 0318 00                      		.byte	0
 802 0319 00                      		.byte	0
 803 031a 88                      		.byte	-120
 804 031b 50                      		.byte	0x50
 805 031c 20                      		.byte	32
 806 031d 50                      		.byte	0x50
 807 031e 88                      		.byte	-120
 808 031f 00                      		.byte	0
 809 0320 00                      		.byte	0
 810 0321 00                      		.byte	0
 811 0322 00                      		.byte	0
 812 0323 88                      		.byte	-120
 813 0324 88                      		.byte	-120
 814 0325 88                      		.byte	-120
 815 0326 98                      		.byte	-104
 816 0327 68                      		.byte	0x68
 817 0328 08                      		.byte	8
 818 0329 70                      		.byte	0x70
 819 032a 00                      		.byte	0
 820 032b 00                      		.byte	0
 821 032c F8                      		.byte	-8
 822 032d 10                      		.byte	16
 823 032e 20                      		.byte	32
 824 032f 40                      		.byte	0x40
 825 0330 F8                      		.byte	-8
 826 0331 00                      		.byte	0
 827 0332 00                      		.byte	0
 828 0333 10                      		.byte	16
 829 0334 20                      		.byte	32
 830 0335 20                      		.byte	32
 831 0336 40                      		.byte	0x40
 832 0337 20                      		.byte	32
 833 0338 20                      		.byte	32
 834 0339 10                      		.byte	16
 835 033a 00                      		.byte	0
 836 033b 00                      		.byte	0
 837 033c 20                      		.byte	32
 838 033d 20                      		.byte	32
 839 033e 20                      		.byte	32
 840 033f 20                      		.byte	32
 841 0340 20                      		.byte	32
 842 0341 20                      		.byte	32
 843 0342 20                      		.byte	32
 844 0343 00                      		.byte	0
 845 0344 00                      		.byte	0
 846 0345 40                      		.byte	0x40
 847 0346 20                      		.byte	32
 848 0347 20                      		.byte	32
 849 0348 10                      		.byte	16
 850 0349 20                      		.byte	32
 851 034a 20                      		.byte	32
 852 034b 40                      		.byte	0x40
 853 034c 00                      		.byte	0
 854 034d 00                      		.byte	0
 855 034e 00                      		.byte	0
 856 034f 00                      		.byte	0
 857 0350 40                      		.byte	0x40
 858 0351 A8                      		.byte	-88
 859 0352 10                      		.byte	16
 860 0353 00                      		.byte	0
 861 0354 00                      		.byte	0
 862 0355 00                      		.byte	0
 863 0356 00                      		.byte	0
 864                             		.global	_Font9
 865                             		.section	.rodata.Font9,"a"
 866                             		.balign 4
 869                             	_Font9:
 870 0000 00 00 00 00             		.long	_Font9_Table
 871 0004 05 00                   		.short	5
 872 0006 09 00                   		.short	9
 873 0008 00 00 00 00             		.zero	4
 874                             		.section P,"ax"
 875                             	.Letext0:
 876                             		.file 1 "c:\\program files (x86)\\gcc for renesas rx 8.3.0.201904-gnurx-elf\\rx-elf\\rx-elf\\rx-el
 877                             		.file 2 "c:\\program files (x86)\\gcc for renesas rx 8.3.0.201904-gnurx-elf\\rx-elf\\rx-elf\\rx-el
 878                             		.file 3 "C:\\Users\\John\\Desktop\\workspace\\miniwinwm\\MiniWin/gl/fonts/bitmapped/fonts.h"
 879                             		.file 4 "C:/Users/John/Desktop/workspace/miniwinwm/MiniWin/gl/fonts/bitmapped/font9.c"
