   1                             		.file	"let_key.c"
   2                             		.section P,"ax"
   3                             	.Ltext0:
   4                             		.global	_mw_bitmaps_let_key
   5                             		.section	.rodata.mw_bitmaps_let_key,"a"
   8                             	_mw_bitmaps_let_key:
   9 0000 FF                      		.byte	-1
  10 0001 FF                      		.byte	-1
  11 0002 FF                      		.byte	-1
  12 0003 FF                      		.byte	-1
  13 0004 C7                      		.byte	-57
  14 0005 83                      		.byte	-125
  15 0006 BB                      		.byte	-69
  16 0007 FB                      		.byte	-5
  17 0008 BB                      		.byte	-69
  18 0009 F7                      		.byte	-9
  19 000a BB                      		.byte	-69
  20 000b F7                      		.byte	-9
  21 000c BB                      		.byte	-69
  22 000d F7                      		.byte	-9
  23 000e BA                      		.byte	-70
  24 000f 2F                      		.byte	47
  25 0010 BB                      		.byte	-69
  26 0011 EF                      		.byte	-17
  27 0012 83                      		.byte	-125
  28 0013 DF                      		.byte	-33
  29 0014 BB                      		.byte	-69
  30 0015 DF                      		.byte	-33
  31 0016 BB                      		.byte	-69
  32 0017 DF                      		.byte	-33
  33 0018 BB                      		.byte	-69
  34 0019 BF                      		.byte	-65
  35 001a BB                      		.byte	-69
  36 001b 83                      		.byte	-125
  37 001c FF                      		.byte	-1
  38 001d FF                      		.byte	-1
  39 001e FF                      		.byte	-1
  40 001f FF                      		.byte	-1
  41                             		.section P,"ax"
  42                             	.Letext0:
  43                             		.file 1 "c:\\program files (x86)\\gcc for renesas rx 8.3.0.201904-gnurx-elf\\rx-elf\\rx-elf\\rx-el
  44                             		.file 2 "c:\\program files (x86)\\gcc for renesas rx 8.3.0.201904-gnurx-elf\\rx-elf\\rx-elf\\rx-el
  45                             		.file 3 "C:\\Users\\John\\Desktop\\workspace\\miniwinwm\\MiniWin/bitmaps/mw_bitmaps.h"
  46                             		.file 4 "C:/Users/John/Desktop/workspace/miniwinwm/MiniWin/bitmaps/let_key.c"
