   1                             		.file	"mf_encoding.c"
   2                             		.section P,"ax"
   3                             	.Ltext0:
   4                             		.section	.text.mf_getchar,"ax",@progbits
   5                             		.global	_mf_getchar
   7                             	_mf_getchar:
   8                             	.LFB0:
   9                             		.file 1 "C:/Users/John/Desktop/workspace/miniwinwm/MiniWin/gl/fonts/truetype/mcufont/mf_encoding.c
   1:C:/Users/John/Desktop/workspace/miniwinwm/MiniWin/gl/fonts/truetype/mcufont\mf_encoding.c **** #include "mf_encoding.h"
   2:C:/Users/John/Desktop/workspace/miniwinwm/MiniWin/gl/fonts/truetype/mcufont\mf_encoding.c **** 
   3:C:/Users/John/Desktop/workspace/miniwinwm/MiniWin/gl/fonts/truetype/mcufont\mf_encoding.c **** #if MF_ENCODING == MF_ENCODING_UTF8
   4:C:/Users/John/Desktop/workspace/miniwinwm/MiniWin/gl/fonts/truetype/mcufont\mf_encoding.c **** 
   5:C:/Users/John/Desktop/workspace/miniwinwm/MiniWin/gl/fonts/truetype/mcufont\mf_encoding.c **** mf_char mf_getchar(mf_str *str)
   6:C:/Users/John/Desktop/workspace/miniwinwm/MiniWin/gl/fonts/truetype/mcufont\mf_encoding.c **** {
  10                             		.loc 1 6 1
  11 0000 6E 7A                   		pushm	r7-r10
  12                             	.LCFI0:
  13 0002 71 0A F4                		add	#-12, r0, r10
  14                             	.LCFI1:
  15 0005 EF A0                   		mov.L	r10, r0
  16 0007 E7 A1 02                		mov.L	r1, 8[r10]
   7:C:/Users/John/Desktop/workspace/miniwinwm/MiniWin/gl/fonts/truetype/mcufont\mf_encoding.c ****     uint8_t c;
   8:C:/Users/John/Desktop/workspace/miniwinwm/MiniWin/gl/fonts/truetype/mcufont\mf_encoding.c ****     uint8_t tmp, seqlen;
   9:C:/Users/John/Desktop/workspace/miniwinwm/MiniWin/gl/fonts/truetype/mcufont\mf_encoding.c ****     uint16_t result;
  10:C:/Users/John/Desktop/workspace/miniwinwm/MiniWin/gl/fonts/truetype/mcufont\mf_encoding.c ****     
  11:C:/Users/John/Desktop/workspace/miniwinwm/MiniWin/gl/fonts/truetype/mcufont\mf_encoding.c ****     c = **str;
  17                             		.loc 1 11 10
  18 000a ED A5 02                		mov.L	8[r10], r5
  19 000d EC 55                   		mov.L	[r5], r5
  20                             		.loc 1 11 7
  21 000f CC 55                   		mov.B	[r5], r5
  22 0011 C7 A5 04                		mov.B	r5, 4[r10]
  12:C:/Users/John/Desktop/workspace/miniwinwm/MiniWin/gl/fonts/truetype/mcufont\mf_encoding.c ****     if (!c)
  23                             		.loc 1 12 8
  24 0014 59 A5 04                		movu.B	4[r10], r5
  25 0017 61 05                   		cmp	#0, r5
  26 0019 1E                      		bne	.L2
  13:C:/Users/John/Desktop/workspace/miniwinwm/MiniWin/gl/fonts/truetype/mcufont\mf_encoding.c ****         return 0;
  27                             		.loc 1 13 16
  28 001a 66 05                   		mov	#0, r5
  29 001c 38 E4 00                		bra	.L3
  30                             	.L2:
  14:C:/Users/John/Desktop/workspace/miniwinwm/MiniWin/gl/fonts/truetype/mcufont\mf_encoding.c ****     
  15:C:/Users/John/Desktop/workspace/miniwinwm/MiniWin/gl/fonts/truetype/mcufont\mf_encoding.c ****     (*str)++;
  31                             		.loc 1 15 6
  32 001f ED A5 02                		mov.L	8[r10], r5
  33 0022 EC 55                   		mov.L	[r5], r5
  34                             		.loc 1 15 11
  35 0024 71 54 01                		add	#1, r5, r4
  36 0027 ED A5 02                		mov.L	8[r10], r5
  37 002a E3 54                   		mov.L	r4, [r5]
  16:C:/Users/John/Desktop/workspace/miniwinwm/MiniWin/gl/fonts/truetype/mcufont\mf_encoding.c ****     
  17:C:/Users/John/Desktop/workspace/miniwinwm/MiniWin/gl/fonts/truetype/mcufont\mf_encoding.c ****     if ((c & 0x80) == 0)
  38                             		.loc 1 17 20
  39 002c CD A5 04                		mov.B	4[r10], r5
  40                             		.loc 1 17 8
  41 002f CF 55                   		mov.B	r5, r5
  42 0031 61 05                   		cmp	#0, r5
  43 0033 29 08                   		blt	.L4
  18:C:/Users/John/Desktop/workspace/miniwinwm/MiniWin/gl/fonts/truetype/mcufont\mf_encoding.c ****     {
  19:C:/Users/John/Desktop/workspace/miniwinwm/MiniWin/gl/fonts/truetype/mcufont\mf_encoding.c ****         /* Just normal ASCII character. */
  20:C:/Users/John/Desktop/workspace/miniwinwm/MiniWin/gl/fonts/truetype/mcufont\mf_encoding.c ****         return c;
  44                             		.loc 1 20 16
  45 0035 CD A5 04                		mov.B	4[r10], r5
  46 0038 38 C8 00                		bra	.L3
  47                             	.L4:
  21:C:/Users/John/Desktop/workspace/miniwinwm/MiniWin/gl/fonts/truetype/mcufont\mf_encoding.c ****     }
  22:C:/Users/John/Desktop/workspace/miniwinwm/MiniWin/gl/fonts/truetype/mcufont\mf_encoding.c ****     else if ((c & 0xC0) == 0x80)
  48                             		.loc 1 22 17
  49 003b 59 A5 04                		movu.B	4[r10], r5
  50 003e 76 25 C0 00             		and	#0xc0, r5
  51                             		.loc 1 22 13
  52 0042 75 55 80                		cmp	#0x80, r5
  53 0045 1F                      		bne	.L5
  23:C:/Users/John/Desktop/workspace/miniwinwm/MiniWin/gl/fonts/truetype/mcufont\mf_encoding.c ****     {
  24:C:/Users/John/Desktop/workspace/miniwinwm/MiniWin/gl/fonts/truetype/mcufont\mf_encoding.c ****         /* Dangling piece of corrupted multibyte sequence.
  25:C:/Users/John/Desktop/workspace/miniwinwm/MiniWin/gl/fonts/truetype/mcufont\mf_encoding.c ****          * Did you cut the string in the wrong place?
  26:C:/Users/John/Desktop/workspace/miniwinwm/MiniWin/gl/fonts/truetype/mcufont\mf_encoding.c ****          */
  27:C:/Users/John/Desktop/workspace/miniwinwm/MiniWin/gl/fonts/truetype/mcufont\mf_encoding.c ****         return c;
  54                             		.loc 1 27 16
  55 0046 CD A5 04                		mov.B	4[r10], r5
  56 0049 38 B7 00                		bra	.L3
  57                             	.L5:
  28:C:/Users/John/Desktop/workspace/miniwinwm/MiniWin/gl/fonts/truetype/mcufont\mf_encoding.c ****     }
  29:C:/Users/John/Desktop/workspace/miniwinwm/MiniWin/gl/fonts/truetype/mcufont\mf_encoding.c ****     else if ((**str & 0xC0) == 0xC0)
  58                             		.loc 1 29 16
  59 004c ED A5 02                		mov.L	8[r10], r5
  60 004f EC 55                   		mov.L	[r5], r5
  61                             		.loc 1 29 15
  62 0051 CC 55                   		mov.B	[r5], r5
  63                             		.loc 1 29 21
  64 0053 5B 55                   		movu.B	r5, r5
  65 0055 76 25 C0 00             		and	#0xc0, r5
  66                             		.loc 1 29 13
  67 0059 75 55 C0                		cmp	#0xc0, r5
  68 005c 1F                      		bne	.L6
  30:C:/Users/John/Desktop/workspace/miniwinwm/MiniWin/gl/fonts/truetype/mcufont\mf_encoding.c ****     {
  31:C:/Users/John/Desktop/workspace/miniwinwm/MiniWin/gl/fonts/truetype/mcufont\mf_encoding.c ****         /* Start of multibyte sequence without any following bytes.
  32:C:/Users/John/Desktop/workspace/miniwinwm/MiniWin/gl/fonts/truetype/mcufont\mf_encoding.c ****          * Silly. Maybe you are using the wrong encoding.
  33:C:/Users/John/Desktop/workspace/miniwinwm/MiniWin/gl/fonts/truetype/mcufont\mf_encoding.c ****          */
  34:C:/Users/John/Desktop/workspace/miniwinwm/MiniWin/gl/fonts/truetype/mcufont\mf_encoding.c ****         return c;
  69                             		.loc 1 34 16
  70 005d CD A5 04                		mov.B	4[r10], r5
  71 0060 38 A0 00                		bra	.L3
  72                             	.L6:
  35:C:/Users/John/Desktop/workspace/miniwinwm/MiniWin/gl/fonts/truetype/mcufont\mf_encoding.c ****     }
  36:C:/Users/John/Desktop/workspace/miniwinwm/MiniWin/gl/fonts/truetype/mcufont\mf_encoding.c ****     else
  37:C:/Users/John/Desktop/workspace/miniwinwm/MiniWin/gl/fonts/truetype/mcufont\mf_encoding.c ****     {
  38:C:/Users/John/Desktop/workspace/miniwinwm/MiniWin/gl/fonts/truetype/mcufont\mf_encoding.c ****         /* Beginning of a multi-byte sequence.
  39:C:/Users/John/Desktop/workspace/miniwinwm/MiniWin/gl/fonts/truetype/mcufont\mf_encoding.c ****          * Find out how many characters and combine them.
  40:C:/Users/John/Desktop/workspace/miniwinwm/MiniWin/gl/fonts/truetype/mcufont\mf_encoding.c ****          */
  41:C:/Users/John/Desktop/workspace/miniwinwm/MiniWin/gl/fonts/truetype/mcufont\mf_encoding.c ****         seqlen = 2;
  73                             		.loc 1 41 16
  74 0063 F9 A4 01 02             		mov.B	#2, 1[r10]
  42:C:/Users/John/Desktop/workspace/miniwinwm/MiniWin/gl/fonts/truetype/mcufont\mf_encoding.c ****         tmp = 0x20;
  75                             		.loc 1 42 13
  76 0067 F8 A4 20                		mov.B	#32, [r10]
  43:C:/Users/John/Desktop/workspace/miniwinwm/MiniWin/gl/fonts/truetype/mcufont\mf_encoding.c ****         result = 0;
  77                             		.loc 1 43 16
  78 006a F9 A5 01 00             		mov.W	#0, 2[r10]
  44:C:/Users/John/Desktop/workspace/miniwinwm/MiniWin/gl/fonts/truetype/mcufont\mf_encoding.c ****         while ((c & tmp) && (seqlen < 5))
  79                             		.loc 1 44 15
  80 006e 2E 35                   		bra	.L7
  81                             	.L9:
  45:C:/Users/John/Desktop/workspace/miniwinwm/MiniWin/gl/fonts/truetype/mcufont\mf_encoding.c ****         {
  46:C:/Users/John/Desktop/workspace/miniwinwm/MiniWin/gl/fonts/truetype/mcufont\mf_encoding.c ****             seqlen++;
  82                             		.loc 1 46 19
  83 0070 CD A5 01                		mov.B	1[r10], r5
  84 0073 62 15                   		add	#1, r5
  85 0075 C7 A5 01                		mov.B	r5, 1[r10]
  47:C:/Users/John/Desktop/workspace/miniwinwm/MiniWin/gl/fonts/truetype/mcufont\mf_encoding.c ****             tmp >>= 1;
  86                             		.loc 1 47 17
  87 0078 58 A5                   		movu.B	[r10], r5
  88 007a 68 15                   		shlr	#1, r5
  89 007c C3 A5                   		mov.B	r5, [r10]
  48:C:/Users/John/Desktop/workspace/miniwinwm/MiniWin/gl/fonts/truetype/mcufont\mf_encoding.c ****             
  49:C:/Users/John/Desktop/workspace/miniwinwm/MiniWin/gl/fonts/truetype/mcufont\mf_encoding.c ****             result = (result << 6) | (**str & 0x3F);
  90                             		.loc 1 49 30
  91 007e 5D A5 01                		movu.W	2[r10], r5
  92 0081 6C 65                   		shll	#6, r5
  93                             		.loc 1 49 36
  94 0083 DF 54                   		mov.W	r5, r4
  95                             		.loc 1 49 40
  96 0085 ED A5 02                		mov.L	8[r10], r5
  97 0088 EC 55                   		mov.L	[r5], r5
  98                             		.loc 1 49 39
  99 008a CC 55                   		mov.B	[r5], r5
 100 008c 5B 55                   		movu.B	r5, r5
 101                             		.loc 1 49 45
 102 008e 75 25 3F                		and	#63, r5
 103                             		.loc 1 49 36
 104 0091 57 45                   		or	r4, r5
 105                             		.loc 1 49 20
 106 0093 D7 A5 01                		mov.W	r5, 2[r10]
  50:C:/Users/John/Desktop/workspace/miniwinwm/MiniWin/gl/fonts/truetype/mcufont\mf_encoding.c ****             (*str)++;
 107                             		.loc 1 50 14
 108 0096 ED A5 02                		mov.L	8[r10], r5
 109 0099 EC 55                   		mov.L	[r5], r5
 110                             		.loc 1 50 19
 111 009b 71 54 01                		add	#1, r5, r4
 112 009e ED A5 02                		mov.L	8[r10], r5
 113 00a1 E3 54                   		mov.L	r4, [r5]
 114                             	.L7:
  44:C:/Users/John/Desktop/workspace/miniwinwm/MiniWin/gl/fonts/truetype/mcufont\mf_encoding.c ****         {
 115                             		.loc 1 44 16
 116 00a3 CD A4 04                		mov.B	4[r10], r4
 117 00a6 CC A5                   		mov.B	[r10], r5
 118 00a8 53 45                   		and	r4, r5
  44:C:/Users/John/Desktop/workspace/miniwinwm/MiniWin/gl/fonts/truetype/mcufont\mf_encoding.c ****         {
 119                             		.loc 1 44 15
 120 00aa 5B 55                   		movu.B	r5, r5
 121 00ac 61 05                   		cmp	#0, r5
 122 00ae 10                      		beq	.L8
  44:C:/Users/John/Desktop/workspace/miniwinwm/MiniWin/gl/fonts/truetype/mcufont\mf_encoding.c ****         {
 123                             		.loc 1 44 26 discriminator 1
 124 00af 59 A5 01                		movu.B	1[r10], r5
 125 00b2 61 45                   		cmp	#4, r5
 126 00b4 25 BC                   		bleu	.L9
 127                             	.L8:
  51:C:/Users/John/Desktop/workspace/miniwinwm/MiniWin/gl/fonts/truetype/mcufont\mf_encoding.c ****         }
  52:C:/Users/John/Desktop/workspace/miniwinwm/MiniWin/gl/fonts/truetype/mcufont\mf_encoding.c ****         
  53:C:/Users/John/Desktop/workspace/miniwinwm/MiniWin/gl/fonts/truetype/mcufont\mf_encoding.c ****         result = (result << 6) | (**str & 0x3F);
 128                             		.loc 1 53 26
 129 00b6 5D A5 01                		movu.W	2[r10], r5
 130 00b9 6C 65                   		shll	#6, r5
 131                             		.loc 1 53 32
 132 00bb DF 54                   		mov.W	r5, r4
 133                             		.loc 1 53 36
 134 00bd ED A5 02                		mov.L	8[r10], r5
 135 00c0 EC 55                   		mov.L	[r5], r5
 136                             		.loc 1 53 35
 137 00c2 CC 55                   		mov.B	[r5], r5
 138 00c4 5B 55                   		movu.B	r5, r5
 139                             		.loc 1 53 41
 140 00c6 75 25 3F                		and	#63, r5
 141                             		.loc 1 53 32
 142 00c9 57 45                   		or	r4, r5
 143                             		.loc 1 53 16
 144 00cb D7 A5 01                		mov.W	r5, 2[r10]
  54:C:/Users/John/Desktop/workspace/miniwinwm/MiniWin/gl/fonts/truetype/mcufont\mf_encoding.c ****         (*str)++;
 145                             		.loc 1 54 10
 146 00ce ED A5 02                		mov.L	8[r10], r5
 147 00d1 EC 55                   		mov.L	[r5], r5
 148                             		.loc 1 54 15
 149 00d3 71 54 01                		add	#1, r5, r4
 150 00d6 ED A5 02                		mov.L	8[r10], r5
 151 00d9 E3 54                   		mov.L	r4, [r5]
  55:C:/Users/John/Desktop/workspace/miniwinwm/MiniWin/gl/fonts/truetype/mcufont\mf_encoding.c ****         
  56:C:/Users/John/Desktop/workspace/miniwinwm/MiniWin/gl/fonts/truetype/mcufont\mf_encoding.c ****         result |= (c & (tmp - 1)) << ((seqlen - 1) * 6);
 152                             		.loc 1 56 22
 153 00db 59 A4 04                		movu.B	4[r10], r4
 154                             		.loc 1 56 29
 155 00de 58 A5                   		movu.B	[r10], r5
 156 00e0 60 15                   		sub	#1, r5
 157                             		.loc 1 56 22
 158 00e2 53 54                   		and	r5, r4
 159                             		.loc 1 56 47
 160 00e4 59 A5 01                		movu.B	1[r10], r5
 161 00e7 60 15                   		sub	#1, r5
 162                             		.loc 1 56 52
 163 00e9 63 65                   		mul	#6, r5
 164                             		.loc 1 56 35
 165 00eb EF 47                   		mov.L	r4, r7
 166 00ed FD 62 57                		shll	r5, r7
 167 00f0 EF 75                   		mov.L	r7, r5
 168                             		.loc 1 56 16
 169 00f2 DF 54                   		mov.W	r5, r4
 170 00f4 DD A5 01                		mov.W	2[r10], r5
 171 00f7 57 45                   		or	r4, r5
 172 00f9 D7 A5 01                		mov.W	r5, 2[r10]
  57:C:/Users/John/Desktop/workspace/miniwinwm/MiniWin/gl/fonts/truetype/mcufont\mf_encoding.c ****         return result;
 173                             		.loc 1 57 16
 174 00fc DD A5 01                		mov.W	2[r10], r5
 175 00ff 03                      		.balign 8,3,1
 176                             	.L3:
 177 0100 5B 55                   		movu.B	r5, r5
  58:C:/Users/John/Desktop/workspace/miniwinwm/MiniWin/gl/fonts/truetype/mcufont\mf_encoding.c ****     }
  59:C:/Users/John/Desktop/workspace/miniwinwm/MiniWin/gl/fonts/truetype/mcufont\mf_encoding.c **** }
 178                             		.loc 1 59 1
 179 0102 EF 51                   		mov.L	r5, r1
 180 0104 3F 7A 07                		rtsd	#28, r7-r10
 181                             	.LFE0:
 183 0107 03                      		.section	.text.mf_rewind,"ax",@progbits
 184                             		.global	_mf_rewind
 186                             	_mf_rewind:
 187                             	.LFB1:
  60:C:/Users/John/Desktop/workspace/miniwinwm/MiniWin/gl/fonts/truetype/mcufont\mf_encoding.c **** 
  61:C:/Users/John/Desktop/workspace/miniwinwm/MiniWin/gl/fonts/truetype/mcufont\mf_encoding.c **** void mf_rewind(mf_str *str)
  62:C:/Users/John/Desktop/workspace/miniwinwm/MiniWin/gl/fonts/truetype/mcufont\mf_encoding.c **** {
 188                             		.loc 1 62 1
 189 0000 7E AA                   		push.l	r10
 190                             	.LCFI2:
 191 0002 71 0A FC                		add	#-4, r0, r10
 192                             	.LCFI3:
 193 0005 EF A0                   		mov.L	r10, r0
 194 0007 E3 A1                   		mov.L	r1, [r10]
  63:C:/Users/John/Desktop/workspace/miniwinwm/MiniWin/gl/fonts/truetype/mcufont\mf_encoding.c ****     (*str)--;
 195                             		.loc 1 63 6
 196 0009 EC A5                   		mov.L	[r10], r5
 197 000b EC 55                   		mov.L	[r5], r5
 198                             		.loc 1 63 11
 199 000d 71 54 FF                		add	#-1, r5, r4
 200 0010 EC A5                   		mov.L	[r10], r5
 201 0012 E3 54                   		mov.L	r4, [r5]
  64:C:/Users/John/Desktop/workspace/miniwinwm/MiniWin/gl/fonts/truetype/mcufont\mf_encoding.c ****     
  65:C:/Users/John/Desktop/workspace/miniwinwm/MiniWin/gl/fonts/truetype/mcufont\mf_encoding.c ****     while ((**str & 0x80) != 0x00 && (**str & 0xC0) != 0xC0)
 202                             		.loc 1 65 11
 203 0014 2E 0D                   		bra	.L11
 204                             	.L13:
  66:C:/Users/John/Desktop/workspace/miniwinwm/MiniWin/gl/fonts/truetype/mcufont\mf_encoding.c ****         (*str)--;
 205                             		.loc 1 66 10
 206 0016 EC A5                   		mov.L	[r10], r5
 207 0018 EC 55                   		mov.L	[r5], r5
 208                             		.loc 1 66 15
 209 001a 71 54 FF                		add	#-1, r5, r4
 210 001d EC A5                   		mov.L	[r10], r5
 211 001f E3 54                   		mov.L	r4, [r5]
 212                             	.L11:
  65:C:/Users/John/Desktop/workspace/miniwinwm/MiniWin/gl/fonts/truetype/mcufont\mf_encoding.c ****         (*str)--;
 213                             		.loc 1 65 14
 214 0021 EC A5                   		mov.L	[r10], r5
 215 0023 EC 55                   		mov.L	[r5], r5
  65:C:/Users/John/Desktop/workspace/miniwinwm/MiniWin/gl/fonts/truetype/mcufont\mf_encoding.c ****         (*str)--;
 216                             		.loc 1 65 13
 217 0025 CC 55                   		mov.B	[r5], r5
  65:C:/Users/John/Desktop/workspace/miniwinwm/MiniWin/gl/fonts/truetype/mcufont\mf_encoding.c ****         (*str)--;
 218                             		.loc 1 65 11
 219 0027 CF 55                   		mov.B	r5, r5
 220 0029 61 05                   		cmp	#0, r5
 221 002b 28 13                   		bge	.L14
  65:C:/Users/John/Desktop/workspace/miniwinwm/MiniWin/gl/fonts/truetype/mcufont\mf_encoding.c ****         (*str)--;
 222                             		.loc 1 65 40 discriminator 1
 223 002d EC A5                   		mov.L	[r10], r5
 224 002f EC 55                   		mov.L	[r5], r5
  65:C:/Users/John/Desktop/workspace/miniwinwm/MiniWin/gl/fonts/truetype/mcufont\mf_encoding.c ****         (*str)--;
 225                             		.loc 1 65 39 discriminator 1
 226 0031 CC 55                   		mov.B	[r5], r5
  65:C:/Users/John/Desktop/workspace/miniwinwm/MiniWin/gl/fonts/truetype/mcufont\mf_encoding.c ****         (*str)--;
 227                             		.loc 1 65 45 discriminator 1
 228 0033 5B 55                   		movu.B	r5, r5
 229 0035 76 25 C0 00             		and	#0xc0, r5
  65:C:/Users/John/Desktop/workspace/miniwinwm/MiniWin/gl/fonts/truetype/mcufont\mf_encoding.c ****         (*str)--;
 230                             		.loc 1 65 35 discriminator 1
 231 0039 75 55 C0                		cmp	#0xc0, r5
 232 003c 21 DA                   		bne	.L13
 233                             	.L14:
  67:C:/Users/John/Desktop/workspace/miniwinwm/MiniWin/gl/fonts/truetype/mcufont\mf_encoding.c **** }
 234                             		.loc 1 67 1
 235 003e 03                      		nop
 236 003f 3F AA 02                		rtsd	#8, r10-r10
 237                             	.LFE1:
 301                             	.Letext0:
 302                             		.file 2 "c:\\program files (x86)\\gcc for renesas rx 8.3.0.201904-gnurx-elf\\rx-elf\\rx-elf\\rx-el
 303                             		.file 3 "c:\\program files (x86)\\gcc for renesas rx 8.3.0.201904-gnurx-elf\\rx-elf\\rx-elf\\rx-el
 304                             		.file 4 "C:/Users/John/Desktop/workspace/miniwinwm/MiniWin/gl/fonts/truetype/mcufont/mf_encoding.h
