   1                             		.file	"mf_rlefont.c"
   2                             		.section P,"ax"
   3                             	.Ltext0:
   4                             		.section	.text.find_glyph,"ax",@progbits
   6                             	_find_glyph:
   7                             	.LFB0:
   8                             		.file 1 "C:/Users/John/Desktop/workspace/miniwinwm/MiniWin/gl/fonts/truetype/mcufont/mf_rlefont.c"
   1:C:/Users/John/Desktop/workspace/miniwinwm/MiniWin/gl/fonts/truetype/mcufont\mf_rlefont.c **** #include "mf_rlefont.h"
   2:C:/Users/John/Desktop/workspace/miniwinwm/MiniWin/gl/fonts/truetype/mcufont\mf_rlefont.c **** 
   3:C:/Users/John/Desktop/workspace/miniwinwm/MiniWin/gl/fonts/truetype/mcufont\mf_rlefont.c **** /* Number of reserved codes before the dictionary entries. */
   4:C:/Users/John/Desktop/workspace/miniwinwm/MiniWin/gl/fonts/truetype/mcufont\mf_rlefont.c **** #define DICT_START 24
   5:C:/Users/John/Desktop/workspace/miniwinwm/MiniWin/gl/fonts/truetype/mcufont\mf_rlefont.c **** 
   6:C:/Users/John/Desktop/workspace/miniwinwm/MiniWin/gl/fonts/truetype/mcufont\mf_rlefont.c **** /* Special reference to mean "fill with zeros to the end of the glyph" */
   7:C:/Users/John/Desktop/workspace/miniwinwm/MiniWin/gl/fonts/truetype/mcufont\mf_rlefont.c **** #define REF_FILLZEROS 16
   8:C:/Users/John/Desktop/workspace/miniwinwm/MiniWin/gl/fonts/truetype/mcufont\mf_rlefont.c **** 
   9:C:/Users/John/Desktop/workspace/miniwinwm/MiniWin/gl/fonts/truetype/mcufont\mf_rlefont.c **** /* RLE codes */
  10:C:/Users/John/Desktop/workspace/miniwinwm/MiniWin/gl/fonts/truetype/mcufont\mf_rlefont.c **** #define RLE_CODEMASK    0xC0
  11:C:/Users/John/Desktop/workspace/miniwinwm/MiniWin/gl/fonts/truetype/mcufont\mf_rlefont.c **** #define RLE_VALMASK     0x3F
  12:C:/Users/John/Desktop/workspace/miniwinwm/MiniWin/gl/fonts/truetype/mcufont\mf_rlefont.c **** #define RLE_ZEROS       0x00
  13:C:/Users/John/Desktop/workspace/miniwinwm/MiniWin/gl/fonts/truetype/mcufont\mf_rlefont.c **** #define RLE_64ZEROS     0x40
  14:C:/Users/John/Desktop/workspace/miniwinwm/MiniWin/gl/fonts/truetype/mcufont\mf_rlefont.c **** #define RLE_ONES        0x80
  15:C:/Users/John/Desktop/workspace/miniwinwm/MiniWin/gl/fonts/truetype/mcufont\mf_rlefont.c **** #define RLE_SHADE       0xC0
  16:C:/Users/John/Desktop/workspace/miniwinwm/MiniWin/gl/fonts/truetype/mcufont\mf_rlefont.c **** 
  17:C:/Users/John/Desktop/workspace/miniwinwm/MiniWin/gl/fonts/truetype/mcufont\mf_rlefont.c **** /* Dictionary "fill entries" for encoding bits directly. */
  18:C:/Users/John/Desktop/workspace/miniwinwm/MiniWin/gl/fonts/truetype/mcufont\mf_rlefont.c **** #define DICT_START7BIT  4
  19:C:/Users/John/Desktop/workspace/miniwinwm/MiniWin/gl/fonts/truetype/mcufont\mf_rlefont.c **** #define DICT_START6BIT  132
  20:C:/Users/John/Desktop/workspace/miniwinwm/MiniWin/gl/fonts/truetype/mcufont\mf_rlefont.c **** #define DICT_START5BIT  196
  21:C:/Users/John/Desktop/workspace/miniwinwm/MiniWin/gl/fonts/truetype/mcufont\mf_rlefont.c **** #define DICT_START4BIT  228
  22:C:/Users/John/Desktop/workspace/miniwinwm/MiniWin/gl/fonts/truetype/mcufont\mf_rlefont.c **** #define DICT_START3BIT  244
  23:C:/Users/John/Desktop/workspace/miniwinwm/MiniWin/gl/fonts/truetype/mcufont\mf_rlefont.c **** #define DICT_START2BIT  252
  24:C:/Users/John/Desktop/workspace/miniwinwm/MiniWin/gl/fonts/truetype/mcufont\mf_rlefont.c **** 
  25:C:/Users/John/Desktop/workspace/miniwinwm/MiniWin/gl/fonts/truetype/mcufont\mf_rlefont.c **** /* Find a pointer to the glyph matching a given character by searching
  26:C:/Users/John/Desktop/workspace/miniwinwm/MiniWin/gl/fonts/truetype/mcufont\mf_rlefont.c ****  * through the character ranges. If the character is not found, return
  27:C:/Users/John/Desktop/workspace/miniwinwm/MiniWin/gl/fonts/truetype/mcufont\mf_rlefont.c ****  * pointer to the default glyph.
  28:C:/Users/John/Desktop/workspace/miniwinwm/MiniWin/gl/fonts/truetype/mcufont\mf_rlefont.c ****  */
  29:C:/Users/John/Desktop/workspace/miniwinwm/MiniWin/gl/fonts/truetype/mcufont\mf_rlefont.c **** static const uint8_t *find_glyph(const struct mf_rlefont_s *font,
  30:C:/Users/John/Desktop/workspace/miniwinwm/MiniWin/gl/fonts/truetype/mcufont\mf_rlefont.c ****                                  uint16_t character)
  31:C:/Users/John/Desktop/workspace/miniwinwm/MiniWin/gl/fonts/truetype/mcufont\mf_rlefont.c **** {
   9                             		.loc 1 31 1
  10 0000 7E AA                   		push.l	r10
  11                             	.LCFI0:
  12 0002 71 0A E8                		add	#-24, r0, r10
  13                             	.LCFI1:
  14 0005 EF A0                   		mov.L	r10, r0
  15 0007 E7 A1 04                		mov.L	r1, 16[r10]
  16 000a D7 A2 0A                		mov.W	r2, 20[r10]
  32:C:/Users/John/Desktop/workspace/miniwinwm/MiniWin/gl/fonts/truetype/mcufont\mf_rlefont.c ****    unsigned i, index;
  33:C:/Users/John/Desktop/workspace/miniwinwm/MiniWin/gl/fonts/truetype/mcufont\mf_rlefont.c ****    const struct mf_rlefont_char_range_s *range;
  34:C:/Users/John/Desktop/workspace/miniwinwm/MiniWin/gl/fonts/truetype/mcufont\mf_rlefont.c ****    for (i = 0; i < font->char_range_count; i++)
  17                             		.loc 1 34 11
  18 000d F8 A6 00                		mov.L	#0, [r10]
  19                             		.loc 1 34 4
  20 0010 2E 5F                   		bra	.L2
  21                             	.L5:
  35:C:/Users/John/Desktop/workspace/miniwinwm/MiniWin/gl/fonts/truetype/mcufont\mf_rlefont.c ****    {
  36:C:/Users/John/Desktop/workspace/miniwinwm/MiniWin/gl/fonts/truetype/mcufont\mf_rlefont.c ****        range = &font->char_ranges[i];
  22                             		.loc 1 36 21
  23 0012 ED A5 04                		mov.L	16[r10], r5
  24 0015 AA DC                   		mov.L	44[r5], r4
  25                             		.loc 1 36 34
  26 0017 EC A5                   		mov.L	[r10], r5
  27 0019 63 C5                   		mul	#12, r5
  28                             		.loc 1 36 14
  29 001b 4B 45                   		add	r4, r5
  30 001d E7 A5 01                		mov.L	r5, 4[r10]
  37:C:/Users/John/Desktop/workspace/miniwinwm/MiniWin/gl/fonts/truetype/mcufont\mf_rlefont.c ****        index = character - range->first_char;
  31                             		.loc 1 37 26
  32 0020 5D A4 0A                		movu.W	20[r10], r4
  33                             		.loc 1 37 33
  34 0023 ED A5 01                		mov.L	4[r10], r5
  35 0026 DC 55                   		mov.W	[r5], r5
  36 0028 5F 55                   		movu.W	r5, r5
  37                             		.loc 1 37 26
  38 002a FF 05 54                		sub	r5, r4, r5
  39                             		.loc 1 37 14
  40 002d E7 A5 02                		mov.L	r5, 8[r10]
  38:C:/Users/John/Desktop/workspace/miniwinwm/MiniWin/gl/fonts/truetype/mcufont\mf_rlefont.c ****        if (character >= range->first_char && index < range->char_count)
  41                             		.loc 1 38 30
  42 0030 ED A5 01                		mov.L	4[r10], r5
  43 0033 DC 55                   		mov.W	[r5], r5
  44                             		.loc 1 38 11
  45 0035 5D A4 0A                		movu.W	20[r10], r4
  46 0038 5F 55                   		movu.W	r5, r5
  47 003a 47 54                   		cmp	r5, r4
  48 003c 23 2D                   		bltu	.L3
  49                             		.loc 1 38 59 discriminator 1
  50 003e ED A5 01                		mov.L	4[r10], r5
  51 0041 98 5D                   		mov.W	2[r5], r5
  52 0043 5F 55                   		movu.W	r5, r5
  53                             		.loc 1 38 43 discriminator 1
  54 0045 ED A4 02                		mov.L	8[r10], r4
  55 0048 47 54                   		cmp	r5, r4
  56 004a 22 1F                   		bgeu	.L3
  57                             	.LBB2:
  39:C:/Users/John/Desktop/workspace/miniwinwm/MiniWin/gl/fonts/truetype/mcufont\mf_rlefont.c ****        {
  40:C:/Users/John/Desktop/workspace/miniwinwm/MiniWin/gl/fonts/truetype/mcufont\mf_rlefont.c ****            uint16_t offset = pgm_read_word(range->glyph_offsets + index);
  58                             		.loc 1 40 30
  59 004c ED A5 01                		mov.L	4[r10], r5
  60 004f A8 5C                   		mov.L	4[r5], r4
  61 0051 ED A5 02                		mov.L	8[r10], r5
  62 0054 4B 55                   		add	r5, r5
  63 0056 4B 45                   		add	r4, r5
  64                             		.loc 1 40 21
  65 0058 DC 55                   		mov.W	[r5], r5
  66 005a D7 A5 06                		mov.W	r5, 12[r10]
  41:C:/Users/John/Desktop/workspace/miniwinwm/MiniWin/gl/fonts/truetype/mcufont\mf_rlefont.c ****            return &range->glyph_data[offset];
  67                             		.loc 1 41 25
  68 005d ED A5 01                		mov.L	4[r10], r5
  69 0060 A8 D4                   		mov.L	8[r5], r4
  70                             		.loc 1 41 19
  71 0062 5D A5 06                		movu.W	12[r10], r5
  72 0065 4B 45                   		add	r4, r5
  73 0067 2E 18                   		bra	.L4
  74                             	.L3:
  75                             	.LBE2:
  34:C:/Users/John/Desktop/workspace/miniwinwm/MiniWin/gl/fonts/truetype/mcufont\mf_rlefont.c ****    {
  76                             		.loc 1 34 45 discriminator 2
  77 0069 EC A5                   		mov.L	[r10], r5
  78 006b 62 15                   		add	#1, r5
  79 006d E3 A5                   		mov.L	r5, [r10]
  80                             	.L2:
  34:C:/Users/John/Desktop/workspace/miniwinwm/MiniWin/gl/fonts/truetype/mcufont\mf_rlefont.c ****    {
  81                             		.loc 1 34 24 discriminator 1
  82 006f ED A5 04                		mov.L	16[r10], r5
  83 0072 CD 55 2A                		mov.B	42[r5], r5
  84 0075 5B 55                   		movu.B	r5, r5
  34:C:/Users/John/Desktop/workspace/miniwinwm/MiniWin/gl/fonts/truetype/mcufont\mf_rlefont.c ****    {
  85                             		.loc 1 34 4 discriminator 1
  86 0077 EC A4                   		mov.L	[r10], r4
  87 0079 47 54                   		cmp	r5, r4
  88 007b 23 97                   		bltu	.L5
  42:C:/Users/John/Desktop/workspace/miniwinwm/MiniWin/gl/fonts/truetype/mcufont\mf_rlefont.c ****        }
  43:C:/Users/John/Desktop/workspace/miniwinwm/MiniWin/gl/fonts/truetype/mcufont\mf_rlefont.c ****    }
  44:C:/Users/John/Desktop/workspace/miniwinwm/MiniWin/gl/fonts/truetype/mcufont\mf_rlefont.c **** 
  45:C:/Users/John/Desktop/workspace/miniwinwm/MiniWin/gl/fonts/truetype/mcufont\mf_rlefont.c ****    return 0;
  89                             		.loc 1 45 11
  90 007d 66 05                   		mov.L	#0, r5
  91                             	.L4:
  46:C:/Users/John/Desktop/workspace/miniwinwm/MiniWin/gl/fonts/truetype/mcufont\mf_rlefont.c **** }
  92                             		.loc 1 46 1
  93 007f EF 51                   		mov.L	r5, r1
  94 0081 3F AA 07                		rtsd	#28, r10-r10
  95                             	.LFE0:
  97                             		.section	.text.write_pixels,"ax",@progbits
  99                             	_write_pixels:
 100                             	.LFB1:
  47:C:/Users/John/Desktop/workspace/miniwinwm/MiniWin/gl/fonts/truetype/mcufont\mf_rlefont.c **** 
  48:C:/Users/John/Desktop/workspace/miniwinwm/MiniWin/gl/fonts/truetype/mcufont\mf_rlefont.c **** /* Structure to keep track of coordinates of the next pixel to be written,
  49:C:/Users/John/Desktop/workspace/miniwinwm/MiniWin/gl/fonts/truetype/mcufont\mf_rlefont.c ****  * and also the bounds of the character. */
  50:C:/Users/John/Desktop/workspace/miniwinwm/MiniWin/gl/fonts/truetype/mcufont\mf_rlefont.c **** struct renderstate_r
  51:C:/Users/John/Desktop/workspace/miniwinwm/MiniWin/gl/fonts/truetype/mcufont\mf_rlefont.c **** {
  52:C:/Users/John/Desktop/workspace/miniwinwm/MiniWin/gl/fonts/truetype/mcufont\mf_rlefont.c ****     int16_t x_begin;
  53:C:/Users/John/Desktop/workspace/miniwinwm/MiniWin/gl/fonts/truetype/mcufont\mf_rlefont.c ****     int16_t x_end;
  54:C:/Users/John/Desktop/workspace/miniwinwm/MiniWin/gl/fonts/truetype/mcufont\mf_rlefont.c ****     int16_t x;
  55:C:/Users/John/Desktop/workspace/miniwinwm/MiniWin/gl/fonts/truetype/mcufont\mf_rlefont.c ****     int16_t y;
  56:C:/Users/John/Desktop/workspace/miniwinwm/MiniWin/gl/fonts/truetype/mcufont\mf_rlefont.c ****     int16_t y_end;
  57:C:/Users/John/Desktop/workspace/miniwinwm/MiniWin/gl/fonts/truetype/mcufont\mf_rlefont.c ****     mf_pixel_callback_t callback;
  58:C:/Users/John/Desktop/workspace/miniwinwm/MiniWin/gl/fonts/truetype/mcufont\mf_rlefont.c ****     void *state;
  59:C:/Users/John/Desktop/workspace/miniwinwm/MiniWin/gl/fonts/truetype/mcufont\mf_rlefont.c **** };
  60:C:/Users/John/Desktop/workspace/miniwinwm/MiniWin/gl/fonts/truetype/mcufont\mf_rlefont.c **** 
  61:C:/Users/John/Desktop/workspace/miniwinwm/MiniWin/gl/fonts/truetype/mcufont\mf_rlefont.c **** /* Call the callback to write one pixel to screen, and advance to next
  62:C:/Users/John/Desktop/workspace/miniwinwm/MiniWin/gl/fonts/truetype/mcufont\mf_rlefont.c ****  * pixel position. */
  63:C:/Users/John/Desktop/workspace/miniwinwm/MiniWin/gl/fonts/truetype/mcufont\mf_rlefont.c **** static void write_pixels(struct renderstate_r *rstate, uint16_t count,
  64:C:/Users/John/Desktop/workspace/miniwinwm/MiniWin/gl/fonts/truetype/mcufont\mf_rlefont.c ****                          uint8_t alpha)
  65:C:/Users/John/Desktop/workspace/miniwinwm/MiniWin/gl/fonts/truetype/mcufont\mf_rlefont.c **** {
 101                             		.loc 1 65 1
 102 0000 7E AA                   		push.l	r10
 103                             	.LCFI2:
 104 0002 71 0A F4                		add	#-12, r0, r10
 105                             	.LCFI3:
 106 0005 71 A0 FC                		add	#-4, r10, r0
 107                             	.LCFI4:
 108 0008 E7 A1 01                		mov.L	r1, 4[r10]
 109 000b D7 A2 04                		mov.W	r2, 8[r10]
 110 000e C7 A3 0A                		mov.B	r3, 10[r10]
  66:C:/Users/John/Desktop/workspace/miniwinwm/MiniWin/gl/fonts/truetype/mcufont\mf_rlefont.c ****     uint8_t rowlen;
  67:C:/Users/John/Desktop/workspace/miniwinwm/MiniWin/gl/fonts/truetype/mcufont\mf_rlefont.c ****     
  68:C:/Users/John/Desktop/workspace/miniwinwm/MiniWin/gl/fonts/truetype/mcufont\mf_rlefont.c ****     /* Write row-by-row if the run spans multiple rows. */
  69:C:/Users/John/Desktop/workspace/miniwinwm/MiniWin/gl/fonts/truetype/mcufont\mf_rlefont.c ****     while (rstate->x + count >= rstate->x_end)
 111                             		.loc 1 69 11
 112 0011 2E 53                   		bra	.L7
 113                             	.L8:
  70:C:/Users/John/Desktop/workspace/miniwinwm/MiniWin/gl/fonts/truetype/mcufont\mf_rlefont.c ****     {
  71:C:/Users/John/Desktop/workspace/miniwinwm/MiniWin/gl/fonts/truetype/mcufont\mf_rlefont.c ****         rowlen = rstate->x_end - rstate->x;
 114                             		.loc 1 71 24
 115 0013 ED A5 01                		mov.L	4[r10], r5
 116 0016 98 5D                   		mov.W	2[r5], r5
 117                             		.loc 1 71 32
 118 0018 CF 54                   		mov.B	r5, r4
 119                             		.loc 1 71 40
 120 001a ED A5 01                		mov.L	4[r10], r5
 121 001d 98 D5                   		mov.W	4[r5], r5
 122                             		.loc 1 71 16
 123 001f FF 05 54                		sub	r5, r4, r5
 124 0022 C3 A5                   		mov.B	r5, [r10]
  72:C:/Users/John/Desktop/workspace/miniwinwm/MiniWin/gl/fonts/truetype/mcufont\mf_rlefont.c ****         rstate->callback(rstate->x, rstate->y, rowlen, alpha, rstate->state);
 125                             		.loc 1 72 15
 126 0024 ED A5 01                		mov.L	4[r10], r5
 127 0027 A8 DD                   		mov.L	12[r5], r5
 128                             		.loc 1 72 9
 129 0029 ED A4 01                		mov.L	4[r10], r4
 130 002c 98 C1                   		mov.W	4[r4], r1
 131 002e ED A4 01                		mov.L	4[r10], r4
 132 0031 98 CA                   		mov.W	6[r4], r2
 133 0033 ED A4 01                		mov.L	4[r10], r4
 134 0036 A9 44                   		mov.L	16[r4], r4
 135 0038 E3 04                   		mov.L	r4, [r0]
 136 003a CD A4 0A                		mov.B	10[r10], r4
 137 003d CC A3                   		mov.B	[r10], r3
 138 003f 7F 15                   		jsr	r5
 139                             	.LVL0:
  73:C:/Users/John/Desktop/workspace/miniwinwm/MiniWin/gl/fonts/truetype/mcufont\mf_rlefont.c ****         count -= rowlen;
 140                             		.loc 1 73 15
 141 0041 58 A5                   		movu.B	[r10], r5
 142 0043 DD A4 04                		mov.W	8[r10], r4
 143 0046 FF 05 54                		sub	r5, r4, r5
 144 0049 D7 A5 04                		mov.W	r5, 8[r10]
  74:C:/Users/John/Desktop/workspace/miniwinwm/MiniWin/gl/fonts/truetype/mcufont\mf_rlefont.c ****         rstate->x = rstate->x_begin;
 145                             		.loc 1 74 27
 146 004c ED A5 01                		mov.L	4[r10], r5
 147 004f DC 54                   		mov.W	[r5], r4
 148                             		.loc 1 74 19
 149 0051 ED A5 01                		mov.L	4[r10], r5
 150 0054 90 D4                   		mov.W	r4, 4[r5]
  75:C:/Users/John/Desktop/workspace/miniwinwm/MiniWin/gl/fonts/truetype/mcufont\mf_rlefont.c ****         rstate->y++;
 151                             		.loc 1 75 15
 152 0056 ED A5 01                		mov.L	4[r10], r5
 153 0059 98 DD                   		mov.W	6[r5], r5
 154                             		.loc 1 75 18
 155 005b 62 15                   		add	#1, r5
 156 005d DF 54                   		mov.W	r5, r4
 157 005f ED A5 01                		mov.L	4[r10], r5
 158 0062 90 DC                   		mov.W	r4, 6[r5]
 159                             	.L7:
  69:C:/Users/John/Desktop/workspace/miniwinwm/MiniWin/gl/fonts/truetype/mcufont\mf_rlefont.c ****     {
 160                             		.loc 1 69 18
 161 0064 ED A5 01                		mov.L	4[r10], r5
 162 0067 98 D5                   		mov.W	4[r5], r5
 163 0069 DF 54                   		mov.W	r5, r4
  69:C:/Users/John/Desktop/workspace/miniwinwm/MiniWin/gl/fonts/truetype/mcufont\mf_rlefont.c ****     {
 164                             		.loc 1 69 22
 165 006b 5D A5 04                		movu.W	8[r10], r5
 166 006e 4B 54                   		add	r5, r4
  69:C:/Users/John/Desktop/workspace/miniwinwm/MiniWin/gl/fonts/truetype/mcufont\mf_rlefont.c ****     {
 167                             		.loc 1 69 39
 168 0070 ED A5 01                		mov.L	4[r10], r5
 169 0073 98 5D                   		mov.W	2[r5], r5
 170 0075 DF 55                   		mov.W	r5, r5
  69:C:/Users/John/Desktop/workspace/miniwinwm/MiniWin/gl/fonts/truetype/mcufont\mf_rlefont.c ****     {
 171                             		.loc 1 69 11
 172 0077 47 54                   		cmp	r5, r4
 173 0079 28 9A                   		bge	.L8
  76:C:/Users/John/Desktop/workspace/miniwinwm/MiniWin/gl/fonts/truetype/mcufont\mf_rlefont.c ****     }
  77:C:/Users/John/Desktop/workspace/miniwinwm/MiniWin/gl/fonts/truetype/mcufont\mf_rlefont.c ****     
  78:C:/Users/John/Desktop/workspace/miniwinwm/MiniWin/gl/fonts/truetype/mcufont\mf_rlefont.c ****     /* Write the remaining part */
  79:C:/Users/John/Desktop/workspace/miniwinwm/MiniWin/gl/fonts/truetype/mcufont\mf_rlefont.c ****     if (count)
 174                             		.loc 1 79 8
 175 007b 5D A5 04                		movu.W	8[r10], r5
 176 007e 61 05                   		cmp	#0, r5
 177 0080 20 33                   		beq	.L10
  80:C:/Users/John/Desktop/workspace/miniwinwm/MiniWin/gl/fonts/truetype/mcufont\mf_rlefont.c ****     {
  81:C:/Users/John/Desktop/workspace/miniwinwm/MiniWin/gl/fonts/truetype/mcufont\mf_rlefont.c ****         rstate->callback(rstate->x, rstate->y, count, alpha, rstate->state);
 178                             		.loc 1 81 15
 179 0082 ED A5 01                		mov.L	4[r10], r5
 180 0085 A8 DD                   		mov.L	12[r5], r5
 181                             		.loc 1 81 9
 182 0087 ED A4 01                		mov.L	4[r10], r4
 183 008a 98 C1                   		mov.W	4[r4], r1
 184 008c ED A4 01                		mov.L	4[r10], r4
 185 008f 98 CA                   		mov.W	6[r4], r2
 186 0091 DD A4 04                		mov.W	8[r10], r4
 187 0094 CF 43                   		mov.B	r4, r3
 188 0096 ED A4 01                		mov.L	4[r10], r4
 189 0099 A9 44                   		mov.L	16[r4], r4
 190 009b E3 04                   		mov.L	r4, [r0]
 191 009d CD A4 0A                		mov.B	10[r10], r4
 192 00a0 7F 15                   		jsr	r5
 193                             	.LVL1:
  82:C:/Users/John/Desktop/workspace/miniwinwm/MiniWin/gl/fonts/truetype/mcufont\mf_rlefont.c ****         rstate->x += count;
 194                             		.loc 1 82 19
 195 00a2 ED A5 01                		mov.L	4[r10], r5
 196 00a5 98 D5                   		mov.W	4[r5], r5
 197 00a7 DD A4 04                		mov.W	8[r10], r4
 198 00aa 4B 45                   		add	r4, r5
 199 00ac DF 54                   		mov.W	r5, r4
 200 00ae ED A5 01                		mov.L	4[r10], r5
 201 00b1 90 D4                   		mov.W	r4, 4[r5]
 202                             	.L10:
  83:C:/Users/John/Desktop/workspace/miniwinwm/MiniWin/gl/fonts/truetype/mcufont\mf_rlefont.c ****     }
  84:C:/Users/John/Desktop/workspace/miniwinwm/MiniWin/gl/fonts/truetype/mcufont\mf_rlefont.c **** }
 203                             		.loc 1 84 1
 204 00b3 03                      		nop
 205 00b4 3F AA 05                		rtsd	#20, r10-r10
 206                             	.LFE1:
 208                             		.section	.text.skip_pixels,"ax",@progbits
 210                             	_skip_pixels:
 211                             	.LFB2:
  85:C:/Users/John/Desktop/workspace/miniwinwm/MiniWin/gl/fonts/truetype/mcufont\mf_rlefont.c **** 
  86:C:/Users/John/Desktop/workspace/miniwinwm/MiniWin/gl/fonts/truetype/mcufont\mf_rlefont.c **** /* Skip the given number of pixels (0 alpha) */
  87:C:/Users/John/Desktop/workspace/miniwinwm/MiniWin/gl/fonts/truetype/mcufont\mf_rlefont.c **** static void skip_pixels(struct renderstate_r *rstate, uint16_t count)
  88:C:/Users/John/Desktop/workspace/miniwinwm/MiniWin/gl/fonts/truetype/mcufont\mf_rlefont.c **** {
 212                             		.loc 1 88 1
 213 0000 7E AA                   		push.l	r10
 214                             	.LCFI5:
 215 0002 71 0A F8                		add	#-8, r0, r10
 216                             	.LCFI6:
 217 0005 EF A0                   		mov.L	r10, r0
 218 0007 E3 A1                   		mov.L	r1, [r10]
 219 0009 D7 A2 02                		mov.W	r2, 4[r10]
  89:C:/Users/John/Desktop/workspace/miniwinwm/MiniWin/gl/fonts/truetype/mcufont\mf_rlefont.c ****     rstate->x += count;
 220                             		.loc 1 89 15
 221 000c EC A5                   		mov.L	[r10], r5
 222 000e 98 D5                   		mov.W	4[r5], r5
 223 0010 DD A4 02                		mov.W	4[r10], r4
 224 0013 4B 45                   		add	r4, r5
 225 0015 DF 54                   		mov.W	r5, r4
 226 0017 EC A5                   		mov.L	[r10], r5
 227 0019 90 D4                   		mov.W	r4, 4[r5]
  90:C:/Users/John/Desktop/workspace/miniwinwm/MiniWin/gl/fonts/truetype/mcufont\mf_rlefont.c ****     while (rstate->x >= rstate->x_end)
 228                             		.loc 1 90 11
 229 001b 2E 29                   		bra	.L12
 230                             	.L13:
  91:C:/Users/John/Desktop/workspace/miniwinwm/MiniWin/gl/fonts/truetype/mcufont\mf_rlefont.c ****     {
  92:C:/Users/John/Desktop/workspace/miniwinwm/MiniWin/gl/fonts/truetype/mcufont\mf_rlefont.c ****         rstate->x -= rstate->x_end - rstate->x_begin;
 231                             		.loc 1 92 19
 232 001d EC A5                   		mov.L	[r10], r5
 233 001f 98 D5                   		mov.W	4[r5], r5
 234 0021 DF 53                   		mov.W	r5, r3
 235                             		.loc 1 92 44
 236 0023 EC A5                   		mov.L	[r10], r5
 237 0025 DC 55                   		mov.W	[r5], r5
 238 0027 DF 54                   		mov.W	r5, r4
 239                             		.loc 1 92 28
 240 0029 EC A5                   		mov.L	[r10], r5
 241 002b 98 5D                   		mov.W	2[r5], r5
 242                             		.loc 1 92 19
 243 002d FF 05 54                		sub	r5, r4, r5
 244 0030 4B 35                   		add	r3, r5
 245 0032 DF 54                   		mov.W	r5, r4
 246 0034 EC A5                   		mov.L	[r10], r5
 247 0036 90 D4                   		mov.W	r4, 4[r5]
  93:C:/Users/John/Desktop/workspace/miniwinwm/MiniWin/gl/fonts/truetype/mcufont\mf_rlefont.c ****         rstate->y++;
 248                             		.loc 1 93 15
 249 0038 EC A5                   		mov.L	[r10], r5
 250 003a 98 DD                   		mov.W	6[r5], r5
 251                             		.loc 1 93 18
 252 003c 62 15                   		add	#1, r5
 253 003e DF 54                   		mov.W	r5, r4
 254 0040 EC A5                   		mov.L	[r10], r5
 255 0042 90 DC                   		mov.W	r4, 6[r5]
 256                             	.L12:
  90:C:/Users/John/Desktop/workspace/miniwinwm/MiniWin/gl/fonts/truetype/mcufont\mf_rlefont.c ****     while (rstate->x >= rstate->x_end)
 257                             		.loc 1 90 18
 258 0044 EC A5                   		mov.L	[r10], r5
 259 0046 98 D4                   		mov.W	4[r5], r4
  90:C:/Users/John/Desktop/workspace/miniwinwm/MiniWin/gl/fonts/truetype/mcufont\mf_rlefont.c ****     while (rstate->x >= rstate->x_end)
 260                             		.loc 1 90 31
 261 0048 EC A5                   		mov.L	[r10], r5
 262 004a 98 5D                   		mov.W	2[r5], r5
  90:C:/Users/John/Desktop/workspace/miniwinwm/MiniWin/gl/fonts/truetype/mcufont\mf_rlefont.c ****     while (rstate->x >= rstate->x_end)
 263                             		.loc 1 90 11
 264 004c DF 44                   		mov.W	r4, r4
 265 004e DF 55                   		mov.W	r5, r5
 266 0050 47 54                   		cmp	r5, r4
 267 0052 28 CB                   		bge	.L13
  94:C:/Users/John/Desktop/workspace/miniwinwm/MiniWin/gl/fonts/truetype/mcufont\mf_rlefont.c ****     }
  95:C:/Users/John/Desktop/workspace/miniwinwm/MiniWin/gl/fonts/truetype/mcufont\mf_rlefont.c **** }
 268                             		.loc 1 95 1
 269 0054 03                      		nop
 270 0055 3F AA 03                		rtsd	#12, r10-r10
 271                             	.LFE2:
 273                             		.section	.text.write_rle_dictentry,"ax",@progbits
 275                             	_write_rle_dictentry:
 276                             	.LFB3:
  96:C:/Users/John/Desktop/workspace/miniwinwm/MiniWin/gl/fonts/truetype/mcufont\mf_rlefont.c **** 
  97:C:/Users/John/Desktop/workspace/miniwinwm/MiniWin/gl/fonts/truetype/mcufont\mf_rlefont.c **** /* Decode and write out a RLE-encoded dictionary entry. */
  98:C:/Users/John/Desktop/workspace/miniwinwm/MiniWin/gl/fonts/truetype/mcufont\mf_rlefont.c **** static void write_rle_dictentry(const struct mf_rlefont_s *font,
  99:C:/Users/John/Desktop/workspace/miniwinwm/MiniWin/gl/fonts/truetype/mcufont\mf_rlefont.c ****                                 struct renderstate_r *rstate,
 100:C:/Users/John/Desktop/workspace/miniwinwm/MiniWin/gl/fonts/truetype/mcufont\mf_rlefont.c ****                                 uint8_t index)
 101:C:/Users/John/Desktop/workspace/miniwinwm/MiniWin/gl/fonts/truetype/mcufont\mf_rlefont.c **** {
 277                             		.loc 1 101 1
 278 0000 7E AA                   		push.l	r10
 279                             	.LCFI7:
 280 0002 71 0A E8                		add	#-24, r0, r10
 281                             	.LCFI8:
 282 0005 EF A0                   		mov.L	r10, r0
 283 0007 E7 A1 03                		mov.L	r1, 12[r10]
 284 000a E7 A2 04                		mov.L	r2, 16[r10]
 285 000d C7 A3 14                		mov.B	r3, 20[r10]
 102:C:/Users/John/Desktop/workspace/miniwinwm/MiniWin/gl/fonts/truetype/mcufont\mf_rlefont.c ****     uint16_t offset = pgm_read_word(font->dictionary_offsets + index);
 286                             		.loc 1 102 23
 287 0010 ED A5 03                		mov.L	12[r10], r5
 288 0013 AA 5C                   		mov.L	36[r5], r4
 289 0015 59 A5 14                		movu.B	20[r10], r5
 290 0018 4B 55                   		add	r5, r5
 291 001a 4B 45                   		add	r4, r5
 292                             		.loc 1 102 14
 293 001c DC 55                   		mov.W	[r5], r5
 294 001e D7 A5 01                		mov.W	r5, 2[r10]
 103:C:/Users/John/Desktop/workspace/miniwinwm/MiniWin/gl/fonts/truetype/mcufont\mf_rlefont.c ****     uint16_t length = pgm_read_word(font->dictionary_offsets + index + 1) - offset;
 295                             		.loc 1 103 23
 296 0021 ED A5 03                		mov.L	12[r10], r5
 297 0024 AA 5C                   		mov.L	36[r5], r4
 298 0026 59 A5 14                		movu.B	20[r10], r5
 299 0029 62 15                   		add	#1, r5
 300 002b 4B 55                   		add	r5, r5
 301 002d 4B 45                   		add	r4, r5
 302 002f DC 54                   		mov.W	[r5], r4
 303                             		.loc 1 103 14
 304 0031 DD A5 01                		mov.W	2[r10], r5
 305 0034 FF 05 54                		sub	r5, r4, r5
 306 0037 D7 A5 02                		mov.W	r5, 4[r10]
 104:C:/Users/John/Desktop/workspace/miniwinwm/MiniWin/gl/fonts/truetype/mcufont\mf_rlefont.c ****     uint16_t i;
 105:C:/Users/John/Desktop/workspace/miniwinwm/MiniWin/gl/fonts/truetype/mcufont\mf_rlefont.c ****     
 106:C:/Users/John/Desktop/workspace/miniwinwm/MiniWin/gl/fonts/truetype/mcufont\mf_rlefont.c ****     for (i = 0; i < length; i++)
 307                             		.loc 1 106 12
 308 003a F8 A5 00                		mov.W	#0, [r10]
 309                             		.loc 1 106 5
 310 003d 38 AD 00                		bra	.L15
 311                             	.L20:
 312                             	.LBB3:
 107:C:/Users/John/Desktop/workspace/miniwinwm/MiniWin/gl/fonts/truetype/mcufont\mf_rlefont.c ****     {
 108:C:/Users/John/Desktop/workspace/miniwinwm/MiniWin/gl/fonts/truetype/mcufont\mf_rlefont.c ****         uint8_t code = pgm_read_byte(font->dictionary_data + offset + i);
 313                             		.loc 1 108 24
 314 0040 ED A5 03                		mov.L	12[r10], r5
 315 0043 AA 53                   		mov.L	32[r5], r3
 316 0045 5D A4 01                		movu.W	2[r10], r4
 317 0048 5C A5                   		movu.W	[r10], r5
 318 004a 4B 45                   		add	r4, r5
 319 004c 4B 35                   		add	r3, r5
 320                             		.loc 1 108 17
 321 004e CC 55                   		mov.B	[r5], r5
 322 0050 C7 A5 06                		mov.B	r5, 6[r10]
 109:C:/Users/John/Desktop/workspace/miniwinwm/MiniWin/gl/fonts/truetype/mcufont\mf_rlefont.c ****         if ((code & RLE_CODEMASK) == RLE_ZEROS)
 323                             		.loc 1 109 19
 324 0053 59 A5 06                		movu.B	6[r10], r5
 325 0056 76 25 C0 00             		and	#0xc0, r5
 326                             		.loc 1 109 12
 327 005a 61 05                   		cmp	#0, r5
 328 005c 21 13                   		bne	.L16
 110:C:/Users/John/Desktop/workspace/miniwinwm/MiniWin/gl/fonts/truetype/mcufont\mf_rlefont.c ****         {
 111:C:/Users/John/Desktop/workspace/miniwinwm/MiniWin/gl/fonts/truetype/mcufont\mf_rlefont.c ****             skip_pixels(rstate, code & RLE_VALMASK);
 329                             		.loc 1 111 38
 330 005e 59 A5 06                		movu.B	6[r10], r5
 331                             		.loc 1 111 13
 332 0061 75 25 3F                		and	#63, r5
 333 0064 DF 52                   		mov.W	r5, r2
 334 0066 ED A1 04                		mov.L	16[r10], r1
 335 0069 05 00 00 00             		bsr	_skip_pixels
 336 006d 2E 77                   		bra	.L17
 337                             	.L16:
 112:C:/Users/John/Desktop/workspace/miniwinwm/MiniWin/gl/fonts/truetype/mcufont\mf_rlefont.c ****         }
 113:C:/Users/John/Desktop/workspace/miniwinwm/MiniWin/gl/fonts/truetype/mcufont\mf_rlefont.c ****         else if ((code & RLE_CODEMASK) == RLE_64ZEROS)
 338                             		.loc 1 113 24
 339 006f 59 A5 06                		movu.B	6[r10], r5
 340 0072 76 25 C0 00             		and	#0xc0, r5
 341                             		.loc 1 113 17
 342 0076 75 55 40                		cmp	#0x40, r5
 343 0079 21 17                   		bne	.L18
 114:C:/Users/John/Desktop/workspace/miniwinwm/MiniWin/gl/fonts/truetype/mcufont\mf_rlefont.c ****         {
 115:C:/Users/John/Desktop/workspace/miniwinwm/MiniWin/gl/fonts/truetype/mcufont\mf_rlefont.c ****             skip_pixels(rstate, ((code & RLE_VALMASK) + 1) * 64);
 344                             		.loc 1 115 40
 345 007b 59 A5 06                		movu.B	6[r10], r5
 346 007e 75 25 3F                		and	#63, r5
 347                             		.loc 1 115 55
 348 0081 62 15                   		add	#1, r5
 349                             		.loc 1 115 13
 350 0083 6C 65                   		shll	#6, r5
 351 0085 DF 52                   		mov.W	r5, r2
 352 0087 ED A1 04                		mov.L	16[r10], r1
 353 008a 05 00 00 00             		bsr	_skip_pixels
 354 008e 2E 56                   		bra	.L17
 355                             	.L18:
 116:C:/Users/John/Desktop/workspace/miniwinwm/MiniWin/gl/fonts/truetype/mcufont\mf_rlefont.c ****         }
 117:C:/Users/John/Desktop/workspace/miniwinwm/MiniWin/gl/fonts/truetype/mcufont\mf_rlefont.c ****         else if ((code & RLE_CODEMASK) == RLE_ONES)
 356                             		.loc 1 117 24
 357 0090 59 A5 06                		movu.B	6[r10], r5
 358 0093 76 25 C0 00             		and	#0xc0, r5
 359                             		.loc 1 117 17
 360 0097 75 55 80                		cmp	#0x80, r5
 361 009a 21 18                   		bne	.L19
 118:C:/Users/John/Desktop/workspace/miniwinwm/MiniWin/gl/fonts/truetype/mcufont\mf_rlefont.c ****         {
 119:C:/Users/John/Desktop/workspace/miniwinwm/MiniWin/gl/fonts/truetype/mcufont\mf_rlefont.c ****             write_pixels(rstate, (code & RLE_VALMASK) + 1, 255);
 362                             		.loc 1 119 40
 363 009c 59 A5 06                		movu.B	6[r10], r5
 364 009f 75 25 3F                		and	#63, r5
 365                             		.loc 1 119 13
 366 00a2 62 15                   		add	#1, r5
 367 00a4 FB 36 FF                		mov	#-1, r3
 368 00a7 DF 52                   		mov.W	r5, r2
 369 00a9 ED A1 04                		mov.L	16[r10], r1
 370 00ac 05 00 00 00             		bsr	_write_pixels
 371 00b0 2E 34                   		bra	.L17
 372                             	.L19:
 120:C:/Users/John/Desktop/workspace/miniwinwm/MiniWin/gl/fonts/truetype/mcufont\mf_rlefont.c ****         }
 121:C:/Users/John/Desktop/workspace/miniwinwm/MiniWin/gl/fonts/truetype/mcufont\mf_rlefont.c ****         else if ((code & RLE_CODEMASK) == RLE_SHADE)
 373                             		.loc 1 121 24
 374 00b2 59 A5 06                		movu.B	6[r10], r5
 375 00b5 76 25 C0 00             		and	#0xc0, r5
 376                             		.loc 1 121 17
 377 00b9 75 55 C0                		cmp	#0xc0, r5
 378 00bc 21 28                   		bne	.L17
 379                             	.LBB4:
 122:C:/Users/John/Desktop/workspace/miniwinwm/MiniWin/gl/fonts/truetype/mcufont\mf_rlefont.c ****         {
 123:C:/Users/John/Desktop/workspace/miniwinwm/MiniWin/gl/fonts/truetype/mcufont\mf_rlefont.c ****             uint8_t count, alpha;
 124:C:/Users/John/Desktop/workspace/miniwinwm/MiniWin/gl/fonts/truetype/mcufont\mf_rlefont.c ****             count = ((code & RLE_VALMASK) >> 4) + 1;
 380                             		.loc 1 124 43
 381 00be 59 A5 06                		movu.B	6[r10], r5
 382 00c1 6A 45                   		shar	#4, r5
 383 00c3 64 35                   		and	#3, r5
 384                             		.loc 1 124 19
 385 00c5 62 15                   		add	#1, r5
 386 00c7 C7 A5 07                		mov.B	r5, 7[r10]
 125:C:/Users/John/Desktop/workspace/miniwinwm/MiniWin/gl/fonts/truetype/mcufont\mf_rlefont.c ****             alpha = ((code & RLE_VALMASK) & 0xF) * 0x11;
 387                             		.loc 1 125 19
 388 00ca CD A5 06                		mov.B	6[r10], r5
 389 00cd 64 F5                   		and	#15, r5
 390 00cf 75 15 11                		mul	#17, r5
 391 00d2 C7 A5 08                		mov.B	r5, 8[r10]
 126:C:/Users/John/Desktop/workspace/miniwinwm/MiniWin/gl/fonts/truetype/mcufont\mf_rlefont.c ****             write_pixels(rstate, count, alpha);
 392                             		.loc 1 126 13
 393 00d5 59 A5 07                		movu.B	7[r10], r5
 394 00d8 CD A3 08                		mov.B	8[r10], r3
 395 00db DF 52                   		mov.W	r5, r2
 396 00dd ED A1 04                		mov.L	16[r10], r1
 397 00e0 05 00 00 00             		bsr	_write_pixels
 398                             		.balign 8,3,1
 399                             	.L17:
 400                             	.LBE4:
 401                             	.LBE3:
 106:C:/Users/John/Desktop/workspace/miniwinwm/MiniWin/gl/fonts/truetype/mcufont\mf_rlefont.c ****     {
 402                             		.loc 1 106 30 discriminator 2
 403 00e4 DC A5                   		mov.W	[r10], r5
 404 00e6 62 15                   		add	#1, r5
 405 00e8 D3 A5                   		mov.W	r5, [r10]
 406                             	.L15:
 106:C:/Users/John/Desktop/workspace/miniwinwm/MiniWin/gl/fonts/truetype/mcufont\mf_rlefont.c ****     {
 407                             		.loc 1 106 5 discriminator 1
 408 00ea 5C A4                   		movu.W	[r10], r4
 409 00ec 5D A5 02                		movu.W	4[r10], r5
 410 00ef 47 54                   		cmp	r5, r4
 411 00f1 22 05 38 4D FF          		bltu	.L20
 127:C:/Users/John/Desktop/workspace/miniwinwm/MiniWin/gl/fonts/truetype/mcufont\mf_rlefont.c ****         }
 128:C:/Users/John/Desktop/workspace/miniwinwm/MiniWin/gl/fonts/truetype/mcufont\mf_rlefont.c ****     }
 129:C:/Users/John/Desktop/workspace/miniwinwm/MiniWin/gl/fonts/truetype/mcufont\mf_rlefont.c **** }
 412                             		.loc 1 129 1
 413 00f6 03                      		nop
 414 00f7 3F AA 07                		rtsd	#28, r10-r10
 415                             	.LFE3:
 417 00fa 74 10 01 00 00 00       		.section	.text.fillentry_bitcount,"ax",@progbits
 419                             	_fillentry_bitcount:
 420                             	.LFB4:
 130:C:/Users/John/Desktop/workspace/miniwinwm/MiniWin/gl/fonts/truetype/mcufont\mf_rlefont.c **** 
 131:C:/Users/John/Desktop/workspace/miniwinwm/MiniWin/gl/fonts/truetype/mcufont\mf_rlefont.c **** /* Get bit count for the "fill entries" */
 132:C:/Users/John/Desktop/workspace/miniwinwm/MiniWin/gl/fonts/truetype/mcufont\mf_rlefont.c **** static uint8_t fillentry_bitcount(uint8_t index)
 133:C:/Users/John/Desktop/workspace/miniwinwm/MiniWin/gl/fonts/truetype/mcufont\mf_rlefont.c **** {
 421                             		.loc 1 133 1
 422 0000 7E AA                   		push.l	r10
 423                             	.LCFI9:
 424 0002 71 0A FC                		add	#-4, r0, r10
 425                             	.LCFI10:
 426 0005 EF A0                   		mov.L	r10, r0
 427 0007 C3 A1                   		mov.B	r1, [r10]
 134:C:/Users/John/Desktop/workspace/miniwinwm/MiniWin/gl/fonts/truetype/mcufont\mf_rlefont.c ****     if (index >= DICT_START2BIT)
 428                             		.loc 1 134 8
 429 0009 58 A5                   		movu.B	[r10], r5
 430 000b 75 55 FB                		cmp	#0xfb, r5
 431 000e 25 06                   		bleu	.L22
 135:C:/Users/John/Desktop/workspace/miniwinwm/MiniWin/gl/fonts/truetype/mcufont\mf_rlefont.c ****         return 2;
 432                             		.loc 1 135 16
 433 0010 66 25                   		mov	#2, r5
 434 0012 2E 2F                   		bra	.L23
 435                             	.L22:
 136:C:/Users/John/Desktop/workspace/miniwinwm/MiniWin/gl/fonts/truetype/mcufont\mf_rlefont.c ****     else if (index >= DICT_START3BIT)
 436                             		.loc 1 136 13
 437 0014 58 A5                   		movu.B	[r10], r5
 438 0016 75 55 F3                		cmp	#0xf3, r5
 439 0019 25 06                   		bleu	.L24
 137:C:/Users/John/Desktop/workspace/miniwinwm/MiniWin/gl/fonts/truetype/mcufont\mf_rlefont.c ****         return 3;
 440                             		.loc 1 137 16
 441 001b 66 35                   		mov	#3, r5
 442 001d 2E 24                   		bra	.L23
 443                             	.L24:
 138:C:/Users/John/Desktop/workspace/miniwinwm/MiniWin/gl/fonts/truetype/mcufont\mf_rlefont.c ****     else if (index >= DICT_START4BIT)
 444                             		.loc 1 138 13
 445 001f 58 A5                   		movu.B	[r10], r5
 446 0021 75 55 E3                		cmp	#0xe3, r5
 447 0024 25 06                   		bleu	.L25
 139:C:/Users/John/Desktop/workspace/miniwinwm/MiniWin/gl/fonts/truetype/mcufont\mf_rlefont.c ****         return 4;
 448                             		.loc 1 139 16
 449 0026 66 45                   		mov	#4, r5
 450 0028 2E 19                   		bra	.L23
 451                             	.L25:
 140:C:/Users/John/Desktop/workspace/miniwinwm/MiniWin/gl/fonts/truetype/mcufont\mf_rlefont.c ****     else if (index >= DICT_START5BIT)
 452                             		.loc 1 140 13
 453 002a 58 A5                   		movu.B	[r10], r5
 454 002c 75 55 C3                		cmp	#0xc3, r5
 455 002f 25 06                   		bleu	.L26
 141:C:/Users/John/Desktop/workspace/miniwinwm/MiniWin/gl/fonts/truetype/mcufont\mf_rlefont.c ****         return 5;
 456                             		.loc 1 141 16
 457 0031 66 55                   		mov	#5, r5
 458 0033 2E 0E                   		bra	.L23
 459                             	.L26:
 142:C:/Users/John/Desktop/workspace/miniwinwm/MiniWin/gl/fonts/truetype/mcufont\mf_rlefont.c ****     else if (index >= DICT_START6BIT)
 460                             		.loc 1 142 13
 461 0035 58 A5                   		movu.B	[r10], r5
 462 0037 75 55 83                		cmp	#0x83, r5
 463 003a 25 05                   		bleu	.L27
 143:C:/Users/John/Desktop/workspace/miniwinwm/MiniWin/gl/fonts/truetype/mcufont\mf_rlefont.c ****         return 6;
 464                             		.loc 1 143 16
 465 003c 66 65                   		mov	#6, r5
 466 003e 0B                      		bra	.L23
 467                             	.L27:
 144:C:/Users/John/Desktop/workspace/miniwinwm/MiniWin/gl/fonts/truetype/mcufont\mf_rlefont.c ****     else
 145:C:/Users/John/Desktop/workspace/miniwinwm/MiniWin/gl/fonts/truetype/mcufont\mf_rlefont.c ****         return 7;
 468                             		.loc 1 145 16
 469 003f 66 75                   		mov	#7, r5
 470                             		.balign 8,3,1
 471                             	.L23:
 472 0041 5B 55                   		movu.B	r5, r5
 146:C:/Users/John/Desktop/workspace/miniwinwm/MiniWin/gl/fonts/truetype/mcufont\mf_rlefont.c **** }
 473                             		.loc 1 146 1
 474 0043 EF 51                   		mov.L	r5, r1
 475 0045 3F AA 02                		rtsd	#8, r10-r10
 476                             	.LFE4:
 478                             		.section	.text.write_bin_codeword,"ax",@progbits
 480                             	_write_bin_codeword:
 481                             	.LFB5:
 147:C:/Users/John/Desktop/workspace/miniwinwm/MiniWin/gl/fonts/truetype/mcufont\mf_rlefont.c **** 
 148:C:/Users/John/Desktop/workspace/miniwinwm/MiniWin/gl/fonts/truetype/mcufont\mf_rlefont.c **** /* Decode and write out a direct binary codeword */
 149:C:/Users/John/Desktop/workspace/miniwinwm/MiniWin/gl/fonts/truetype/mcufont\mf_rlefont.c **** static void write_bin_codeword(const struct mf_rlefont_s *font,
 150:C:/Users/John/Desktop/workspace/miniwinwm/MiniWin/gl/fonts/truetype/mcufont\mf_rlefont.c ****                                 struct renderstate_r *rstate,
 151:C:/Users/John/Desktop/workspace/miniwinwm/MiniWin/gl/fonts/truetype/mcufont\mf_rlefont.c ****                                 uint8_t code)
 152:C:/Users/John/Desktop/workspace/miniwinwm/MiniWin/gl/fonts/truetype/mcufont\mf_rlefont.c **** {
 482                             		.loc 1 152 1
 483 0000 7E AA                   		push.l	r10
 484                             	.LCFI11:
 485 0002 71 0A F0                		add	#-16, r0, r10
 486                             	.LCFI12:
 487 0005 EF A0                   		mov.L	r10, r0
 488 0007 E7 A1 01                		mov.L	r1, 4[r10]
 489 000a E7 A2 02                		mov.L	r2, 8[r10]
 490 000d C7 A3 0C                		mov.B	r3, 12[r10]
 153:C:/Users/John/Desktop/workspace/miniwinwm/MiniWin/gl/fonts/truetype/mcufont\mf_rlefont.c ****     uint8_t bitcount = fillentry_bitcount(code);
 491                             		.loc 1 153 24
 492 0010 CD A1 0C                		mov.B	12[r10], r1
 493 0013 05 00 00 00             		bsr	_fillentry_bitcount
 494 0017 EF 15                   		mov.L	r1, r5
 495 0019 C3 A5                   		mov.B	r5, [r10]
 154:C:/Users/John/Desktop/workspace/miniwinwm/MiniWin/gl/fonts/truetype/mcufont\mf_rlefont.c ****     uint8_t byte = code - DICT_START7BIT;
 496                             		.loc 1 154 13
 497 001b CD A5 0C                		mov.B	12[r10], r5
 498 001e 60 45                   		sub	#4, r5
 499 0020 C7 A5 01                		mov.B	r5, 1[r10]
 155:C:/Users/John/Desktop/workspace/miniwinwm/MiniWin/gl/fonts/truetype/mcufont\mf_rlefont.c ****     uint8_t runlen = 0;
 500                             		.loc 1 155 13
 501 0023 F9 A4 02 00             		mov.B	#0, 2[r10]
 156:C:/Users/John/Desktop/workspace/miniwinwm/MiniWin/gl/fonts/truetype/mcufont\mf_rlefont.c ****     
 157:C:/Users/John/Desktop/workspace/miniwinwm/MiniWin/gl/fonts/truetype/mcufont\mf_rlefont.c ****     while (bitcount--)
 502                             		.loc 1 157 11
 503 0027 2E 40                   		bra	.L29
 504                             	.L33:
 158:C:/Users/John/Desktop/workspace/miniwinwm/MiniWin/gl/fonts/truetype/mcufont\mf_rlefont.c ****     {
 159:C:/Users/John/Desktop/workspace/miniwinwm/MiniWin/gl/fonts/truetype/mcufont\mf_rlefont.c ****         if (byte & 1)
 505                             		.loc 1 159 18
 506 0029 59 A5 01                		movu.B	1[r10], r5
 507 002c 64 15                   		and	#1, r5
 508                             		.loc 1 159 12
 509 002e 61 05                   		cmp	#0, r5
 510 0030 20 0C                   		beq	.L30
 160:C:/Users/John/Desktop/workspace/miniwinwm/MiniWin/gl/fonts/truetype/mcufont\mf_rlefont.c ****         {
 161:C:/Users/John/Desktop/workspace/miniwinwm/MiniWin/gl/fonts/truetype/mcufont\mf_rlefont.c ****             runlen++;
 511                             		.loc 1 161 19
 512 0032 CD A5 02                		mov.B	2[r10], r5
 513 0035 62 15                   		add	#1, r5
 514 0037 C7 A5 02                		mov.B	r5, 2[r10]
 515 003a 2E 25                   		bra	.L31
 516                             	.L30:
 162:C:/Users/John/Desktop/workspace/miniwinwm/MiniWin/gl/fonts/truetype/mcufont\mf_rlefont.c ****         }
 163:C:/Users/John/Desktop/workspace/miniwinwm/MiniWin/gl/fonts/truetype/mcufont\mf_rlefont.c ****         else 
 164:C:/Users/John/Desktop/workspace/miniwinwm/MiniWin/gl/fonts/truetype/mcufont\mf_rlefont.c ****         {
 165:C:/Users/John/Desktop/workspace/miniwinwm/MiniWin/gl/fonts/truetype/mcufont\mf_rlefont.c ****             if (runlen)
 517                             		.loc 1 165 16
 518 003c 59 A5 02                		movu.B	2[r10], r5
 519 003f 61 05                   		cmp	#0, r5
 520 0041 20 15                   		beq	.L32
 166:C:/Users/John/Desktop/workspace/miniwinwm/MiniWin/gl/fonts/truetype/mcufont\mf_rlefont.c ****             {
 167:C:/Users/John/Desktop/workspace/miniwinwm/MiniWin/gl/fonts/truetype/mcufont\mf_rlefont.c ****                 write_pixels(rstate, runlen, 255);
 521                             		.loc 1 167 17
 522 0043 59 A5 02                		movu.B	2[r10], r5
 523 0046 FB 36 FF                		mov	#-1, r3
 524 0049 DF 52                   		mov.W	r5, r2
 525 004b ED A1 02                		mov.L	8[r10], r1
 526 004e 05 00 00 00             		bsr	_write_pixels
 168:C:/Users/John/Desktop/workspace/miniwinwm/MiniWin/gl/fonts/truetype/mcufont\mf_rlefont.c ****                 runlen = 0;
 527                             		.loc 1 168 24
 528 0052 F9 A4 02 00             		mov.B	#0, 2[r10]
 529                             	.L32:
 169:C:/Users/John/Desktop/workspace/miniwinwm/MiniWin/gl/fonts/truetype/mcufont\mf_rlefont.c ****             }
 170:C:/Users/John/Desktop/workspace/miniwinwm/MiniWin/gl/fonts/truetype/mcufont\mf_rlefont.c ****             
 171:C:/Users/John/Desktop/workspace/miniwinwm/MiniWin/gl/fonts/truetype/mcufont\mf_rlefont.c ****             skip_pixels(rstate, 1);
 530                             		.loc 1 171 13
 531 0056 66 12                   		mov	#1, r2
 532 0058 ED A1 02                		mov.L	8[r10], r1
 533 005b 05 00 00 00             		bsr	_skip_pixels
 534                             	.L31:
 172:C:/Users/John/Desktop/workspace/miniwinwm/MiniWin/gl/fonts/truetype/mcufont\mf_rlefont.c ****         }
 173:C:/Users/John/Desktop/workspace/miniwinwm/MiniWin/gl/fonts/truetype/mcufont\mf_rlefont.c ****         
 174:C:/Users/John/Desktop/workspace/miniwinwm/MiniWin/gl/fonts/truetype/mcufont\mf_rlefont.c ****         byte >>= 1;
 535                             		.loc 1 174 14
 536 005f 59 A5 01                		movu.B	1[r10], r5
 537 0062 68 15                   		shlr	#1, r5
 538 0064 C7 A5 01                		mov.B	r5, 1[r10]
 539                             	.L29:
 157:C:/Users/John/Desktop/workspace/miniwinwm/MiniWin/gl/fonts/truetype/mcufont\mf_rlefont.c ****     {
 540                             		.loc 1 157 20
 541 0067 CC A5                   		mov.B	[r10], r5
 542 0069 71 54 FF                		add	#-1, r5, r4
 543 006c C3 A4                   		mov.B	r4, [r10]
 157:C:/Users/John/Desktop/workspace/miniwinwm/MiniWin/gl/fonts/truetype/mcufont\mf_rlefont.c ****     {
 544                             		.loc 1 157 11
 545 006e 5B 55                   		movu.B	r5, r5
 546 0070 61 05                   		cmp	#0, r5
 547 0072 21 B7                   		bne	.L33
 175:C:/Users/John/Desktop/workspace/miniwinwm/MiniWin/gl/fonts/truetype/mcufont\mf_rlefont.c ****     }
 176:C:/Users/John/Desktop/workspace/miniwinwm/MiniWin/gl/fonts/truetype/mcufont\mf_rlefont.c ****     
 177:C:/Users/John/Desktop/workspace/miniwinwm/MiniWin/gl/fonts/truetype/mcufont\mf_rlefont.c ****     if (runlen)
 548                             		.loc 1 177 8
 549 0074 59 A5 02                		movu.B	2[r10], r5
 550 0077 61 05                   		cmp	#0, r5
 551 0079 20 11                   		beq	.L35
 178:C:/Users/John/Desktop/workspace/miniwinwm/MiniWin/gl/fonts/truetype/mcufont\mf_rlefont.c ****         write_pixels(rstate, runlen, 255);
 552                             		.loc 1 178 9
 553 007b 59 A5 02                		movu.B	2[r10], r5
 554 007e FB 36 FF                		mov	#-1, r3
 555 0081 DF 52                   		mov.W	r5, r2
 556 0083 ED A1 02                		mov.L	8[r10], r1
 557 0086 05 00 00 00             		bsr	_write_pixels
 558                             	.L35:
 179:C:/Users/John/Desktop/workspace/miniwinwm/MiniWin/gl/fonts/truetype/mcufont\mf_rlefont.c **** }
 559                             		.loc 1 179 1
 560 008a 03                      		nop
 561 008b 3F AA 05                		rtsd	#20, r10-r10
 562                             	.LFE5:
 564                             		.section	.text.write_ref_codeword,"ax",@progbits
 566                             	_write_ref_codeword:
 567                             	.LFB6:
 180:C:/Users/John/Desktop/workspace/miniwinwm/MiniWin/gl/fonts/truetype/mcufont\mf_rlefont.c **** 
 181:C:/Users/John/Desktop/workspace/miniwinwm/MiniWin/gl/fonts/truetype/mcufont\mf_rlefont.c **** /* Decode and write out a reference codeword */
 182:C:/Users/John/Desktop/workspace/miniwinwm/MiniWin/gl/fonts/truetype/mcufont\mf_rlefont.c **** static void write_ref_codeword(const struct mf_rlefont_s *font,
 183:C:/Users/John/Desktop/workspace/miniwinwm/MiniWin/gl/fonts/truetype/mcufont\mf_rlefont.c ****                                 struct renderstate_r *rstate,
 184:C:/Users/John/Desktop/workspace/miniwinwm/MiniWin/gl/fonts/truetype/mcufont\mf_rlefont.c ****                                 uint8_t code)
 185:C:/Users/John/Desktop/workspace/miniwinwm/MiniWin/gl/fonts/truetype/mcufont\mf_rlefont.c **** {
 568                             		.loc 1 185 1
 569 0000 7E AA                   		push.l	r10
 570                             	.LCFI13:
 571 0002 71 0A F4                		add	#-12, r0, r10
 572                             	.LCFI14:
 573 0005 EF A0                   		mov.L	r10, r0
 574 0007 E3 A1                   		mov.L	r1, [r10]
 575 0009 E7 A2 01                		mov.L	r2, 4[r10]
 576 000c C7 A3 08                		mov.B	r3, 8[r10]
 186:C:/Users/John/Desktop/workspace/miniwinwm/MiniWin/gl/fonts/truetype/mcufont\mf_rlefont.c ****     if (code == 0)
 577                             		.loc 1 186 8
 578 000f 59 A5 08                		movu.B	8[r10], r5
 579 0012 61 05                   		cmp	#0, r5
 580 0014 21 0D                   		bne	.L37
 187:C:/Users/John/Desktop/workspace/miniwinwm/MiniWin/gl/fonts/truetype/mcufont\mf_rlefont.c ****     {
 188:C:/Users/John/Desktop/workspace/miniwinwm/MiniWin/gl/fonts/truetype/mcufont\mf_rlefont.c ****         skip_pixels(rstate, 1);
 581                             		.loc 1 188 9
 582 0016 66 12                   		mov	#1, r2
 583 0018 ED A1 01                		mov.L	4[r10], r1
 584 001b 05 00 00 00             		bsr	_skip_pixels
 189:C:/Users/John/Desktop/workspace/miniwinwm/MiniWin/gl/fonts/truetype/mcufont\mf_rlefont.c ****     }
 190:C:/Users/John/Desktop/workspace/miniwinwm/MiniWin/gl/fonts/truetype/mcufont\mf_rlefont.c ****     else if (code <= 15)
 191:C:/Users/John/Desktop/workspace/miniwinwm/MiniWin/gl/fonts/truetype/mcufont\mf_rlefont.c ****     {
 192:C:/Users/John/Desktop/workspace/miniwinwm/MiniWin/gl/fonts/truetype/mcufont\mf_rlefont.c ****         write_pixels(rstate, 1, 0x11 * code);
 193:C:/Users/John/Desktop/workspace/miniwinwm/MiniWin/gl/fonts/truetype/mcufont\mf_rlefont.c ****     }
 194:C:/Users/John/Desktop/workspace/miniwinwm/MiniWin/gl/fonts/truetype/mcufont\mf_rlefont.c ****     else if (code == REF_FILLZEROS)
 195:C:/Users/John/Desktop/workspace/miniwinwm/MiniWin/gl/fonts/truetype/mcufont\mf_rlefont.c ****     {
 196:C:/Users/John/Desktop/workspace/miniwinwm/MiniWin/gl/fonts/truetype/mcufont\mf_rlefont.c ****         /* Fill with zeroes to end */
 197:C:/Users/John/Desktop/workspace/miniwinwm/MiniWin/gl/fonts/truetype/mcufont\mf_rlefont.c ****         rstate->y = rstate->y_end;
 198:C:/Users/John/Desktop/workspace/miniwinwm/MiniWin/gl/fonts/truetype/mcufont\mf_rlefont.c ****     }
 199:C:/Users/John/Desktop/workspace/miniwinwm/MiniWin/gl/fonts/truetype/mcufont\mf_rlefont.c ****     else if (code < DICT_START)
 200:C:/Users/John/Desktop/workspace/miniwinwm/MiniWin/gl/fonts/truetype/mcufont\mf_rlefont.c ****     {
 201:C:/Users/John/Desktop/workspace/miniwinwm/MiniWin/gl/fonts/truetype/mcufont\mf_rlefont.c ****         /* Reserved */
 202:C:/Users/John/Desktop/workspace/miniwinwm/MiniWin/gl/fonts/truetype/mcufont\mf_rlefont.c ****     }
 203:C:/Users/John/Desktop/workspace/miniwinwm/MiniWin/gl/fonts/truetype/mcufont\mf_rlefont.c ****     else if (code < DICT_START + font->rle_entry_count)
 204:C:/Users/John/Desktop/workspace/miniwinwm/MiniWin/gl/fonts/truetype/mcufont\mf_rlefont.c ****     {
 205:C:/Users/John/Desktop/workspace/miniwinwm/MiniWin/gl/fonts/truetype/mcufont\mf_rlefont.c ****         write_rle_dictentry(font, rstate, code - DICT_START);
 206:C:/Users/John/Desktop/workspace/miniwinwm/MiniWin/gl/fonts/truetype/mcufont\mf_rlefont.c ****     }
 207:C:/Users/John/Desktop/workspace/miniwinwm/MiniWin/gl/fonts/truetype/mcufont\mf_rlefont.c ****     else
 208:C:/Users/John/Desktop/workspace/miniwinwm/MiniWin/gl/fonts/truetype/mcufont\mf_rlefont.c ****     {
 209:C:/Users/John/Desktop/workspace/miniwinwm/MiniWin/gl/fonts/truetype/mcufont\mf_rlefont.c ****         write_bin_codeword(font, rstate, code);
 210:C:/Users/John/Desktop/workspace/miniwinwm/MiniWin/gl/fonts/truetype/mcufont\mf_rlefont.c ****     }
 211:C:/Users/John/Desktop/workspace/miniwinwm/MiniWin/gl/fonts/truetype/mcufont\mf_rlefont.c **** }
 585                             		.loc 1 211 1
 586 001f 2E 68                   		bra	.L42
 587                             	.L37:
 190:C:/Users/John/Desktop/workspace/miniwinwm/MiniWin/gl/fonts/truetype/mcufont\mf_rlefont.c ****     {
 588                             		.loc 1 190 13
 589 0021 59 A5 08                		movu.B	8[r10], r5
 590 0024 61 F5                   		cmp	#15, r5
 591 0026 24 15                   		bgtu	.L39
 192:C:/Users/John/Desktop/workspace/miniwinwm/MiniWin/gl/fonts/truetype/mcufont\mf_rlefont.c ****     }
 592                             		.loc 1 192 9
 593 0028 CD A5 08                		mov.B	8[r10], r5
 594 002b 75 15 11                		mul	#17, r5
 595 002e CF 53                   		mov.B	r5, r3
 596 0030 66 12                   		mov	#1, r2
 597 0032 ED A1 01                		mov.L	4[r10], r1
 598 0035 05 00 00 00             		bsr	_write_pixels
 599                             		.loc 1 211 1
 600 0039 2E 4E                   		bra	.L42
 601                             	.L39:
 194:C:/Users/John/Desktop/workspace/miniwinwm/MiniWin/gl/fonts/truetype/mcufont\mf_rlefont.c ****     {
 602                             		.loc 1 194 13
 603 003b 59 A5 08                		movu.B	8[r10], r5
 604 003e 75 55 10                		cmp	#16, r5
 605 0041 21 0E                   		bne	.L40
 197:C:/Users/John/Desktop/workspace/miniwinwm/MiniWin/gl/fonts/truetype/mcufont\mf_rlefont.c ****     }
 606                             		.loc 1 197 27
 607 0043 ED A5 01                		mov.L	4[r10], r5
 608 0046 99 54                   		mov.W	8[r5], r4
 197:C:/Users/John/Desktop/workspace/miniwinwm/MiniWin/gl/fonts/truetype/mcufont\mf_rlefont.c ****     }
 609                             		.loc 1 197 19
 610 0048 ED A5 01                		mov.L	4[r10], r5
 611 004b 90 DC                   		mov.W	r4, 6[r5]
 612                             		.loc 1 211 1
 613 004d 2E 3A                   		bra	.L42
 614                             	.L40:
 199:C:/Users/John/Desktop/workspace/miniwinwm/MiniWin/gl/fonts/truetype/mcufont\mf_rlefont.c ****     {
 615                             		.loc 1 199 13
 616 004f 59 A5 08                		movu.B	8[r10], r5
 617 0052 75 55 17                		cmp	#23, r5
 618 0055 25 32                   		bleu	.L42
 203:C:/Users/John/Desktop/workspace/miniwinwm/MiniWin/gl/fonts/truetype/mcufont\mf_rlefont.c ****     {
 619                             		.loc 1 203 38
 620 0057 EC A5                   		mov.L	[r10], r5
 621 0059 CD 55 28                		mov.B	40[r5], r5
 622 005c 5B 55                   		movu.B	r5, r5
 203:C:/Users/John/Desktop/workspace/miniwinwm/MiniWin/gl/fonts/truetype/mcufont\mf_rlefont.c ****     {
 623                             		.loc 1 203 19
 624 005e 71 54 17                		add	#23, r5, r4
 625 0061 59 A5 08                		movu.B	8[r10], r5
 203:C:/Users/John/Desktop/workspace/miniwinwm/MiniWin/gl/fonts/truetype/mcufont\mf_rlefont.c ****     {
 626                             		.loc 1 203 13
 627 0064 47 54                   		cmp	r5, r4
 628 0066 29 15                   		blt	.L41
 205:C:/Users/John/Desktop/workspace/miniwinwm/MiniWin/gl/fonts/truetype/mcufont\mf_rlefont.c ****     }
 629                             		.loc 1 205 9
 630 0068 CD A5 08                		mov.B	8[r10], r5
 631 006b 71 55 E8                		add	#-24, r5
 632 006e CF 53                   		mov.B	r5, r3
 633 0070 ED A2 01                		mov.L	4[r10], r2
 634 0073 EC A1                   		mov.L	[r10], r1
 635 0075 05 00 00 00             		bsr	_write_rle_dictentry
 636                             		.loc 1 211 1
 637 0079 2E 0E                   		bra	.L42
 638                             	.L41:
 209:C:/Users/John/Desktop/workspace/miniwinwm/MiniWin/gl/fonts/truetype/mcufont\mf_rlefont.c ****     }
 639                             		.loc 1 209 9
 640 007b CD A3 08                		mov.B	8[r10], r3
 641 007e ED A2 01                		mov.L	4[r10], r2
 642 0081 EC A1                   		mov.L	[r10], r1
 643 0083 05 00 00 00             		bsr	_write_bin_codeword
 644                             	.L42:
 645                             		.loc 1 211 1
 646 0087 03                      		nop
 647 0088 3F AA 04                		rtsd	#16, r10-r10
 648                             	.LFE6:
 650                             		.section	.text.write_ref_dictentry,"ax",@progbits
 652                             	_write_ref_dictentry:
 653                             	.LFB7:
 212:C:/Users/John/Desktop/workspace/miniwinwm/MiniWin/gl/fonts/truetype/mcufont\mf_rlefont.c **** 
 213:C:/Users/John/Desktop/workspace/miniwinwm/MiniWin/gl/fonts/truetype/mcufont\mf_rlefont.c **** /* Decode and write out a reference encoded dictionary entry. */
 214:C:/Users/John/Desktop/workspace/miniwinwm/MiniWin/gl/fonts/truetype/mcufont\mf_rlefont.c **** static void write_ref_dictentry(const struct mf_rlefont_s *font,
 215:C:/Users/John/Desktop/workspace/miniwinwm/MiniWin/gl/fonts/truetype/mcufont\mf_rlefont.c ****                                 struct renderstate_r *rstate,
 216:C:/Users/John/Desktop/workspace/miniwinwm/MiniWin/gl/fonts/truetype/mcufont\mf_rlefont.c ****                                 uint8_t index)
 217:C:/Users/John/Desktop/workspace/miniwinwm/MiniWin/gl/fonts/truetype/mcufont\mf_rlefont.c **** {
 654                             		.loc 1 217 1
 655 0000 7E AA                   		push.l	r10
 656                             	.LCFI15:
 657 0002 71 0A EC                		add	#-20, r0, r10
 658                             	.LCFI16:
 659 0005 EF A0                   		mov.L	r10, r0
 660 0007 E7 A1 02                		mov.L	r1, 8[r10]
 661 000a E7 A2 03                		mov.L	r2, 12[r10]
 662 000d C7 A3 10                		mov.B	r3, 16[r10]
 218:C:/Users/John/Desktop/workspace/miniwinwm/MiniWin/gl/fonts/truetype/mcufont\mf_rlefont.c ****     uint16_t offset = pgm_read_word(font->dictionary_offsets + index);
 663                             		.loc 1 218 23
 664 0010 ED A5 02                		mov.L	8[r10], r5
 665 0013 AA 5C                   		mov.L	36[r5], r4
 666 0015 59 A5 10                		movu.B	16[r10], r5
 667 0018 4B 55                   		add	r5, r5
 668 001a 4B 45                   		add	r4, r5
 669                             		.loc 1 218 14
 670 001c DC 55                   		mov.W	[r5], r5
 671 001e D7 A5 01                		mov.W	r5, 2[r10]
 219:C:/Users/John/Desktop/workspace/miniwinwm/MiniWin/gl/fonts/truetype/mcufont\mf_rlefont.c ****     uint16_t length = pgm_read_word(font->dictionary_offsets + index + 1) - offset;
 672                             		.loc 1 219 23
 673 0021 ED A5 02                		mov.L	8[r10], r5
 674 0024 AA 5C                   		mov.L	36[r5], r4
 675 0026 59 A5 10                		movu.B	16[r10], r5
 676 0029 62 15                   		add	#1, r5
 677 002b 4B 55                   		add	r5, r5
 678 002d 4B 45                   		add	r4, r5
 679 002f DC 54                   		mov.W	[r5], r4
 680                             		.loc 1 219 14
 681 0031 DD A5 01                		mov.W	2[r10], r5
 682 0034 FF 05 54                		sub	r5, r4, r5
 683 0037 D7 A5 02                		mov.W	r5, 4[r10]
 220:C:/Users/John/Desktop/workspace/miniwinwm/MiniWin/gl/fonts/truetype/mcufont\mf_rlefont.c ****     uint16_t i;
 221:C:/Users/John/Desktop/workspace/miniwinwm/MiniWin/gl/fonts/truetype/mcufont\mf_rlefont.c ****     
 222:C:/Users/John/Desktop/workspace/miniwinwm/MiniWin/gl/fonts/truetype/mcufont\mf_rlefont.c ****     for (i = 0; i < length; i++)
 684                             		.loc 1 222 12
 685 003a F8 A5 00                		mov.W	#0, [r10]
 686                             		.loc 1 222 5
 687 003d 2E 28                   		bra	.L44
 688                             	.L45:
 689                             	.LBB5:
 223:C:/Users/John/Desktop/workspace/miniwinwm/MiniWin/gl/fonts/truetype/mcufont\mf_rlefont.c ****     {
 224:C:/Users/John/Desktop/workspace/miniwinwm/MiniWin/gl/fonts/truetype/mcufont\mf_rlefont.c ****         uint8_t code = pgm_read_byte(font->dictionary_data + offset + i);
 690                             		.loc 1 224 24 discriminator 3
 691 003f ED A5 02                		mov.L	8[r10], r5
 692 0042 AA 53                   		mov.L	32[r5], r3
 693 0044 5D A4 01                		movu.W	2[r10], r4
 694 0047 5C A5                   		movu.W	[r10], r5
 695 0049 4B 45                   		add	r4, r5
 696 004b 4B 35                   		add	r3, r5
 697                             		.loc 1 224 17 discriminator 3
 698 004d CC 55                   		mov.B	[r5], r5
 699 004f C7 A5 06                		mov.B	r5, 6[r10]
 225:C:/Users/John/Desktop/workspace/miniwinwm/MiniWin/gl/fonts/truetype/mcufont\mf_rlefont.c ****         write_ref_codeword(font, rstate, code);
 700                             		.loc 1 225 9 discriminator 3
 701 0052 CD A3 06                		mov.B	6[r10], r3
 702 0055 ED A2 03                		mov.L	12[r10], r2
 703 0058 ED A1 02                		mov.L	8[r10], r1
 704 005b 05 00 00 00             		bsr	_write_ref_codeword
 705                             	.LBE5:
 222:C:/Users/John/Desktop/workspace/miniwinwm/MiniWin/gl/fonts/truetype/mcufont\mf_rlefont.c ****     {
 706                             		.loc 1 222 30 discriminator 3
 707 005f DC A5                   		mov.W	[r10], r5
 708 0061 62 15                   		add	#1, r5
 709 0063 D3 A5                   		mov.W	r5, [r10]
 710                             	.L44:
 222:C:/Users/John/Desktop/workspace/miniwinwm/MiniWin/gl/fonts/truetype/mcufont\mf_rlefont.c ****     {
 711                             		.loc 1 222 5 discriminator 1
 712 0065 5C A4                   		movu.W	[r10], r4
 713 0067 5D A5 02                		movu.W	4[r10], r5
 714 006a 47 54                   		cmp	r5, r4
 715 006c 23 D3                   		bltu	.L45
 226:C:/Users/John/Desktop/workspace/miniwinwm/MiniWin/gl/fonts/truetype/mcufont\mf_rlefont.c ****     }
 227:C:/Users/John/Desktop/workspace/miniwinwm/MiniWin/gl/fonts/truetype/mcufont\mf_rlefont.c **** }
 716                             		.loc 1 227 1
 717 006e 03                      		nop
 718 006f 3F AA 06                		rtsd	#24, r10-r10
 719                             	.LFE7:
 721                             		.section	.text.write_glyph_codeword,"ax",@progbits
 723                             	_write_glyph_codeword:
 724                             	.LFB8:
 228:C:/Users/John/Desktop/workspace/miniwinwm/MiniWin/gl/fonts/truetype/mcufont\mf_rlefont.c **** 
 229:C:/Users/John/Desktop/workspace/miniwinwm/MiniWin/gl/fonts/truetype/mcufont\mf_rlefont.c **** /* Decode and write out an arbitrary glyph codeword */
 230:C:/Users/John/Desktop/workspace/miniwinwm/MiniWin/gl/fonts/truetype/mcufont\mf_rlefont.c **** static void write_glyph_codeword(const struct mf_rlefont_s *font,
 231:C:/Users/John/Desktop/workspace/miniwinwm/MiniWin/gl/fonts/truetype/mcufont\mf_rlefont.c ****                                 struct renderstate_r *rstate,
 232:C:/Users/John/Desktop/workspace/miniwinwm/MiniWin/gl/fonts/truetype/mcufont\mf_rlefont.c ****                                 uint8_t code)
 233:C:/Users/John/Desktop/workspace/miniwinwm/MiniWin/gl/fonts/truetype/mcufont\mf_rlefont.c **** {
 725                             		.loc 1 233 1
 726 0000 7E AA                   		push.l	r10
 727                             	.LCFI17:
 728 0002 71 0A F4                		add	#-12, r0, r10
 729                             	.LCFI18:
 730 0005 EF A0                   		mov.L	r10, r0
 731 0007 E3 A1                   		mov.L	r1, [r10]
 732 0009 E7 A2 01                		mov.L	r2, 4[r10]
 733 000c C7 A3 08                		mov.B	r3, 8[r10]
 234:C:/Users/John/Desktop/workspace/miniwinwm/MiniWin/gl/fonts/truetype/mcufont\mf_rlefont.c ****     if (code >= DICT_START + font->rle_entry_count &&
 734                             		.loc 1 234 34
 735 000f EC A5                   		mov.L	[r10], r5
 736 0011 CD 55 28                		mov.B	40[r5], r5
 737 0014 5B 55                   		movu.B	r5, r5
 738                             		.loc 1 234 14
 739 0016 71 54 17                		add	#23, r5, r4
 740 0019 59 A5 08                		movu.B	8[r10], r5
 741                             		.loc 1 234 8
 742 001c 47 54                   		cmp	r5, r4
 743 001e 28 26                   		bge	.L47
 235:C:/Users/John/Desktop/workspace/miniwinwm/MiniWin/gl/fonts/truetype/mcufont\mf_rlefont.c ****         code < DICT_START + font->dict_entry_count)
 744                             		.loc 1 235 33 discriminator 1
 745 0020 EC A5                   		mov.L	[r10], r5
 746 0022 CD 55 29                		mov.B	41[r5], r5
 747 0025 5B 55                   		movu.B	r5, r5
 748                             		.loc 1 235 14 discriminator 1
 749 0027 71 54 17                		add	#23, r5, r4
 750 002a 59 A5 08                		movu.B	8[r10], r5
 234:C:/Users/John/Desktop/workspace/miniwinwm/MiniWin/gl/fonts/truetype/mcufont\mf_rlefont.c ****     if (code >= DICT_START + font->rle_entry_count &&
 751                             		.loc 1 234 52 discriminator 1
 752 002d 47 54                   		cmp	r5, r4
 753 002f 29 15                   		blt	.L47
 236:C:/Users/John/Desktop/workspace/miniwinwm/MiniWin/gl/fonts/truetype/mcufont\mf_rlefont.c ****     {
 237:C:/Users/John/Desktop/workspace/miniwinwm/MiniWin/gl/fonts/truetype/mcufont\mf_rlefont.c ****         write_ref_dictentry(font, rstate, code - DICT_START);
 754                             		.loc 1 237 9
 755 0031 CD A5 08                		mov.B	8[r10], r5
 756 0034 71 55 E8                		add	#-24, r5
 757 0037 CF 53                   		mov.B	r5, r3
 758 0039 ED A2 01                		mov.L	4[r10], r2
 759 003c EC A1                   		mov.L	[r10], r1
 760 003e 05 00 00 00             		bsr	_write_ref_dictentry
 761 0042 2E 0E                   		bra	.L48
 762                             	.L47:
 238:C:/Users/John/Desktop/workspace/miniwinwm/MiniWin/gl/fonts/truetype/mcufont\mf_rlefont.c ****     }
 239:C:/Users/John/Desktop/workspace/miniwinwm/MiniWin/gl/fonts/truetype/mcufont\mf_rlefont.c ****     else
 240:C:/Users/John/Desktop/workspace/miniwinwm/MiniWin/gl/fonts/truetype/mcufont\mf_rlefont.c ****     {
 241:C:/Users/John/Desktop/workspace/miniwinwm/MiniWin/gl/fonts/truetype/mcufont\mf_rlefont.c ****         write_ref_codeword(font, rstate, code);
 763                             		.loc 1 241 9
 764 0044 CD A3 08                		mov.B	8[r10], r3
 765 0047 ED A2 01                		mov.L	4[r10], r2
 766 004a EC A1                   		mov.L	[r10], r1
 767 004c 05 00 00 00             		bsr	_write_ref_codeword
 768                             	.L48:
 242:C:/Users/John/Desktop/workspace/miniwinwm/MiniWin/gl/fonts/truetype/mcufont\mf_rlefont.c ****     }
 243:C:/Users/John/Desktop/workspace/miniwinwm/MiniWin/gl/fonts/truetype/mcufont\mf_rlefont.c **** }
 769                             		.loc 1 243 1
 770 0050 03                      		nop
 771 0051 3F AA 04                		rtsd	#16, r10-r10
 772                             	.LFE8:
 774                             		.section	.text.mf_rlefont_render_character,"ax",@progbits
 775                             		.global	_mf_rlefont_render_character
 777                             	_mf_rlefont_render_character:
 778                             	.LFB9:
 244:C:/Users/John/Desktop/workspace/miniwinwm/MiniWin/gl/fonts/truetype/mcufont\mf_rlefont.c **** 
 245:C:/Users/John/Desktop/workspace/miniwinwm/MiniWin/gl/fonts/truetype/mcufont\mf_rlefont.c **** 
 246:C:/Users/John/Desktop/workspace/miniwinwm/MiniWin/gl/fonts/truetype/mcufont\mf_rlefont.c **** uint8_t mf_rlefont_render_character(const struct mf_font_s *font,
 247:C:/Users/John/Desktop/workspace/miniwinwm/MiniWin/gl/fonts/truetype/mcufont\mf_rlefont.c ****                                     int16_t x0, int16_t y0,
 248:C:/Users/John/Desktop/workspace/miniwinwm/MiniWin/gl/fonts/truetype/mcufont\mf_rlefont.c ****                                     uint16_t character,
 249:C:/Users/John/Desktop/workspace/miniwinwm/MiniWin/gl/fonts/truetype/mcufont\mf_rlefont.c ****                                     mf_pixel_callback_t callback,
 250:C:/Users/John/Desktop/workspace/miniwinwm/MiniWin/gl/fonts/truetype/mcufont\mf_rlefont.c ****                                     void *state)
 251:C:/Users/John/Desktop/workspace/miniwinwm/MiniWin/gl/fonts/truetype/mcufont\mf_rlefont.c **** {
 779                             		.loc 1 251 1
 780 0000 7E AA                   		push.l	r10
 781                             	.LCFI19:
 782 0002 71 0A D0                		add	#-48, r0, r10
 783                             	.LCFI20:
 784 0005 EF A0                   		mov.L	r10, r0
 785 0007 75 45 38                		mov.L	#56, r5
 786 000a 4B A5                   		add	r10, r5
 787 000c E7 A1 07                		mov.L	r1, 28[r10]
 788 000f D7 A2 10                		mov.W	r2, 32[r10]
 789 0012 D7 A3 11                		mov.W	r3, 34[r10]
 790 0015 D7 A4 12                		mov.W	r4, 36[r10]
 252:C:/Users/John/Desktop/workspace/miniwinwm/MiniWin/gl/fonts/truetype/mcufont\mf_rlefont.c ****     const uint8_t *p;
 253:C:/Users/John/Desktop/workspace/miniwinwm/MiniWin/gl/fonts/truetype/mcufont\mf_rlefont.c ****     uint8_t width;
 254:C:/Users/John/Desktop/workspace/miniwinwm/MiniWin/gl/fonts/truetype/mcufont\mf_rlefont.c ****     
 255:C:/Users/John/Desktop/workspace/miniwinwm/MiniWin/gl/fonts/truetype/mcufont\mf_rlefont.c ****     struct renderstate_r rstate;
 256:C:/Users/John/Desktop/workspace/miniwinwm/MiniWin/gl/fonts/truetype/mcufont\mf_rlefont.c ****     rstate.x_begin = x0;
 791                             		.loc 1 256 20
 792 0018 DD A4 10                		mov.W	32[r10], r4
 793 001b D7 A4 04                		mov.W	r4, 8[r10]
 257:C:/Users/John/Desktop/workspace/miniwinwm/MiniWin/gl/fonts/truetype/mcufont\mf_rlefont.c ****     rstate.x_end = x0 + font->width;
 794                             		.loc 1 257 29
 795 001e ED A4 07                		mov.L	28[r10], r4
 796 0021 8A 44                   		mov.B	8[r4], r4
 797 0023 5B 44                   		movu.B	r4, r4
 798 0025 DF 43                   		mov.W	r4, r3
 799                             		.loc 1 257 23
 800 0027 DD A4 10                		mov.W	32[r10], r4
 801 002a 4B 34                   		add	r3, r4
 802                             		.loc 1 257 18
 803 002c D7 A4 05                		mov.W	r4, 10[r10]
 258:C:/Users/John/Desktop/workspace/miniwinwm/MiniWin/gl/fonts/truetype/mcufont\mf_rlefont.c ****     rstate.x = x0;
 804                             		.loc 1 258 14
 805 002f DD A4 10                		mov.W	32[r10], r4
 806 0032 D7 A4 06                		mov.W	r4, 12[r10]
 259:C:/Users/John/Desktop/workspace/miniwinwm/MiniWin/gl/fonts/truetype/mcufont\mf_rlefont.c ****     rstate.y = y0;
 807                             		.loc 1 259 14
 808 0035 DD A4 11                		mov.W	34[r10], r4
 809 0038 D7 A4 07                		mov.W	r4, 14[r10]
 260:C:/Users/John/Desktop/workspace/miniwinwm/MiniWin/gl/fonts/truetype/mcufont\mf_rlefont.c ****     rstate.y_end = y0 + font->height;
 810                             		.loc 1 260 29
 811 003b ED A4 07                		mov.L	28[r10], r4
 812 003e 8A 4C                   		mov.B	9[r4], r4
 813 0040 5B 44                   		movu.B	r4, r4
 814 0042 DF 43                   		mov.W	r4, r3
 815                             		.loc 1 260 23
 816 0044 DD A4 11                		mov.W	34[r10], r4
 817 0047 4B 34                   		add	r3, r4
 818                             		.loc 1 260 18
 819 0049 D7 A4 08                		mov.W	r4, 16[r10]
 261:C:/Users/John/Desktop/workspace/miniwinwm/MiniWin/gl/fonts/truetype/mcufont\mf_rlefont.c ****     rstate.callback = callback;
 820                             		.loc 1 261 21
 821 004c EC 54                   		mov.L	[r5], r4
 822 004e E7 A4 05                		mov.L	r4, 20[r10]
 262:C:/Users/John/Desktop/workspace/miniwinwm/MiniWin/gl/fonts/truetype/mcufont\mf_rlefont.c ****     rstate.state = state;
 823                             		.loc 1 262 18
 824 0051 A8 5D                   		mov.L	4[r5], r5
 825 0053 E7 A5 06                		mov.L	r5, 24[r10]
 263:C:/Users/John/Desktop/workspace/miniwinwm/MiniWin/gl/fonts/truetype/mcufont\mf_rlefont.c ****     
 264:C:/Users/John/Desktop/workspace/miniwinwm/MiniWin/gl/fonts/truetype/mcufont\mf_rlefont.c ****     p = find_glyph((struct mf_rlefont_s*)font, character);
 826                             		.loc 1 264 9
 827 0056 DD A2 12                		mov.W	36[r10], r2
 828 0059 ED A1 07                		mov.L	28[r10], r1
 829 005c 05 00 00 00             		bsr	_find_glyph
 830 0060 E3 A1                   		mov.L	r1, [r10]
 265:C:/Users/John/Desktop/workspace/miniwinwm/MiniWin/gl/fonts/truetype/mcufont\mf_rlefont.c ****     if (!p)
 831                             		.loc 1 265 8
 832 0062 EC A5                   		mov.L	[r10], r5
 833 0064 61 05                   		cmp	#0, r5
 834 0066 1D                      		bne	.L50
 266:C:/Users/John/Desktop/workspace/miniwinwm/MiniWin/gl/fonts/truetype/mcufont\mf_rlefont.c ****         return 0;
 835                             		.loc 1 266 16
 836 0067 66 05                   		mov	#0, r5
 837 0069 2E 38                   		bra	.L54
 838                             	.L50:
 267:C:/Users/John/Desktop/workspace/miniwinwm/MiniWin/gl/fonts/truetype/mcufont\mf_rlefont.c ****     
 268:C:/Users/John/Desktop/workspace/miniwinwm/MiniWin/gl/fonts/truetype/mcufont\mf_rlefont.c ****     width = pgm_read_byte(p++);
 839                             		.loc 1 268 13
 840 006b EC A5                   		mov.L	[r10], r5
 841 006d 71 54 01                		add	#1, r5, r4
 842 0070 E3 A4                   		mov.L	r4, [r10]
 843                             		.loc 1 268 11
 844 0072 CC 55                   		mov.B	[r5], r5
 845 0074 C7 A5 04                		mov.B	r5, 4[r10]
 269:C:/Users/John/Desktop/workspace/miniwinwm/MiniWin/gl/fonts/truetype/mcufont\mf_rlefont.c ****     while (rstate.y < rstate.y_end)
 846                             		.loc 1 269 11
 847 0077 2E 19                   		bra	.L52
 848                             	.L53:
 270:C:/Users/John/Desktop/workspace/miniwinwm/MiniWin/gl/fonts/truetype/mcufont\mf_rlefont.c ****     {
 271:C:/Users/John/Desktop/workspace/miniwinwm/MiniWin/gl/fonts/truetype/mcufont\mf_rlefont.c ****         write_glyph_codeword((struct mf_rlefont_s*)font, &rstate, pgm_read_byte(p++));
 849                             		.loc 1 271 67
 850 0079 EC A5                   		mov.L	[r10], r5
 851 007b 71 54 01                		add	#1, r5, r4
 852 007e E3 A4                   		mov.L	r4, [r10]
 853                             		.loc 1 271 9
 854 0080 CC 54                   		mov.B	[r5], r4
 855 0082 71 A5 08                		add	#8, r10, r5
 856 0085 CF 43                   		mov.B	r4, r3
 857 0087 EF 52                   		mov.L	r5, r2
 858 0089 ED A1 07                		mov.L	28[r10], r1
 859 008c 05 00 00 00             		bsr	_write_glyph_codeword
 860                             	.L52:
 269:C:/Users/John/Desktop/workspace/miniwinwm/MiniWin/gl/fonts/truetype/mcufont\mf_rlefont.c ****     while (rstate.y < rstate.y_end)
 861                             		.loc 1 269 18
 862 0090 DD A4 07                		mov.W	14[r10], r4
 269:C:/Users/John/Desktop/workspace/miniwinwm/MiniWin/gl/fonts/truetype/mcufont\mf_rlefont.c ****     while (rstate.y < rstate.y_end)
 863                             		.loc 1 269 29
 864 0093 DD A5 08                		mov.W	16[r10], r5
 269:C:/Users/John/Desktop/workspace/miniwinwm/MiniWin/gl/fonts/truetype/mcufont\mf_rlefont.c ****     while (rstate.y < rstate.y_end)
 865                             		.loc 1 269 11
 866 0096 DF 44                   		mov.W	r4, r4
 867 0098 DF 55                   		mov.W	r5, r5
 868 009a 47 54                   		cmp	r5, r4
 869 009c 29 DD                   		blt	.L53
 272:C:/Users/John/Desktop/workspace/miniwinwm/MiniWin/gl/fonts/truetype/mcufont\mf_rlefont.c ****     }
 273:C:/Users/John/Desktop/workspace/miniwinwm/MiniWin/gl/fonts/truetype/mcufont\mf_rlefont.c ****     
 274:C:/Users/John/Desktop/workspace/miniwinwm/MiniWin/gl/fonts/truetype/mcufont\mf_rlefont.c ****     return width;
 870                             		.loc 1 274 12
 871 009e CD A5 04                		mov.B	4[r10], r5
 872                             	.L54:
 873 00a1 5B 55                   		movu.B	r5, r5
 275:C:/Users/John/Desktop/workspace/miniwinwm/MiniWin/gl/fonts/truetype/mcufont\mf_rlefont.c **** }
 874                             		.loc 1 275 1 discriminator 1
 875 00a3 EF 51                   		mov.L	r5, r1
 876 00a5 3F AA 0D                		rtsd	#52, r10-r10
 877                             	.LFE9:
 879                             		.section	.text.mf_rlefont_character_width,"ax",@progbits
 880                             		.global	_mf_rlefont_character_width
 882                             	_mf_rlefont_character_width:
 883                             	.LFB10:
 276:C:/Users/John/Desktop/workspace/miniwinwm/MiniWin/gl/fonts/truetype/mcufont\mf_rlefont.c **** 
 277:C:/Users/John/Desktop/workspace/miniwinwm/MiniWin/gl/fonts/truetype/mcufont\mf_rlefont.c **** uint8_t mf_rlefont_character_width(const struct mf_font_s *font,
 278:C:/Users/John/Desktop/workspace/miniwinwm/MiniWin/gl/fonts/truetype/mcufont\mf_rlefont.c ****                                    uint16_t character)
 279:C:/Users/John/Desktop/workspace/miniwinwm/MiniWin/gl/fonts/truetype/mcufont\mf_rlefont.c **** {
 884                             		.loc 1 279 1
 885 0000 7E AA                   		push.l	r10
 886                             	.LCFI21:
 887 0002 71 0A F4                		add	#-12, r0, r10
 888                             	.LCFI22:
 889 0005 EF A0                   		mov.L	r10, r0
 890 0007 E7 A1 01                		mov.L	r1, 4[r10]
 891 000a D7 A2 04                		mov.W	r2, 8[r10]
 280:C:/Users/John/Desktop/workspace/miniwinwm/MiniWin/gl/fonts/truetype/mcufont\mf_rlefont.c ****     const uint8_t *p;
 281:C:/Users/John/Desktop/workspace/miniwinwm/MiniWin/gl/fonts/truetype/mcufont\mf_rlefont.c ****     p = find_glyph((struct mf_rlefont_s*)font, character);
 892                             		.loc 1 281 9
 893 000d DD A2 04                		mov.W	8[r10], r2
 894 0010 ED A1 01                		mov.L	4[r10], r1
 895 0013 05 00 00 00             		bsr	_find_glyph
 896 0017 E3 A1                   		mov.L	r1, [r10]
 282:C:/Users/John/Desktop/workspace/miniwinwm/MiniWin/gl/fonts/truetype/mcufont\mf_rlefont.c ****     if (!p)
 897                             		.loc 1 282 8
 898 0019 EC A5                   		mov.L	[r10], r5
 899 001b 61 05                   		cmp	#0, r5
 900 001d 1C                      		bne	.L56
 283:C:/Users/John/Desktop/workspace/miniwinwm/MiniWin/gl/fonts/truetype/mcufont\mf_rlefont.c ****         return 0;
 901                             		.loc 1 283 16
 902 001e 66 05                   		mov	#0, r5
 903 0020 0D                      		bra	.L57
 904                             	.L56:
 284:C:/Users/John/Desktop/workspace/miniwinwm/MiniWin/gl/fonts/truetype/mcufont\mf_rlefont.c ****     
 285:C:/Users/John/Desktop/workspace/miniwinwm/MiniWin/gl/fonts/truetype/mcufont\mf_rlefont.c ****     return pgm_read_byte(p);
 905                             		.loc 1 285 12
 906 0021 EC A5                   		mov.L	[r10], r5
 907 0023 CC 55                   		mov.B	[r5], r5
 908                             	.L57:
 909 0025 5B 55                   		movu.B	r5, r5
 286:C:/Users/John/Desktop/workspace/miniwinwm/MiniWin/gl/fonts/truetype/mcufont\mf_rlefont.c **** }
 910                             		.loc 1 286 1
 911 0027 EF 51                   		mov.L	r5, r1
 912 0029 3F AA 04                		rtsd	#16, r10-r10
 913                             	.LFE10:
 1147                             	.Letext0:
 1148                             		.file 2 "c:\\program files (x86)\\gcc for renesas rx 8.3.0.201904-gnurx-elf\\rx-elf\\rx-elf\\rx-el
 1149                             		.file 3 "c:\\program files (x86)\\gcc for renesas rx 8.3.0.201904-gnurx-elf\\rx-elf\\rx-elf\\rx-el
 1150                             		.file 4 "C:/Users/John/Desktop/workspace/miniwinwm/MiniWin/gl/fonts/truetype/mcufont/mf_encoding.h
 1151                             		.file 5 "C:/Users/John/Desktop/workspace/miniwinwm/MiniWin/gl/fonts/truetype/mcufont/mf_font.h"
 1152                             		.file 6 "C:/Users/John/Desktop/workspace/miniwinwm/MiniWin/gl/fonts/truetype/mcufont/mf_rlefont.h"
