Archive member included because of file (symbol)

C:/Users/John/Desktop/workspace/miniwinwm/e2studio/MiniWinCamera/RX65N_GCC/lib/libcamlib_rx65n_gcc.a(camlib.o)
                              ./generate/vects.o (INT_Excep_SCI2_RXI2)
c:/program files (x86)/gcc for renesas rx 8.3.0.201904-gnurx-elf/rx-elf/rx-elf/bin/../lib/gcc/rx-elf/8.3.0.201904-GNURX/../../../../rx-elf/lib/64-bit-double/rxv2\libm.a(lib_a-sf_cos.o)
                              ./MiniWin/gl/gl.o (cosf)
c:/program files (x86)/gcc for renesas rx 8.3.0.201904-gnurx-elf/rx-elf/rx-elf/bin/../lib/gcc/rx-elf/8.3.0.201904-GNURX/../../../../rx-elf/lib/64-bit-double/rxv2\libm.a(lib_a-sf_round.o)
                              ./MiniWin/gl/gl.o (roundf)
c:/program files (x86)/gcc for renesas rx 8.3.0.201904-gnurx-elf/rx-elf/rx-elf/bin/../lib/gcc/rx-elf/8.3.0.201904-GNURX/../../../../rx-elf/lib/64-bit-double/rxv2\libm.a(lib_a-sf_sin.o)
                              ./MiniWin/gl/gl.o (sinf)
c:/program files (x86)/gcc for renesas rx 8.3.0.201904-gnurx-elf/rx-elf/rx-elf/bin/../lib/gcc/rx-elf/8.3.0.201904-GNURX/../../../../rx-elf/lib/64-bit-double/rxv2\libm.a(lib_a-wf_atan2.o)
                              ./MiniWin/gl/gl.o (atan2f)
c:/program files (x86)/gcc for renesas rx 8.3.0.201904-gnurx-elf/rx-elf/rx-elf/bin/../lib/gcc/rx-elf/8.3.0.201904-GNURX/../../../../rx-elf/lib/64-bit-double/rxv2\libm.a(lib_a-ef_atan2.o)
                              c:/program files (x86)/gcc for renesas rx 8.3.0.201904-gnurx-elf/rx-elf/rx-elf/bin/../lib/gcc/rx-elf/8.3.0.201904-GNURX/../../../../rx-elf/lib/64-bit-double/rxv2\libm.a(lib_a-wf_atan2.o) (__ieee754_atan2f)
c:/program files (x86)/gcc for renesas rx 8.3.0.201904-gnurx-elf/rx-elf/rx-elf/bin/../lib/gcc/rx-elf/8.3.0.201904-GNURX/../../../../rx-elf/lib/64-bit-double/rxv2\libm.a(lib_a-ef_rem_pio2.o)
                              c:/program files (x86)/gcc for renesas rx 8.3.0.201904-gnurx-elf/rx-elf/rx-elf/bin/../lib/gcc/rx-elf/8.3.0.201904-GNURX/../../../../rx-elf/lib/64-bit-double/rxv2\libm.a(lib_a-sf_cos.o) (__ieee754_rem_pio2f)
c:/program files (x86)/gcc for renesas rx 8.3.0.201904-gnurx-elf/rx-elf/rx-elf/bin/../lib/gcc/rx-elf/8.3.0.201904-GNURX/../../../../rx-elf/lib/64-bit-double/rxv2\libm.a(lib_a-kf_cos.o)
                              c:/program files (x86)/gcc for renesas rx 8.3.0.201904-gnurx-elf/rx-elf/rx-elf/bin/../lib/gcc/rx-elf/8.3.0.201904-GNURX/../../../../rx-elf/lib/64-bit-double/rxv2\libm.a(lib_a-sf_cos.o) (__kernel_cosf)
c:/program files (x86)/gcc for renesas rx 8.3.0.201904-gnurx-elf/rx-elf/rx-elf/bin/../lib/gcc/rx-elf/8.3.0.201904-GNURX/../../../../rx-elf/lib/64-bit-double/rxv2\libm.a(lib_a-kf_rem_pio2.o)
                              c:/program files (x86)/gcc for renesas rx 8.3.0.201904-gnurx-elf/rx-elf/rx-elf/bin/../lib/gcc/rx-elf/8.3.0.201904-GNURX/../../../../rx-elf/lib/64-bit-double/rxv2\libm.a(lib_a-ef_rem_pio2.o) (__kernel_rem_pio2f)
c:/program files (x86)/gcc for renesas rx 8.3.0.201904-gnurx-elf/rx-elf/rx-elf/bin/../lib/gcc/rx-elf/8.3.0.201904-GNURX/../../../../rx-elf/lib/64-bit-double/rxv2\libm.a(lib_a-kf_sin.o)
                              c:/program files (x86)/gcc for renesas rx 8.3.0.201904-gnurx-elf/rx-elf/rx-elf/bin/../lib/gcc/rx-elf/8.3.0.201904-GNURX/../../../../rx-elf/lib/64-bit-double/rxv2\libm.a(lib_a-sf_cos.o) (__kernel_sinf)
c:/program files (x86)/gcc for renesas rx 8.3.0.201904-gnurx-elf/rx-elf/rx-elf/bin/../lib/gcc/rx-elf/8.3.0.201904-GNURX/../../../../rx-elf/lib/64-bit-double/rxv2\libm.a(lib_a-sf_atan.o)
                              c:/program files (x86)/gcc for renesas rx 8.3.0.201904-gnurx-elf/rx-elf/rx-elf/bin/../lib/gcc/rx-elf/8.3.0.201904-GNURX/../../../../rx-elf/lib/64-bit-double/rxv2\libm.a(lib_a-ef_atan2.o) (atanf)
c:/program files (x86)/gcc for renesas rx 8.3.0.201904-gnurx-elf/rx-elf/rx-elf/bin/../lib/gcc/rx-elf/8.3.0.201904-GNURX/../../../../rx-elf/lib/64-bit-double/rxv2\libm.a(lib_a-sf_fabs.o)
                              c:/program files (x86)/gcc for renesas rx 8.3.0.201904-gnurx-elf/rx-elf/rx-elf/bin/../lib/gcc/rx-elf/8.3.0.201904-GNURX/../../../../rx-elf/lib/64-bit-double/rxv2\libm.a(lib_a-ef_atan2.o) (fabsf)
c:/program files (x86)/gcc for renesas rx 8.3.0.201904-gnurx-elf/rx-elf/rx-elf/bin/../lib/gcc/rx-elf/8.3.0.201904-GNURX/../../../../rx-elf/lib/64-bit-double/rxv2\libm.a(lib_a-sf_floor.o)
                              c:/program files (x86)/gcc for renesas rx 8.3.0.201904-gnurx-elf/rx-elf/rx-elf/bin/../lib/gcc/rx-elf/8.3.0.201904-GNURX/../../../../rx-elf/lib/64-bit-double/rxv2\libm.a(lib_a-kf_rem_pio2.o) (floorf)
c:/program files (x86)/gcc for renesas rx 8.3.0.201904-gnurx-elf/rx-elf/rx-elf/bin/../lib/gcc/rx-elf/8.3.0.201904-GNURX/../../../../rx-elf/lib/64-bit-double/rxv2\libm.a(lib_a-sf_scalbn.o)
                              c:/program files (x86)/gcc for renesas rx 8.3.0.201904-gnurx-elf/rx-elf/rx-elf/bin/../lib/gcc/rx-elf/8.3.0.201904-GNURX/../../../../rx-elf/lib/64-bit-double/rxv2\libm.a(lib_a-kf_rem_pio2.o) (scalbnf)
[...]
Memory Configuration

Name             Origin             Length             Attributes
RAM              0x00000000         0x00040000
RAM2             0x00080000         0x00060000
ROM              0xfff00000         0x00100000
OFS              0xfe7f5d00         0x00000080
*default*        0x00000000         0xffffffff

Linker script and memory map

LOAD ./src/app.o
LOAD ./generate/hwinit.o
LOAD ./generate/inthandler.o
LOAD ./generate/start.o
LOAD ./generate/vects.o
LOAD ./MiniWinCamera_Common/main.o
LOAD ./MiniWinCamera_Common/miniwin_user.o
LOAD ./MiniWinCamera_Common/window_camera.o
LOAD ./MiniWin/ui/ui_arrow.o
LOAD ./MiniWin/ui/ui_button.o
LOAD ./MiniWin/ui/ui_check_box.o
LOAD ./MiniWin/ui/ui_common.o
LOAD ./MiniWin/ui/ui_keyboard.o
LOAD ./MiniWin/ui/ui_keypad.o
LOAD ./MiniWin/ui/ui_label.o
LOAD ./MiniWin/ui/ui_list_box.o
LOAD ./MiniWin/ui/ui_progress_bar.o
LOAD ./MiniWin/ui/ui_radio_button.o
LOAD ./MiniWin/ui/ui_scroll_bar_horiz.o
LOAD ./MiniWin/ui/ui_scroll_bar_vert.o
LOAD ./MiniWin/ui/ui_tabs.o
LOAD ./MiniWin/ui/ui_text_box.o
LOAD ./MiniWin/ui/ui_tree.o
LOAD ./MiniWin/hal/windows/hal_delay.o
LOAD ./MiniWin/hal/windows/hal_lcd.o
LOAD ./MiniWin/hal/windows/hal_non_vol.o
LOAD ./MiniWin/hal/windows/hal_timer.o
LOAD ./MiniWin/hal/windows/hal_touch.o
LOAD ./MiniWin/hal/stm32f429/hal_delay.o
LOAD ./MiniWin/hal/stm32f429/hal_lcd.o
LOAD ./MiniWin/hal/stm32f429/hal_non_vol.o
LOAD ./MiniWin/hal/stm32f429/hal_timer.o
LOAD ./MiniWin/hal/stm32f429/hal_touch.o
LOAD ./MiniWin/hal/stm32f407/hal_delay.o
LOAD ./MiniWin/hal/stm32f407/hal_lcd.o
LOAD ./MiniWin/hal/stm32f407/hal_non_vol.o
LOAD ./MiniWin/hal/stm32f407/hal_timer.o
LOAD ./MiniWin/hal/stm32f407/hal_touch.o
LOAD ./MiniWin/hal/rx65n_gcc/hal_delay.o
LOAD ./MiniWin/hal/rx65n_gcc/hal_lcd.o
LOAD ./MiniWin/hal/rx65n_gcc/hal_non_vol.o
LOAD ./MiniWin/hal/rx65n_gcc/hal_timer.o
LOAD ./MiniWin/hal/rx65n_gcc/hal_touch.o
LOAD ./MiniWin/hal/rx65n/hal_delay.o
LOAD ./MiniWin/hal/rx65n/hal_lcd.o
LOAD ./MiniWin/hal/rx65n/hal_non_vol.o
LOAD ./MiniWin/hal/rx65n/hal_timer.o
LOAD ./MiniWin/hal/rx65n/hal_touch.o
LOAD ./MiniWin/hal/lpc54628/hal_delay.o
LOAD ./MiniWin/hal/lpc54628/hal_lcd.o
LOAD ./MiniWin/hal/lpc54628/hal_non_vol.o
LOAD ./MiniWin/hal/lpc54628/hal_timer.o
LOAD ./MiniWin/hal/lpc54628/hal_touch.o
LOAD ./MiniWin/hal/linux/hal_delay.o
LOAD ./MiniWin/hal/linux/hal_lcd.o
LOAD ./MiniWin/hal/linux/hal_non_vol.o
LOAD ./MiniWin/hal/linux/hal_timer.o
LOAD ./MiniWin/hal/linux/hal_touch.o
LOAD ./MiniWin/hal/hal_init.o
LOAD ./MiniWin/gl/fonts/truetype/mcufont/mf_bwfont.o
LOAD ./MiniWin/gl/fonts/truetype/mcufont/mf_encoding.o
LOAD ./MiniWin/gl/fonts/truetype/mcufont/mf_font.o
LOAD ./MiniWin/gl/fonts/truetype/mcufont/mf_justify.o
LOAD ./MiniWin/gl/fonts/truetype/mcufont/mf_kerning.o
LOAD ./MiniWin/gl/fonts/truetype/mcufont/mf_rlefont.o
LOAD ./MiniWin/gl/fonts/truetype/mcufont/mf_scaledfont.o
LOAD ./MiniWin/gl/fonts/truetype/mcufont/mf_wordwrap.o
LOAD ./MiniWin/gl/fonts/truetype/BLKCHCRY16.o
LOAD ./MiniWin/gl/fonts/truetype/BLKCHCRY16bw.o
LOAD ./MiniWin/gl/fonts/truetype/dejavu_sans_12.o
LOAD ./MiniWin/gl/fonts/bitmapped/font12.o
LOAD ./MiniWin/gl/fonts/bitmapped/font16.o
LOAD ./MiniWin/gl/fonts/bitmapped/font20.o
LOAD ./MiniWin/gl/fonts/bitmapped/font24.o
LOAD ./MiniWin/gl/fonts/bitmapped/font9.o
LOAD ./MiniWin/gl/fonts/bitmapped/gl_title_font.o
LOAD ./MiniWin/gl/gl.o
LOAD ./MiniWin/dialogs/dialog_colour_chooser.o
LOAD ./MiniWin/dialogs/dialog_date_chooser.o
LOAD ./MiniWin/dialogs/dialog_file_chooser.o
LOAD ./MiniWin/dialogs/dialog_number_entry.o
LOAD ./MiniWin/dialogs/dialog_one_button.o
LOAD ./MiniWin/dialogs/dialog_text_entry.o
LOAD ./MiniWin/dialogs/dialog_time_chooser.o
LOAD ./MiniWin/dialogs/dialog_two_button.o
LOAD ./MiniWin/bitmaps/backspace_key.o
LOAD ./MiniWin/bitmaps/close_icon.o
LOAD ./MiniWin/bitmaps/close_icon_large.o
LOAD ./MiniWin/bitmaps/file_icon_large.o
LOAD ./MiniWin/bitmaps/file_icon_small.o
LOAD ./MiniWin/bitmaps/folder_close_icon_large.o
LOAD ./MiniWin/bitmaps/folder_close_icon_small.o
LOAD ./MiniWin/bitmaps/folder_icon_large.o
LOAD ./MiniWin/bitmaps/folder_icon_small.o
LOAD ./MiniWin/bitmaps/folder_open_icon_large.o
LOAD ./MiniWin/bitmaps/folder_open_icon_small.o
LOAD ./MiniWin/bitmaps/let_key.o
LOAD ./MiniWin/bitmaps/maximise_icon.o
LOAD ./MiniWin/bitmaps/maximise_icon_large.o
LOAD ./MiniWin/bitmaps/minimise_icon.o
LOAD ./MiniWin/bitmaps/minimise_icon_large.o
LOAD ./MiniWin/bitmaps/num_key.o
LOAD ./MiniWin/bitmaps/resize_icon.o
LOAD ./MiniWin/bitmaps/resize_icon_large.o
LOAD ./MiniWin/bitmaps/shift_key.o
LOAD ./MiniWin/bitmaps/sym_key.o
LOAD ./MiniWin/bitmaps/tick.o
LOAD ./MiniWin/bitmaps/tick_large.o
LOAD ./MiniWin/calibrate.o
LOAD ./MiniWin/miniwin.o
LOAD ./MiniWin/miniwin_debug.o
LOAD ./MiniWin/miniwin_message_queue.o
LOAD ./MiniWin/miniwin_settings.o
LOAD ./MiniWin/miniwin_touch.o
LOAD ./MiniWin/miniwin_tree_container.o
LOAD ./MiniWin/miniwin_utilities.o
LOAD C:/Users/John/Desktop/workspace/miniwinwm/e2studio/MiniWinCamera/RX65N_GCC/lib/libcamlib_rx65n_gcc.a
START GROUP
LOAD c:/program files (x86)/gcc for renesas rx 8.3.0.201904-gnurx-elf/rx-elf/rx-elf/bin/../lib/gcc/rx-elf/8.3.0.201904-GNURX/../../../../rx-elf/lib/64-bit-double/rxv2\libm.a
LOAD c:/program files (x86)/gcc for renesas rx 8.3.0.201904-gnurx-elf/rx-elf/rx-elf/bin/../lib/gcc/rx-elf/8.3.0.201904-GNURX/../../../../rx-elf/lib/64-bit-double/rxv2\libc.a
LOAD c:/program files (x86)/gcc for renesas rx 8.3.0.201904-gnurx-elf/rx-elf/rx-elf/bin/../lib/gcc/rx-elf/8.3.0.201904-GNURX/64-bit-double/rxv2\libgcc.a
END GROUP
LOAD c:/program files (x86)/gcc for renesas rx 8.3.0.201904-gnurx-elf/rx-elf/rx-elf/bin/../lib/gcc/rx-elf/8.3.0.201904-GNURX/64-bit-double/rxv2\libgcc.a
START GROUP
LOAD c:/program files (x86)/gcc for renesas rx 8.3.0.201904-gnurx-elf/rx-elf/rx-elf/bin/../lib/gcc/rx-elf/8.3.0.201904-GNURX/../../../../rx-elf/lib/64-bit-double/rxv2\libc.a
LOAD c:/program files (x86)/gcc for renesas rx 8.3.0.201904-gnurx-elf/rx-elf/rx-elf/bin/../lib/gcc/rx-elf/8.3.0.201904-GNURX/../../../../rx-elf/lib/64-bit-double/rxv2\libnosys.a
END GROUP
LOAD c:/program files (x86)/gcc for renesas rx 8.3.0.201904-gnurx-elf/rx-elf/rx-elf/bin/../lib/gcc/rx-elf/8.3.0.201904-GNURX/64-bit-double/rxv2\libgcc.a

.exvectors      0xffffff80       0x7c
 *(.exvectors)
 .exvectors     0xffffff80       0x7c ./generate/vects.o
                0xffffff80                ExceptVectors

.fvectors       0xfffffffc        0x4
 *(.fvectors)
 .fvectors      0xfffffffc        0x4 ./generate/vects.o
                0xfffffffc                HardwareVectors

.text           0xfff00000    0x1c94d
 *(.text)
 .text          0xfff00000       0x81 ./generate/start.o
                0xfff00000                PowerON_Reset
 .text          0xfff00081        0x7 c:/program files (x86)/gcc for renesas rx 8.3.0.201904-gnurx-elf/rx-elf/rx-elf/bin/../lib/gcc/rx-elf/8.3.0.201904-GNURX/../../../../rx-elf/lib/64-bit-double/rxv2\libc.a(lib_a-memcpy.o)
                0xfff00081                memcpy
 .text          0xfff00088       0x18 c:/program files (x86)/gcc for renesas rx 8.3.0.201904-gnurx-elf/rx-elf/rx-elf/bin/../lib/gcc/rx-elf/8.3.0.201904-GNURX/../../../../rx-elf/lib/64-bit-double/rxv2\libc.a(lib_a-memmove.o)
                0xfff00088                memmove
 .text          0xfff000a0        0xf c:/program files (x86)/gcc for renesas rx 8.3.0.201904-gnurx-elf/rx-elf/rx-elf/bin/../lib/gcc/rx-elf/8.3.0.201904-GNURX/../../../../rx-elf/lib/64-bit-double/rxv2\libc.a(lib_a-strcmp.o)
                0xfff000a0                strcmp
 .text          0xfff000af        0xd c:/program files (x86)/gcc for renesas rx 8.3.0.201904-gnurx-elf/rx-elf/rx-elf/bin/../lib/gcc/rx-elf/8.3.0.201904-GNURX/../../../../rx-elf/lib/64-bit-double/rxv2\libc.a(lib_a-strlen.o)
                0xfff000af                strlen
 .text          0xfff000bc       0x1d c:/program files (x86)/gcc for renesas rx 8.3.0.201904-gnurx-elf/rx-elf/rx-elf/bin/../lib/gcc/rx-elf/8.3.0.201904-GNURX/../../../../rx-elf/lib/64-bit-double/rxv2\libc.a(lib_a-strncat.o)
                0xfff000bc                strncat
 .text          0xfff000d9       0x18 c:/program files (x86)/gcc for renesas rx 8.3.0.201904-gnurx-elf/rx-elf/rx-elf/bin/../lib/gcc/rx-elf/8.3.0.201904-GNURX/../../../../rx-elf/lib/64-bit-double/rxv2\libc.a(lib_a-strrchr.o)
                0xfff000d9                strrchr
 *(.text.*)
 .text.system_clock_config
                0xfff000f1      0x175 ./src/app.o
 .text.app_init
                0xfff00266       0x5a ./src/app.o
                0xfff00266                app_init
 .text.app_main_loop_process
                0xfff002c0        0x8 ./src/app.o
                0xfff002c0                app_main_loop_process
 .text.HardwareSetup
                0xfff002c8        0x8 ./generate/hwinit.o
                0xfff002c8                HardwareSetup
 .text.INT_Excep_SuperVisorInst
                0xfff002d0        0x9 ./generate/inthandler.o
                0xfff002d0                INT_Excep_SuperVisorInst
 .text.INT_Excep_AccessInst
                0xfff002d9        0x9 ./generate/inthandler.o
                0xfff002d9                INT_Excep_AccessInst
 .text.INT_Excep_UndefinedInst
                0xfff002e2        0x9 ./generate/inthandler.o
                0xfff002e2                INT_Excep_UndefinedInst
 .text.INT_Excep_FloatingPoint
                0xfff002eb        0x9 ./generate/inthandler.o
                0xfff002eb                INT_Excep_FloatingPoint
 .text.INT_NonMaskableInterrupt
                0xfff002f4        0x9 ./generate/inthandler.o
                0xfff002f4                INT_NonMaskableInterrupt
 .text.Dummy    0xfff002fd        0x9 ./generate/inthandler.o
                0xfff002fd                Dummy
 .text.INT_Excep_BRK
                0xfff00306        0x9 ./generate/inthandler.o
                0xfff00306                INT_Excep_BRK
 .text.INT_Excep_BSC_BUSERR
                0xfff0030f        0x9 ./generate/inthandler.o
                0xfff0030f                INT_Excep_BSC_BUSERR
 .text.INT_Excep_RAM_RAMERR
                0xfff00318        0x9 ./generate/inthandler.o
                0xfff00318                INT_Excep_RAM_RAMERR
 .text.INT_Excep_FCU_FIFERR
                0xfff00321        0x9 ./generate/inthandler.o
                0xfff00321                INT_Excep_FCU_FIFERR
 .text.INT_Excep_FCU_FRDYI
                0xfff0032a        0x9 ./generate/inthandler.o
                0xfff0032a                INT_Excep_FCU_FRDYI
 .text.INT_Excep_ICU_SWINT2
                0xfff00333        0x9 ./generate/inthandler.o
                0xfff00333                INT_Excep_ICU_SWINT2
 .text.INT_Excep_ICU_SWINT
                0xfff0033c        0x9 ./generate/inthandler.o
                0xfff0033c                INT_Excep_ICU_SWINT
 .text.INT_Excep_CMT0_CMI0
                0xfff00345        0xd ./generate/inthandler.o
                0xfff00345                INT_Excep_CMT0_CMI0
 .text.INT_Excep_CMT1_CMI1
                0xfff00352        0x9 ./generate/inthandler.o
                0xfff00352                INT_Excep_CMT1_CMI1
 .text.INT_Excep_CMTW0_CMWI0
                0xfff0035b        0x9 ./generate/inthandler.o
                0xfff0035b                INT_Excep_CMTW0_CMWI0
 .text.INT_Excep_CMTW1_CMWI1
                0xfff00364        0x9 ./generate/inthandler.o
                0xfff00364                INT_Excep_CMTW1_CMWI1
 .text.INT_Excep_USB0_D0FIFO0
                0xfff0036d        0x9 ./generate/inthandler.o
                0xfff0036d                INT_Excep_USB0_D0FIFO0
 .text.INT_Excep_USB0_D1FIFO0
                0xfff00376        0x9 ./generate/inthandler.o
                0xfff00376                INT_Excep_USB0_D1FIFO0
 .text.INT_Excep_RSPI0_SPRI0
                0xfff0037f        0x9 ./generate/inthandler.o
                0xfff0037f                INT_Excep_RSPI0_SPRI0
 .text.INT_Excep_RSPI0_SPTI0
                0xfff00388        0x9 ./generate/inthandler.o
                0xfff00388                INT_Excep_RSPI0_SPTI0
 .text.INT_Excep_RSPI1_SPRI1
                0xfff00391        0x9 ./generate/inthandler.o
                0xfff00391                INT_Excep_RSPI1_SPRI1
 .text.INT_Excep_RSPI1_SPTI1
                0xfff0039a        0x9 ./generate/inthandler.o
                0xfff0039a                INT_Excep_RSPI1_SPTI1
 .text.INT_Excep_QSPI_SPRI
                0xfff003a3        0x9 ./generate/inthandler.o
                0xfff003a3                INT_Excep_QSPI_SPRI
 .text.INT_Excep_QSPI_SPTI
                0xfff003ac        0x9 ./generate/inthandler.o
                0xfff003ac                INT_Excep_QSPI_SPTI
 .text.INT_Excep_SDHI_SBFAI
                0xfff003b5        0x9 ./generate/inthandler.o
                0xfff003b5                INT_Excep_SDHI_SBFAI
 .text.INT_Excep_MMCIF_MBFAI
                0xfff003be        0x9 ./generate/inthandler.o
                0xfff003be                INT_Excep_MMCIF_MBFAI
 .text.INT_Excep_RIIC0_RXI0
                0xfff003c7        0x9 ./generate/inthandler.o
                0xfff003c7                INT_Excep_RIIC0_RXI0
 .text.INT_Excep_RIIC0_TXI0
                0xfff003d0        0x9 ./generate/inthandler.o
                0xfff003d0                INT_Excep_RIIC0_TXI0
 .text.INT_Excep_RIIC2_RXI2
                0xfff003d9        0x9 ./generate/inthandler.o
                0xfff003d9                INT_Excep_RIIC2_RXI2
 .text.INT_Excep_RIIC2_TXI2
                0xfff003e2        0x9 ./generate/inthandler.o
                0xfff003e2                INT_Excep_RIIC2_TXI2
 .text.INT_Excep_SCI0_RXI0
                0xfff003eb        0x9 ./generate/inthandler.o
                0xfff003eb                INT_Excep_SCI0_RXI0
 .text.INT_Excep_SCI0_TXI0
                0xfff003f4        0x9 ./generate/inthandler.o
                0xfff003f4                INT_Excep_SCI0_TXI0
 .text.INT_Excep_SCI1_RXI1
                0xfff003fd        0x9 ./generate/inthandler.o
                0xfff003fd                INT_Excep_SCI1_RXI1
 .text.INT_Excep_SCI1_TXI1
                0xfff00406        0x9 ./generate/inthandler.o
                0xfff00406                INT_Excep_SCI1_TXI1
 .text.INT_Excep_ICU_IRQ0
                0xfff0040f        0x9 ./generate/inthandler.o
                0xfff0040f                INT_Excep_ICU_IRQ0
 .text.INT_Excep_ICU_IRQ1
                0xfff00418        0x9 ./generate/inthandler.o
                0xfff00418                INT_Excep_ICU_IRQ1
 .text.INT_Excep_ICU_IRQ2
                0xfff00421        0x9 ./generate/inthandler.o
                0xfff00421                INT_Excep_ICU_IRQ2
 .text.INT_Excep_ICU_IRQ3
                0xfff0042a        0x9 ./generate/inthandler.o
                0xfff0042a                INT_Excep_ICU_IRQ3
 .text.INT_Excep_ICU_IRQ4
                0xfff00433        0x9 ./generate/inthandler.o
                0xfff00433                INT_Excep_ICU_IRQ4
 .text.INT_Excep_ICU_IRQ5
                0xfff0043c        0x9 ./generate/inthandler.o
                0xfff0043c                INT_Excep_ICU_IRQ5
 .text.INT_Excep_ICU_IRQ6
                0xfff00445        0x9 ./generate/inthandler.o
                0xfff00445                INT_Excep_ICU_IRQ6
 .text.INT_Excep_ICU_IRQ7
                0xfff0044e        0x9 ./generate/inthandler.o
                0xfff0044e                INT_Excep_ICU_IRQ7
 .text.INT_Excep_ICU_IRQ8
                0xfff00457        0x9 ./generate/inthandler.o
                0xfff00457                INT_Excep_ICU_IRQ8
 .text.INT_Excep_ICU_IRQ9
                0xfff00460        0x9 ./generate/inthandler.o
                0xfff00460                INT_Excep_ICU_IRQ9
 .text.INT_Excep_ICU_IRQ10
                0xfff00469        0x9 ./generate/inthandler.o
                0xfff00469                INT_Excep_ICU_IRQ10
 .text.INT_Excep_ICU_IRQ11
                0xfff00472        0x9 ./generate/inthandler.o
                0xfff00472                INT_Excep_ICU_IRQ11
 .text.INT_Excep_ICU_IRQ12
                0xfff0047b        0x9 ./generate/inthandler.o
                0xfff0047b                INT_Excep_ICU_IRQ12
 .text.INT_Excep_ICU_IRQ13
                0xfff00484        0x9 ./generate/inthandler.o
                0xfff00484                INT_Excep_ICU_IRQ13
 .text.INT_Excep_ICU_IRQ14
                0xfff0048d        0x9 ./generate/inthandler.o
                0xfff0048d                INT_Excep_ICU_IRQ14
 .text.INT_Excep_ICU_IRQ15
                0xfff00496        0x9 ./generate/inthandler.o
                0xfff00496                INT_Excep_ICU_IRQ15
 .text.INT_Excep_SCI3_RXI3
                0xfff0049f        0x9 ./generate/inthandler.o
                0xfff0049f                INT_Excep_SCI3_RXI3
 .text.INT_Excep_SCI3_TXI3
                0xfff004a8        0x9 ./generate/inthandler.o
                0xfff004a8                INT_Excep_SCI3_TXI3
 .text.INT_Excep_SCI4_RXI4
                0xfff004b1        0x9 ./generate/inthandler.o
                0xfff004b1                INT_Excep_SCI4_RXI4
 .text.INT_Excep_SCI4_TXI4
                0xfff004ba        0x9 ./generate/inthandler.o
                0xfff004ba                INT_Excep_SCI4_TXI4
 .text.INT_Excep_SCI5_RXI5
                0xfff004c3        0x9 ./generate/inthandler.o
                0xfff004c3                INT_Excep_SCI5_RXI5
 .text.INT_Excep_SCI5_TXI5
                0xfff004cc        0x9 ./generate/inthandler.o
                0xfff004cc                INT_Excep_SCI5_TXI5
 .text.INT_Excep_SCI6_RXI6
                0xfff004d5       0x25 ./generate/inthandler.o
                0xfff004d5                INT_Excep_SCI6_RXI6
 .text.INT_Excep_SCI6_TXI6
                0xfff004fa       0x16 ./generate/inthandler.o
                0xfff004fa                INT_Excep_SCI6_TXI6
 .text.INT_Excep_LVD1_LVD1
                0xfff00510        0x9 ./generate/inthandler.o
                0xfff00510                INT_Excep_LVD1_LVD1
 .text.INT_Excep_LVD2_LVD2
                0xfff00519        0x9 ./generate/inthandler.o
                0xfff00519                INT_Excep_LVD2_LVD2
 .text.INT_Excep_USB0_USBR0
                0xfff00522        0x9 ./generate/inthandler.o
                0xfff00522                INT_Excep_USB0_USBR0
 .text.INT_Excep_RTC_ALM
                0xfff0052b        0x9 ./generate/inthandler.o
                0xfff0052b                INT_Excep_RTC_ALM
 .text.INT_Excep_RTC_PRD
                0xfff00534        0x9 ./generate/inthandler.o
                0xfff00534                INT_Excep_RTC_PRD
 .text.INT_Excep_USBA_USBAR
                0xfff0053d        0x9 ./generate/inthandler.o
                0xfff0053d                INT_Excep_USBA_USBAR
 .text.INT_Excep_IWDT_IWUNI
                0xfff00546        0x9 ./generate/inthandler.o
                0xfff00546                INT_Excep_IWDT_IWUNI
 .text.INT_Excep_WDT_WUNI
                0xfff0054f        0x9 ./generate/inthandler.o
                0xfff0054f                INT_Excep_WDT_WUNI
 .text.INT_Excep_PDC_PCDFI
                0xfff00558        0x9 ./generate/inthandler.o
                0xfff00558                INT_Excep_PDC_PCDFI
 .text.INT_Excep_SCI7_RXI7
                0xfff00561        0x9 ./generate/inthandler.o
                0xfff00561                INT_Excep_SCI7_RXI7
 .text.INT_Excep_SCI7_TXI7
                0xfff0056a        0x9 ./generate/inthandler.o
                0xfff0056a                INT_Excep_SCI7_TXI7
 .text.INT_Excep_SCI8_RXI8
                0xfff00573        0x9 ./generate/inthandler.o
                0xfff00573                INT_Excep_SCI8_RXI8
 .text.INT_Excep_SCI8_TXI8
                0xfff0057c        0x9 ./generate/inthandler.o
                0xfff0057c                INT_Excep_SCI8_TXI8
 .text.INT_Excep_SCI9_RXI9
                0xfff00585        0x9 ./generate/inthandler.o
                0xfff00585                INT_Excep_SCI9_RXI9
 .text.INT_Excep_SCI9_TXI9
                0xfff0058e        0x9 ./generate/inthandler.o
                0xfff0058e                INT_Excep_SCI9_TXI9
 .text.INT_Excep_SCI10_RXI10
                0xfff00597        0x9 ./generate/inthandler.o
                0xfff00597                INT_Excep_SCI10_RXI10
 .text.INT_Excep_SCI10_TXI10
                0xfff005a0        0x9 ./generate/inthandler.o
                0xfff005a0                INT_Excep_SCI10_TXI10
 .text.INT_Excep_ICU_GROUPBE0
                0xfff005a9        0x9 ./generate/inthandler.o
                0xfff005a9                INT_Excep_ICU_GROUPBE0
 .text.INT_Excep_ICU_GROUPBL2
                0xfff005b2        0x9 ./generate/inthandler.o
                0xfff005b2                INT_Excep_ICU_GROUPBL2
 .text.INT_Excep_RSPI2_SPRI2
                0xfff005bb        0x9 ./generate/inthandler.o
                0xfff005bb                INT_Excep_RSPI2_SPRI2
 .text.INT_Excep_RSPI2_SPTI2
                0xfff005c4        0x9 ./generate/inthandler.o
                0xfff005c4                INT_Excep_RSPI2_SPTI2
 .text.INT_Excep_ICU_GROUPBL0
                0xfff005cd       0x48 ./generate/inthandler.o
                0xfff005cd                INT_Excep_ICU_GROUPBL0
 .text.INT_Excep_ICU_GROUPBL1
                0xfff00615        0x9 ./generate/inthandler.o
                0xfff00615                INT_Excep_ICU_GROUPBL1
 .text.INT_Excep_ICU_GROUPAL0
                0xfff0061e        0x9 ./generate/inthandler.o
                0xfff0061e                INT_Excep_ICU_GROUPAL0
 .text.INT_Excep_ICU_GROUPAL1
                0xfff00627        0x9 ./generate/inthandler.o
                0xfff00627                INT_Excep_ICU_GROUPAL1
 .text.INT_Excep_SCI11_RXI11
                0xfff00630        0x9 ./generate/inthandler.o
                0xfff00630                INT_Excep_SCI11_RXI11
 .text.INT_Excep_SCI11_TXI11
                0xfff00639        0x9 ./generate/inthandler.o
                0xfff00639                INT_Excep_SCI11_TXI11
 .text.INT_Excep_SCI12_RXI12
                0xfff00642        0x9 ./generate/inthandler.o
                0xfff00642                INT_Excep_SCI12_RXI12
 .text.INT_Excep_SCI12_TXI12
                0xfff0064b        0x9 ./generate/inthandler.o
                0xfff0064b                INT_Excep_SCI12_TXI12
 .text.INT_Excep_DMAC_DMAC0I
                0xfff00654        0x9 ./generate/inthandler.o
                0xfff00654                INT_Excep_DMAC_DMAC0I
 .text.INT_Excep_DMAC_DMAC1I
                0xfff0065d        0x9 ./generate/inthandler.o
                0xfff0065d                INT_Excep_DMAC_DMAC1I
 .text.INT_Excep_DMAC_DMAC2I
                0xfff00666        0x9 ./generate/inthandler.o
                0xfff00666                INT_Excep_DMAC_DMAC2I
 .text.INT_Excep_DMAC_DMAC3I
                0xfff0066f        0x9 ./generate/inthandler.o
                0xfff0066f                INT_Excep_DMAC_DMAC3I
 .text.INT_Excep_DMAC_DMAC74I
                0xfff00678        0x9 ./generate/inthandler.o
                0xfff00678                INT_Excep_DMAC_DMAC74I
 .text.INT_Excep_OST_OSTDI
                0xfff00681        0x9 ./generate/inthandler.o
                0xfff00681                INT_Excep_OST_OSTDI
 .text.INT_Excep_EXDMAC_EXDMAC0I
                0xfff0068a        0x9 ./generate/inthandler.o
                0xfff0068a                INT_Excep_EXDMAC_EXDMAC0I
 .text.INT_Excep_EXDMAC_EXDMAC1I
                0xfff00693        0x9 ./generate/inthandler.o
                0xfff00693                INT_Excep_EXDMAC_EXDMAC1I
 .text.INT_Excep_PERIB_INTB128
                0xfff0069c        0x9 ./generate/inthandler.o
                0xfff0069c                INT_Excep_PERIB_INTB128
 .text.INT_Excep_PERIB_INTB129
                0xfff006a5        0x9 ./generate/inthandler.o
                0xfff006a5                INT_Excep_PERIB_INTB129
 .text.INT_Excep_PERIB_INTB130
                0xfff006ae        0x9 ./generate/inthandler.o
                0xfff006ae                INT_Excep_PERIB_INTB130
 .text.INT_Excep_PERIB_INTB131
                0xfff006b7        0x9 ./generate/inthandler.o
                0xfff006b7                INT_Excep_PERIB_INTB131
 .text.INT_Excep_PERIB_INTB132
                0xfff006c0        0x9 ./generate/inthandler.o
                0xfff006c0                INT_Excep_PERIB_INTB132
 .text.INT_Excep_PERIB_INTB133
                0xfff006c9        0x9 ./generate/inthandler.o
                0xfff006c9                INT_Excep_PERIB_INTB133
 .text.INT_Excep_PERIB_INTB134
                0xfff006d2        0x9 ./generate/inthandler.o
                0xfff006d2                INT_Excep_PERIB_INTB134
 .text.INT_Excep_PERIB_INTB135
                0xfff006db        0x9 ./generate/inthandler.o
                0xfff006db                INT_Excep_PERIB_INTB135
 .text.INT_Excep_PERIB_INTB136
                0xfff006e4        0x9 ./generate/inthandler.o
                0xfff006e4                INT_Excep_PERIB_INTB136
 .text.INT_Excep_PERIB_INTB137
                0xfff006ed        0x9 ./generate/inthandler.o
                0xfff006ed                INT_Excep_PERIB_INTB137
 .text.INT_Excep_PERIB_INTB138
                0xfff006f6        0x9 ./generate/inthandler.o
                0xfff006f6                INT_Excep_PERIB_INTB138
 .text.INT_Excep_PERIB_INTB139
                0xfff006ff        0x9 ./generate/inthandler.o
                0xfff006ff                INT_Excep_PERIB_INTB139
 .text.INT_Excep_PERIB_INTB140
                0xfff00708        0x9 ./generate/inthandler.o
                0xfff00708                INT_Excep_PERIB_INTB140
 .text.INT_Excep_PERIB_INTB141
                0xfff00711        0x9 ./generate/inthandler.o
                0xfff00711                INT_Excep_PERIB_INTB141
 .text.INT_Excep_PERIB_INTB142
                0xfff0071a        0x9 ./generate/inthandler.o
                0xfff0071a                INT_Excep_PERIB_INTB142
 .text.INT_Excep_PERIB_INTB143
                0xfff00723        0x9 ./generate/inthandler.o
                0xfff00723                INT_Excep_PERIB_INTB143
 .text.INT_Excep_PERIB_INTB144
                0xfff0072c        0x9 ./generate/inthandler.o
                0xfff0072c                INT_Excep_PERIB_INTB144
 .text.INT_Excep_PERIB_INTB145
                0xfff00735        0x9 ./generate/inthandler.o
                0xfff00735                INT_Excep_PERIB_INTB145
 .text.INT_Excep_PERIB_INTB146
                0xfff0073e        0x9 ./generate/inthandler.o
                0xfff0073e                INT_Excep_PERIB_INTB146
 .text.INT_Excep_PERIB_INTB147
                0xfff00747        0x9 ./generate/inthandler.o
                0xfff00747                INT_Excep_PERIB_INTB147
 .text.INT_Excep_PERIB_INTB148
                0xfff00750        0x9 ./generate/inthandler.o
                0xfff00750                INT_Excep_PERIB_INTB148
 .text.INT_Excep_PERIB_INTB149
                0xfff00759        0x9 ./generate/inthandler.o
                0xfff00759                INT_Excep_PERIB_INTB149
 .text.INT_Excep_PERIB_INTB150
                0xfff00762        0x9 ./generate/inthandler.o
                0xfff00762                INT_Excep_PERIB_INTB150
 .text.INT_Excep_PERIB_INTB151
                0xfff0076b        0x9 ./generate/inthandler.o
                0xfff0076b                INT_Excep_PERIB_INTB151
 .text.INT_Excep_PERIB_INTB152
                0xfff00774        0x9 ./generate/inthandler.o
                0xfff00774                INT_Excep_PERIB_INTB152
 .text.INT_Excep_PERIB_INTB153
                0xfff0077d        0x9 ./generate/inthandler.o
                0xfff0077d                INT_Excep_PERIB_INTB153
 .text.INT_Excep_PERIB_INTB154
                0xfff00786        0x9 ./generate/inthandler.o
                0xfff00786                INT_Excep_PERIB_INTB154
 .text.INT_Excep_PERIB_INTB155
                0xfff0078f        0x9 ./generate/inthandler.o
                0xfff0078f                INT_Excep_PERIB_INTB155
 .text.INT_Excep_PERIB_INTB156
                0xfff00798        0x9 ./generate/inthandler.o
                0xfff00798                INT_Excep_PERIB_INTB156
 .text.INT_Excep_PERIB_INTB157
                0xfff007a1        0x9 ./generate/inthandler.o
                0xfff007a1                INT_Excep_PERIB_INTB157
 .text.INT_Excep_PERIB_INTB158
                0xfff007aa        0x9 ./generate/inthandler.o
                0xfff007aa                INT_Excep_PERIB_INTB158
 .text.INT_Excep_PERIB_INTB159
                0xfff007b3        0x9 ./generate/inthandler.o
                0xfff007b3                INT_Excep_PERIB_INTB159
 .text.INT_Excep_PERIB_INTB160
                0xfff007bc        0x9 ./generate/inthandler.o
                0xfff007bc                INT_Excep_PERIB_INTB160
 .text.INT_Excep_PERIB_INTB161
                0xfff007c5        0x9 ./generate/inthandler.o
                0xfff007c5                INT_Excep_PERIB_INTB161
 .text.INT_Excep_PERIB_INTB162
                0xfff007ce        0x9 ./generate/inthandler.o
                0xfff007ce                INT_Excep_PERIB_INTB162
 .text.INT_Excep_PERIB_INTB163
                0xfff007d7        0x9 ./generate/inthandler.o
                0xfff007d7                INT_Excep_PERIB_INTB163
 .text.INT_Excep_PERIB_INTB164
                0xfff007e0        0x9 ./generate/inthandler.o
                0xfff007e0                INT_Excep_PERIB_INTB164
 .text.INT_Excep_PERIB_INTB165
                0xfff007e9        0x9 ./generate/inthandler.o
                0xfff007e9                INT_Excep_PERIB_INTB165
 .text.INT_Excep_PERIB_INTB166
                0xfff007f2        0x9 ./generate/inthandler.o
                0xfff007f2                INT_Excep_PERIB_INTB166
 .text.INT_Excep_PERIB_INTB167
                0xfff007fb        0x9 ./generate/inthandler.o
                0xfff007fb                INT_Excep_PERIB_INTB167
 .text.INT_Excep_PERIB_INTB168
                0xfff00804        0x9 ./generate/inthandler.o
                0xfff00804                INT_Excep_PERIB_INTB168
 .text.INT_Excep_PERIB_INTB169
                0xfff0080d        0x9 ./generate/inthandler.o
                0xfff0080d                INT_Excep_PERIB_INTB169
 .text.INT_Excep_PERIB_INTB170
                0xfff00816        0x9 ./generate/inthandler.o
                0xfff00816                INT_Excep_PERIB_INTB170
 .text.INT_Excep_PERIB_INTB171
                0xfff0081f        0x9 ./generate/inthandler.o
                0xfff0081f                INT_Excep_PERIB_INTB171
 .text.INT_Excep_PERIB_INTB172
                0xfff00828        0x9 ./generate/inthandler.o
                0xfff00828                INT_Excep_PERIB_INTB172
 .text.INT_Excep_PERIB_INTB173
                0xfff00831        0x9 ./generate/inthandler.o
                0xfff00831                INT_Excep_PERIB_INTB173
 .text.INT_Excep_PERIB_INTB174
                0xfff0083a        0x9 ./generate/inthandler.o
                0xfff0083a                INT_Excep_PERIB_INTB174
 .text.INT_Excep_PERIB_INTB175
                0xfff00843        0x9 ./generate/inthandler.o
                0xfff00843                INT_Excep_PERIB_INTB175
 .text.INT_Excep_PERIB_INTB176
                0xfff0084c        0x9 ./generate/inthandler.o
                0xfff0084c                INT_Excep_PERIB_INTB176
 .text.INT_Excep_PERIB_INTB177
                0xfff00855        0x9 ./generate/inthandler.o
                0xfff00855                INT_Excep_PERIB_INTB177
 .text.INT_Excep_PERIB_INTB178
                0xfff0085e        0x9 ./generate/inthandler.o
                0xfff0085e                INT_Excep_PERIB_INTB178
 .text.INT_Excep_PERIB_INTB179
                0xfff00867        0x9 ./generate/inthandler.o
                0xfff00867                INT_Excep_PERIB_INTB179
 .text.INT_Excep_PERIB_INTB180
                0xfff00870        0x9 ./generate/inthandler.o
                0xfff00870                INT_Excep_PERIB_INTB180
 .text.INT_Excep_PERIB_INTB181
                0xfff00879        0x9 ./generate/inthandler.o
                0xfff00879                INT_Excep_PERIB_INTB181
 .text.INT_Excep_PERIB_INTB182
                0xfff00882        0x9 ./generate/inthandler.o
                0xfff00882                INT_Excep_PERIB_INTB182
 .text.INT_Excep_PERIB_INTB183
                0xfff0088b        0x9 ./generate/inthandler.o
                0xfff0088b                INT_Excep_PERIB_INTB183
 .text.INT_Excep_PERIB_INTB184
                0xfff00894        0x9 ./generate/inthandler.o
                0xfff00894                INT_Excep_PERIB_INTB184
 .text.INT_Excep_PERIB_INTB185
                0xfff0089d        0x9 ./generate/inthandler.o
                0xfff0089d                INT_Excep_PERIB_INTB185
 .text.INT_Excep_PERIB_INTB186
                0xfff008a6        0x9 ./generate/inthandler.o
                0xfff008a6                INT_Excep_PERIB_INTB186
 .text.INT_Excep_PERIB_INTB187
                0xfff008af        0x9 ./generate/inthandler.o
                0xfff008af                INT_Excep_PERIB_INTB187
 .text.INT_Excep_PERIB_INTB188
                0xfff008b8        0x9 ./generate/inthandler.o
                0xfff008b8                INT_Excep_PERIB_INTB188
 .text.INT_Excep_PERIB_INTB189
                0xfff008c1        0x9 ./generate/inthandler.o
                0xfff008c1                INT_Excep_PERIB_INTB189
 .text.INT_Excep_PERIB_INTB190
                0xfff008ca        0x9 ./generate/inthandler.o
                0xfff008ca                INT_Excep_PERIB_INTB190
 .text.INT_Excep_PERIB_INTB191
                0xfff008d3        0x9 ./generate/inthandler.o
                0xfff008d3                INT_Excep_PERIB_INTB191
 .text.INT_Excep_PERIB_INTB192
                0xfff008dc        0x9 ./generate/inthandler.o
                0xfff008dc                INT_Excep_PERIB_INTB192
 .text.INT_Excep_PERIB_INTB193
                0xfff008e5        0x9 ./generate/inthandler.o
                0xfff008e5                INT_Excep_PERIB_INTB193
 .text.INT_Excep_PERIB_INTB194
                0xfff008ee        0x9 ./generate/inthandler.o
                0xfff008ee                INT_Excep_PERIB_INTB194
 .text.INT_Excep_PERIB_INTB195
                0xfff008f7        0x9 ./generate/inthandler.o
                0xfff008f7                INT_Excep_PERIB_INTB195
 .text.INT_Excep_PERIB_INTB196
                0xfff00900        0x9 ./generate/inthandler.o
                0xfff00900                INT_Excep_PERIB_INTB196
 .text.INT_Excep_PERIB_INTB197
                0xfff00909        0x9 ./generate/inthandler.o
                0xfff00909                INT_Excep_PERIB_INTB197
 .text.INT_Excep_PERIB_INTB198
                0xfff00912        0x9 ./generate/inthandler.o
                0xfff00912                INT_Excep_PERIB_INTB198
 .text.INT_Excep_PERIB_INTB199
                0xfff0091b        0x9 ./generate/inthandler.o
                0xfff0091b                INT_Excep_PERIB_INTB199
 .text.INT_Excep_PERIB_INTB200
                0xfff00924        0x9 ./generate/inthandler.o
                0xfff00924                INT_Excep_PERIB_INTB200
 .text.INT_Excep_PERIB_INTB201
                0xfff0092d        0x9 ./generate/inthandler.o
                0xfff0092d                INT_Excep_PERIB_INTB201
 .text.INT_Excep_PERIB_INTB202
                0xfff00936        0x9 ./generate/inthandler.o
                0xfff00936                INT_Excep_PERIB_INTB202
 .text.INT_Excep_PERIB_INTB203
                0xfff0093f        0x9 ./generate/inthandler.o
                0xfff0093f                INT_Excep_PERIB_INTB203
 .text.INT_Excep_PERIB_INTB204
                0xfff00948        0x9 ./generate/inthandler.o
                0xfff00948                INT_Excep_PERIB_INTB204
 .text.INT_Excep_PERIB_INTB205
                0xfff00951        0x9 ./generate/inthandler.o
                0xfff00951                INT_Excep_PERIB_INTB205
 .text.INT_Excep_PERIB_INTB206
                0xfff0095a        0x9 ./generate/inthandler.o
                0xfff0095a                INT_Excep_PERIB_INTB206
 .text.INT_Excep_PERIB_INTB207
                0xfff00963        0x9 ./generate/inthandler.o
                0xfff00963                INT_Excep_PERIB_INTB207
 .text.INT_Excep_PERIA_INTA208
                0xfff0096c        0x9 ./generate/inthandler.o
                0xfff0096c                INT_Excep_PERIA_INTA208
 .text.INT_Excep_PERIA_INTA209
                0xfff00975        0x9 ./generate/inthandler.o
                0xfff00975                INT_Excep_PERIA_INTA209
 .text.INT_Excep_PERIA_INTA210
                0xfff0097e        0x9 ./generate/inthandler.o
                0xfff0097e                INT_Excep_PERIA_INTA210
 .text.INT_Excep_PERIA_INTA211
                0xfff00987        0x9 ./generate/inthandler.o
                0xfff00987                INT_Excep_PERIA_INTA211
 .text.INT_Excep_PERIA_INTA212
                0xfff00990        0x9 ./generate/inthandler.o
                0xfff00990                INT_Excep_PERIA_INTA212
 .text.INT_Excep_PERIA_INTA213
                0xfff00999        0x9 ./generate/inthandler.o
                0xfff00999                INT_Excep_PERIA_INTA213
 .text.INT_Excep_PERIA_INTA214
                0xfff009a2        0x9 ./generate/inthandler.o
                0xfff009a2                INT_Excep_PERIA_INTA214
 .text.INT_Excep_PERIA_INTA215
                0xfff009ab        0x9 ./generate/inthandler.o
                0xfff009ab                INT_Excep_PERIA_INTA215
 .text.INT_Excep_PERIA_INTA216
                0xfff009b4        0x9 ./generate/inthandler.o
                0xfff009b4                INT_Excep_PERIA_INTA216
 .text.INT_Excep_PERIA_INTA217
                0xfff009bd        0x9 ./generate/inthandler.o
                0xfff009bd                INT_Excep_PERIA_INTA217
 .text.INT_Excep_PERIA_INTA218
                0xfff009c6        0x9 ./generate/inthandler.o
                0xfff009c6                INT_Excep_PERIA_INTA218
 .text.INT_Excep_PERIA_INTA219
                0xfff009cf        0x9 ./generate/inthandler.o
                0xfff009cf                INT_Excep_PERIA_INTA219
 .text.INT_Excep_PERIA_INTA220
                0xfff009d8        0x9 ./generate/inthandler.o
                0xfff009d8                INT_Excep_PERIA_INTA220
 .text.INT_Excep_PERIA_INTA221
                0xfff009e1        0x9 ./generate/inthandler.o
                0xfff009e1                INT_Excep_PERIA_INTA221
 .text.INT_Excep_PERIA_INTA222
                0xfff009ea        0x9 ./generate/inthandler.o
                0xfff009ea                INT_Excep_PERIA_INTA222
 .text.INT_Excep_PERIA_INTA223
                0xfff009f3        0x9 ./generate/inthandler.o
                0xfff009f3                INT_Excep_PERIA_INTA223
 .text.INT_Excep_PERIA_INTA224
                0xfff009fc        0x9 ./generate/inthandler.o
                0xfff009fc                INT_Excep_PERIA_INTA224
 .text.INT_Excep_PERIA_INTA225
                0xfff00a05        0x9 ./generate/inthandler.o
                0xfff00a05                INT_Excep_PERIA_INTA225
 .text.INT_Excep_PERIA_INTA226
                0xfff00a0e        0x9 ./generate/inthandler.o
                0xfff00a0e                INT_Excep_PERIA_INTA226
 .text.INT_Excep_PERIA_INTA227
                0xfff00a17        0x9 ./generate/inthandler.o
                0xfff00a17                INT_Excep_PERIA_INTA227
 .text.INT_Excep_PERIA_INTA228
                0xfff00a20        0x9 ./generate/inthandler.o
                0xfff00a20                INT_Excep_PERIA_INTA228
 .text.INT_Excep_PERIA_INTA229
                0xfff00a29        0x9 ./generate/inthandler.o
                0xfff00a29                INT_Excep_PERIA_INTA229
 .text.INT_Excep_PERIA_INTA230
                0xfff00a32        0x9 ./generate/inthandler.o
                0xfff00a32                INT_Excep_PERIA_INTA230
 .text.INT_Excep_PERIA_INTA231
                0xfff00a3b        0x9 ./generate/inthandler.o
                0xfff00a3b                INT_Excep_PERIA_INTA231
 .text.INT_Excep_PERIA_INTA232
                0xfff00a44        0x9 ./generate/inthandler.o
                0xfff00a44                INT_Excep_PERIA_INTA232
 .text.INT_Excep_PERIA_INTA233
                0xfff00a4d        0x9 ./generate/inthandler.o
                0xfff00a4d                INT_Excep_PERIA_INTA233
 .text.INT_Excep_PERIA_INTA234
                0xfff00a56        0x9 ./generate/inthandler.o
                0xfff00a56                INT_Excep_PERIA_INTA234
 .text.INT_Excep_PERIA_INTA235
                0xfff00a5f        0x9 ./generate/inthandler.o
                0xfff00a5f                INT_Excep_PERIA_INTA235
 .text.INT_Excep_PERIA_INTA236
                0xfff00a68        0x9 ./generate/inthandler.o
                0xfff00a68                INT_Excep_PERIA_INTA236
 .text.INT_Excep_PERIA_INTA237
                0xfff00a71        0x9 ./generate/inthandler.o
                0xfff00a71                INT_Excep_PERIA_INTA237
 .text.INT_Excep_PERIA_INTA238
                0xfff00a7a        0x9 ./generate/inthandler.o
                0xfff00a7a                INT_Excep_PERIA_INTA238
 .text.INT_Excep_PERIA_INTA239
                0xfff00a83        0x9 ./generate/inthandler.o
                0xfff00a83                INT_Excep_PERIA_INTA239
 .text.INT_Excep_PERIA_INTA240
                0xfff00a8c        0x9 ./generate/inthandler.o
                0xfff00a8c                INT_Excep_PERIA_INTA240
 .text.INT_Excep_PERIA_INTA241
                0xfff00a95        0x9 ./generate/inthandler.o
                0xfff00a95                INT_Excep_PERIA_INTA241
 .text.INT_Excep_PERIA_INTA242
                0xfff00a9e        0x9 ./generate/inthandler.o
                0xfff00a9e                INT_Excep_PERIA_INTA242
 .text.INT_Excep_PERIA_INTA243
                0xfff00aa7        0x9 ./generate/inthandler.o
                0xfff00aa7                INT_Excep_PERIA_INTA243
 .text.INT_Excep_PERIA_INTA244
                0xfff00ab0        0x9 ./generate/inthandler.o
                0xfff00ab0                INT_Excep_PERIA_INTA244
 .text.INT_Excep_PERIA_INTA245
                0xfff00ab9        0x9 ./generate/inthandler.o
                0xfff00ab9                INT_Excep_PERIA_INTA245
 .text.INT_Excep_PERIA_INTA246
                0xfff00ac2        0x9 ./generate/inthandler.o
                0xfff00ac2                INT_Excep_PERIA_INTA246
 .text.INT_Excep_PERIA_INTA247
                0xfff00acb        0x9 ./generate/inthandler.o
                0xfff00acb                INT_Excep_PERIA_INTA247
 .text.INT_Excep_PERIA_INTA248
                0xfff00ad4        0x9 ./generate/inthandler.o
                0xfff00ad4                INT_Excep_PERIA_INTA248
 .text.INT_Excep_PERIA_INTA249
                0xfff00add        0x9 ./generate/inthandler.o
                0xfff00add                INT_Excep_PERIA_INTA249
 .text.INT_Excep_PERIA_INTA250
                0xfff00ae6        0x9 ./generate/inthandler.o
                0xfff00ae6                INT_Excep_PERIA_INTA250
 .text.INT_Excep_PERIA_INTA251
                0xfff00aef        0x9 ./generate/inthandler.o
                0xfff00aef                INT_Excep_PERIA_INTA251
 .text.INT_Excep_PERIA_INTA252
                0xfff00af8        0x9 ./generate/inthandler.o
                0xfff00af8                INT_Excep_PERIA_INTA252
 .text.INT_Excep_PERIA_INTA253
                0xfff00b01        0x9 ./generate/inthandler.o
                0xfff00b01                INT_Excep_PERIA_INTA253
 .text.INT_Excep_PERIA_INTA254
                0xfff00b0a        0x9 ./generate/inthandler.o
                0xfff00b0a                INT_Excep_PERIA_INTA254
 .text.INT_Excep_PERIA_INTA255
                0xfff00b13        0x9 ./generate/inthandler.o
                0xfff00b13                INT_Excep_PERIA_INTA255
 .text.main     0xfff00b1c       0x16 ./MiniWinCamera_Common/main.o
                0xfff00b1c                main
 .text.mw_user_root_paint_function
                0xfff00b32       0x4a ./MiniWinCamera_Common/miniwin_user.o
                0xfff00b32                mw_user_root_paint_function
 .text.mw_user_root_message_function
                0xfff00b7c        0xd ./MiniWinCamera_Common/miniwin_user.o
                0xfff00b7c                mw_user_root_message_function
 .text.mw_user_init
                0xfff00b89       0x52 ./MiniWinCamera_Common/miniwin_user.o
                0xfff00b89                mw_user_init
 .text.window_window_camera_paint_function
                0xfff00bdb      0x150 ./MiniWinCamera_Common/window_camera.o
                0xfff00bdb                window_window_camera_paint_function
 .text.window_window_camera_message_function
                0xfff00d2b       0x8c ./MiniWinCamera_Common/window_camera.o
                0xfff00d2b                window_window_camera_message_function
 .text.arrow_paint_function
                0xfff00db7      0x275 ./MiniWin/ui/ui_arrow.o
 .text.arrow_message_function
                0xfff0102c      0x167 ./MiniWin/ui/ui_arrow.o
 .text.mw_ui_arrow_add_new
                0xfff01193       0x74 ./MiniWin/ui/ui_arrow.o
                0xfff01193                mw_ui_arrow_add_new
 .text.button_paint_function
                0xfff01207      0x27e ./MiniWin/ui/ui_button.o
 .text.button_message_function
                0xfff01485       0xd6 ./MiniWin/ui/ui_button.o
 .text.mw_ui_button_add_new
                0xfff0155b       0x74 ./MiniWin/ui/ui_button.o
                0xfff0155b                mw_ui_button_add_new
 .text.check_box_paint_function
                0xfff015cf      0x19b ./MiniWin/ui/ui_check_box.o
 .text.check_box_message_function
                0xfff0176a       0xd3 ./MiniWin/ui/ui_check_box.o
 .text.mw_ui_check_box_add_new
                0xfff0183d       0x74 ./MiniWin/ui/ui_check_box.o
                0xfff0183d                mw_ui_check_box_add_new
 .text.mw_ui_common_scale_scroll_bar_touch_point
                0xfff018b1       0x4d ./MiniWin/ui/ui_common.o
                0xfff018b1                mw_ui_common_scale_scroll_bar_touch_point
 *fill*         0xfff018fe        0x2 
 .text.keyboard_paint_function
                0xfff01900      0x788 ./MiniWin/ui/ui_keyboard.o
 .text.process_keypress
                0xfff02088      0x158 ./MiniWin/ui/ui_keyboard.o
 .text.keyboard_message_function
                0xfff021e0      0x211 ./MiniWin/ui/ui_keyboard.o
 .text.mw_ui_keyboard_add_new
                0xfff023f1       0x75 ./MiniWin/ui/ui_keyboard.o
                0xfff023f1                mw_ui_keyboard_add_new
 *fill*         0xfff02466        0x2 
 .text.keypad_paint_function
                0xfff02468      0x400 ./MiniWin/ui/ui_keypad.o
 .text.process_keypress
                0xfff02868       0xb6 ./MiniWin/ui/ui_keypad.o
 .text.keypad_message_function
                0xfff0291e      0x1ea ./MiniWin/ui/ui_keypad.o
 .text.mw_ui_keypad_add_new
                0xfff02b08       0x75 ./MiniWin/ui/ui_keypad.o
                0xfff02b08                mw_ui_keypad_add_new
 .text.label_paint_function
                0xfff02b7d       0xf1 ./MiniWin/ui/ui_label.o
 .text.label_message_function
                0xfff02c6e       0x77 ./MiniWin/ui/ui_label.o
 .text.mw_ui_label_add_new
                0xfff02ce5       0x72 ./MiniWin/ui/ui_label.o
                0xfff02ce5                mw_ui_label_add_new
 *fill*         0xfff02d57        0x1 
 .text.list_box_paint_function
                0xfff02d58      0x5f0 ./MiniWin/ui/ui_list_box.o
 .text.list_box_message_function
                0xfff03348      0x398 ./MiniWin/ui/ui_list_box.o
 .text.mw_ui_list_box_add_new
                0xfff036e0      0x108 ./MiniWin/ui/ui_list_box.o
                0xfff036e0                mw_ui_list_box_add_new
 .text.progress_bar_paint_function
                0xfff037e8      0x1cc ./MiniWin/ui/ui_progress_bar.o
 .text.progress_bar_message_function
                0xfff039b4       0x50 ./MiniWin/ui/ui_progress_bar.o
 .text.mw_ui_progress_bar_add_new
                0xfff03a04       0x7e ./MiniWin/ui/ui_progress_bar.o
                0xfff03a04                mw_ui_progress_bar_add_new
 .text.radio_button_paint_function
                0xfff03a82      0x239 ./MiniWin/ui/ui_radio_button.o
 .text.radio_button_message_function
                0xfff03cbb      0x103 ./MiniWin/ui/ui_radio_button.o
 *fill*         0xfff03dbe        0x2 
 .text.mw_ui_radio_button_add_new
                0xfff03dc0      0x138 ./MiniWin/ui/ui_radio_button.o
                0xfff03dc0                mw_ui_radio_button_add_new
 .text.scroll_bar_horiz_paint_function
                0xfff03ef8      0x1f6 ./MiniWin/ui/ui_scroll_bar_horiz.o
 .text.scroll_bar_horiz_message_function
                0xfff040ee      0x152 ./MiniWin/ui/ui_scroll_bar_horiz.o
 .text.mw_ui_scroll_bar_horiz_add_new
                0xfff04240       0x72 ./MiniWin/ui/ui_scroll_bar_horiz.o
                0xfff04240                mw_ui_scroll_bar_horiz_add_new
 .text.scroll_bar_vert_paint_function
                0xfff042b2      0x1f6 ./MiniWin/ui/ui_scroll_bar_vert.o
 .text.scroll_bar_vert_message_function
                0xfff044a8      0x159 ./MiniWin/ui/ui_scroll_bar_vert.o
 .text.mw_ui_scroll_bar_vert_add_new
                0xfff04601       0x75 ./MiniWin/ui/ui_scroll_bar_vert.o
                0xfff04601                mw_ui_scroll_bar_vert_add_new
 .text.tabs_paint_function
                0xfff04676      0x37d ./MiniWin/ui/ui_tabs.o
 .text.tabs_message_function
                0xfff049f3      0x171 ./MiniWin/ui/ui_tabs.o
 *fill*         0xfff04b64        0x4 
 .text.mw_ui_tabs_add_new
                0xfff04b68      0x160 ./MiniWin/ui/ui_tabs.o
                0xfff04b68                mw_ui_tabs_add_new
 .text.mw_ui_tabs_get_selection
                0xfff04cc8       0x26 ./MiniWin/ui/ui_tabs.o
                0xfff04cc8                mw_ui_tabs_get_selection
 .text.text_box_paint_function
                0xfff04cee       0xe4 ./MiniWin/ui/ui_text_box.o
 .text.text_box_message_function
                0xfff04dd2      0x2e7 ./MiniWin/ui/ui_text_box.o
 *fill*         0xfff050b9        0x7 
 .text.mw_ui_text_box_add_new
                0xfff050c0       0x70 ./MiniWin/ui/ui_text_box.o
                0xfff050c0                mw_ui_text_box_add_new
 .text.node_callback
                0xfff05130      0x468 ./MiniWin/ui/ui_tree.o
 .text.tree_paint_function
                0xfff05598      0x133 ./MiniWin/ui/ui_tree.o
 *fill*         0xfff056cb        0x5 
 .text.tree_message_function
                0xfff056d0      0x608 ./MiniWin/ui/ui_tree.o
 .text.mw_ui_tree_add_new
                0xfff05cd8      0x108 ./MiniWin/ui/ui_tree.o
                0xfff05cd8                mw_ui_tree_add_new
 .text.mw_hal_lcd_init
                0xfff05de0      0x849 ./MiniWin/hal/rx65n_gcc/hal_lcd.o
                0xfff05de0                mw_hal_lcd_init
 .text.mw_hal_lcd_get_display_width
                0xfff06629        0xf ./MiniWin/hal/rx65n_gcc/hal_lcd.o
                0xfff06629                mw_hal_lcd_get_display_width
 .text.mw_hal_lcd_get_display_height
                0xfff06638        0xf ./MiniWin/hal/rx65n_gcc/hal_lcd.o
                0xfff06638                mw_hal_lcd_get_display_height
 .text.mw_hal_lcd_pixel
                0xfff06647       0x5f ./MiniWin/hal/rx65n_gcc/hal_lcd.o
                0xfff06647                mw_hal_lcd_pixel
 .text.mw_hal_lcd_filled_rectangle
                0xfff066a6       0xb3 ./MiniWin/hal/rx65n_gcc/hal_lcd.o
                0xfff066a6                mw_hal_lcd_filled_rectangle
 *fill*         0xfff06759        0x7 
 .text.mw_hal_lcd_colour_bitmap_clip
                0xfff06760      0x130 ./MiniWin/hal/rx65n_gcc/hal_lcd.o
                0xfff06760                mw_hal_lcd_colour_bitmap_clip
 .text.mw_hal_lcd_monochrome_bitmap_clip
                0xfff06890      0x178 ./MiniWin/hal/rx65n_gcc/hal_lcd.o
                0xfff06890                mw_hal_lcd_monochrome_bitmap_clip
 .text.mw_hal_non_vol_init
                0xfff06a08        0x8 ./MiniWin/hal/rx65n_gcc/hal_non_vol.o
                0xfff06a08                mw_hal_non_vol_init
 .text.mw_hal_non_vol_load
                0xfff06a10       0x20 ./MiniWin/hal/rx65n_gcc/hal_non_vol.o
                0xfff06a10                mw_hal_non_vol_load
 .text.mw_hal_non_vol_save
                0xfff06a30      0x20a ./MiniWin/hal/rx65n_gcc/hal_non_vol.o
                0xfff06a30                mw_hal_non_vol_save
 .text.mw_hal_timer_init
                0xfff06c3a       0x93 ./MiniWin/hal/rx65n_gcc/hal_timer.o
                0xfff06c3a                mw_hal_timer_init
 .text.mw_hal_timer_fired
                0xfff06ccd       0x45 ./MiniWin/hal/rx65n_gcc/hal_timer.o
                0xfff06ccd                mw_hal_timer_fired
 .text.read_device_data
                0xfff06d12       0xe0 ./MiniWin/hal/rx65n_gcc/hal_touch.o
 .text.write_device_data
                0xfff06df2       0x8c ./MiniWin/hal/rx65n_gcc/hal_touch.o
 .text.write_device_address
                0xfff06e7e       0x5f ./MiniWin/hal/rx65n_gcc/hal_touch.o
 *fill*         0xfff06edd        0x3 
 .text.generate_start_stop_condition
                0xfff06ee0       0x88 ./MiniWin/hal/rx65n_gcc/hal_touch.o
 .text.mw_hal_touch_init
                0xfff06f68      0x2af ./MiniWin/hal/rx65n_gcc/hal_touch.o
                0xfff06f68                mw_hal_touch_init
 .text.mw_hal_touch_is_recalibration_required
                0xfff07217       0x23 ./MiniWin/hal/rx65n_gcc/hal_touch.o
                0xfff07217                mw_hal_touch_is_recalibration_required
 *fill*         0xfff0723a        0x6 
 .text.mw_hal_touch_get_state
                0xfff07240       0x78 ./MiniWin/hal/rx65n_gcc/hal_touch.o
                0xfff07240                mw_hal_touch_get_state
 .text.mw_hal_touch_get_point
                0xfff072b8       0xd8 ./MiniWin/hal/rx65n_gcc/hal_touch.o
                0xfff072b8                mw_hal_touch_get_point
 .text.mw_hal_init
                0xfff07390       0x1c ./MiniWin/hal/hal_init.o
                0xfff07390                mw_hal_init
 .text.find_char_range
                0xfff073ac       0x79 ./MiniWin/gl/fonts/truetype/mcufont/mf_bwfont.o
 .text.get_width
                0xfff07425       0x34 ./MiniWin/gl/fonts/truetype/mcufont/mf_bwfont.o
 .text.render_char
                0xfff07459      0x208 ./MiniWin/gl/fonts/truetype/mcufont/mf_bwfont.o
 .text.mf_bwfont_render_character
                0xfff07661       0x63 ./MiniWin/gl/fonts/truetype/mcufont/mf_bwfont.o
                0xfff07661                mf_bwfont_render_character
 .text.mf_bwfont_character_width
                0xfff076c4       0x42 ./MiniWin/gl/fonts/truetype/mcufont/mf_bwfont.o
                0xfff076c4                mf_bwfont_character_width
 *fill*         0xfff07706        0x2 
 .text.mf_getchar
                0xfff07708      0x108 ./MiniWin/gl/fonts/truetype/mcufont/mf_encoding.o
                0xfff07708                mf_getchar
 .text.mf_rewind
                0xfff07810       0x42 ./MiniWin/gl/fonts/truetype/mcufont/mf_encoding.o
                0xfff07810                mf_rewind
 .text.mf_render_character
                0xfff07852       0x6f ./MiniWin/gl/fonts/truetype/mcufont/mf_font.o
                0xfff07852                mf_render_character
 .text.mf_character_width
                0xfff078c1       0x42 ./MiniWin/gl/fonts/truetype/mcufont/mf_font.o
                0xfff078c1                mf_character_width
 .text.whitespace_callback
                0xfff07903       0x8e ./MiniWin/gl/fonts/truetype/mcufont/mf_font.o
 .text.mf_character_whitespace
                0xfff07991       0xe5 ./MiniWin/gl/fonts/truetype/mcufont/mf_font.o
                0xfff07991                mf_character_whitespace
 .text.mf_round_to_tab
                0xfff07a76       0x78 ./MiniWin/gl/fonts/truetype/mcufont/mf_justify.o
 .text.mf_round_to_prev_tab
                0xfff07aee       0x79 ./MiniWin/gl/fonts/truetype/mcufont/mf_justify.o
 *fill*         0xfff07b67        0x1 
 .text.mf_get_string_width
                0xfff07b68       0xc0 ./MiniWin/gl/fonts/truetype/mcufont/mf_justify.o
                0xfff07b68                mf_get_string_width
 .text.strip_spaces
                0xfff07c28       0xb0 ./MiniWin/gl/fonts/truetype/mcufont/mf_justify.o
 .text.render_left
                0xfff07cd8       0xb0 ./MiniWin/gl/fonts/truetype/mcufont/mf_justify.o
 .text.render_right
                0xfff07d88       0xf3 ./MiniWin/gl/fonts/truetype/mcufont/mf_justify.o
 .text.mf_render_aligned
                0xfff07e7b       0xbd ./MiniWin/gl/fonts/truetype/mcufont/mf_justify.o
                0xfff07e7b                mf_render_aligned
 .text.is_justify_space
                0xfff07f38       0x23 ./MiniWin/gl/fonts/truetype/mcufont/mf_justify.o
 .text.count_spaces
                0xfff07f5b       0x55 ./MiniWin/gl/fonts/truetype/mcufont/mf_justify.o
 .text.mf_render_justified
                0xfff07fb0      0x1a5 ./MiniWin/gl/fonts/truetype/mcufont/mf_justify.o
                0xfff07fb0                mf_render_justified
 .text.fit_leftedge
                0xfff08155       0x58 ./MiniWin/gl/fonts/truetype/mcufont/mf_kerning.o
 .text.fit_rightedge
                0xfff081ad       0x67 ./MiniWin/gl/fonts/truetype/mcufont/mf_kerning.o
 *fill*         0xfff08214        0x4 
 .text.do_kerning
                0xfff08218       0x40 ./MiniWin/gl/fonts/truetype/mcufont/mf_kerning.o
 .text.max16    0xfff08258       0x1b ./MiniWin/gl/fonts/truetype/mcufont/mf_kerning.o
 .text.avg16    0xfff08273       0x21 ./MiniWin/gl/fonts/truetype/mcufont/mf_kerning.o
 *fill*         0xfff08294        0x4 
 .text.mf_compute_kerning
                0xfff08298      0x1d8 ./MiniWin/gl/fonts/truetype/mcufont/mf_kerning.o
                0xfff08298                mf_compute_kerning
 .text.find_glyph
                0xfff08470       0x84 ./MiniWin/gl/fonts/truetype/mcufont/mf_rlefont.o
 .text.write_pixels
                0xfff084f4       0xb7 ./MiniWin/gl/fonts/truetype/mcufont/mf_rlefont.o
 .text.skip_pixels
                0xfff085ab       0x58 ./MiniWin/gl/fonts/truetype/mcufont/mf_rlefont.o
 *fill*         0xfff08603        0x5 
 .text.write_rle_dictentry
                0xfff08608      0x100 ./MiniWin/gl/fonts/truetype/mcufont/mf_rlefont.o
 .text.fillentry_bitcount
                0xfff08708       0x48 ./MiniWin/gl/fonts/truetype/mcufont/mf_rlefont.o
 .text.write_bin_codeword
                0xfff08750       0x8e ./MiniWin/gl/fonts/truetype/mcufont/mf_rlefont.o
 .text.write_ref_codeword
                0xfff087de       0x8b ./MiniWin/gl/fonts/truetype/mcufont/mf_rlefont.o
 .text.write_ref_dictentry
                0xfff08869       0x72 ./MiniWin/gl/fonts/truetype/mcufont/mf_rlefont.o
 .text.write_glyph_codeword
                0xfff088db       0x54 ./MiniWin/gl/fonts/truetype/mcufont/mf_rlefont.o
 .text.mf_rlefont_render_character
                0xfff0892f       0xa8 ./MiniWin/gl/fonts/truetype/mcufont/mf_rlefont.o
                0xfff0892f                mf_rlefont_render_character
 .text.mf_rlefont_character_width
                0xfff089d7       0x2c ./MiniWin/gl/fonts/truetype/mcufont/mf_rlefont.o
                0xfff089d7                mf_rlefont_character_width
 .text.scaled_pixel_callback
                0xfff08a03       0x9d ./MiniWin/gl/fonts/truetype/mcufont/mf_scaledfont.o
 .text.scaled_character_width
                0xfff08aa0       0x39 ./MiniWin/gl/fonts/truetype/mcufont/mf_scaledfont.o
 .text.scaled_render_character
                0xfff08ad9       0x78 ./MiniWin/gl/fonts/truetype/mcufont/mf_scaledfont.o
 .text.mf_scale_font
                0xfff08b51       0xb8 ./MiniWin/gl/fonts/truetype/mcufont/mf_scaledfont.o
                0xfff08b51                mf_scale_font
 *fill*         0xfff08c09        0x7 
 .text.is_wrap_space
                0xfff08c10       0x38 ./MiniWin/gl/fonts/truetype/mcufont/mf_wordwrap.o
 .text.get_wordlen
                0xfff08c48      0x15b ./MiniWin/gl/fonts/truetype/mcufont/mf_wordwrap.o
 .text.append_word
                0xfff08da3       0xaa ./MiniWin/gl/fonts/truetype/mcufont/mf_wordwrap.o
 .text.append_char
                0xfff08e4d       0x7e ./MiniWin/gl/fonts/truetype/mcufont/mf_wordwrap.o
 .text.sq16     0xfff08ecb       0x14 ./MiniWin/gl/fonts/truetype/mcufont/mf_wordwrap.o
 .text.tune_lines
                0xfff08edf      0x16a ./MiniWin/gl/fonts/truetype/mcufont/mf_wordwrap.o
 *fill*         0xfff09049        0x7 
 .text.mf_wordwrap
                0xfff09050      0x170 ./MiniWin/gl/fonts/truetype/mcufont/mf_wordwrap.o
                0xfff09050                mf_wordwrap
 .text.pixel    0xfff091c0       0xe8 ./MiniWin/gl/gl.o
 .text.filled_rectangle
                0xfff092a8      0x2e0 ./MiniWin/gl/gl.o
 .text.filled_poly
                0xfff09588      0x448 ./MiniWin/gl/gl.o
 .text.arc_bres
                0xfff099d0      0x2aa ./MiniWin/gl/gl.o
 .text.arc_point
                0xfff09c7a       0xd3 ./MiniWin/gl/gl.o
 *fill*         0xfff09d4d        0x3 
 .text.filled_circle
                0xfff09d50      0x2e0 ./MiniWin/gl/gl.o
 .text.circle_bres
                0xfff0a030      0x1c5 ./MiniWin/gl/gl.o
 .text.filled_segment
                0xfff0a1f5      0x264 ./MiniWin/gl/gl.o
 .text.draw_character_0_degrees
                0xfff0a459      0x1da ./MiniWin/gl/gl.o
 .text.draw_character_90_degrees
                0xfff0a633      0x1de ./MiniWin/gl/gl.o
 .text.draw_character_180_degrees
                0xfff0a811      0x1f8 ./MiniWin/gl/gl.o
 .text.draw_character_270_degrees
                0xfff0aa09      0x1e7 ./MiniWin/gl/gl.o
 .text.title_font_string
                0xfff0abf0      0x4b0 ./MiniWin/gl/gl.o
 .text.get_font_data
                0xfff0b0a0       0x60 ./MiniWin/gl/gl.o
 .text.tt_pixel_callback_anti_aliasing
                0xfff0b100      0x145 ./MiniWin/gl/gl.o
 .text.tt_character_callback
                0xfff0b245       0x70 ./MiniWin/gl/gl.o
 .text.tt_pixel_callback_no_anti_aliasing
                0xfff0b2b5       0x82 ./MiniWin/gl/gl.o
 *fill*         0xfff0b337        0x1 
 .text.tt_line_callback
                0xfff0b338      0x178 ./MiniWin/gl/gl.o
 .text.tt_dummy_line_callback
                0xfff0b4b0       0x2a ./MiniWin/gl/gl.o
 .text.mw_gl_init
                0xfff0b4da       0x6d ./MiniWin/gl/gl.o
                0xfff0b4da                mw_gl_init
 .text.mw_gl_get_gc
                0xfff0b547        0xf ./MiniWin/gl/gl.o
                0xfff0b547                mw_gl_get_gc
 .text.mw_gl_set_fg_colour
                0xfff0b556       0x17 ./MiniWin/gl/gl.o
                0xfff0b556                mw_gl_set_fg_colour
 .text.mw_gl_set_bg_colour
                0xfff0b56d       0x17 ./MiniWin/gl/gl.o
                0xfff0b56d                mw_gl_set_bg_colour
 .text.mw_gl_set_solid_fill_colour
                0xfff0b584       0x17 ./MiniWin/gl/gl.o
                0xfff0b584                mw_gl_set_solid_fill_colour
 .text.mw_gl_set_line
                0xfff0b59b       0x17 ./MiniWin/gl/gl.o
                0xfff0b59b                mw_gl_set_line
 .text.mw_gl_set_pattern
                0xfff0b5b2       0x26 ./MiniWin/gl/gl.o
                0xfff0b5b2                mw_gl_set_pattern
 .text.mw_gl_clear_pattern
                0xfff0b5d8       0x12 ./MiniWin/gl/gl.o
                0xfff0b5d8                mw_gl_clear_pattern
 .text.mw_gl_set_border
                0xfff0b5ea       0x17 ./MiniWin/gl/gl.o
                0xfff0b5ea                mw_gl_set_border
 .text.mw_gl_set_fill
                0xfff0b601       0x17 ./MiniWin/gl/gl.o
                0xfff0b601                mw_gl_set_fill
 .text.mw_gl_set_bg_transparency
                0xfff0b618       0x17 ./MiniWin/gl/gl.o
                0xfff0b618                mw_gl_set_bg_transparency
 *fill*         0xfff0b62f        0x1 
 .text.mw_gl_set_font
                0xfff0b630       0x58 ./MiniWin/gl/gl.o
                0xfff0b630                mw_gl_set_font
 .text.mw_gl_set_text_rotation
                0xfff0b688       0x17 ./MiniWin/gl/gl.o
                0xfff0b688                mw_gl_set_text_rotation
 *fill*         0xfff0b69f        0x1 
 .text.mw_gl_get_font_width
                0xfff0b6a0       0x68 ./MiniWin/gl/gl.o
                0xfff0b6a0                mw_gl_get_font_width
 .text.mw_gl_get_font_height
                0xfff0b708       0x70 ./MiniWin/gl/gl.o
                0xfff0b708                mw_gl_get_font_height
 .text.mw_gl_solid_fill_pixel
                0xfff0b778       0xb0 ./MiniWin/gl/gl.o
                0xfff0b778                mw_gl_solid_fill_pixel
 .text.mw_gl_fg_pixel
                0xfff0b828       0x46 ./MiniWin/gl/gl.o
                0xfff0b828                mw_gl_fg_pixel
 .text.mw_gl_bg_pixel
                0xfff0b86e       0x52 ./MiniWin/gl/gl.o
                0xfff0b86e                mw_gl_bg_pixel
 .text.mw_gl_hline
                0xfff0b8c0      0x168 ./MiniWin/gl/gl.o
                0xfff0b8c0                mw_gl_hline
 .text.mw_gl_vline
                0xfff0ba28      0x168 ./MiniWin/gl/gl.o
                0xfff0ba28                mw_gl_vline
 .text.mw_gl_line
                0xfff0bb90      0x3c0 ./MiniWin/gl/gl.o
                0xfff0bb90                mw_gl_line
 .text.mw_gl_rectangle
                0xfff0bf50      0x250 ./MiniWin/gl/gl.o
                0xfff0bf50                mw_gl_rectangle
 .text.mw_gl_character
                0xfff0c1a0       0xf0 ./MiniWin/gl/gl.o
                0xfff0c1a0                mw_gl_character
 .text.mw_gl_string
                0xfff0c290      0x170 ./MiniWin/gl/gl.o
                0xfff0c290                mw_gl_string
 .text.mw_gl_get_string_width_pixels
                0xfff0c400       0xbd ./MiniWin/gl/gl.o
                0xfff0c400                mw_gl_get_string_width_pixels
 .text.mw_gl_largest_string_width
                0xfff0c4bd       0x7e ./MiniWin/gl/gl.o
                0xfff0c4bd                mw_gl_largest_string_width
 *fill*         0xfff0c53b        0x5 
 .text.mw_gl_circle
                0xfff0c540       0xa8 ./MiniWin/gl/gl.o
                0xfff0c540                mw_gl_circle
 .text.mw_gl_poly
                0xfff0c5e8      0x150 ./MiniWin/gl/gl.o
                0xfff0c5e8                mw_gl_poly
 .text.mw_gl_rotate_shape
                0xfff0c738      0x10c ./MiniWin/gl/gl.o
                0xfff0c738                mw_gl_rotate_shape
 .text.mw_gl_scale_shape
                0xfff0c844       0xbb ./MiniWin/gl/gl.o
                0xfff0c844                mw_gl_scale_shape
 *fill*         0xfff0c8ff        0x1 
 .text.mw_gl_arc
                0xfff0c900      0x1b0 ./MiniWin/gl/gl.o
                0xfff0c900                mw_gl_arc
 .text.mw_gl_rounded_rectangle
                0xfff0cab0      0x328 ./MiniWin/gl/gl.o
                0xfff0cab0                mw_gl_rounded_rectangle
 .text.mw_gl_segment
                0xfff0cdd8      0x172 ./MiniWin/gl/gl.o
                0xfff0cdd8                mw_gl_segment
 *fill*         0xfff0cf4a        0x6 
 .text.mw_gl_monochrome_bitmap
                0xfff0cf50      0x210 ./MiniWin/gl/gl.o
                0xfff0cf50                mw_gl_monochrome_bitmap
 .text.mw_gl_colour_bitmap
                0xfff0d160       0xf8 ./MiniWin/gl/gl.o
                0xfff0d160                mw_gl_colour_bitmap
 .text.mw_gl_tt_render_text
                0xfff0d258      0x150 ./MiniWin/gl/gl.o
                0xfff0d258                mw_gl_tt_render_text
 .text.mw_gl_tt_get_render_text_lines
                0xfff0d3a8       0xb3 ./MiniWin/gl/gl.o
                0xfff0d3a8                mw_gl_tt_get_render_text_lines
 .text.mw_dialog_colour_chooser_paint_function
                0xfff0d45b      0x1cc ./MiniWin/dialogs/dialog_colour_chooser.o
 *fill*         0xfff0d627        0x1 
 .text.mw_dialog_colour_chooser_message_function
                0xfff0d628      0x248 ./MiniWin/dialogs/dialog_colour_chooser.o
 .text.mw_create_window_dialog_colour_chooser
                0xfff0d870      0x388 ./MiniWin/dialogs/dialog_colour_chooser.o
                0xfff0d870                mw_create_window_dialog_colour_chooser
 .text.get_max_date_for_month_and_year
                0xfff0dbf8       0x88 ./MiniWin/dialogs/dialog_date_chooser.o
 .text.update_arrow_enable_states
                0xfff0dc80      0x1f3 ./MiniWin/dialogs/dialog_date_chooser.o
 .text.mw_dialog_date_chooser_paint_function
                0xfff0de73      0x1ce ./MiniWin/dialogs/dialog_date_chooser.o
 *fill*         0xfff0e041        0x7 
 .text.mw_dialog_date_chooser_message_function
                0xfff0e048      0x2c8 ./MiniWin/dialogs/dialog_date_chooser.o
 .text.mw_create_window_dialog_date_chooser
                0xfff0e310      0x508 ./MiniWin/dialogs/dialog_date_chooser.o
                0xfff0e310                mw_create_window_dialog_date_chooser
 .text.get_cursor_x_coordinate
                0xfff0e818       0x6a ./MiniWin/dialogs/dialog_number_entry.o
 .text.mw_dialog_number_entry_paint_function
                0xfff0e882      0x2d3 ./MiniWin/dialogs/dialog_number_entry.o
 *fill*         0xfff0eb55        0x3 
 .text.mw_dialog_number_entry_message_function
                0xfff0eb58      0x2f0 ./MiniWin/dialogs/dialog_number_entry.o
 .text.mw_create_window_dialog_number_entry
                0xfff0ee48      0x318 ./MiniWin/dialogs/dialog_number_entry.o
                0xfff0ee48                mw_create_window_dialog_number_entry
 .text.mw_dialog_one_button_paint_function
                0xfff0f160       0xc9 ./MiniWin/dialogs/dialog_one_button.o
 .text.mw_dialog_one_button_message_function
                0xfff0f229       0x63 ./MiniWin/dialogs/dialog_one_button.o
 *fill*         0xfff0f28c        0x4 
 .text.mw_create_window_dialog_one_button
                0xfff0f290      0x240 ./MiniWin/dialogs/dialog_one_button.o
                0xfff0f290                mw_create_window_dialog_one_button
 .text.get_cursor_x_coordinate
                0xfff0f4d0       0x2f ./MiniWin/dialogs/dialog_text_entry.o
 .text.mw_dialog_text_entry_paint_function
                0xfff0f4ff      0x29b ./MiniWin/dialogs/dialog_text_entry.o
 *fill*         0xfff0f79a        0x6 
 .text.mw_dialog_text_entry_message_function
                0xfff0f7a0      0x478 ./MiniWin/dialogs/dialog_text_entry.o
 .text.mw_create_window_dialog_text_entry
                0xfff0fc18      0x2d0 ./MiniWin/dialogs/dialog_text_entry.o
                0xfff0fc18                mw_create_window_dialog_text_entry
 .text.update_arrow_enable_states
                0xfff0fee8      0x102 ./MiniWin/dialogs/dialog_time_chooser.o
 .text.mw_dialog_time_chooser_paint_function
                0xfff0ffea      0x167 ./MiniWin/dialogs/dialog_time_chooser.o
 *fill*         0xfff10151        0x7 
 .text.mw_dialog_time_chooser_message_function
                0xfff10158      0x218 ./MiniWin/dialogs/dialog_time_chooser.o
 .text.mw_create_window_dialog_time_chooser
                0xfff10370      0x400 ./MiniWin/dialogs/dialog_time_chooser.o
                0xfff10370                mw_create_window_dialog_time_chooser
 .text.mw_dialog_two_button_paint_function
                0xfff10770       0xca ./MiniWin/dialogs/dialog_two_button.o
 .text.mw_dialog_two_button_message_function
                0xfff1083a       0x7d ./MiniWin/dialogs/dialog_two_button.o
 *fill*         0xfff108b7        0x1 
 .text.mw_create_window_dialog_two_button
                0xfff108b8      0x2b8 ./MiniWin/dialogs/dialog_two_button.o
                0xfff108b8                mw_create_window_dialog_two_button
 .text.setCalibrationMatrix
                0xfff10b70      0x2bd ./MiniWin/calibrate.o
                0xfff10b70                setCalibrationMatrix
 .text.getDisplayPoint
                0xfff10e2d       0x8b ./MiniWin/calibrate.o
                0xfff10e2d                getDisplayPoint
 .text.find_empty_window_slot
                0xfff10eb8       0x3b ./MiniWin/miniwin.o
 .text.set_window_details
                0xfff10ef3      0x279 ./MiniWin/miniwin.o
 *fill*         0xfff1116c        0x4 
 .text.check_window_dimensions
                0xfff11170      0x1a8 ./MiniWin/miniwin.o
 .text.calculate_new_window_size_details
                0xfff11318      0x31c ./MiniWin/miniwin.o
 .text.find_empty_control_slot
                0xfff11634       0x3d ./MiniWin/miniwin.o
 .text.set_control_details
                0xfff11671      0x1e3 ./MiniWin/miniwin.o
 .text.root_paint_function
                0xfff11854       0x3c ./MiniWin/miniwin.o
 .text.root_message_function
                0xfff11890       0x77 ./MiniWin/miniwin.o
 .text.find_icon_number_for_window
                0xfff11907       0x6a ./MiniWin/miniwin.o
 .text.remove_minimised_window_from_list
                0xfff11971       0x93 ./MiniWin/miniwin.o
                0xfff11971                remove_minimised_window_from_list
 *fill*         0xfff11a04        0x4 
 .text.add_minimised_window_to_list
                0xfff11a08       0xa0 ./MiniWin/miniwin.o
                0xfff11a08                add_minimised_window_to_list
 .text.find_minimsed_icon_location
                0xfff11aa8       0x91 ./MiniWin/miniwin.o
 .text.check_for_restore_touch
                0xfff11b39      0x188 ./MiniWin/miniwin.o
 .text.draw_min_restore_window_effect
                0xfff11cc1      0x17a ./MiniWin/miniwin.o
 .text.draw_minimised_icons
                0xfff11e3b      0x2a5 ./MiniWin/miniwin.o
 .text.find_next_z_order
                0xfff120e0       0xc0 ./MiniWin/miniwin.o
 .text.find_highest_z_order
                0xfff121a0       0xa0 ./MiniWin/miniwin.o
 .text.find_window_point_is_in
                0xfff12240       0xe8 ./MiniWin/miniwin.o
 .text.find_control_point_is_in
                0xfff12328       0xb2 ./MiniWin/miniwin.o
 *fill*         0xfff123da        0x6 
 .text.find_rect_window_intersections
                0xfff123e0      0x6c8 ./MiniWin/miniwin.o
 .text.find_highest_z_order_at_point
                0xfff12aa8       0x58 ./MiniWin/miniwin.o
 .text.find_number_of_displayed_windows
                0xfff12b00       0x78 ./MiniWin/miniwin.o
 .text.find_if_window_is_overlapped
                0xfff12b78       0xf4 ./MiniWin/miniwin.o
 .text.find_if_rect_is_completely_on_screen
                0xfff12c6c       0x6c ./MiniWin/miniwin.o
 .text.draw_title_bar
                0xfff12cd8      0x355 ./MiniWin/miniwin.o
 .text.draw_titlebar_text
                0xfff1302d      0x14c ./MiniWin/miniwin.o
 *fill*         0xfff13179        0x7 
 .text.draw_menu_bar
                0xfff13180      0x590 ./MiniWin/miniwin.o
 .text.draw_horizontal_window_scroll_bar
                0xfff13710      0x3b5 ./MiniWin/miniwin.o
 .text.draw_vertical_window_scroll_bar
                0xfff13ac5      0x3c4 ./MiniWin/miniwin.o
 .text.paint_window_frame_and_client_with_z_order
                0xfff13e89       0xcc ./MiniWin/miniwin.o
 *fill*         0xfff13f55        0x3 
 .text.do_paint_window_frame
                0xfff13f58      0x238 ./MiniWin/miniwin.o
 .text.do_paint_window_frame2
                0xfff14190      0x43d ./MiniWin/miniwin.o
 .text.do_paint_window_client
                0xfff145cd      0x248 ./MiniWin/miniwin.o
 *fill*         0xfff14815        0x3 
 .text.do_paint_window_client_rect
                0xfff14818      0x428 ./MiniWin/miniwin.o
 .text.do_paint_window_client2
                0xfff14c40      0x107 ./MiniWin/miniwin.o
 *fill*         0xfff14d47        0x1 
 .text.paint_all_controls_in_window
                0xfff14d48       0x98 ./MiniWin/miniwin.o
 .text.paint_all_controls_in_window_rect
                0xfff14de0      0x158 ./MiniWin/miniwin.o
 .text.do_paint_control_rect
                0xfff14f38      0x3c8 ./MiniWin/miniwin.o
 .text.do_paint_control
                0xfff15300      0x1d8 ./MiniWin/miniwin.o
 .text.do_paint_control2
                0xfff154d8      0x1e8 ./MiniWin/miniwin.o
 .text.get_timer_id_for_handle
                0xfff156c0       0x48 ./MiniWin/miniwin.o
 .text.get_window_id_for_handle
                0xfff15708       0x60 ./MiniWin/miniwin.o
 .text.get_control_id_for_handle
                0xfff15768       0x62 ./MiniWin/miniwin.o
 .text.process_touch
                0xfff157ca       0x37 ./MiniWin/miniwin.o
 *fill*         0xfff15801        0x7 
 .text.process_touch_event
                0xfff15808      0x3a0 ./MiniWin/miniwin.o
 .text.process_touch_message
                0xfff15ba8      0x5a8 ./MiniWin/miniwin.o
 .text.check_and_process_touch_on_window_without_focus
                0xfff16150       0xdb ./MiniWin/miniwin.o
 .text.check_and_process_touch_on_root_window
                0xfff1622b       0x76 ./MiniWin/miniwin.o
 *fill*         0xfff162a1        0x7 
 .text.check_and_process_touch_on_window_border
                0xfff162a8      0x178 ./MiniWin/miniwin.o
 .text.check_and_process_touch_on_dual_scroll_bars_corner_zone
                0xfff16420       0xa9 ./MiniWin/miniwin.o
 *fill*         0xfff164c9        0x7 
 .text.check_and_process_touch_on_vert_window_scroll_bar
                0xfff164d0      0x1d0 ./MiniWin/miniwin.o
 .text.check_and_process_touch_on_horiz_window_scroll_bar
                0xfff166a0      0x1d8 ./MiniWin/miniwin.o
 .text.check_and_process_touch_on_menu_bar
                0xfff16878      0x24a ./MiniWin/miniwin.o
 *fill*         0xfff16ac2        0x6 
 .text.check_and_process_touch_on_title_bar
                0xfff16ac8      0x3e8 ./MiniWin/miniwin.o
 .text.do_paint_all
                0xfff16eb0       0x3d ./MiniWin/miniwin.o
 *fill*         0xfff16eed        0x3 
 .text.set_focus
                0xfff16ef0      0x1d8 ./MiniWin/miniwin.o
 .text.rationalize_z_orders
                0xfff170c8       0xde ./MiniWin/miniwin.o
 .text.draw_redimensioning_window_outline
                0xfff171a6       0xae ./MiniWin/miniwin.o
 .text.set_system_timer
                0xfff17254       0x33 ./MiniWin/miniwin.o
 .text.mw_init  0xfff17287      0x14e ./MiniWin/miniwin.o
                0xfff17287                mw_init
 .text.mw_is_init_complete
                0xfff173d5       0x13 ./MiniWin/miniwin.o
                0xfff173d5                mw_is_init_complete
 .text.get_next_handle
                0xfff173e8       0x24 ./MiniWin/miniwin.o
                0xfff173e8                get_next_handle
 .text.mw_find_if_any_window_slots_free
                0xfff1740c       0x18 ./MiniWin/miniwin.o
                0xfff1740c                mw_find_if_any_window_slots_free
 *fill*         0xfff17424        0x4 
 .text.mw_add_window
                0xfff17428      0x1f0 ./MiniWin/miniwin.o
                0xfff17428                mw_add_window
 .text.mw_is_window_handle_valid
                0xfff17618       0x49 ./MiniWin/miniwin.o
                0xfff17618                mw_is_window_handle_valid
 .text.mw_bring_window_to_front
                0xfff17661       0x5b ./MiniWin/miniwin.o
                0xfff17661                mw_bring_window_to_front
 .text.mw_send_window_to_back
                0xfff176bc       0x85 ./MiniWin/miniwin.o
                0xfff176bc                mw_send_window_to_back
 *fill*         0xfff17741        0x7 
 .text.mw_set_window_visible
                0xfff17748      0x150 ./MiniWin/miniwin.o
                0xfff17748                mw_set_window_visible
 .text.mw_set_window_minimised
                0xfff17898       0xa7 ./MiniWin/miniwin.o
                0xfff17898                mw_set_window_minimised
 .text.mw_reposition_window
                0xfff1793f      0x1d0 ./MiniWin/miniwin.o
                0xfff1793f                mw_reposition_window
 .text.mw_resize_window
                0xfff17b0f      0x14c ./MiniWin/miniwin.o
                0xfff17b0f                mw_resize_window
 .text.mw_find_window_with_focus
                0xfff17c5b       0x11 ./MiniWin/miniwin.o
                0xfff17c5b                mw_find_window_with_focus
 .text.mw_is_any_window_modal
                0xfff17c6c       0x52 ./MiniWin/miniwin.o
                0xfff17c6c                mw_is_any_window_modal
 *fill*         0xfff17cbe        0x2 
 .text.mw_set_window_modal
                0xfff17cc0      0x130 ./MiniWin/miniwin.o
                0xfff17cc0                mw_set_window_modal
 .text.mw_set_menu_bar_enabled_state
                0xfff17df0       0x8e ./MiniWin/miniwin.o
                0xfff17df0                mw_set_menu_bar_enabled_state
 .text.mw_set_menu_bar_items_enabled_state
                0xfff17e7e       0x4d ./MiniWin/miniwin.o
                0xfff17e7e                mw_set_menu_bar_items_enabled_state
 .text.mw_set_window_horiz_scroll_bar_enabled_state
                0xfff17ecb       0x8e ./MiniWin/miniwin.o
                0xfff17ecb                mw_set_window_horiz_scroll_bar_enabled_state
 .text.mw_set_window_vert_scroll_bar_enabled_state
                0xfff17f59       0x8e ./MiniWin/miniwin.o
                0xfff17f59                mw_set_window_vert_scroll_bar_enabled_state
 .text.mw_set_position_window_horiz_scroll_bar
                0xfff17fe7       0x4d ./MiniWin/miniwin.o
                0xfff17fe7                mw_set_position_window_horiz_scroll_bar
 .text.mw_set_position_window_vert_scroll_bar
                0xfff18034       0x4d ./MiniWin/miniwin.o
                0xfff18034                mw_set_position_window_vert_scroll_bar
 .text.mw_paint_window_frame
                0xfff18081       0x4c ./MiniWin/miniwin.o
                0xfff18081                mw_paint_window_frame
 .text.mw_paint_window_client
                0xfff180cd       0x46 ./MiniWin/miniwin.o
                0xfff180cd                mw_paint_window_client
 .text.mw_paint_window_client_rect
                0xfff18113       0x6a ./MiniWin/miniwin.o
                0xfff18113                mw_paint_window_client_rect
 *fill*         0xfff1817d        0x3 
 .text.mw_remove_window
                0xfff18180      0x210 ./MiniWin/miniwin.o
                0xfff18180                mw_remove_window
 .text.mw_get_window_client_rect
                0xfff18390       0x68 ./MiniWin/miniwin.o
                0xfff18390                mw_get_window_client_rect
 .text.mw_get_window_instance_data
                0xfff183f8       0x4b ./MiniWin/miniwin.o
                0xfff183f8                mw_get_window_instance_data
 .text.mw_get_window_flags
                0xfff18443       0x4a ./MiniWin/miniwin.o
                0xfff18443                mw_get_window_flags
 .text.wm_set_window_title
                0xfff1848d       0x53 ./MiniWin/miniwin.o
                0xfff1848d                wm_set_window_title
 .text.mw_find_if_any_control_slots_free
                0xfff184e0       0x18 ./MiniWin/miniwin.o
                0xfff184e0                mw_find_if_any_control_slots_free
 .text.mw_add_control
                0xfff184f8      0x1d8 ./MiniWin/miniwin.o
                0xfff184f8                mw_add_control
 .text.mw_is_control_handle_valid
                0xfff186d0       0x49 ./MiniWin/miniwin.o
                0xfff186d0                mw_is_control_handle_valid
 *fill*         0xfff18719        0x7 
 .text.mw_set_control_visible
                0xfff18720      0x110 ./MiniWin/miniwin.o
                0xfff18720                mw_set_control_visible
 .text.mw_set_control_enabled
                0xfff18830       0xa8 ./MiniWin/miniwin.o
                0xfff18830                mw_set_control_enabled
 .text.mw_paint_control
                0xfff188d8       0x46 ./MiniWin/miniwin.o
                0xfff188d8                mw_paint_control
 .text.mw_paint_control_rect
                0xfff1891e       0x4b ./MiniWin/miniwin.o
                0xfff1891e                mw_paint_control_rect
 .text.mw_resize_control
                0xfff18969       0x9e ./MiniWin/miniwin.o
                0xfff18969                mw_resize_control
 *fill*         0xfff18a07        0x1 
 .text.mw_remove_control
                0xfff18a08      0x148 ./MiniWin/miniwin.o
                0xfff18a08                mw_remove_control
 .text.mw_get_control_rect
                0xfff18b50       0x68 ./MiniWin/miniwin.o
                0xfff18b50                mw_get_control_rect
 .text.mw_get_control_parent_window_handle
                0xfff18bb8       0x4b ./MiniWin/miniwin.o
                0xfff18bb8                mw_get_control_parent_window_handle
 .text.mw_get_control_instance_data
                0xfff18c03       0x4a ./MiniWin/miniwin.o
                0xfff18c03                mw_get_control_instance_data
 .text.mw_get_control_flags
                0xfff18c4d       0x4d ./MiniWin/miniwin.o
                0xfff18c4d                mw_get_control_flags
 *fill*         0xfff18c9a        0x6 
 .text.mw_set_timer
                0xfff18ca0      0x158 ./MiniWin/miniwin.o
                0xfff18ca0                mw_set_timer
 .text.mw_cancel_timer
                0xfff18df8       0xa0 ./MiniWin/miniwin.o
                0xfff18df8                mw_cancel_timer
 .text.mw_post_message
                0xfff18e98       0xf2 ./MiniWin/miniwin.o
                0xfff18e98                mw_post_message
 *fill*         0xfff18f8a        0x6 
 .text.mw_process_message
                0xfff18f90      0x450 ./MiniWin/miniwin.o
                0xfff18f90                mw_process_message
 .text.mw_paint_all
                0xfff193e0       0x1d ./MiniWin/miniwin.o
                0xfff193e0                mw_paint_all
 .text.mw_show_busy
                0xfff193fd       0xfa ./MiniWin/miniwin.o
                0xfff193fd                mw_show_busy
 .text.mw_debug_print_assert
                0xfff194f7       0xef ./MiniWin/miniwin_debug.o
                0xfff194f7                mw_debug_print_assert
 .text.mw_message_queue_insert
                0xfff195e6       0xd8 ./MiniWin/miniwin_message_queue.o
                0xfff195e6                mw_message_queue_insert
 .text.mw_message_queue_remove
                0xfff196be       0x9c ./MiniWin/miniwin_message_queue.o
                0xfff196be                mw_message_queue_remove
 .text.mw_message_queue_get_ref_to_item_at_position
                0xfff1975a       0x36 ./MiniWin/miniwin_message_queue.o
                0xfff1975a                mw_message_queue_get_ref_to_item_at_position
 .text.mw_settings_load
                0xfff19790       0x15 ./MiniWin/miniwin_settings.o
                0xfff19790                mw_settings_load
 .text.mw_settings_save
                0xfff197a5       0x15 ./MiniWin/miniwin_settings.o
                0xfff197a5                mw_settings_save
 .text.mw_settings_is_initialised
                0xfff197ba       0x1c ./MiniWin/miniwin_settings.o
                0xfff197ba                mw_settings_is_initialised
 .text.mw_settings_set_to_defaults
                0xfff197d6       0x1d ./MiniWin/miniwin_settings.o
                0xfff197d6                mw_settings_set_to_defaults
 .text.mw_settings_is_calibrated
                0xfff197f3       0x13 ./MiniWin/miniwin_settings.o
                0xfff197f3                mw_settings_is_calibrated
 .text.mw_settings_set_calibrated
                0xfff19806       0x17 ./MiniWin/miniwin_settings.o
                0xfff19806                mw_settings_set_calibrated
 .text.mw_settings_get_calibration_matrix
                0xfff1981d        0xf ./MiniWin/miniwin_settings.o
                0xfff1981d                mw_settings_get_calibration_matrix
 .text.mw_settings_set_calibration_matrix
                0xfff1982c       0x38 ./MiniWin/miniwin_settings.o
                0xfff1982c                mw_settings_set_calibration_matrix
 .text.draw_cross
                0xfff19864       0xeb ./MiniWin/miniwin_touch.o
 .text.mw_touch_get_display_touch
                0xfff1994f       0xf7 ./MiniWin/miniwin_touch.o
                0xfff1994f                mw_touch_get_display_touch
 .text.mw_touch_calibrate
                0xfff19a46      0x1b3 ./MiniWin/miniwin_touch.o
                0xfff19a46                mw_touch_calibrate
 .text.find_parent_folder
                0xfff19bf9       0x52 ./MiniWin/miniwin_tree_container.o
 .text.get_id_from_handle
                0xfff19c4b       0x7b ./MiniWin/miniwin_tree_container.o
 .text.remove_all_children
                0xfff19cc6       0xd7 ./MiniWin/miniwin_tree_container.o
 *fill*         0xfff19d9d        0x3 
 .text.mw_tree_container_init
                0xfff19da0      0x190 ./MiniWin/miniwin_tree_container.o
                0xfff19da0                mw_tree_container_init
 .text.mw_tree_container_empty
                0xfff19f30       0x2d ./MiniWin/miniwin_tree_container.o
                0xfff19f30                mw_tree_container_empty
 .text.mw_tree_container_get_size_node_array
                0xfff19f5d       0x32 ./MiniWin/miniwin_tree_container.o
                0xfff19f5d                mw_tree_container_get_size_node_array
 .text.mw_tree_container_get_node_array
                0xfff19f8f       0x31 ./MiniWin/miniwin_tree_container.o
                0xfff19f8f                mw_tree_container_get_node_array
 .text.mw_tree_container_set_new_node_array
                0xfff19fc0       0x80 ./MiniWin/miniwin_tree_container.o
                0xfff19fc0                mw_tree_container_set_new_node_array
 .text.mw_tree_container_add_node
                0xfff1a040      0x218 ./MiniWin/miniwin_tree_container.o
                0xfff1a040                mw_tree_container_add_node
 .text.mw_tree_container_get_all_children
                0xfff1a258      0x1e8 ./MiniWin/miniwin_tree_container.o
                0xfff1a258                mw_tree_container_get_all_children
 .text.mw_tree_container_get_open_children_count
                0xfff1a440      0x1b8 ./MiniWin/miniwin_tree_container.o
                0xfff1a440                mw_tree_container_get_open_children_count
 .text.mw_tree_container_change_node_label
                0xfff1a5f8       0xa3 ./MiniWin/miniwin_tree_container.o
                0xfff1a5f8                mw_tree_container_change_node_label
 *fill*         0xfff1a69b        0x5 
 .text.mw_tree_container_change_node_selected_state
                0xfff1a6a0      0x128 ./MiniWin/miniwin_tree_container.o
                0xfff1a6a0                mw_tree_container_change_node_selected_state
 .text.mw_tree_container_change_folder_node_open_state
                0xfff1a7c8       0xe0 ./MiniWin/miniwin_tree_container.o
                0xfff1a7c8                mw_tree_container_change_folder_node_open_state
 .text.mw_tree_container_remove_node
                0xfff1a8a8       0xd6 ./MiniWin/miniwin_tree_container.o
                0xfff1a8a8                mw_tree_container_remove_node
 *fill*         0xfff1a97e        0x2 
 .text.mw_tree_container_remove_node_children
                0xfff1a980       0xa0 ./MiniWin/miniwin_tree_container.o
                0xfff1a980                mw_tree_container_remove_node_children
 .text.mw_tree_container_get_handle_from_position
                0xfff1aa20      0x1c8 ./MiniWin/miniwin_tree_container.o
                0xfff1aa20                mw_tree_container_get_handle_from_position
 .text.mw_tree_container_get_node_flags
                0xfff1abe8       0x78 ./MiniWin/miniwin_tree_container.o
                0xfff1abe8                mw_tree_container_get_node_flags
 .text.mw_tree_container_get_node_level
                0xfff1ac60       0x78 ./MiniWin/miniwin_tree_container.o
                0xfff1ac60                mw_tree_container_get_node_level
 .text.mw_tree_container_get_node_label
                0xfff1acd8       0xa8 ./MiniWin/miniwin_tree_container.o
                0xfff1acd8                mw_tree_container_get_node_label
 .text.mw_tree_container_get_node_path
                0xfff1ad80      0x18c ./MiniWin/miniwin_tree_container.o
                0xfff1ad80                mw_tree_container_get_node_path
 .text.mw_tree_container_deselect_all_nodes
                0xfff1af0c       0x63 ./MiniWin/miniwin_tree_container.o
                0xfff1af0c                mw_tree_container_deselect_all_nodes
 .text.mw_util_set_rect
                0xfff1af6f       0x59 ./MiniWin/miniwin_utilities.o
                0xfff1af6f                mw_util_set_rect
 .text.mw_util_is_point_in_rect
                0xfff1afc8       0x80 ./MiniWin/miniwin_utilities.o
                0xfff1afc8                mw_util_is_point_in_rect
 .text.mw_util_do_rects_coincide
                0xfff1b048       0xa5 ./MiniWin/miniwin_utilities.o
                0xfff1b048                mw_util_do_rects_coincide
 .text.mw_util_does_rect_a_obscure_rect_b
                0xfff1b0ed       0xa3 ./MiniWin/miniwin_utilities.o
                0xfff1b0ed                mw_util_does_rect_a_obscure_rect_b
 .text.mw_util_safe_strcpy
                0xfff1b190       0x88 ./MiniWin/miniwin_utilities.o
                0xfff1b190                mw_util_safe_strcpy
 .text.mw_util_safe_strcat
                0xfff1b218       0x5a ./MiniWin/miniwin_utilities.o
                0xfff1b218                mw_util_safe_strcat
 .text.mw_util_strrev
                0xfff1b272       0xad ./MiniWin/miniwin_utilities.o
                0xfff1b272                mw_util_strrev
 .text.mw_util_change_bit
                0xfff1b31f       0x63 ./MiniWin/miniwin_utilities.o
                0xfff1b31f                mw_util_change_bit
 .text.mw_util_get_bit
                0xfff1b382       0x55 ./MiniWin/miniwin_utilities.o
                0xfff1b382                mw_util_get_bit
 .text.mw_util_shell_sort
                0xfff1b3d7       0xd6 ./MiniWin/miniwin_utilities.o
                0xfff1b3d7                mw_util_shell_sort
 .text.mw_util_get_filename_ext
                0xfff1b4ad       0x58 ./MiniWin/miniwin_utilities.o
                0xfff1b4ad                mw_util_get_filename_ext
 .text.mw_util_strcicmp
                0xfff1b505       0x98 ./MiniWin/miniwin_utilities.o
                0xfff1b505                mw_util_strcicmp
 .text.mw_util_limit_point_to_rect_size
                0xfff1b59d       0x9b ./MiniWin/miniwin_utilities.o
                0xfff1b59d                mw_util_limit_point_to_rect_size
 .text.mw_util_safe_itoa
                0xfff1b638      0x1d0 ./MiniWin/miniwin_utilities.o
                0xfff1b638                mw_util_safe_itoa
 .text.INT_Excep_SCI2_RXI2
                0xfff1b808       0x1e C:/Users/John/Desktop/workspace/miniwinwm/e2studio/MiniWinCamera/RX65N_GCC/lib/libcamlib_rx65n_gcc.a(camlib.o)
                0xfff1b808                INT_Excep_SCI2_RXI2
 .text.INT_Excep_SCI2_TXI2
                0xfff1b826        0xf C:/Users/John/Desktop/workspace/miniwinwm/e2studio/MiniWinCamera/RX65N_GCC/lib/libcamlib_rx65n_gcc.a(camlib.o)
                0xfff1b826                INT_Excep_SCI2_TXI2