   1                             		.file	"ui_button.c"
   2                             		.section P,"ax"
   3                             	.Ltext0:
   4                             		.section C,"a",@progbits
   5                             		.p2align 2
   6                             	.LC0:
   7 0000 4E 75 6C 6C 20 70 6F 69 		.string	"Null pointer argument"
   7      6E 74 65 72 20 61 72 67 
   7      75 6D 65 6E 74 00 
   8 0016 00 00                   		.section	.text.button_paint_function,"ax",@progbits
  10                             	_button_paint_function:
  11                             	.LFB0:
  12                             		.file 1 "C:/Users/John/Desktop/workspace/miniwinwm/MiniWin/ui/ui_button.c"
   1:C:/Users/John/Desktop/workspace/miniwinwm/MiniWin/ui\ui_button.c **** /*
   2:C:/Users/John/Desktop/workspace/miniwinwm/MiniWin/ui\ui_button.c **** 
   3:C:/Users/John/Desktop/workspace/miniwinwm/MiniWin/ui\ui_button.c **** MIT License
   4:C:/Users/John/Desktop/workspace/miniwinwm/MiniWin/ui\ui_button.c **** 
   5:C:/Users/John/Desktop/workspace/miniwinwm/MiniWin/ui\ui_button.c **** Copyright (c) John Blaiklock 2019 miniwin Embedded Window Manager
   6:C:/Users/John/Desktop/workspace/miniwinwm/MiniWin/ui\ui_button.c **** 
   7:C:/Users/John/Desktop/workspace/miniwinwm/MiniWin/ui\ui_button.c **** Permission is hereby granted, free of charge, to any person obtaining a copy
   8:C:/Users/John/Desktop/workspace/miniwinwm/MiniWin/ui\ui_button.c **** of this software and associated documentation files (the "Software"), to deal
   9:C:/Users/John/Desktop/workspace/miniwinwm/MiniWin/ui\ui_button.c **** in the Software without restriction, including without limitation the rights
  10:C:/Users/John/Desktop/workspace/miniwinwm/MiniWin/ui\ui_button.c **** to use, copy, modify, merge, publish, distribute, sublicense, and/or sell
  11:C:/Users/John/Desktop/workspace/miniwinwm/MiniWin/ui\ui_button.c **** copies of the Software, and to permit persons to whom the Software is
  12:C:/Users/John/Desktop/workspace/miniwinwm/MiniWin/ui\ui_button.c **** furnished to do so, subject to the following conditions:
  13:C:/Users/John/Desktop/workspace/miniwinwm/MiniWin/ui\ui_button.c **** 
  14:C:/Users/John/Desktop/workspace/miniwinwm/MiniWin/ui\ui_button.c **** The above copyright notice and this permission notice shall be included in all
  15:C:/Users/John/Desktop/workspace/miniwinwm/MiniWin/ui\ui_button.c **** copies or substantial portions of the Software.
  16:C:/Users/John/Desktop/workspace/miniwinwm/MiniWin/ui\ui_button.c **** 
  17:C:/Users/John/Desktop/workspace/miniwinwm/MiniWin/ui\ui_button.c **** THE SOFTWARE IS PROVIDED "AS IS", WITHOUT WARRANTY OF ANY KIND, EXPRESS OR
  18:C:/Users/John/Desktop/workspace/miniwinwm/MiniWin/ui\ui_button.c **** IMPLIED, INCLUDING BUT NOT LIMITED TO THE WARRANTIES OF MERCHANTABILITY,
  19:C:/Users/John/Desktop/workspace/miniwinwm/MiniWin/ui\ui_button.c **** FITNESS FOR A PARTICULAR PURPOSE AND NONINFRINGEMENT. IN NO EVENT SHALL THE
  20:C:/Users/John/Desktop/workspace/miniwinwm/MiniWin/ui\ui_button.c **** AUTHORS OR COPYRIGHT HOLDERS BE LIABLE FOR ANY CLAIM, DAMAGES OR OTHER
  21:C:/Users/John/Desktop/workspace/miniwinwm/MiniWin/ui\ui_button.c **** LIABILITY, WHETHER IN AN ACTION OF CONTRACT, TORT OR OTHERWISE, ARISING FROM,
  22:C:/Users/John/Desktop/workspace/miniwinwm/MiniWin/ui\ui_button.c **** OUT OF OR IN CONNECTION WITH THE SOFTWARE OR THE USE OR OTHER DEALINGS IN THE
  23:C:/Users/John/Desktop/workspace/miniwinwm/MiniWin/ui\ui_button.c **** SOFTWARE.
  24:C:/Users/John/Desktop/workspace/miniwinwm/MiniWin/ui\ui_button.c **** 
  25:C:/Users/John/Desktop/workspace/miniwinwm/MiniWin/ui\ui_button.c **** */
  26:C:/Users/John/Desktop/workspace/miniwinwm/MiniWin/ui\ui_button.c **** 
  27:C:/Users/John/Desktop/workspace/miniwinwm/MiniWin/ui\ui_button.c **** /***************
  28:C:/Users/John/Desktop/workspace/miniwinwm/MiniWin/ui\ui_button.c **** *** INCLUDES ***
  29:C:/Users/John/Desktop/workspace/miniwinwm/MiniWin/ui\ui_button.c **** ***************/
  30:C:/Users/John/Desktop/workspace/miniwinwm/MiniWin/ui\ui_button.c **** 
  31:C:/Users/John/Desktop/workspace/miniwinwm/MiniWin/ui\ui_button.c **** #include <string.h>
  32:C:/Users/John/Desktop/workspace/miniwinwm/MiniWin/ui\ui_button.c **** #include "miniwin.h"
  33:C:/Users/John/Desktop/workspace/miniwinwm/MiniWin/ui\ui_button.c **** 
  34:C:/Users/John/Desktop/workspace/miniwinwm/MiniWin/ui\ui_button.c **** /****************
  35:C:/Users/John/Desktop/workspace/miniwinwm/MiniWin/ui\ui_button.c **** *** CONSTANTS ***
  36:C:/Users/John/Desktop/workspace/miniwinwm/MiniWin/ui\ui_button.c **** ****************/
  37:C:/Users/John/Desktop/workspace/miniwinwm/MiniWin/ui\ui_button.c **** 
  38:C:/Users/John/Desktop/workspace/miniwinwm/MiniWin/ui\ui_button.c **** /************
  39:C:/Users/John/Desktop/workspace/miniwinwm/MiniWin/ui\ui_button.c **** *** TYPES ***
  40:C:/Users/John/Desktop/workspace/miniwinwm/MiniWin/ui\ui_button.c **** ************/
  41:C:/Users/John/Desktop/workspace/miniwinwm/MiniWin/ui\ui_button.c **** 
  42:C:/Users/John/Desktop/workspace/miniwinwm/MiniWin/ui\ui_button.c **** /***********************
  43:C:/Users/John/Desktop/workspace/miniwinwm/MiniWin/ui\ui_button.c **** *** GLOBAL VARIABLES ***
  44:C:/Users/John/Desktop/workspace/miniwinwm/MiniWin/ui\ui_button.c **** ***********************/
  45:C:/Users/John/Desktop/workspace/miniwinwm/MiniWin/ui\ui_button.c **** 
  46:C:/Users/John/Desktop/workspace/miniwinwm/MiniWin/ui\ui_button.c **** /**********************
  47:C:/Users/John/Desktop/workspace/miniwinwm/MiniWin/ui\ui_button.c **** *** LOCAL VARIABLES ***
  48:C:/Users/John/Desktop/workspace/miniwinwm/MiniWin/ui\ui_button.c **** **********************/
  49:C:/Users/John/Desktop/workspace/miniwinwm/MiniWin/ui\ui_button.c **** 
  50:C:/Users/John/Desktop/workspace/miniwinwm/MiniWin/ui\ui_button.c **** /********************************
  51:C:/Users/John/Desktop/workspace/miniwinwm/MiniWin/ui\ui_button.c **** *** LOCAL FUNCTION PROTOTYPES ***
  52:C:/Users/John/Desktop/workspace/miniwinwm/MiniWin/ui\ui_button.c **** ********************************/
  53:C:/Users/John/Desktop/workspace/miniwinwm/MiniWin/ui\ui_button.c **** 
  54:C:/Users/John/Desktop/workspace/miniwinwm/MiniWin/ui\ui_button.c **** static void button_paint_function(mw_handle_t control_handle, const mw_gl_draw_info_t *draw_info);
  55:C:/Users/John/Desktop/workspace/miniwinwm/MiniWin/ui\ui_button.c **** static void button_message_function(const mw_message_t *message);
  56:C:/Users/John/Desktop/workspace/miniwinwm/MiniWin/ui\ui_button.c **** 
  57:C:/Users/John/Desktop/workspace/miniwinwm/MiniWin/ui\ui_button.c **** /**********************
  58:C:/Users/John/Desktop/workspace/miniwinwm/MiniWin/ui\ui_button.c **** *** LOCAL FUNCTIONS ***
  59:C:/Users/John/Desktop/workspace/miniwinwm/MiniWin/ui\ui_button.c **** **********************/
  60:C:/Users/John/Desktop/workspace/miniwinwm/MiniWin/ui\ui_button.c **** 
  61:C:/Users/John/Desktop/workspace/miniwinwm/MiniWin/ui\ui_button.c **** /**
  62:C:/Users/John/Desktop/workspace/miniwinwm/MiniWin/ui\ui_button.c ****  * Control paint routine, called by window manager.
  63:C:/Users/John/Desktop/workspace/miniwinwm/MiniWin/ui\ui_button.c ****  *
  64:C:/Users/John/Desktop/workspace/miniwinwm/MiniWin/ui\ui_button.c ****  * @param control_handle The control identifier in the array of controls
  65:C:/Users/John/Desktop/workspace/miniwinwm/MiniWin/ui\ui_button.c ****  * @param draw_info Draw info structure describing offset and clip region
  66:C:/Users/John/Desktop/workspace/miniwinwm/MiniWin/ui\ui_button.c ****  */
  67:C:/Users/John/Desktop/workspace/miniwinwm/MiniWin/ui\ui_button.c **** static void button_paint_function(mw_handle_t control_handle, const mw_gl_draw_info_t *draw_info)
  68:C:/Users/John/Desktop/workspace/miniwinwm/MiniWin/ui\ui_button.c **** {
  13                             		.loc 1 68 1
  14 0000 6E 6B                   		pushm	r6-r11
  15                             	.LCFI0:
  16 0002 71 0A E4                		add	#-28, r0, r10
  17                             	.LCFI1:
  18 0005 71 A0 FC                		add	#-4, r10, r0
  19                             	.LCFI2:
  20 0008 E7 A1 05                		mov.L	r1, 20[r10]
  21 000b E7 A2 06                		mov.L	r2, 24[r10]
  69:C:/Users/John/Desktop/workspace/miniwinwm/MiniWin/ui\ui_button.c **** 	mw_ui_button_data_t *this_button = (mw_ui_button_data_t*)mw_get_control_instance_data(control_hand
  22                             		.loc 1 69 59
  23 000e ED A1 05                		mov.L	20[r10], r1
  24 0011 05 00 00 00             		bsr	_mw_get_control_instance_data
  25 0015 E7 A1 03                		mov.L	r1, 12[r10]
  70:C:/Users/John/Desktop/workspace/miniwinwm/MiniWin/ui\ui_button.c **** 	mw_hal_lcd_colour_t highlighted_colour;
  71:C:/Users/John/Desktop/workspace/miniwinwm/MiniWin/ui\ui_button.c **** 	mw_hal_lcd_colour_t lowlighted_colour;
  72:C:/Users/John/Desktop/workspace/miniwinwm/MiniWin/ui\ui_button.c **** 	int16_t text_width;
  73:C:/Users/John/Desktop/workspace/miniwinwm/MiniWin/ui\ui_button.c **** 	int16_t text_x;
  74:C:/Users/John/Desktop/workspace/miniwinwm/MiniWin/ui\ui_button.c **** 
  75:C:/Users/John/Desktop/workspace/miniwinwm/MiniWin/ui\ui_button.c **** 	MW_ASSERT(draw_info != (void*)0, "Null pointer argument");
  26                             		.loc 1 75 2
  27 0018 ED A5 06                		mov.L	24[r10], r5
  28 001b 61 05                   		cmp	#0, r5
  29 001d FC DB 51                		scne.L	r5
  30 0020 FB 42 00 00 00 00       		mov.L	#.LC0, r4
  31 0026 75 43 4B                		mov.L	#0x4b, r3
  32 0029 FB 22 00 00 00 00       		mov.L	#___func__.2964, r2
  33 002f CF 51                   		mov.B	r5, r1
  34 0031 05 00 00 00             		bsr	_mw_debug_print_assert
  76:C:/Users/John/Desktop/workspace/miniwinwm/MiniWin/ui\ui_button.c **** 
  77:C:/Users/John/Desktop/workspace/miniwinwm/MiniWin/ui\ui_button.c ****     /* set the button box fill colour depending on enabled state */    
  78:C:/Users/John/Desktop/workspace/miniwinwm/MiniWin/ui\ui_button.c **** 	if (this_button->button_down)
  35                             		.loc 1 78 17
  36 0035 ED A5 03                		mov.L	12[r10], r5
  37 0038 8A DD                   		mov.B	11[r5], r5
  38                             		.loc 1 78 5
  39 003a 5B 55                   		movu.B	r5, r5
  40 003c 61 05                   		cmp	#0, r5
  41 003e 20 0E                   		beq	.L2
  79:C:/Users/John/Desktop/workspace/miniwinwm/MiniWin/ui\ui_button.c **** 	{
  80:C:/Users/John/Desktop/workspace/miniwinwm/MiniWin/ui\ui_button.c **** 		mw_gl_set_solid_fill_colour(MW_CONTROL_DOWN_COLOUR);
  42                             		.loc 1 80 3
  43 0040 FB 12 CC CC CC 00       		mov.L	#0xcccccc, r1
  44 0046 05 00 00 00             		bsr	_mw_gl_set_solid_fill_colour
  45 004a 2E 0C                   		bra	.L3
  46                             	.L2:
  81:C:/Users/John/Desktop/workspace/miniwinwm/MiniWin/ui\ui_button.c **** 	}
  82:C:/Users/John/Desktop/workspace/miniwinwm/MiniWin/ui\ui_button.c **** 	else
  83:C:/Users/John/Desktop/workspace/miniwinwm/MiniWin/ui\ui_button.c **** 	{
  84:C:/Users/John/Desktop/workspace/miniwinwm/MiniWin/ui\ui_button.c **** 		mw_gl_set_solid_fill_colour(MW_CONTROL_UP_COLOUR);
  47                             		.loc 1 84 3
  48 004c FB 12 E6 E6 E6 00       		mov.L	#0xe6e6e6, r1
  49 0052 05 00 00 00             		bsr	_mw_gl_set_solid_fill_colour
  50                             	.L3:
  85:C:/Users/John/Desktop/workspace/miniwinwm/MiniWin/ui\ui_button.c **** 	}
  86:C:/Users/John/Desktop/workspace/miniwinwm/MiniWin/ui\ui_button.c **** 
  87:C:/Users/John/Desktop/workspace/miniwinwm/MiniWin/ui\ui_button.c ****     /* draw the button's box */
  88:C:/Users/John/Desktop/workspace/miniwinwm/MiniWin/ui\ui_button.c **** 	mw_gl_set_fill(MW_GL_FILL);
  51                             		.loc 1 88 2
  52 0056 66 11                   		mov.L	#1, r1
  53 0058 05 00 00 00             		bsr	_mw_gl_set_fill
  89:C:/Users/John/Desktop/workspace/miniwinwm/MiniWin/ui\ui_button.c **** 	mw_gl_set_fg_colour(MW_HAL_LCD_BLACK);
  54                             		.loc 1 89 2
  55 005c 66 01                   		mov.L	#0, r1
  56 005e 05 00 00 00             		bsr	_mw_gl_set_fg_colour
  90:C:/Users/John/Desktop/workspace/miniwinwm/MiniWin/ui\ui_button.c **** 	mw_gl_clear_pattern();
  57                             		.loc 1 90 2
  58 0062 05 00 00 00             		bsr	_mw_gl_clear_pattern
  91:C:/Users/John/Desktop/workspace/miniwinwm/MiniWin/ui\ui_button.c **** 	mw_gl_set_line(MW_GL_SOLID_LINE);
  59                             		.loc 1 91 2
  60 0066 FB 1E FF FF 00          		mov.L	#0xffff, r1
  61 006b 05 00 00 00             		bsr	_mw_gl_set_line
  92:C:/Users/John/Desktop/workspace/miniwinwm/MiniWin/ui\ui_button.c **** 	mw_gl_set_border(MW_GL_BORDER_ON);
  62                             		.loc 1 92 2
  63 006f 66 11                   		mov.L	#1, r1
  64 0071 05 00 00 00             		bsr	_mw_gl_set_border
  93:C:/Users/John/Desktop/workspace/miniwinwm/MiniWin/ui\ui_button.c **** 	mw_gl_rectangle(draw_info,
  94:C:/Users/John/Desktop/workspace/miniwinwm/MiniWin/ui\ui_button.c **** 			0,
  95:C:/Users/John/Desktop/workspace/miniwinwm/MiniWin/ui\ui_button.c **** 			0,
  96:C:/Users/John/Desktop/workspace/miniwinwm/MiniWin/ui\ui_button.c **** 			mw_get_control_rect(control_handle).width,
  65                             		.loc 1 96 4
  66 0075 ED A1 05                		mov.L	20[r10], r1
  67 0078 05 00 00 00             		bsr	_mw_get_control_rect
  68 007c EF 15                   		mov.L	r1, r5
  69 007e EF 26                   		mov.L	r2, r6
  93:C:/Users/John/Desktop/workspace/miniwinwm/MiniWin/ui\ui_button.c **** 	mw_gl_rectangle(draw_info,
  70                             		.loc 1 93 2
  71 0080 DF 6B                   		mov.W	r6, r11
  97:C:/Users/John/Desktop/workspace/miniwinwm/MiniWin/ui\ui_button.c **** 			mw_get_control_rect(control_handle).height);
  72                             		.loc 1 97 4
  73 0082 ED A1 05                		mov.L	20[r10], r1
  74 0085 05 00 00 00             		bsr	_mw_get_control_rect
  75 0089 EF 15                   		mov.L	r1, r5
  76 008b EF 26                   		mov.L	r2, r6
  93:C:/Users/John/Desktop/workspace/miniwinwm/MiniWin/ui\ui_button.c **** 	mw_gl_rectangle(draw_info,
  77                             		.loc 1 93 2
  78 008d EF 65                   		mov.L	r6, r5
  79 008f 6B 05                   		shar	#16, r5
  80 0091 D3 05                   		mov.W	r5, [r0]
  81 0093 DF B4                   		mov.W	r11, r4
  82 0095 66 03                   		mov	#0, r3
  83 0097 66 02                   		mov	#0, r2
  84 0099 ED A1 06                		mov.L	24[r10], r1
  85 009c 05 00 00 00             		bsr	_mw_gl_rectangle
  98:C:/Users/John/Desktop/workspace/miniwinwm/MiniWin/ui\ui_button.c **** 
  99:C:/Users/John/Desktop/workspace/miniwinwm/MiniWin/ui\ui_button.c **** 	if (this_button->button_down)
  86                             		.loc 1 99 17
  87 00a0 ED A5 03                		mov.L	12[r10], r5
  88 00a3 8A DD                   		mov.B	11[r5], r5
  89                             		.loc 1 99 5
  90 00a5 5B 55                   		movu.B	r5, r5
  91 00a7 61 05                   		cmp	#0, r5
  92 00a9 20 0E                   		beq	.L4
 100:C:/Users/John/Desktop/workspace/miniwinwm/MiniWin/ui\ui_button.c **** 	{
 101:C:/Users/John/Desktop/workspace/miniwinwm/MiniWin/ui\ui_button.c **** 		highlighted_colour = MW_HAL_LCD_BLACK;
  93                             		.loc 1 101 22
  94 00ab F8 A6 00                		mov.L	#0, [r10]
 102:C:/Users/John/Desktop/workspace/miniwinwm/MiniWin/ui\ui_button.c **** 		lowlighted_colour = MW_HAL_LCD_GREY2;
  95                             		.loc 1 102 21
  96 00ae F9 A2 01 E6 E6 E6 00    		mov.L	#0xe6e6e6, 4[r10]
  97 00b5 2E 0F                   		bra	.L5
  98                             	.L4:
 103:C:/Users/John/Desktop/workspace/miniwinwm/MiniWin/ui\ui_button.c **** 	}
 104:C:/Users/John/Desktop/workspace/miniwinwm/MiniWin/ui\ui_button.c **** 	else
 105:C:/Users/John/Desktop/workspace/miniwinwm/MiniWin/ui\ui_button.c **** 	{
 106:C:/Users/John/Desktop/workspace/miniwinwm/MiniWin/ui\ui_button.c **** 		highlighted_colour = MW_HAL_LCD_WHITE;
  99                             		.loc 1 106 22
 100 00b7 F8 A2 FF FF FF 00       		mov.L	#0xffffff, [r10]
 107:C:/Users/John/Desktop/workspace/miniwinwm/MiniWin/ui\ui_button.c **** 		lowlighted_colour = MW_HAL_LCD_GREY7;
 101                             		.loc 1 107 21
 102 00bd F9 A2 01 A6 A6 A6 00    		mov.L	#0xa6a6a6, 4[r10]
 103                             	.L5:
 108:C:/Users/John/Desktop/workspace/miniwinwm/MiniWin/ui\ui_button.c **** 	}
 109:C:/Users/John/Desktop/workspace/miniwinwm/MiniWin/ui\ui_button.c **** 
 110:C:/Users/John/Desktop/workspace/miniwinwm/MiniWin/ui\ui_button.c **** 	mw_gl_set_fg_colour(highlighted_colour);
 104                             		.loc 1 110 2
 105 00c4 EC A1                   		mov.L	[r10], r1
 106 00c6 05 00 00 00             		bsr	_mw_gl_set_fg_colour
 111:C:/Users/John/Desktop/workspace/miniwinwm/MiniWin/ui\ui_button.c **** 	mw_gl_vline(draw_info, 1, 1, mw_get_control_rect(control_handle).height - 2);
 107                             		.loc 1 111 31
 108 00ca ED A1 05                		mov.L	20[r10], r1
 109 00cd 05 00 00 00             		bsr	_mw_get_control_rect
 110 00d1 EF 15                   		mov.L	r1, r5
 111 00d3 EF 26                   		mov.L	r2, r6
 112                             		.loc 1 111 66
 113 00d5 EF 65                   		mov.L	r6, r5
 114 00d7 6B 05                   		shar	#16, r5
 115                             		.loc 1 111 74
 116 00d9 60 25                   		sub	#2, r5
 117                             		.loc 1 111 2
 118 00db DF 54                   		mov.W	r5, r4
 119 00dd 66 13                   		mov	#1, r3
 120 00df 66 12                   		mov	#1, r2
 121 00e1 ED A1 06                		mov.L	24[r10], r1
 122 00e4 05 00 00 00             		bsr	_mw_gl_vline
 112:C:/Users/John/Desktop/workspace/miniwinwm/MiniWin/ui\ui_button.c **** 	mw_gl_hline(draw_info, 1, mw_get_control_rect(control_handle).width - 2, 1);
 123                             		.loc 1 112 28
 124 00e8 ED A1 05                		mov.L	20[r10], r1
 125 00eb 05 00 00 00             		bsr	_mw_get_control_rect
 126 00ef EF 15                   		mov.L	r1, r5
 127 00f1 EF 26                   		mov.L	r2, r6
 128                             		.loc 1 112 63
 129 00f3 DF 65                   		mov.W	r6, r5
 130                             		.loc 1 112 70
 131 00f5 60 25                   		sub	#2, r5
 132                             		.loc 1 112 2
 133 00f7 66 14                   		mov	#1, r4
 134 00f9 DF 53                   		mov.W	r5, r3
 135 00fb 66 12                   		mov	#1, r2
 136 00fd ED A1 06                		mov.L	24[r10], r1
 137 0100 05 00 00 00             		bsr	_mw_gl_hline
 113:C:/Users/John/Desktop/workspace/miniwinwm/MiniWin/ui\ui_button.c **** 	mw_gl_set_fg_colour(lowlighted_colour);
 138                             		.loc 1 113 2
 139 0104 ED A1 01                		mov.L	4[r10], r1
 140 0107 05 00 00 00             		bsr	_mw_gl_set_fg_colour
 114:C:/Users/John/Desktop/workspace/miniwinwm/MiniWin/ui\ui_button.c **** 	mw_gl_vline(draw_info, mw_get_control_rect(control_handle).width - 2, 1, mw_get_control_rect(contr
 141                             		.loc 1 114 25
 142 010b ED A1 05                		mov.L	20[r10], r1
 143 010e 05 00 00 00             		bsr	_mw_get_control_rect
 144 0112 EF 15                   		mov.L	r1, r5
 145 0114 EF 26                   		mov.L	r2, r6
 146                             		.loc 1 114 60
 147 0116 DF 65                   		mov.W	r6, r5
 148                             		.loc 1 114 67
 149 0118 60 25                   		sub	#2, r5
 150                             		.loc 1 114 2
 151 011a DF 5B                   		mov.W	r5, r11
 152                             		.loc 1 114 75
 153 011c ED A1 05                		mov.L	20[r10], r1
 154 011f 05 00 00 00             		bsr	_mw_get_control_rect
 155 0123 EF 15                   		mov.L	r1, r5
 156 0125 EF 26                   		mov.L	r2, r6
 157                             		.loc 1 114 110
 158 0127 EF 65                   		mov.L	r6, r5
 159 0129 6B 05                   		shar	#16, r5
 160                             		.loc 1 114 118
 161 012b 60 25                   		sub	#2, r5
 162                             		.loc 1 114 2
 163 012d DF 54                   		mov.W	r5, r4
 164 012f 66 13                   		mov	#1, r3
 165 0131 DF B2                   		mov.W	r11, r2
 166 0133 ED A1 06                		mov.L	24[r10], r1
 167 0136 05 00 00 00             		bsr	_mw_gl_vline
 115:C:/Users/John/Desktop/workspace/miniwinwm/MiniWin/ui\ui_button.c **** 	mw_gl_hline(draw_info, 1, mw_get_control_rect(control_handle).width - 2, mw_get_control_rect(contr
 168                             		.loc 1 115 28
 169 013a ED A1 05                		mov.L	20[r10], r1
 170 013d 05 00 00 00             		bsr	_mw_get_control_rect
 171 0141 EF 15                   		mov.L	r1, r5
 172 0143 EF 26                   		mov.L	r2, r6
 173                             		.loc 1 115 63
 174 0145 DF 65                   		mov.W	r6, r5
 175                             		.loc 1 115 70
 176 0147 60 25                   		sub	#2, r5
 177                             		.loc 1 115 2
 178 0149 DF 5B                   		mov.W	r5, r11
 179                             		.loc 1 115 75
 180 014b ED A1 05                		mov.L	20[r10], r1
 181 014e 05 00 00 00             		bsr	_mw_get_control_rect
 182 0152 EF 15                   		mov.L	r1, r5
 183 0154 EF 26                   		mov.L	r2, r6
 184                             		.loc 1 115 110
 185 0156 EF 65                   		mov.L	r6, r5
 186 0158 6B 05                   		shar	#16, r5
 187                             		.loc 1 115 118
 188 015a 60 25                   		sub	#2, r5
 189                             		.loc 1 115 2
 190 015c DF 54                   		mov.W	r5, r4
 191 015e DF B3                   		mov.W	r11, r3
 192 0160 66 12                   		mov	#1, r2
 193 0162 ED A1 06                		mov.L	24[r10], r1
 194 0165 05 00 00 00             		bsr	_mw_gl_hline
 116:C:/Users/John/Desktop/workspace/miniwinwm/MiniWin/ui\ui_button.c **** 
 117:C:/Users/John/Desktop/workspace/miniwinwm/MiniWin/ui\ui_button.c ****  	mw_gl_set_bg_transparency(MW_GL_BG_TRANSPARENT);
 195                             		.loc 1 117 3
 196 0169 66 01                   		mov.L	#0, r1
 197 016b 05 00 00 00             		bsr	_mw_gl_set_bg_transparency
 118:C:/Users/John/Desktop/workspace/miniwinwm/MiniWin/ui\ui_button.c **** 	mw_gl_set_text_rotation(MW_GL_TEXT_ROTATION_0);
 198                             		.loc 1 118 2
 199 016f 66 01                   		mov.L	#0, r1
 200 0171 05 00 00 00             		bsr	_mw_gl_set_text_rotation
 119:C:/Users/John/Desktop/workspace/miniwinwm/MiniWin/ui\ui_button.c **** 
 120:C:/Users/John/Desktop/workspace/miniwinwm/MiniWin/ui\ui_button.c **** 	/* set text colour according to enabled state */
 121:C:/Users/John/Desktop/workspace/miniwinwm/MiniWin/ui\ui_button.c **** 	if ((mw_get_control_flags(control_handle) & MW_CONTROL_FLAG_IS_ENABLED) == MW_CONTROL_FLAG_IS_ENAB
 201                             		.loc 1 121 7
 202 0175 ED A1 05                		mov.L	20[r10], r1
 203 0178 05 00 00 00             		bsr	_mw_get_control_flags
 204 017c EF 15                   		mov.L	r1, r5
 205                             		.loc 1 121 44
 206 017e 5F 55                   		movu.W	r5, r5
 207 0180 64 25                   		and	#2, r5
 208                             		.loc 1 121 5
 209 0182 61 25                   		cmp	#2, r5
 210 0184 19                      		bne	.L6
 122:C:/Users/John/Desktop/workspace/miniwinwm/MiniWin/ui\ui_button.c **** 	{
 123:C:/Users/John/Desktop/workspace/miniwinwm/MiniWin/ui\ui_button.c **** 		mw_gl_set_fg_colour(MW_HAL_LCD_BLACK);
 211                             		.loc 1 123 3
 212 0185 66 01                   		mov.L	#0, r1
 213 0187 05 00 00 00             		bsr	_mw_gl_set_fg_colour
 214 018b 2E 0C                   		bra	.L7
 215                             	.L6:
 124:C:/Users/John/Desktop/workspace/miniwinwm/MiniWin/ui\ui_button.c **** 	}
 125:C:/Users/John/Desktop/workspace/miniwinwm/MiniWin/ui\ui_button.c **** 	else
 126:C:/Users/John/Desktop/workspace/miniwinwm/MiniWin/ui\ui_button.c **** 	{
 127:C:/Users/John/Desktop/workspace/miniwinwm/MiniWin/ui\ui_button.c **** 		mw_gl_set_fg_colour(MW_CONTROL_DISABLED_COLOUR);
 216                             		.loc 1 127 3
 217 018d FB 12 BF BF BF 00       		mov.L	#0xbfbfbf, r1
 218 0193 05 00 00 00             		bsr	_mw_gl_set_fg_colour
 219                             	.L7:
 128:C:/Users/John/Desktop/workspace/miniwinwm/MiniWin/ui\ui_button.c **** 	}
 129:C:/Users/John/Desktop/workspace/miniwinwm/MiniWin/ui\ui_button.c **** 
 130:C:/Users/John/Desktop/workspace/miniwinwm/MiniWin/ui\ui_button.c **** 	/* get the text width */
 131:C:/Users/John/Desktop/workspace/miniwinwm/MiniWin/ui\ui_button.c **** 	if ((mw_get_control_flags(control_handle) & MW_CONTROL_FLAG_LARGE_SIZE) == MW_CONTROL_FLAG_LARGE_S
 220                             		.loc 1 131 7
 221 0197 ED A1 05                		mov.L	20[r10], r1
 222 019a 05 00 00 00             		bsr	_mw_get_control_flags
 223 019e EF 15                   		mov.L	r1, r5
 224                             		.loc 1 131 44
 225 01a0 5F 55                   		movu.W	r5, r5
 226 01a2 64 85                   		and	#8, r5
 227                             		.loc 1 131 5
 228 01a4 61 85                   		cmp	#8, r5
 229 01a6 21 18                   		bne	.L8
 132:C:/Users/John/Desktop/workspace/miniwinwm/MiniWin/ui\ui_button.c **** 	{
 133:C:/Users/John/Desktop/workspace/miniwinwm/MiniWin/ui\ui_button.c **** 		mw_gl_set_font(MW_GL_TITLE_FONT);
 230                             		.loc 1 133 3
 231 01a8 66 51                   		mov.L	#5, r1
 232 01aa 05 00 00 00             		bsr	_mw_gl_set_font
 134:C:/Users/John/Desktop/workspace/miniwinwm/MiniWin/ui\ui_button.c **** 		text_width = (int16_t)mw_gl_get_string_width_pixels(this_button->button_label);
 233                             		.loc 1 134 66
 234 01ae ED A5 03                		mov.L	12[r10], r5
 235                             		.loc 1 134 25
 236 01b1 EF 51                   		mov.L	r5, r1
 237 01b3 05 00 00 00             		bsr	_mw_gl_get_string_width_pixels
 238 01b7 EF 15                   		mov.L	r1, r5
 239 01b9 D7 A5 04                		mov.W	r5, 8[r10]
 240 01bc 2E 24                   		bra	.L9
 241                             	.L8:
 135:C:/Users/John/Desktop/workspace/miniwinwm/MiniWin/ui\ui_button.c **** 	}
 136:C:/Users/John/Desktop/workspace/miniwinwm/MiniWin/ui\ui_button.c **** 	else
 137:C:/Users/John/Desktop/workspace/miniwinwm/MiniWin/ui\ui_button.c **** 	{
 138:C:/Users/John/Desktop/workspace/miniwinwm/MiniWin/ui\ui_button.c **** 		mw_gl_set_font(MW_GL_FONT_9);
 242                             		.loc 1 138 3
 243 01be 66 01                   		mov.L	#0, r1
 244 01c0 05 00 00 00             		bsr	_mw_gl_set_font
 139:C:/Users/John/Desktop/workspace/miniwinwm/MiniWin/ui\ui_button.c **** 		text_width = (int16_t)strlen(this_button->button_label) * ((int16_t)mw_gl_get_font_width() + 1);
 245                             		.loc 1 139 43
 246 01c4 ED A5 03                		mov.L	12[r10], r5
 247                             		.loc 1 139 25
 248 01c7 EF 51                   		mov.L	r5, r1
 249 01c9 05 00 00 00             		bsr	_strlen
 250 01cd EF 15                   		mov.L	r1, r5
 251                             		.loc 1 139 14
 252 01cf DF 56                   		mov.W	r5, r6
 253                             		.loc 1 139 71
 254 01d1 05 00 00 00             		bsr	_mw_gl_get_font_width
 255 01d5 EF 15                   		mov.L	r1, r5
 256                             		.loc 1 139 62
 257 01d7 DF 55                   		mov.W	r5, r5
 258                             		.loc 1 139 94
 259 01d9 62 15                   		add	#1, r5
 260                             		.loc 1 139 14
 261 01db 4F 65                   		mul	r6, r5
 262 01dd D7 A5 04                		mov.W	r5, 8[r10]
 263                             	.L9:
 140:C:/Users/John/Desktop/workspace/miniwinwm/MiniWin/ui\ui_button.c **** 	}
 141:C:/Users/John/Desktop/workspace/miniwinwm/MiniWin/ui\ui_button.c **** 	text_x = (mw_get_control_rect(control_handle).width - text_width) / 2;
 264                             		.loc 1 141 12
 265 01e0 ED A1 05                		mov.L	20[r10], r1
 266 01e3 05 00 00 00             		bsr	_mw_get_control_rect
 267 01e7 EF 15                   		mov.L	r1, r5
 268 01e9 EF 26                   		mov.L	r2, r6
 269                             		.loc 1 141 47
 270 01eb DF 65                   		mov.W	r6, r5
 271 01ed DF 54                   		mov.W	r5, r4
 272                             		.loc 1 141 54
 273 01ef DD A5 04                		mov.W	8[r10], r5
 274 01f2 FF 05 54                		sub	r5, r4, r5
 275                             		.loc 1 141 68
 276 01f5 FD 9F 54                		shlr	#31, r5, r4
 277 01f8 4B 45                   		add	r4, r5
 278 01fa 6A 15                   		shar	#1, r5
 279                             		.loc 1 141 9
 280 01fc D7 A5 08                		mov.W	r5, 16[r10]
 142:C:/Users/John/Desktop/workspace/miniwinwm/MiniWin/ui\ui_button.c **** 
 143:C:/Users/John/Desktop/workspace/miniwinwm/MiniWin/ui\ui_button.c **** 	if (this_button->button_down)
 281                             		.loc 1 143 17
 282 01ff ED A5 03                		mov.L	12[r10], r5
 283 0202 8A DD                   		mov.B	11[r5], r5
 284                             		.loc 1 143 5
 285 0204 5B 55                   		movu.B	r5, r5
 286 0206 61 05                   		cmp	#0, r5
 287 0208 20 3D                   		beq	.L10
 144:C:/Users/John/Desktop/workspace/miniwinwm/MiniWin/ui\ui_button.c **** 	{
 145:C:/Users/John/Desktop/workspace/miniwinwm/MiniWin/ui\ui_button.c **** 		if ((mw_get_control_flags(control_handle) & MW_CONTROL_FLAG_LARGE_SIZE) == MW_CONTROL_FLAG_LARGE_
 288                             		.loc 1 145 8
 289 020a ED A1 05                		mov.L	20[r10], r1
 290 020d 05 00 00 00             		bsr	_mw_get_control_flags
 291 0211 EF 15                   		mov.L	r1, r5
 292                             		.loc 1 145 45
 293 0213 5F 55                   		movu.W	r5, r5
 294 0215 64 85                   		and	#8, r5
 295                             		.loc 1 145 6
 296 0217 61 85                   		cmp	#8, r5
 297 0219 21 17                   		bne	.L11
 146:C:/Users/John/Desktop/workspace/miniwinwm/MiniWin/ui\ui_button.c **** 		{
 147:C:/Users/John/Desktop/workspace/miniwinwm/MiniWin/ui\ui_button.c **** 			mw_gl_string(draw_info, text_x + 2, 11, this_button->button_label);
 298                             		.loc 1 147 35
 299 021b DD A5 08                		mov.W	16[r10], r5
 300 021e 62 25                   		add	#2, r5
 301                             		.loc 1 147 55
 302 0220 ED A4 03                		mov.L	12[r10], r4
 303                             		.loc 1 147 4
 304 0223 66 B3                   		mov	#11, r3
 305 0225 DF 52                   		mov.W	r5, r2
 306 0227 ED A1 06                		mov.L	24[r10], r1
 307 022a 05 00 00 00             		bsr	_mw_gl_string
 148:C:/Users/John/Desktop/workspace/miniwinwm/MiniWin/ui\ui_button.c **** 		}
 149:C:/Users/John/Desktop/workspace/miniwinwm/MiniWin/ui\ui_button.c **** 		else
 150:C:/Users/John/Desktop/workspace/miniwinwm/MiniWin/ui\ui_button.c **** 		{
 151:C:/Users/John/Desktop/workspace/miniwinwm/MiniWin/ui\ui_button.c **** 			mw_gl_string(draw_info, text_x + 2, 4, this_button->button_label);
 152:C:/Users/John/Desktop/workspace/miniwinwm/MiniWin/ui\ui_button.c **** 		}
 153:C:/Users/John/Desktop/workspace/miniwinwm/MiniWin/ui\ui_button.c **** 	}
 154:C:/Users/John/Desktop/workspace/miniwinwm/MiniWin/ui\ui_button.c **** 	else
 155:C:/Users/John/Desktop/workspace/miniwinwm/MiniWin/ui\ui_button.c **** 	{
 156:C:/Users/John/Desktop/workspace/miniwinwm/MiniWin/ui\ui_button.c **** 		if ((mw_get_control_flags(control_handle) & MW_CONTROL_FLAG_LARGE_SIZE) == MW_CONTROL_FLAG_LARGE_
 157:C:/Users/John/Desktop/workspace/miniwinwm/MiniWin/ui\ui_button.c **** 		{
 158:C:/Users/John/Desktop/workspace/miniwinwm/MiniWin/ui\ui_button.c **** 			mw_gl_string(draw_info, text_x, 9, this_button->button_label);
 159:C:/Users/John/Desktop/workspace/miniwinwm/MiniWin/ui\ui_button.c **** 		}
 160:C:/Users/John/Desktop/workspace/miniwinwm/MiniWin/ui\ui_button.c **** 		else
 161:C:/Users/John/Desktop/workspace/miniwinwm/MiniWin/ui\ui_button.c **** 		{
 162:C:/Users/John/Desktop/workspace/miniwinwm/MiniWin/ui\ui_button.c **** 			mw_gl_string(draw_info, text_x, 3, this_button->button_label);
 163:C:/Users/John/Desktop/workspace/miniwinwm/MiniWin/ui\ui_button.c **** 		}
 164:C:/Users/John/Desktop/workspace/miniwinwm/MiniWin/ui\ui_button.c **** 	}
 165:C:/Users/John/Desktop/workspace/miniwinwm/MiniWin/ui\ui_button.c **** }
 308                             		.loc 1 165 1
 309 022e 2E 4C                   		bra	.L15
 310                             	.L11:
 151:C:/Users/John/Desktop/workspace/miniwinwm/MiniWin/ui\ui_button.c **** 		}
 311                             		.loc 1 151 35
 312 0230 DD A5 08                		mov.W	16[r10], r5
 313 0233 62 25                   		add	#2, r5
 151:C:/Users/John/Desktop/workspace/miniwinwm/MiniWin/ui\ui_button.c **** 		}
 314                             		.loc 1 151 54
 315 0235 ED A4 03                		mov.L	12[r10], r4
 151:C:/Users/John/Desktop/workspace/miniwinwm/MiniWin/ui\ui_button.c **** 		}
 316                             		.loc 1 151 4
 317 0238 66 43                   		mov	#4, r3
 318 023a DF 52                   		mov.W	r5, r2
 319 023c ED A1 06                		mov.L	24[r10], r1
 320 023f 05 00 00 00             		bsr	_mw_gl_string
 321                             		.loc 1 165 1
 322 0243 2E 37                   		bra	.L15
 323                             	.L10:
 156:C:/Users/John/Desktop/workspace/miniwinwm/MiniWin/ui\ui_button.c **** 		{
 324                             		.loc 1 156 8
 325 0245 ED A1 05                		mov.L	20[r10], r1
 326 0248 05 00 00 00             		bsr	_mw_get_control_flags
 327 024c EF 15                   		mov.L	r1, r5
 156:C:/Users/John/Desktop/workspace/miniwinwm/MiniWin/ui\ui_button.c **** 		{
 328                             		.loc 1 156 45
 329 024e 5F 55                   		movu.W	r5, r5
 330 0250 64 85                   		and	#8, r5
 156:C:/Users/John/Desktop/workspace/miniwinwm/MiniWin/ui\ui_button.c **** 		{
 331                             		.loc 1 156 6
 332 0252 61 85                   		cmp	#8, r5
 333 0254 21 15                   		bne	.L14
 158:C:/Users/John/Desktop/workspace/miniwinwm/MiniWin/ui\ui_button.c **** 		}
 334                             		.loc 1 158 50
 335 0256 ED A5 03                		mov.L	12[r10], r5
 158:C:/Users/John/Desktop/workspace/miniwinwm/MiniWin/ui\ui_button.c **** 		}
 336                             		.loc 1 158 4
 337 0259 EF 54                   		mov.L	r5, r4
 338 025b 66 93                   		mov	#9, r3
 339 025d DD A2 08                		mov.W	16[r10], r2
 340 0260 ED A1 06                		mov.L	24[r10], r1
 341 0263 05 00 00 00             		bsr	_mw_gl_string
 342                             		.loc 1 165 1
 343 0267 2E 13                   		bra	.L15
 344                             	.L14:
 162:C:/Users/John/Desktop/workspace/miniwinwm/MiniWin/ui\ui_button.c **** 		}
 345                             		.loc 1 162 50
 346 0269 ED A5 03                		mov.L	12[r10], r5
 162:C:/Users/John/Desktop/workspace/miniwinwm/MiniWin/ui\ui_button.c **** 		}
 347                             		.loc 1 162 4
 348 026c EF 54                   		mov.L	r5, r4
 349 026e 66 33                   		mov	#3, r3
 350 0270 DD A2 08                		mov.W	16[r10], r2
 351 0273 ED A1 06                		mov.L	24[r10], r1
 352 0276 05 00 00 00             		bsr	_mw_gl_string
 353                             	.L15:
 354                             		.loc 1 165 1
 355 027a 03                      		nop
 356 027b 3F 6B 0E                		rtsd	#56, r6-r11
 357                             	.LFE0:
 359                             		.section	.text.button_message_function,"ax",@progbits
 361                             	_button_message_function:
 362                             	.LFB1:
 166:C:/Users/John/Desktop/workspace/miniwinwm/MiniWin/ui\ui_button.c **** 
 167:C:/Users/John/Desktop/workspace/miniwinwm/MiniWin/ui\ui_button.c **** /**
 168:C:/Users/John/Desktop/workspace/miniwinwm/MiniWin/ui\ui_button.c ****  * Control message handler called by the window manager.
 169:C:/Users/John/Desktop/workspace/miniwinwm/MiniWin/ui\ui_button.c ****  *
 170:C:/Users/John/Desktop/workspace/miniwinwm/MiniWin/ui\ui_button.c ****  * @param message The message to be processed
 171:C:/Users/John/Desktop/workspace/miniwinwm/MiniWin/ui\ui_button.c ****  * @note Do not call this directly from user code
 172:C:/Users/John/Desktop/workspace/miniwinwm/MiniWin/ui\ui_button.c ****  */
 173:C:/Users/John/Desktop/workspace/miniwinwm/MiniWin/ui\ui_button.c **** static void button_message_function(const mw_message_t *message)
 174:C:/Users/John/Desktop/workspace/miniwinwm/MiniWin/ui\ui_button.c **** {
 363                             		.loc 1 174 1
 364 0000 7E AA                   		push.l	r10
 365                             	.LCFI3:
 366 0002 7E A6                   		push.l	r6
 367                             	.LCFI4:
 368 0004 71 0A F8                		add	#-8, r0, r10
 369                             	.LCFI5:
 370 0007 71 A0 F8                		add	#-8, r10, r0
 371                             	.LCFI6:
 372 000a E7 A1 01                		mov.L	r1, 4[r10]
 175:C:/Users/John/Desktop/workspace/miniwinwm/MiniWin/ui\ui_button.c **** 	mw_ui_button_data_t *this_button = (mw_ui_button_data_t*)mw_get_control_instance_data(message->rec
 373                             		.loc 1 175 59
 374 000d ED A5 01                		mov.L	4[r10], r5
 375 0010 A8 5D                   		mov.L	4[r5], r5
 376 0012 EF 51                   		mov.L	r5, r1
 377 0014 05 00 00 00             		bsr	_mw_get_control_instance_data
 378 0018 E3 A1                   		mov.L	r1, [r10]
 176:C:/Users/John/Desktop/workspace/miniwinwm/MiniWin/ui\ui_button.c **** 
 177:C:/Users/John/Desktop/workspace/miniwinwm/MiniWin/ui\ui_button.c **** 	MW_ASSERT(message != (void*)0, "Null pointer argument");
 379                             		.loc 1 177 2
 380 001a ED A5 01                		mov.L	4[r10], r5
 381 001d 61 05                   		cmp	#0, r5
 382 001f FC DB 51                		scne.L	r5
 383 0022 FB 42 00 00 00 00       		mov.L	#.LC0, r4
 384 0028 75 43 B1                		mov.L	#0xb1, r3
 385 002b FB 22 00 00 00 00       		mov.L	#___func__.2969, r2
 386 0031 CF 51                   		mov.B	r5, r1
 387 0033 05 00 00 00             		bsr	_mw_debug_print_assert
 178:C:/Users/John/Desktop/workspace/miniwinwm/MiniWin/ui\ui_button.c **** 
 179:C:/Users/John/Desktop/workspace/miniwinwm/MiniWin/ui\ui_button.c **** 	switch (message->message_id)
 388                             		.loc 1 179 17
 389 0037 ED A5 01                		mov.L	4[r10], r5
 390 003a A8 D5                   		mov.L	8[r5], r5
 391                             		.loc 1 179 2
 392 003c 75 55 14                		cmp	#20, r5
 393 003f 20 4A                   		beq	.L17
 394 0041 75 55 19                		cmp	#25, r5
 395 0044 20 0E                   		beq	.L18
 396 0046 61 D5                   		cmp	#13, r5
 397 0048 3B 81 00                		bne	.L22
 180:C:/Users/John/Desktop/workspace/miniwinwm/MiniWin/ui\ui_button.c **** 	{
 181:C:/Users/John/Desktop/workspace/miniwinwm/MiniWin/ui\ui_button.c **** 	case MW_CONTROL_CREATED_MESSAGE:
 182:C:/Users/John/Desktop/workspace/miniwinwm/MiniWin/ui\ui_button.c **** 		/* initialise the control */			
 183:C:/Users/John/Desktop/workspace/miniwinwm/MiniWin/ui\ui_button.c **** 		this_button->button_down = false;
 398                             		.loc 1 183 28
 399 004b EC A5                   		mov.L	[r10], r5
 400 004d 3C 5B 00                		mov.B	#0, 11[r5]
 184:C:/Users/John/Desktop/workspace/miniwinwm/MiniWin/ui\ui_button.c **** 		break;
 401                             		.loc 1 184 3
 402 0050 2E 7D                   		bra	.L20
 403                             	.L18:
 185:C:/Users/John/Desktop/workspace/miniwinwm/MiniWin/ui\ui_button.c **** 
 186:C:/Users/John/Desktop/workspace/miniwinwm/MiniWin/ui\ui_button.c **** 	case MW_TIMER_MESSAGE:
 187:C:/Users/John/Desktop/workspace/miniwinwm/MiniWin/ui\ui_button.c **** 		/* set button pressed to false, send the control response message and repaint the control */	
 188:C:/Users/John/Desktop/workspace/miniwinwm/MiniWin/ui\ui_button.c **** 		this_button->button_down = false;
 404                             		.loc 1 188 28
 405 0052 EC A5                   		mov.L	[r10], r5
 406 0054 3C 5B 00                		mov.B	#0, 11[r5]
 189:C:/Users/John/Desktop/workspace/miniwinwm/MiniWin/ui\ui_button.c **** 		mw_post_message(MW_BUTTON_PRESSED_MESSAGE,
 407                             		.loc 1 189 3
 408 0057 ED A5 01                		mov.L	4[r10], r5
 409 005a A8 5E                   		mov.L	4[r5], r6
 410 005c ED A5 01                		mov.L	4[r10], r5
 411 005f A8 5D                   		mov.L	4[r5], r5
 412 0061 EF 51                   		mov.L	r5, r1
 413 0063 05 00 00 00             		bsr	_mw_get_control_parent_window_handle
 414 0067 EF 15                   		mov.L	r1, r5
 415 0069 3E 01 00                		mov.L	#0, 4[r0]
 416 006c F8 06 00                		mov.L	#0, [r0]
 417 006f 66 04                   		mov.L	#0, r4
 418 0071 EF 53                   		mov.L	r5, r3
 419 0073 EF 62                   		mov.L	r6, r2
 420 0075 75 41 1A                		mov.L	#26, r1
 421 0078 05 00 00 00             		bsr	_mw_post_message
 190:C:/Users/John/Desktop/workspace/miniwinwm/MiniWin/ui\ui_button.c **** 				message->recipient_handle,
 191:C:/Users/John/Desktop/workspace/miniwinwm/MiniWin/ui\ui_button.c **** 				mw_get_control_parent_window_handle(message->recipient_handle),
 192:C:/Users/John/Desktop/workspace/miniwinwm/MiniWin/ui\ui_button.c **** 				MW_UNUSED_MESSAGE_PARAMETER,
 193:C:/Users/John/Desktop/workspace/miniwinwm/MiniWin/ui\ui_button.c **** 				NULL,
 194:C:/Users/John/Desktop/workspace/miniwinwm/MiniWin/ui\ui_button.c **** 				MW_WINDOW_MESSAGE);
 195:C:/Users/John/Desktop/workspace/miniwinwm/MiniWin/ui\ui_button.c **** 		mw_paint_control(message->recipient_handle);
 422                             		.loc 1 195 3
 423 007c ED A5 01                		mov.L	4[r10], r5
 424 007f A8 5D                   		mov.L	4[r5], r5
 425 0081 EF 51                   		mov.L	r5, r1
 426 0083 05 00 00 00             		bsr	_mw_paint_control
 196:C:/Users/John/Desktop/workspace/miniwinwm/MiniWin/ui\ui_button.c **** 		break;
 427                             		.loc 1 196 3
 428 0087 2E 46                   		bra	.L20
 429                             	.L17:
 197:C:/Users/John/Desktop/workspace/miniwinwm/MiniWin/ui\ui_button.c **** 
 198:C:/Users/John/Desktop/workspace/miniwinwm/MiniWin/ui\ui_button.c **** 	case MW_TOUCH_DOWN_MESSAGE:
 199:C:/Users/John/Desktop/workspace/miniwinwm/MiniWin/ui\ui_button.c **** 		/* handle a touch down event within this control */	
 200:C:/Users/John/Desktop/workspace/miniwinwm/MiniWin/ui\ui_button.c **** 		if ((mw_get_control_flags(message->recipient_handle) & MW_CONTROL_FLAG_IS_ENABLED) == MW_CONTROL_
 430                             		.loc 1 200 8
 431 0089 ED A5 01                		mov.L	4[r10], r5
 432 008c A8 5D                   		mov.L	4[r5], r5
 433 008e EF 51                   		mov.L	r5, r1
 434 0090 05 00 00 00             		bsr	_mw_get_control_flags
 435 0094 EF 15                   		mov.L	r1, r5
 436                             		.loc 1 200 56
 437 0096 5F 55                   		movu.W	r5, r5
 438 0098 64 25                   		and	#2, r5
 439                             		.loc 1 200 6
 440 009a 61 25                   		cmp	#2, r5
 441 009c 21 30                   		bne	.L23
 201:C:/Users/John/Desktop/workspace/miniwinwm/MiniWin/ui\ui_button.c **** 		{
 202:C:/Users/John/Desktop/workspace/miniwinwm/MiniWin/ui\ui_button.c **** 			(void)mw_set_timer(mw_tick_counter + MW_CONTROL_DOWN_TIME, message->recipient_handle, MW_CONTROL
 442                             		.loc 1 202 10
 443 009e FB 52 00 00 00 00       		mov.L	#_mw_tick_counter, r5
 444 00a4 EC 55                   		mov.L	[r5], r5
 445 00a6 71 54 04                		add	#4, r5, r4
 446 00a9 ED A5 01                		mov.L	4[r10], r5
 447 00ac A8 5D                   		mov.L	4[r5], r5
 448 00ae 66 13                   		mov.L	#1, r3
 449 00b0 EF 52                   		mov.L	r5, r2
 450 00b2 EF 41                   		mov.L	r4, r1
 451 00b4 05 00 00 00             		bsr	_mw_set_timer
 203:C:/Users/John/Desktop/workspace/miniwinwm/MiniWin/ui\ui_button.c **** 			this_button->button_down = true;
 452                             		.loc 1 203 29
 453 00b8 EC A5                   		mov.L	[r10], r5
 454 00ba 3C 5B 01                		mov.B	#1, 11[r5]
 204:C:/Users/John/Desktop/workspace/miniwinwm/MiniWin/ui\ui_button.c **** 			mw_paint_control(message->recipient_handle);
 455                             		.loc 1 204 4
 456 00bd ED A5 01                		mov.L	4[r10], r5
 457 00c0 A8 5D                   		mov.L	4[r5], r5
 458 00c2 EF 51                   		mov.L	r5, r1
 459 00c4 05 00 00 00             		bsr	_mw_paint_control
 205:C:/Users/John/Desktop/workspace/miniwinwm/MiniWin/ui\ui_button.c **** 		}
 206:C:/Users/John/Desktop/workspace/miniwinwm/MiniWin/ui\ui_button.c **** 		break;
 460                             		.loc 1 206 3
 461 00c8 0C                      		bra	.L23
 462                             	.L22:
 207:C:/Users/John/Desktop/workspace/miniwinwm/MiniWin/ui\ui_button.c **** 
 208:C:/Users/John/Desktop/workspace/miniwinwm/MiniWin/ui\ui_button.c **** 	default:
 209:C:/Users/John/Desktop/workspace/miniwinwm/MiniWin/ui\ui_button.c **** 		/* keep MISRA happy */
 210:C:/Users/John/Desktop/workspace/miniwinwm/MiniWin/ui\ui_button.c **** 		break;
 463                             		.loc 1 210 3
 464 00c9 03                      		nop
 465 00ca 2E 03                   		bra	.L20
 466                             	.L23:
 206:C:/Users/John/Desktop/workspace/miniwinwm/MiniWin/ui\ui_button.c **** 
 467                             		.loc 1 206 3
 468 00cc 03                      		nop
 469                             	.L20:
 211:C:/Users/John/Desktop/workspace/miniwinwm/MiniWin/ui\ui_button.c **** 	}
 212:C:/Users/John/Desktop/workspace/miniwinwm/MiniWin/ui\ui_button.c **** }
 470                             		.loc 1 212 1
 471 00cd 03                      		nop
 472 00ce 71 00 10                		add	#16, r0
 473 00d1 7E B6                   		pop	r6
 474 00d3 7E BA                   		pop	r10
 475 00d5 02                      		rts
 476                             	.LFE1:
 478                             		.section	.text.mw_ui_button_add_new,"ax",@progbits
 479                             		.global	_mw_ui_button_add_new
 481                             	_mw_ui_button_add_new:
 482                             	.LFB2:
 213:C:/Users/John/Desktop/workspace/miniwinwm/MiniWin/ui\ui_button.c **** 
 214:C:/Users/John/Desktop/workspace/miniwinwm/MiniWin/ui\ui_button.c **** /***********************
 215:C:/Users/John/Desktop/workspace/miniwinwm/MiniWin/ui\ui_button.c **** *** GLOBAL FUNCTIONS ***
 216:C:/Users/John/Desktop/workspace/miniwinwm/MiniWin/ui\ui_button.c **** ***********************/
 217:C:/Users/John/Desktop/workspace/miniwinwm/MiniWin/ui\ui_button.c **** 
 218:C:/Users/John/Desktop/workspace/miniwinwm/MiniWin/ui\ui_button.c **** mw_handle_t mw_ui_button_add_new(int16_t x,
 219:C:/Users/John/Desktop/workspace/miniwinwm/MiniWin/ui\ui_button.c **** 		int16_t y,
 220:C:/Users/John/Desktop/workspace/miniwinwm/MiniWin/ui\ui_button.c **** 		mw_handle_t parent_handle,
 221:C:/Users/John/Desktop/workspace/miniwinwm/MiniWin/ui\ui_button.c **** 		uint16_t flags,
 222:C:/Users/John/Desktop/workspace/miniwinwm/MiniWin/ui\ui_button.c **** 		mw_ui_button_data_t *button_instance_data)
 223:C:/Users/John/Desktop/workspace/miniwinwm/MiniWin/ui\ui_button.c **** {
 483                             		.loc 1 223 1
 484 0000 7E AA                   		push.l	r10
 485                             	.LCFI7:
 486 0002 7E A6                   		push.l	r6
 487                             	.LCFI8:
 488 0004 71 0A E8                		add	#-24, r0, r10
 489                             	.LCFI9:
 490 0007 71 A0 F8                		add	#-8, r10, r0
 491                             	.LCFI10:
 492 000a 75 46 24                		mov.L	#36, r6
 493 000d 4B A6                   		add	r10, r6
 494 000f D7 A1 04                		mov.W	r1, 8[r10]
 495 0012 D7 A2 05                		mov.W	r2, 10[r10]
 496 0015 E7 A3 03                		mov.L	r3, 12[r10]
 497 0018 D7 A4 08                		mov.W	r4, 16[r10]
 224:C:/Users/John/Desktop/workspace/miniwinwm/MiniWin/ui\ui_button.c **** 	mw_util_rect_t r;
 225:C:/Users/John/Desktop/workspace/miniwinwm/MiniWin/ui\ui_button.c **** 
 226:C:/Users/John/Desktop/workspace/miniwinwm/MiniWin/ui\ui_button.c **** 	if ((flags & MW_CONTROL_FLAG_LARGE_SIZE) == MW_CONTROL_FLAG_LARGE_SIZE)
 498                             		.loc 1 226 13
 499 001b 5D A5 08                		movu.W	16[r10], r5
 500 001e 64 85                   		and	#8, r5
 501                             		.loc 1 226 5
 502 0020 61 05                   		cmp	#0, r5
 503 0022 20 16                   		beq	.L25
 227:C:/Users/John/Desktop/workspace/miniwinwm/MiniWin/ui\ui_button.c **** 	{
 228:C:/Users/John/Desktop/workspace/miniwinwm/MiniWin/ui\ui_button.c **** 		mw_util_set_rect(&r, x, y, MW_UI_BUTTON_LARGE_WIDTH, MW_UI_BUTTON_LARGE_HEIGHT);
 504                             		.loc 1 228 3
 505 0024 F8 05 1E                		mov.W	#30, [r0]
 506 0027 75 44 64                		mov	#0x64, r4
 507 002a DD A3 05                		mov.W	10[r10], r3
 508 002d DD A2 04                		mov.W	8[r10], r2
 509 0030 EF A1                   		mov.L	r10, r1
 510 0032 05 00 00 00             		bsr	_mw_util_set_rect
 511 0036 2E 14                   		bra	.L26
 512                             	.L25:
 229:C:/Users/John/Desktop/workspace/miniwinwm/MiniWin/ui\ui_button.c **** 	}
 230:C:/Users/John/Desktop/workspace/miniwinwm/MiniWin/ui\ui_button.c **** 	else
 231:C:/Users/John/Desktop/workspace/miniwinwm/MiniWin/ui\ui_button.c **** 	{
 232:C:/Users/John/Desktop/workspace/miniwinwm/MiniWin/ui\ui_button.c **** 		mw_util_set_rect(&r, x, y, MW_UI_BUTTON_WIDTH, MW_UI_BUTTON_HEIGHT);
 513                             		.loc 1 232 3
 514 0038 F8 05 0F                		mov.W	#15, [r0]
 515 003b 75 44 32                		mov	#50, r4
 516 003e DD A3 05                		mov.W	10[r10], r3
 517 0041 DD A2 04                		mov.W	8[r10], r2
 518 0044 EF A1                   		mov.L	r10, r1
 519 0046 05 00 00 00             		bsr	_mw_util_set_rect
 520                             	.L26:
 233:C:/Users/John/Desktop/workspace/miniwinwm/MiniWin/ui\ui_button.c **** 	}
 234:C:/Users/John/Desktop/workspace/miniwinwm/MiniWin/ui\ui_button.c **** 
 235:C:/Users/John/Desktop/workspace/miniwinwm/MiniWin/ui\ui_button.c **** 	return (mw_add_control(&r,
 521                             		.loc 1 235 10
 522 004a EC 65                   		mov.L	[r6], r5
 523 004c A0 0D                   		mov.L	r5, 4[r0]
 524 004e DD A5 08                		mov.W	16[r10], r5
 525 0051 D3 05                   		mov.W	r5, [r0]
 526 0053 FB 42 00 00 00 00       		mov.L	#_button_message_function, r4
 527 0059 FB 32 00 00 00 00       		mov.L	#_button_paint_function, r3
 528 005f ED A2 03                		mov.L	12[r10], r2
 529 0062 EF A1                   		mov.L	r10, r1
 530 0064 05 00 00 00             		bsr	_mw_add_control
 531 0068 EF 15                   		mov.L	r1, r5
 236:C:/Users/John/Desktop/workspace/miniwinwm/MiniWin/ui\ui_button.c **** 			parent_handle,
 237:C:/Users/John/Desktop/workspace/miniwinwm/MiniWin/ui\ui_button.c **** 			button_paint_function,
 238:C:/Users/John/Desktop/workspace/miniwinwm/MiniWin/ui\ui_button.c **** 			button_message_function,
 239:C:/Users/John/Desktop/workspace/miniwinwm/MiniWin/ui\ui_button.c **** 			flags,
 240:C:/Users/John/Desktop/workspace/miniwinwm/MiniWin/ui\ui_button.c **** 			button_instance_data));
 241:C:/Users/John/Desktop/workspace/miniwinwm/MiniWin/ui\ui_button.c **** }
 532                             		.loc 1 241 1
 533 006a EF 51                   		mov.L	r5, r1
 534 006c 71 00 20                		add	#32, r0
 535 006f 7E B6                   		pop	r6
 536 0071 7E BA                   		pop	r10
 537 0073 02                      		rts
 538                             	.LFE2:
 540                             		.section	.rodata.__func__.2964,"a"
 543                             	___func__.2964:
 544 0000 62 75 74 74 6F 6E 5F 70 		.string	"button_paint_function"
 544      61 69 6E 74 5F 66 75 6E 
 544      63 74 69 6F 6E 00 
 545                             		.section	.rodata.__func__.2969,"a"
 548                             	___func__.2969:
 549 0000 62 75 74 74 6F 6E 5F 6D 		.string	"button_message_function"
 549      65 73 73 61 67 65 5F 66 
 549      75 6E 63 74 69 6F 6E 00 
 662                             	.Letext0:
 663                             		.file 2 "c:\\program files (x86)\\gcc for renesas rx 8.3.0.201904-gnurx-elf\\rx-elf\\rx-elf\\rx-el
 664                             		.file 3 "c:\\program files (x86)\\gcc for renesas rx 8.3.0.201904-gnurx-elf\\rx-elf\\rx-elf\\rx-el
 665                             		.file 4 "c:\\program files (x86)\\gcc for renesas rx 8.3.0.201904-gnurx-elf\\rx-elf\\rx-elf\\rx-el
 666                             		.file 5 "c:\\program files (x86)\\gcc for renesas rx 8.3.0.201904-gnurx-elf\\rx-elf\\rx-elf\\lib\\
 667                             		.file 6 "c:\\program files (x86)\\gcc for renesas rx 8.3.0.201904-gnurx-elf\\rx-elf\\rx-elf\\rx-el
 668                             		.file 7 "c:\\program files (x86)\\gcc for renesas rx 8.3.0.201904-gnurx-elf\\rx-elf\\rx-elf\\rx-el
 669                             		.file 8 "C:\\Users\\John\\Desktop\\workspace\\miniwinwm\\MiniWin/miniwin_utilities.h"
 670                             		.file 9 "C:\\Users\\John\\Desktop\\workspace\\miniwinwm\\MiniWin/hal/hal_lcd.h"
 671                             		.file 10 "C:\\Users\\John\\Desktop\\workspace\\miniwinwm\\MiniWin/gl/gl.h"
 672                             		.file 11 "C:\\Users\\John\\Desktop\\workspace\\miniwinwm\\MiniWin/bitmaps/mw_bitmaps.h"
 673                             		.file 12 "C:\\Users\\John\\Desktop\\workspace\\miniwinwm\\MiniWin/hal/hal_timer.h"
 674                             		.file 13 "C:\\Users\\John\\Desktop\\workspace\\miniwinwm\\MiniWin/miniwin.h"
 675                             		.file 14 "C:\\Users\\John\\Desktop\\workspace\\miniwinwm\\MiniWin/ui/ui_button.h"
