   1                             		.file	"ui_common.c"
   2                             		.section P,"ax"
   3                             	.Ltext0:
   4                             		.section	.text.mw_ui_common_scale_scroll_bar_touch_point,"ax",@progbits
   5                             		.global	_mw_ui_common_scale_scroll_bar_touch_point
   7                             	_mw_ui_common_scale_scroll_bar_touch_point:
   8                             	.LFB0:
   9                             		.file 1 "C:/Users/John/Desktop/workspace/miniwinwm/MiniWin/ui/ui_common.c"
   1:C:/Users/John/Desktop/workspace/miniwinwm/MiniWin/ui\ui_common.c **** /*
   2:C:/Users/John/Desktop/workspace/miniwinwm/MiniWin/ui\ui_common.c **** 
   3:C:/Users/John/Desktop/workspace/miniwinwm/MiniWin/ui\ui_common.c **** MIT License
   4:C:/Users/John/Desktop/workspace/miniwinwm/MiniWin/ui\ui_common.c **** 
   5:C:/Users/John/Desktop/workspace/miniwinwm/MiniWin/ui\ui_common.c **** Copyright (c) John Blaiklock 2019 miniwin Embedded Window Manager
   6:C:/Users/John/Desktop/workspace/miniwinwm/MiniWin/ui\ui_common.c **** 
   7:C:/Users/John/Desktop/workspace/miniwinwm/MiniWin/ui\ui_common.c **** Permission is hereby granted, free of charge, to any person obtaining a copy
   8:C:/Users/John/Desktop/workspace/miniwinwm/MiniWin/ui\ui_common.c **** of this software and associated documentation files (the "Software"), to deal
   9:C:/Users/John/Desktop/workspace/miniwinwm/MiniWin/ui\ui_common.c **** in the Software without restriction, including without limitation the rights
  10:C:/Users/John/Desktop/workspace/miniwinwm/MiniWin/ui\ui_common.c **** to use, copy, modify, merge, publish, distribute, sublicense, and/or sell
  11:C:/Users/John/Desktop/workspace/miniwinwm/MiniWin/ui\ui_common.c **** copies of the Software, and to permit persons to whom the Software is
  12:C:/Users/John/Desktop/workspace/miniwinwm/MiniWin/ui\ui_common.c **** furnished to do so, subject to the following conditions:
  13:C:/Users/John/Desktop/workspace/miniwinwm/MiniWin/ui\ui_common.c **** 
  14:C:/Users/John/Desktop/workspace/miniwinwm/MiniWin/ui\ui_common.c **** The above copyright notice and this permission notice shall be included in all
  15:C:/Users/John/Desktop/workspace/miniwinwm/MiniWin/ui\ui_common.c **** copies or substantial portions of the Software.
  16:C:/Users/John/Desktop/workspace/miniwinwm/MiniWin/ui\ui_common.c **** 
  17:C:/Users/John/Desktop/workspace/miniwinwm/MiniWin/ui\ui_common.c **** THE SOFTWARE IS PROVIDED "AS IS", WITHOUT WARRANTY OF ANY KIND, EXPRESS OR
  18:C:/Users/John/Desktop/workspace/miniwinwm/MiniWin/ui\ui_common.c **** IMPLIED, INCLUDING BUT NOT LIMITED TO THE WARRANTIES OF MERCHANTABILITY,
  19:C:/Users/John/Desktop/workspace/miniwinwm/MiniWin/ui\ui_common.c **** FITNESS FOR A PARTICULAR PURPOSE AND NONINFRINGEMENT. IN NO EVENT SHALL THE
  20:C:/Users/John/Desktop/workspace/miniwinwm/MiniWin/ui\ui_common.c **** AUTHORS OR COPYRIGHT HOLDERS BE LIABLE FOR ANY CLAIM, DAMAGES OR OTHER
  21:C:/Users/John/Desktop/workspace/miniwinwm/MiniWin/ui\ui_common.c **** LIABILITY, WHETHER IN AN ACTION OF CONTRACT, TORT OR OTHERWISE, ARISING FROM,
  22:C:/Users/John/Desktop/workspace/miniwinwm/MiniWin/ui\ui_common.c **** OUT OF OR IN CONNECTION WITH THE SOFTWARE OR THE USE OR OTHER DEALINGS IN THE
  23:C:/Users/John/Desktop/workspace/miniwinwm/MiniWin/ui\ui_common.c **** SOFTWARE.
  24:C:/Users/John/Desktop/workspace/miniwinwm/MiniWin/ui\ui_common.c **** 
  25:C:/Users/John/Desktop/workspace/miniwinwm/MiniWin/ui\ui_common.c **** */
  26:C:/Users/John/Desktop/workspace/miniwinwm/MiniWin/ui\ui_common.c **** 
  27:C:/Users/John/Desktop/workspace/miniwinwm/MiniWin/ui\ui_common.c **** /***************
  28:C:/Users/John/Desktop/workspace/miniwinwm/MiniWin/ui\ui_common.c **** *** INCLUDES ***
  29:C:/Users/John/Desktop/workspace/miniwinwm/MiniWin/ui\ui_common.c **** ***************/
  30:C:/Users/John/Desktop/workspace/miniwinwm/MiniWin/ui\ui_common.c **** 
  31:C:/Users/John/Desktop/workspace/miniwinwm/MiniWin/ui\ui_common.c **** #include "miniwin.h"
  32:C:/Users/John/Desktop/workspace/miniwinwm/MiniWin/ui\ui_common.c **** #include "miniwin_debug.h"
  33:C:/Users/John/Desktop/workspace/miniwinwm/MiniWin/ui\ui_common.c **** 
  34:C:/Users/John/Desktop/workspace/miniwinwm/MiniWin/ui\ui_common.c **** /****************
  35:C:/Users/John/Desktop/workspace/miniwinwm/MiniWin/ui\ui_common.c **** *** CONSTANTS ***
  36:C:/Users/John/Desktop/workspace/miniwinwm/MiniWin/ui\ui_common.c **** ****************/
  37:C:/Users/John/Desktop/workspace/miniwinwm/MiniWin/ui\ui_common.c **** 
  38:C:/Users/John/Desktop/workspace/miniwinwm/MiniWin/ui\ui_common.c **** /************
  39:C:/Users/John/Desktop/workspace/miniwinwm/MiniWin/ui\ui_common.c **** *** TYPES ***
  40:C:/Users/John/Desktop/workspace/miniwinwm/MiniWin/ui\ui_common.c **** ************/
  41:C:/Users/John/Desktop/workspace/miniwinwm/MiniWin/ui\ui_common.c **** 
  42:C:/Users/John/Desktop/workspace/miniwinwm/MiniWin/ui\ui_common.c **** /***********************
  43:C:/Users/John/Desktop/workspace/miniwinwm/MiniWin/ui\ui_common.c **** *** GLOBAL VARIABLES ***
  44:C:/Users/John/Desktop/workspace/miniwinwm/MiniWin/ui\ui_common.c **** ***********************/
  45:C:/Users/John/Desktop/workspace/miniwinwm/MiniWin/ui\ui_common.c **** 
  46:C:/Users/John/Desktop/workspace/miniwinwm/MiniWin/ui\ui_common.c **** /**********************
  47:C:/Users/John/Desktop/workspace/miniwinwm/MiniWin/ui\ui_common.c **** *** LOCAL VARIABLES ***
  48:C:/Users/John/Desktop/workspace/miniwinwm/MiniWin/ui\ui_common.c **** **********************/
  49:C:/Users/John/Desktop/workspace/miniwinwm/MiniWin/ui\ui_common.c **** 
  50:C:/Users/John/Desktop/workspace/miniwinwm/MiniWin/ui\ui_common.c **** /********************************
  51:C:/Users/John/Desktop/workspace/miniwinwm/MiniWin/ui\ui_common.c **** *** LOCAL FUNCTION PROTOTYPES ***
  52:C:/Users/John/Desktop/workspace/miniwinwm/MiniWin/ui\ui_common.c **** ********************************/
  53:C:/Users/John/Desktop/workspace/miniwinwm/MiniWin/ui\ui_common.c **** 
  54:C:/Users/John/Desktop/workspace/miniwinwm/MiniWin/ui\ui_common.c **** /**********************
  55:C:/Users/John/Desktop/workspace/miniwinwm/MiniWin/ui\ui_common.c **** *** LOCAL FUNCTIONS ***
  56:C:/Users/John/Desktop/workspace/miniwinwm/MiniWin/ui\ui_common.c **** **********************/
  57:C:/Users/John/Desktop/workspace/miniwinwm/MiniWin/ui\ui_common.c **** 
  58:C:/Users/John/Desktop/workspace/miniwinwm/MiniWin/ui\ui_common.c **** /***********************
  59:C:/Users/John/Desktop/workspace/miniwinwm/MiniWin/ui\ui_common.c **** *** GLOBAL FUNCTIONS ***
  60:C:/Users/John/Desktop/workspace/miniwinwm/MiniWin/ui\ui_common.c **** ***********************/
  61:C:/Users/John/Desktop/workspace/miniwinwm/MiniWin/ui\ui_common.c **** 
  62:C:/Users/John/Desktop/workspace/miniwinwm/MiniWin/ui\ui_common.c **** int16_t mw_ui_common_scale_scroll_bar_touch_point(int16_t scroll_bar_length, int16_t touch_point)
  63:C:/Users/John/Desktop/workspace/miniwinwm/MiniWin/ui\ui_common.c **** {
  10                             		.loc 1 63 1
  11 0000 6E 7A                   		pushm	r7-r10
  12                             	.LCFI0:
  13 0002 71 0A FC                		add	#-4, r0, r10
  14                             	.LCFI1:
  15 0005 EF A0                   		mov.L	r10, r0
  16 0007 D3 A1                   		mov.W	r1, [r10]
  17 0009 D7 A2 01                		mov.W	r2, 2[r10]
  64:C:/Users/John/Desktop/workspace/miniwinwm/MiniWin/ui\ui_common.c **** 	touch_point -= MW_SCROLL_BAR_SLIDER_SIZE / 2;
  18                             		.loc 1 64 14
  19 000c DD A5 01                		mov.W	2[r10], r5
  20 000f 60 65                   		sub	#6, r5
  21 0011 D7 A5 01                		mov.W	r5, 2[r10]
  65:C:/Users/John/Desktop/workspace/miniwinwm/MiniWin/ui\ui_common.c **** 	if (touch_point < 0)
  22                             		.loc 1 65 5
  23 0014 DD A5 01                		mov.W	2[r10], r5
  24 0017 61 05                   		cmp	#0, r5
  25 0019 28 08                   		bge	.L2
  66:C:/Users/John/Desktop/workspace/miniwinwm/MiniWin/ui\ui_common.c **** 	{
  67:C:/Users/John/Desktop/workspace/miniwinwm/MiniWin/ui\ui_common.c **** 		touch_point = 0;
  26                             		.loc 1 67 15
  27 001b F9 A5 01 00             		mov.W	#0, 2[r10]
  28 001f 2E 15                   		bra	.L3
  29                             	.L2:
  68:C:/Users/John/Desktop/workspace/miniwinwm/MiniWin/ui\ui_common.c **** 	}
  69:C:/Users/John/Desktop/workspace/miniwinwm/MiniWin/ui\ui_common.c **** 	else if (touch_point > scroll_bar_length - MW_SCROLL_BAR_SLIDER_SIZE)
  30                             		.loc 1 69 23
  31 0021 DC A5                   		mov.W	[r10], r5
  32 0023 71 54 F5                		add	#-11, r5, r4
  33 0026 DD A5 01                		mov.W	2[r10], r5
  34                             		.loc 1 69 10
  35 0029 47 54                   		cmp	r5, r4
  36 002b 2A 09                   		bgt	.L3
  70:C:/Users/John/Desktop/workspace/miniwinwm/MiniWin/ui\ui_common.c **** 	{
  71:C:/Users/John/Desktop/workspace/miniwinwm/MiniWin/ui\ui_common.c **** 		touch_point = scroll_bar_length - MW_SCROLL_BAR_SLIDER_SIZE;
  37                             		.loc 1 71 35
  38 002d DC A5                   		mov.W	[r10], r5
  39 002f 60 C5                   		sub	#12, r5
  40                             		.loc 1 71 15
  41 0031 D7 A5 01                		mov.W	r5, 2[r10]
  42                             	.L3:
  72:C:/Users/John/Desktop/workspace/miniwinwm/MiniWin/ui\ui_common.c **** 	}
  73:C:/Users/John/Desktop/workspace/miniwinwm/MiniWin/ui\ui_common.c **** 	else
  74:C:/Users/John/Desktop/workspace/miniwinwm/MiniWin/ui\ui_common.c **** 	{
  75:C:/Users/John/Desktop/workspace/miniwinwm/MiniWin/ui\ui_common.c **** 		/* keep MISRA happy */
  76:C:/Users/John/Desktop/workspace/miniwinwm/MiniWin/ui\ui_common.c **** 	}
  77:C:/Users/John/Desktop/workspace/miniwinwm/MiniWin/ui\ui_common.c **** 
  78:C:/Users/John/Desktop/workspace/miniwinwm/MiniWin/ui\ui_common.c **** 	return ((scroll_bar_length * touch_point) / (scroll_bar_length - MW_SCROLL_BAR_SLIDER_SIZE));
  43                             		.loc 1 78 29
  44 0034 DC A4                   		mov.W	[r10], r4
  45 0036 DD A5 01                		mov.W	2[r10], r5
  46 0039 4F 54                   		mul	r5, r4
  47                             		.loc 1 78 65
  48 003b DC A5                   		mov.W	[r10], r5
  49 003d 60 C5                   		sub	#12, r5
  50                             		.loc 1 78 44
  51 003f EF 47                   		mov.L	r4, r7
  52 0041 FC 23 57                		div	r5, r7
  53 0044 EF 75                   		mov.L	r7, r5
  54 0046 DF 55                   		mov.W	r5, r5
  79:C:/Users/John/Desktop/workspace/miniwinwm/MiniWin/ui\ui_common.c **** }
  55                             		.loc 1 79 1
  56 0048 EF 51                   		mov.L	r5, r1
  57 004a 3F 7A 05                		rtsd	#20, r7-r10
  58                             	.LFE0:
 103                             	.Letext0:
 104                             		.file 2 "c:\\program files (x86)\\gcc for renesas rx 8.3.0.201904-gnurx-elf\\rx-elf\\rx-elf\\rx-el
 105                             		.file 3 "c:\\program files (x86)\\gcc for renesas rx 8.3.0.201904-gnurx-elf\\rx-elf\\rx-elf\\rx-el
 106                             		.file 4 "c:\\program files (x86)\\gcc for renesas rx 8.3.0.201904-gnurx-elf\\rx-elf\\rx-elf\\rx-el
 107                             		.file 5 "c:\\program files (x86)\\gcc for renesas rx 8.3.0.201904-gnurx-elf\\rx-elf\\rx-elf\\rx-el
 108                             		.file 6 "c:\\program files (x86)\\gcc for renesas rx 8.3.0.201904-gnurx-elf\\rx-elf\\rx-elf\\lib\\
 109                             		.file 7 "c:\\program files (x86)\\gcc for renesas rx 8.3.0.201904-gnurx-elf\\rx-elf\\rx-elf\\rx-el
 110                             		.file 8 "C:\\Users\\John\\Desktop\\workspace\\miniwinwm\\MiniWin/bitmaps/mw_bitmaps.h"
 111                             		.file 9 "C:\\Users\\John\\Desktop\\workspace\\miniwinwm\\MiniWin/hal/hal_timer.h"
