Renesas Optimizing Linker (W3.01.00 )             25-Feb-2019 16:19:58

*** Options ***

-subcommand=LinkerMiniWinTTFonts_RX65N.tmp
-noprelink
-input=".\MiniWin/bitmaps\backspace_key.obj"
-input=".\MiniWin/bitmaps\close_icon.obj"
-input=".\MiniWin/bitmaps\close_icon_large.obj"
-input=".\MiniWin/bitmaps\file_icon_large.obj"
-input=".\MiniWin/bitmaps\file_icon_small.obj"
-input=".\MiniWin/bitmaps\folder_icon_large.obj"
-input=".\MiniWin/bitmaps\folder_icon_small.obj"
-input=".\MiniWin/bitmaps\let_key.obj"
-input=".\MiniWin/bitmaps\maximise_icon.obj"
-input=".\MiniWin/bitmaps\maximise_icon_large.obj"
-input=".\MiniWin/bitmaps\minimise_icon.obj"
-input=".\MiniWin/bitmaps\minimise_icon_large.obj"
-input=".\MiniWin/bitmaps\num_key.obj"
-input=".\MiniWin/bitmaps\resize_icon.obj"
-input=".\MiniWin/bitmaps\resize_icon_large.obj"
-input=".\MiniWin/bitmaps\shift_key.obj"
-input=".\MiniWin/bitmaps\sym_key.obj"
-input=".\MiniWin/bitmaps\tick.obj"
-input=".\MiniWin/bitmaps\tick_large.obj"
-input=".\MiniWin\calibrate.obj"
-input=".\MiniWin/dialogs\dialog_colour_chooser.obj"
-input=".\MiniWin/dialogs\dialog_date_chooser.obj"
-input=".\MiniWin/dialogs\dialog_file_chooser.obj"
-input=".\MiniWin/dialogs\dialog_number_entry.obj"
-input=".\MiniWin/dialogs\dialog_one_button.obj"
-input=".\MiniWin/dialogs\dialog_text_entry.obj"
-input=".\MiniWin/dialogs\dialog_time_chooser.obj"
-input=".\MiniWin/dialogs\dialog_two_button.obj"
-input=".\MiniWin/gl/fonts/bitmapped\font12.obj"
-input=".\MiniWin/gl/fonts/bitmapped\font16.obj"
-input=".\MiniWin/gl/fonts/bitmapped\font20.obj"
-input=".\MiniWin/gl/fonts/bitmapped\font24.obj"
-input=".\MiniWin/gl/fonts/bitmapped\font9.obj"
-input=".\MiniWin/gl/fonts/bitmapped\gl_title_font.obj"
-input=".\MiniWin/gl/fonts/truetype\BLKCHCRY16.obj"
-input=".\MiniWin/gl/fonts/truetype\BLKCHCRY16bw.obj"
-input=".\MiniWin/gl/fonts/truetype\dejavu_sans_12.obj"
-input=".\MiniWin/gl/fonts/truetype/mcufont\mf_bwfont.obj"
-input=".\MiniWin/gl/fonts/truetype/mcufont\mf_encoding.obj"
-input=".\MiniWin/gl/fonts/truetype/mcufont\mf_font.obj"
-input=".\MiniWin/gl/fonts/truetype/mcufont\mf_justify.obj"
-input=".\MiniWin/gl/fonts/truetype/mcufont\mf_kerning.obj"
-input=".\MiniWin/gl/fonts/truetype/mcufont\mf_rlefont.obj"
-input=".\MiniWin/gl/fonts/truetype/mcufont\mf_scaledfont.obj"
-input=".\MiniWin/gl/fonts/truetype/mcufont\mf_wordwrap.obj"
-input=".\MiniWin/gl\gl.obj"
-input=".\MiniWin/hal\hal_init.obj"
-input=".\MiniWin/hal/linux\hal_delay.obj"
-input=".\MiniWin/hal/linux\hal_lcd.obj"
-input=".\MiniWin/hal/linux\hal_non_vol.obj"
-input=".\MiniWin/hal/linux\hal_timer.obj"
-input=".\MiniWin/hal/linux\hal_touch.obj"
-input=".\MiniWin/hal/lpc54628\hal_delay.obj"
-input=".\MiniWin/hal/lpc54628\hal_lcd.obj"
-input=".\MiniWin/hal/lpc54628\hal_non_vol.obj"
-input=".\MiniWin/hal/lpc54628\hal_timer.obj"
-input=".\MiniWin/hal/lpc54628\hal_touch.obj"
-input=".\MiniWin/hal/rx65n\hal_delay.obj"
-input=".\MiniWin/hal/rx65n\hal_lcd.obj"
-input=".\MiniWin/hal/rx65n\hal_non_vol.obj"
-input=".\MiniWin/hal/rx65n\hal_timer.obj"
-input=".\MiniWin/hal/rx65n\hal_touch.obj"
-input=".\MiniWin/hal/stm32f407\hal_delay.obj"
-input=".\MiniWin/hal/stm32f407\hal_lcd.obj"
-input=".\MiniWin/hal/stm32f407\hal_non_vol.obj"
-input=".\MiniWin/hal/stm32f407\hal_timer.obj"
-input=".\MiniWin/hal/stm32f407\hal_touch.obj"
-input=".\MiniWin/hal/stm32f429\hal_delay.obj"
-input=".\MiniWin/hal/stm32f429\hal_lcd.obj"
-input=".\MiniWin/hal/stm32f429\hal_non_vol.obj"
-input=".\MiniWin/hal/stm32f429\hal_timer.obj"
-input=".\MiniWin/hal/stm32f429\hal_touch.obj"
-input=".\MiniWin/hal/windows\hal_delay.obj"
-input=".\MiniWin/hal/windows\hal_lcd.obj"
-input=".\MiniWin/hal/windows\hal_non_vol.obj"
-input=".\MiniWin/hal/windows\hal_timer.obj"
-input=".\MiniWin/hal/windows\hal_touch.obj"
-input=".\MiniWin\miniwin.obj"
-input=".\MiniWin\miniwin_debug.obj"
-input=".\MiniWin\miniwin_message_queue.obj"
-input=".\MiniWin\miniwin_settings.obj"
-input=".\MiniWin\miniwin_touch.obj"
-input=".\MiniWin\miniwin_utilities.obj"
-input=".\MiniWin/ui\ui_arrow.obj"
-input=".\MiniWin/ui\ui_button.obj"
-input=".\MiniWin/ui\ui_check_box.obj"
-input=".\MiniWin/ui\ui_common.obj"
-input=".\MiniWin/ui\ui_keyboard.obj"
-input=".\MiniWin/ui\ui_keypad.obj"
-input=".\MiniWin/ui\ui_label.obj"
-input=".\MiniWin/ui\ui_list_box.obj"
-input=".\MiniWin/ui\ui_progress_bar.obj"
-input=".\MiniWin/ui\ui_radio_button.obj"
-input=".\MiniWin/ui\ui_scroll_bar_horiz.obj"
-input=".\MiniWin/ui\ui_scroll_bar_vert.obj"
-input=".\MiniWin/ui\ui_text_box.obj"
-input=".\MiniWinTTFonts_Common\main.obj"
-input=".\MiniWinTTFonts_Common\miniwin_user.obj"
-input=".\MiniWinTTFonts_Common\window_tt_font.obj"
-input=".\MiniWinTTFonts_Common\window_tt_font_text_box.obj"
-input=".\MiniWinTTFonts_Common\window_tt_font_text_box_arrows.obj"
-input=".\MiniWinTTFonts_Common\window_tt_font_text_box_scroll_bar.obj"
-input=".\src\app.obj"
-input=".\src/smc_gen/general\r_cg_hardware_setup.obj"
-input=".\src/smc_gen/general\r_smc_cgc.obj"
-input=".\src/smc_gen/general\r_smc_cgc_user.obj"
-input=".\src/smc_gen/general\r_smc_interrupt.obj"
-input=".\src/smc_gen/r_bsp/board/generic_rx65n\dbsct.obj"
-input=".\src/smc_gen/r_bsp/board/generic_rx65n\hwsetup.obj"
-input=".\src/smc_gen/r_bsp/board/generic_rx65n\lowlvl.obj"
-input=".\src/smc_gen/r_bsp/board/generic_rx65n\lowsrc.obj"
-input=".\src/smc_gen/r_bsp/board/generic_rx65n\resetprg.obj"
-input=".\src/smc_gen/r_bsp/board/generic_rx65n\sbrk.obj"
-input=".\src/smc_gen/r_bsp/board/generic_rx65n\vecttbl.obj"
-input=".\src/smc_gen/r_bsp/mcu/all\r_bsp_common.obj"
-input=".\src/smc_gen/r_bsp/mcu/rx65n\cpu.obj"
-input=".\src/smc_gen/r_bsp/mcu/rx65n\locking.obj"
-input=".\src/smc_gen/r_bsp/mcu/rx65n\mcu_clocks.obj"
-input=".\src/smc_gen/r_bsp/mcu/rx65n\mcu_init.obj"
-input=".\src/smc_gen/r_bsp/mcu/rx65n\mcu_interrupts.obj"
-input=".\src/smc_gen/r_bsp/mcu/rx65n\mcu_locks.obj"
-input=".\src/smc_gen/r_bsp/mcu/rx65n\mcu_mapped_interrupts.obj"
-input=".\src/smc_gen/r_bsp/mcu/rx65n\mcu_startup.obj"
-input=".\src/smc_gen/r_cmt_rx/src\r_cmt_rx.obj"
-input=".\src/smc_gen/r_flash_rx/src/flash_type_1\r_codeflash.obj"
-input=".\src/smc_gen/r_flash_rx/src/flash_type_1\r_codeflash_extra.obj"
-input=".\src/smc_gen/r_flash_rx/src/flash_type_1\r_dataflash.obj"
-input=".\src/smc_gen/r_flash_rx/src/flash_type_1\r_flash_type1.obj"
-input=".\src/smc_gen/r_flash_rx/src/flash_type_1\r_flash_utils.obj"
-input=".\src/smc_gen/r_flash_rx/src/flash_type_2\r_flash_type2.obj"
-input=".\src/smc_gen/r_flash_rx/src/flash_type_3\r_flash_type3.obj"
-input=".\src/smc_gen/r_flash_rx/src/flash_type_4\r_flash_type4.obj"
-input=".\src/smc_gen/r_flash_rx/src\r_flash_fcu.obj"
-input=".\src/smc_gen/r_flash_rx/src\r_flash_group.obj"
-input=".\src/smc_gen/r_flash_rx/src\r_flash_rx.obj"
-input=".\src/smc_gen/r_glcdc_rx/src\r_glcdc_private.obj"
-input=".\src/smc_gen/r_glcdc_rx/src\r_glcdc_rx.obj"
-input=".\src/smc_gen/r_glcdc_rx/src/targets/rx65n\r_glcdc_rx65n.obj"
-input=".\src/smc_gen/r_gpio_rx/src\r_gpio_rx.obj"
-input=".\src/smc_gen/r_gpio_rx/src/targets/rx65n\r_gpio_rx65n.obj"
-input=".\src/smc_gen/r_pincfg\Pin.obj"
-input=".\src/smc_gen/r_pincfg\r_glcdc_rx_pinset.obj"
-input=".\src/smc_gen/r_sci_iic_rx/src\r_sci_iic_rx.obj"
-input=".\src/smc_gen/r_sci_iic_rx/src/targets/rx65n\r_sci_iic_rx65n.obj"
-library=".\MiniWinTTFonts_RX65N.lib"
-start=SU,SI,B_1,R_1,B_2,R_2,B,R/04,C_1,C_2,C,C$*,D*,W*,L,P*/0FFF00000,EXCEPTVECT/0FFFFFF80,RESETVECT/0FFFFFFFC
-output="MiniWinTTFonts_RX65N.abs"
-form=absolute
-nomessage
-vect=_undefined_interrupt_source_isr
-list=MiniWinTTFonts_RX65N.map
-nooptimize
-rom=D=R,D_1=R_1,D_2=R_2
-cpu=RAM=00000000-0003ffff,FIX=00080000-00083fff,FIX=00086000-00087fff,FIX=00088000-0009ffff,FIX=000a0000-000a3fff,RAM=000a4000-000a5fff,FIX=000a6000-000bffff,FIX=000c0000-000dffff,FIX=000e0000-000fffff,ROM=00100000-00107fff,FIX=007fc000-007fcfff,FIX=007fe000-007fffff,RAM=00800000-0085ffff,RAM=fe7f5d00-fe7f5d7f,RAM=fe7f7d70-fe7f7d9f,ROM=ffe00000-ffffffff
-nologo

*** Error information ***

*** Mapping List ***

SECTION                            START      END         SIZE   ALIGN
SU
                                  00000004  00001003      1000   4
SI
                                  00001004  00001403       400   4
B_1
                                  00001404  0000146e        6b   1
R_1
                                  0000146f  000018ac       43e   1
B_2
                                  000018ae  00001949        9c   2
R_2
                                  0000194a  00001959        10   2
B
                                  0000195c  0000359f      1c44   4
R
                                  000035a0  0000375b       1bc   4
$ADDR_C_FE7F5D00
                                  fe7f5d00  fe7f5d0b         c   1
$ADDR_C_FE7F5D10
                                  fe7f5d10  fe7f5d13         4   1
$ADDR_C_FE7F5D20
                                  fe7f5d20  fe7f5d23         4   1
$ADDR_C_FE7F5D40
                                  fe7f5d40  fe7f5d43         4   1
$ADDR_C_FE7F5D48
                                  fe7f5d48  fe7f5d4b         4   1
$ADDR_C_FE7F5D50
                                  fe7f5d50  fe7f5d5f        10   1
$ADDR_C_FE7F5D64
                                  fe7f5d64  fe7f5d67         4   1
$ADDR_C_FE7F5D70
                                  fe7f5d70  fe7f5d73         4   1
C_1
                                  fff00000  fff081ca      81cb   1
C_2
                                  fff081cc  fff08cc5       afa   2
C
                                  fff08cc8  fff0920f       548   4
C$DSEC
                                  fff09210  fff09233        24   4
C$BSEC
                                  fff09234  fff0924b        18   4
C$VECT
                                  fff0924c  fff0964b       400   4
D_2
                                  fff0964c  fff0965b        10   2
D_1
                                  fff0965c  fff09a99       43e   1
D
                                  fff09a9c  fff09c57       1bc   4
W
                                  fff09c58  fff09c58         0   4
W_1
                                  fff09c58  fff09c5d         6   1
W_2
                                  fff09c5e  fff09c73        16   2
L
                                  fff09c74  fff0a4d1       85e   4
P
                                  fff0a4d2  fff1c888     123b7   1
EXCEPTVECT
                                  ffffff80  fffffffb        7c   4
RESETVECT
                                  fffffffc  ffffffff         4   4
