Archive member included to satisfy reference by file (symbol)

/usr/lib/gcc/arm-none-eabi/7.3.1/thumb/v6-m/libgcc.a(_dvmd_tls.o)
                              CMakeFiles/MiniWinSimple.dir/home/pi/Desktop/pico/pico-sdk/src/rp2_common/pico_divider/divider.S.obj (__aeabi_idiv0)
/usr/lib/gcc/arm-none-eabi/7.3.1/../../../arm-none-eabi/lib/thumb/v6-m/libc.a(lib_a-atexit.o)
                              /usr/lib/gcc/arm-none-eabi/7.3.1/../../../arm-none-eabi/lib/thumb/v6-m/crt0.o (atexit)
/usr/lib/gcc/arm-none-eabi/7.3.1/../../../arm-none-eabi/lib/thumb/v6-m/libc.a(lib_a-calloc.o)
                              CMakeFiles/MiniWinSimple.dir/home/pi/Desktop/pico/pico-sdk/src/rp2_common/pico_malloc/pico_malloc.c.obj (calloc)
/usr/lib/gcc/arm-none-eabi/7.3.1/../../../arm-none-eabi/lib/thumb/v6-m/libc.a(lib_a-callocr.o)
                              /usr/lib/gcc/arm-none-eabi/7.3.1/../../../arm-none-eabi/lib/thumb/v6-m/libc.a(lib_a-calloc.o) (_calloc_r)
/usr/lib/gcc/arm-none-eabi/7.3.1/../../../arm-none-eabi/lib/thumb/v6-m/libc.a(lib_a-ctype_.o)
                              CMakeFiles/MiniWinSimple.dir/home/pi/Desktop/workspace/miniwinwm/MiniWin/miniwin_utilities.c.obj (_ctype_)
/usr/lib/gcc/arm-none-eabi/7.3.1/../../../arm-none-eabi/lib/thumb/v6-m/libc.a(lib_a-fini.o)
                              /usr/lib/gcc/arm-none-eabi/7.3.1/../../../arm-none-eabi/lib/thumb/v6-m/crt0.o (__libc_fini_array)
/usr/lib/gcc/arm-none-eabi/7.3.1/../../../arm-none-eabi/lib/thumb/v6-m/libc.a(lib_a-impure.o)
                              /usr/lib/gcc/arm-none-eabi/7.3.1/../../../arm-none-eabi/lib/thumb/v6-m/libc.a(lib_a-calloc.o) (_impure_ptr)
/usr/lib/gcc/arm-none-eabi/7.3.1/../../../arm-none-eabi/lib/thumb/v6-m/libc.a(lib_a-init.o)
                              /usr/lib/gcc/arm-none-eabi/7.3.1/../../../arm-none-eabi/lib/thumb/v6-m/crt0.o (__libc_init_array)
/usr/lib/gcc/arm-none-eabi/7.3.1/../../../arm-none-eabi/lib/thumb/v6-m/libc.a(lib_a-malloc.o)
                              CMakeFiles/MiniWinSimple.dir/home/pi/Desktop/pico/pico-sdk/src/rp2_common/pico_malloc/pico_malloc.c.obj (malloc)
/usr/lib/gcc/arm-none-eabi/7.3.1/../../../arm-none-eabi/lib/thumb/v6-m/libc.a(lib_a-mallocr.o)
                              /usr/lib/gcc/arm-none-eabi/7.3.1/../../../arm-none-eabi/lib/thumb/v6-m/libc.a(lib_a-callocr.o) (_malloc_r)
/usr/lib/gcc/arm-none-eabi/7.3.1/../../../arm-none-eabi/lib/thumb/v6-m/libc.a(lib_a-memmove.o)
                              CMakeFiles/MiniWinSimple.dir/home/pi/Desktop/workspace/miniwinwm/MiniWin/dialogs/dialog_number_entry.c.obj (memmove)
/usr/lib/gcc/arm-none-eabi/7.3.1/../../../arm-none-eabi/lib/thumb/v6-m/libc.a(lib_a-mlock.o)
                              /usr/lib/gcc/arm-none-eabi/7.3.1/../../../arm-none-eabi/lib/thumb/v6-m/libc.a(lib_a-mallocr.o) (__malloc_lock)
/usr/lib/gcc/arm-none-eabi/7.3.1/../../../arm-none-eabi/lib/thumb/v6-m/libc.a(lib_a-sbrkr.o)
                              /usr/lib/gcc/arm-none-eabi/7.3.1/../../../arm-none-eabi/lib/thumb/v6-m/libc.a(lib_a-mallocr.o) (_sbrk_r)
/usr/lib/gcc/arm-none-eabi/7.3.1/../../../arm-none-eabi/lib/thumb/v6-m/libc.a(lib_a-strcmp.o)
                              CMakeFiles/MiniWinSimple.dir/home/pi/Desktop/workspace/miniwinwm/MiniWin/dialogs/dialog_number_entry.c.obj (strcmp)
/usr/lib/gcc/arm-none-eabi/7.3.1/../../../arm-none-eabi/lib/thumb/v6-m/libc.a(lib_a-strlen-stub.o)
                              CMakeFiles/MiniWinSimple.dir/home/pi/Desktop/workspace/miniwinwm/MiniWin/miniwin_tree_container.c.obj (strlen)
/usr/lib/gcc/arm-none-eabi/7.3.1/../../../arm-none-eabi/lib/thumb/v6-m/libc.a(lib_a-strncat.o)
                              CMakeFiles/MiniWinSimple.dir/home/pi/Desktop/workspace/miniwinwm/MiniWin/miniwin_utilities.c.obj (strncat)
/usr/lib/gcc/arm-none-eabi/7.3.1/../../../arm-none-eabi/lib/thumb/v6-m/libc.a(lib_a-strrchr.o)
                              CMakeFiles/MiniWinSimple.dir/home/pi/Desktop/workspace/miniwinwm/MiniWin/miniwin_utilities.c.obj (strrchr)
/usr/lib/gcc/arm-none-eabi/7.3.1/../../../arm-none-eabi/lib/thumb/v6-m/libc.a(lib_a-__atexit.o)
                              /usr/lib/gcc/arm-none-eabi/7.3.1/../../../arm-none-eabi/lib/thumb/v6-m/libc.a(lib_a-atexit.o) (__register_exitproc)
/usr/lib/gcc/arm-none-eabi/7.3.1/../../../arm-none-eabi/lib/thumb/v6-m/libc.a(lib_a-freer.o)
                              /usr/lib/gcc/arm-none-eabi/7.3.1/../../../arm-none-eabi/lib/thumb/v6-m/libc.a(lib_a-malloc.o) (_free_r)
/usr/lib/gcc/arm-none-eabi/7.3.1/../../../arm-none-eabi/lib/thumb/v6-m/libc.a(lib_a-reent.o)
                              /usr/lib/gcc/arm-none-eabi/7.3.1/../../../arm-none-eabi/lib/thumb/v6-m/libc.a(lib_a-sbrkr.o) (errno)
/usr/lib/gcc/arm-none-eabi/7.3.1/../../../arm-none-eabi/lib/thumb/v6-m/libc.a(lib_a-strchr.o)
                              /usr/lib/gcc/arm-none-eabi/7.3.1/../../../arm-none-eabi/lib/thumb/v6-m/libc.a(lib_a-strrchr.o) (strchr)

Allocating common symbols
Common symbol       size              file

[...]
Memory Configuration

Name             Origin             Length             Attributes
FLASH            0x10000000         0x00200000         xr
RAM              0x20000000         0x00040000         xrw
SCRATCH_X        0x20040000         0x00001000         xrw
SCRATCH_Y        0x20041000         0x00001000         xrw
*default*        0x00000000         0xffffffff

Linker script and memory map

LOAD /usr/lib/gcc/arm-none-eabi/7.3.1/thumb/v6-m/crti.o
LOAD /usr/lib/gcc/arm-none-eabi/7.3.1/thumb/v6-m/crtbegin.o
LOAD /usr/lib/gcc/arm-none-eabi/7.3.1/../../../arm-none-eabi/lib/thumb/v6-m/crt0.o

.flash_begin    0x10000000        0x0
                0x10000000                __flash_binary_start = .

.boot2          0x10000000      0x100
                0x10000000                __boot2_start__ = .
 *(.boot2)
 .boot2         0x10000000      0x100 /tmp/ccoTysU6.o
                0x10000100                __boot2_end__ = .
                0x00000001                ASSERT (((__boot2_end__ - __boot2_start__) == 0x100), ERROR: Pico second stage bootloader must be 256 bytes in size)

.text           0x10000100    0x16be0
                0x10000100                __logical_binary_start = .
 *(.vectors)
 .vectors       0x10000100       0xd4 CMakeFiles/MiniWinSimple.dir/home/pi/Desktop/pico/pico-sdk/src/rp2_common/pico_standard_link/crt0.S.obj
                0x10000100                __vectors
                0x100001c0                isr_invalid
                0x100001c2                isr_nmi
                0x100001c4                isr_hardfault
                0x100001c6                isr_svcall
                0x100001c8                isr_pendsv
                0x100001ca                isr_systick
                0x100001cc                isr_irq30
                0x100001cc                __unhandled_user_irq
                0x100001cc                isr_irq13
                0x100001cc                isr_irq27
                0x100001cc                isr_irq31
                0x100001cc                isr_irq5
                0x100001cc                isr_irq11
                0x100001cc                isr_irq23
                0x100001cc                isr_irq18
                0x100001cc                isr_irq28
                0x100001cc                isr_irq19
                0x100001cc                isr_irq0
                0x100001cc                isr_irq6
                0x100001cc                isr_irq22
                0x100001cc                isr_irq17
                0x100001cc                isr_irq14
                0x100001cc                isr_irq2
                0x100001cc                isr_irq10
                0x100001cc                isr_irq8
                0x100001cc                isr_irq24
                0x100001cc                isr_irq1
                0x100001cc                isr_irq7
                0x100001cc                isr_irq21
                0x100001cc                isr_irq20
                0x100001cc                isr_irq15
                0x100001cc                isr_irq25
                0x100001cc                isr_irq4
                0x100001cc                isr_irq16
                0x100001cc                isr_irq29
                0x100001cc                isr_irq26
                0x100001cc                isr_irq3
                0x100001cc                isr_irq12
                0x100001cc                isr_irq9
                0x100001d2                unhandled_user_irq_num_in_r0
 *(.binary_info_header)
 .binary_info_header
                0x100001d4       0x14 CMakeFiles/MiniWinSimple.dir/home/pi/Desktop/pico/pico-sdk/src/rp2_common/pico_standard_link/crt0.S.obj
                0x100001e8                __binary_info_header_end = .
 *(.reset)
 .reset         0x100001e8       0xa8 CMakeFiles/MiniWinSimple.dir/home/pi/Desktop/pico/pico-sdk/src/rp2_common/pico_standard_link/crt0.S.obj
                0x100001e8                _entry_point
                0x10000266                __get_current_exception
 .reset         0x10000290       0x30 CMakeFiles/MiniWinSimple.dir/home/pi/Desktop/pico/pico-sdk/src/rp2_common/pico_standard_link/binary_info.c.obj
 *(.init)
 .init          0x100002c0        0x4 /usr/lib/gcc/arm-none-eabi/7.3.1/thumb/v6-m/crti.o
                0x100002c0                _init
 *(EXCLUDE_FILE(*libm.a: *libc.a:*lib_a-mem*.o *libgcc.a:) .text*)
 .text          0x100002c4       0x98 /usr/lib/gcc/arm-none-eabi/7.3.1/thumb/v6-m/crtbegin.o
 .text.mw_hal_delay_init
                0x1000035c        0x4 CMakeFiles/MiniWinSimple.dir/home/pi/Desktop/workspace/miniwinwm/MiniWin/hal/RaspberryPiPico/hal_delay.c.obj
                0x1000035c                mw_hal_delay_init
 .text.mw_hal_delay_ms
                0x10000360        0x8 CMakeFiles/MiniWinSimple.dir/home/pi/Desktop/workspace/miniwinwm/MiniWin/hal/RaspberryPiPico/hal_delay.c.obj
                0x10000360                mw_hal_delay_ms
 .text.repeating_timer_callback
                0x10000368       0x38 CMakeFiles/MiniWinSimple.dir/home/pi/Desktop/workspace/miniwinwm/MiniWin/hal/RaspberryPiPico/hal_timer.c.obj
 .text.mw_hal_timer_init
                0x100003a0       0x2c CMakeFiles/MiniWinSimple.dir/home/pi/Desktop/workspace/miniwinwm/MiniWin/hal/RaspberryPiPico/hal_timer.c.obj
                0x100003a0                mw_hal_timer_init
 .text.mw_hal_init
                0x100003cc       0x18 CMakeFiles/MiniWinSimple.dir/home/pi/Desktop/workspace/miniwinwm/MiniWin/hal/hal_init.c.obj
                0x100003cc                mw_hal_init
 .text.mw_hal_non_vol_init
                0x100003e4        0x4 CMakeFiles/MiniWinSimple.dir/home/pi/Desktop/workspace/miniwinwm/MiniWin/hal/RaspberryPiPico/hal_non_vol.c.obj
                0x100003e4                mw_hal_non_vol_init
 .text.mw_hal_non_vol_load
                0x100003e8       0x10 CMakeFiles/MiniWinSimple.dir/home/pi/Desktop/workspace/miniwinwm/MiniWin/hal/RaspberryPiPico/hal_non_vol.c.obj
                0x100003e8                mw_hal_non_vol_load
 .text.mw_hal_non_vol_save
                0x100003f8       0x2c CMakeFiles/MiniWinSimple.dir/home/pi/Desktop/workspace/miniwinwm/MiniWin/hal/RaspberryPiPico/hal_non_vol.c.obj
                0x100003f8                mw_hal_non_vol_save
 .text.mw_hal_touch_is_recalibration_required
                0x10000424        0x4 CMakeFiles/MiniWinSimple.dir/home/pi/Desktop/workspace/miniwinwm/MiniWin/hal/RaspberryPiPico/hal_touch.c.obj
                0x10000424                mw_hal_touch_is_recalibration_required
 .text.mw_hal_touch_get_point
                0x10000428      0x2b8 CMakeFiles/MiniWinSimple.dir/home/pi/Desktop/workspace/miniwinwm/MiniWin/hal/RaspberryPiPico/hal_touch.c.obj
                0x10000428                mw_hal_touch_get_point
 .text.mw_hal_touch_init
                0x100006e0       0x14 CMakeFiles/MiniWinSimple.dir/home/pi/Desktop/workspace/miniwinwm/MiniWin/hal/RaspberryPiPico/hal_touch.c.obj
                0x100006e0                mw_hal_touch_init
 .text.mw_hal_touch_get_state
                0x100006f4        0xc CMakeFiles/MiniWinSimple.dir/home/pi/Desktop/workspace/miniwinwm/MiniWin/hal/RaspberryPiPico/hal_touch.c.obj
                0x100006f4                mw_hal_touch_get_state
 .text.mw_hal_lcd_init
                0x10000700      0x61c CMakeFiles/MiniWinSimple.dir/home/pi/Desktop/workspace/miniwinwm/MiniWin/hal/RaspberryPiPico/hal_lcd.c.obj
                0x10000700                mw_hal_lcd_init
 .text.mw_hal_lcd_get_display_width
                0x10000d1c        0x4 CMakeFiles/MiniWinSimple.dir/home/pi/Desktop/workspace/miniwinwm/MiniWin/hal/RaspberryPiPico/hal_lcd.c.obj
                0x10000d1c                mw_hal_lcd_get_display_width
 .text.mw_hal_lcd_get_display_height
                0x10000d20        0x8 CMakeFiles/MiniWinSimple.dir/home/pi/Desktop/workspace/miniwinwm/MiniWin/hal/RaspberryPiPico/hal_lcd.c.obj
                0x10000d20                mw_hal_lcd_get_display_height
 .text.mw_hal_lcd_pixel
                0x10000d28      0x118 CMakeFiles/MiniWinSimple.dir/home/pi/Desktop/workspace/miniwinwm/MiniWin/hal/RaspberryPiPico/hal_lcd.c.obj
                0x10000d28                mw_hal_lcd_pixel
 .text.mw_hal_lcd_filled_rectangle
                0x10000e40      0x1a0 CMakeFiles/MiniWinSimple.dir/home/pi/Desktop/workspace/miniwinwm/MiniWin/hal/RaspberryPiPico/hal_lcd.c.obj
                0x10000e40                mw_hal_lcd_filled_rectangle
 .text.mw_hal_lcd_monochrome_bitmap_clip
                0x10000fe0      0x2b0 CMakeFiles/MiniWinSimple.dir/home/pi/Desktop/workspace/miniwinwm/MiniWin/hal/RaspberryPiPico/hal_lcd.c.obj
                0x10000fe0                mw_hal_lcd_monochrome_bitmap_clip
 .text.setCalibrationMatrix
                0x10001290      0x108 CMakeFiles/MiniWinSimple.dir/home/pi/Desktop/workspace/miniwinwm/MiniWin/calibrate.c.obj
                0x10001290                setCalibrationMatrix
 .text.getDisplayPoint
                0x10001398       0x58 CMakeFiles/MiniWinSimple.dir/home/pi/Desktop/workspace/miniwinwm/MiniWin/calibrate.c.obj
                0x10001398                getDisplayPoint
 .text.root_paint_function
                0x100013f0        0xc CMakeFiles/MiniWinSimple.dir/home/pi/Desktop/workspace/miniwinwm/MiniWin/miniwin.c.obj
 .text.find_rect_window_intersections
                0x100013fc      0x300 CMakeFiles/MiniWinSimple.dir/home/pi/Desktop/workspace/miniwinwm/MiniWin/miniwin.c.obj
 .text.get_window_id_for_handle.part.0
                0x100016fc      0x14c CMakeFiles/MiniWinSimple.dir/home/pi/Desktop/workspace/miniwinwm/MiniWin/miniwin.c.obj
 .text.unlikely.do_paint_window_client2
                0x10001848       0x68 CMakeFiles/MiniWinSimple.dir/home/pi/Desktop/workspace/miniwinwm/MiniWin/miniwin.c.obj
 .text.draw_titlebar_text
                0x100018b0      0x204 CMakeFiles/MiniWinSimple.dir/home/pi/Desktop/workspace/miniwinwm/MiniWin/miniwin.c.obj
 .text.calculate_new_window_size_details
                0x10001ab4      0x268 CMakeFiles/MiniWinSimple.dir/home/pi/Desktop/workspace/miniwinwm/MiniWin/miniwin.c.obj
 .text.unlikely.mw_post_message.constprop.10
                0x10001d1c       0x58 CMakeFiles/MiniWinSimple.dir/home/pi/Desktop/workspace/miniwinwm/MiniWin/miniwin.c.obj
 .text.draw_horizontal_window_scroll_bar
                0x10001d74      0x310 CMakeFiles/MiniWinSimple.dir/home/pi/Desktop/workspace/miniwinwm/MiniWin/miniwin.c.obj
 .text.draw_vertical_window_scroll_bar
                0x10002084      0x328 CMakeFiles/MiniWinSimple.dir/home/pi/Desktop/workspace/miniwinwm/MiniWin/miniwin.c.obj
 .text.set_focus
                0x100023ac      0x978 CMakeFiles/MiniWinSimple.dir/home/pi/Desktop/workspace/miniwinwm/MiniWin/miniwin.c.obj
 .text.rationalize_z_orders
                0x10002d24      0x610 CMakeFiles/MiniWinSimple.dir/home/pi/Desktop/workspace/miniwinwm/MiniWin/miniwin.c.obj
 .text.do_paint_control2
                0x10003334      0x260 CMakeFiles/MiniWinSimple.dir/home/pi/Desktop/workspace/miniwinwm/MiniWin/miniwin.c.obj
 .text.do_paint_control
                0x10003594      0x74c CMakeFiles/MiniWinSimple.dir/home/pi/Desktop/workspace/miniwinwm/MiniWin/miniwin.c.obj
 .text.draw_min_restore_window_effect
                0x10003ce0      0x464 CMakeFiles/MiniWinSimple.dir/home/pi/Desktop/workspace/miniwinwm/MiniWin/miniwin.c.obj
 .text.do_paint_control_rect
                0x10004144      0x7f8 CMakeFiles/MiniWinSimple.dir/home/pi/Desktop/workspace/miniwinwm/MiniWin/miniwin.c.obj
 .text.do_paint_window_frame2
                0x1000493c      0xc6c CMakeFiles/MiniWinSimple.dir/home/pi/Desktop/workspace/miniwinwm/MiniWin/miniwin.c.obj
 .text.do_paint_window_frame
                0x100055a8      0x7a8 CMakeFiles/MiniWinSimple.dir/home/pi/Desktop/workspace/miniwinwm/MiniWin/miniwin.c.obj
 .text.check_and_process_touch_on_horiz_window_scroll_bar
                0x10005d50      0x544 CMakeFiles/MiniWinSimple.dir/home/pi/Desktop/workspace/miniwinwm/MiniWin/miniwin.c.obj
 .text.check_and_process_touch_on_vert_window_scroll_bar
                0x10006294      0x544 CMakeFiles/MiniWinSimple.dir/home/pi/Desktop/workspace/miniwinwm/MiniWin/miniwin.c.obj
 .text.do_paint_window_client
                0x100067d8     0x1628 CMakeFiles/MiniWinSimple.dir/home/pi/Desktop/workspace/miniwinwm/MiniWin/miniwin.c.obj
 .text.mw_init  0x10007e00      0x190 CMakeFiles/MiniWinSimple.dir/home/pi/Desktop/workspace/miniwinwm/MiniWin/miniwin.c.obj
                0x10007e00                mw_init
 .text.mw_is_window_handle_valid
                0x10007f90       0x98 CMakeFiles/MiniWinSimple.dir/home/pi/Desktop/workspace/miniwinwm/MiniWin/miniwin.c.obj
                0x10007f90                mw_is_window_handle_valid
 .text.mw_bring_window_to_front
                0x10008028      0x458 CMakeFiles/MiniWinSimple.dir/home/pi/Desktop/workspace/miniwinwm/MiniWin/miniwin.c.obj
                0x10008028                mw_bring_window_to_front
 .text.root_message_function
                0x10008480      0x58c CMakeFiles/MiniWinSimple.dir/home/pi/Desktop/workspace/miniwinwm/MiniWin/miniwin.c.obj
 .text.mw_add_window
                0x10008a0c      0x7ec CMakeFiles/MiniWinSimple.dir/home/pi/Desktop/workspace/miniwinwm/MiniWin/miniwin.c.obj
                0x10008a0c                mw_add_window
 .text.mw_reposition_window
                0x100091f8      0x378 CMakeFiles/MiniWinSimple.dir/home/pi/Desktop/workspace/miniwinwm/MiniWin/miniwin.c.obj
                0x100091f8                mw_reposition_window
 .text.mw_resize_window
                0x10009570      0x5ac CMakeFiles/MiniWinSimple.dir/home/pi/Desktop/workspace/miniwinwm/MiniWin/miniwin.c.obj
                0x10009570                mw_resize_window
 .text.mw_is_any_window_modal
                0x10009b1c       0xa8 CMakeFiles/MiniWinSimple.dir/home/pi/Desktop/workspace/miniwinwm/MiniWin/miniwin.c.obj
                0x10009b1c                mw_is_any_window_modal
 .text.mw_paint_window_frame
                0x10009bc4      0x1c4 CMakeFiles/MiniWinSimple.dir/home/pi/Desktop/workspace/miniwinwm/MiniWin/miniwin.c.obj
                0x10009bc4                mw_paint_window_frame
 .text.mw_paint_window_client
                0x10009d88      0x1c4 CMakeFiles/MiniWinSimple.dir/home/pi/Desktop/workspace/miniwinwm/MiniWin/miniwin.c.obj
                0x10009d88                mw_paint_window_client
 .text.mw_get_window_client_rect
                0x10009f4c      0x168 CMakeFiles/MiniWinSimple.dir/home/pi/Desktop/workspace/miniwinwm/MiniWin/miniwin.c.obj
                0x10009f4c                mw_get_window_client_rect
 .text.mw_add_control
                0x1000a0b4      0x4ec CMakeFiles/MiniWinSimple.dir/home/pi/Desktop/workspace/miniwinwm/MiniWin/miniwin.c.obj
                0x1000a0b4                mw_add_control
 .text.mw_paint_control
                0x1000a5a0       0x48 CMakeFiles/MiniWinSimple.dir/home/pi/Desktop/workspace/miniwinwm/MiniWin/miniwin.c.obj
                0x1000a5a0                mw_paint_control
 .text.mw_remove_control
                0x1000a5e8      0x148 CMakeFiles/MiniWinSimple.dir/home/pi/Desktop/workspace/miniwinwm/MiniWin/miniwin.c.obj
                0x1000a5e8                mw_remove_control
 .text.mw_remove_window
                0x1000a730      0x578 CMakeFiles/MiniWinSimple.dir/home/pi/Desktop/workspace/miniwinwm/MiniWin/miniwin.c.obj
                0x1000a730                mw_remove_window
 .text.mw_get_control_rect
                0x1000aca8       0x4c CMakeFiles/MiniWinSimple.dir/home/pi/Desktop/workspace/miniwinwm/MiniWin/miniwin.c.obj
                0x1000aca8                mw_get_control_rect
 .text.mw_get_control_parent_window_handle
                0x1000acf4       0x3c CMakeFiles/MiniWinSimple.dir/home/pi/Desktop/workspace/miniwinwm/MiniWin/miniwin.c.obj
                0x1000acf4                mw_get_control_parent_window_handle
 .text.mw_get_control_instance_data
                0x1000ad30       0x38 CMakeFiles/MiniWinSimple.dir/home/pi/Desktop/workspace/miniwinwm/MiniWin/miniwin.c.obj
                0x1000ad30                mw_get_control_instance_data
 .text.mw_get_control_flags
                0x1000ad68       0x30 CMakeFiles/MiniWinSimple.dir/home/pi/Desktop/workspace/miniwinwm/MiniWin/miniwin.c.obj
                0x1000ad68                mw_get_control_flags
 .text.mw_set_timer
                0x1000ad98       0x88 CMakeFiles/MiniWinSimple.dir/home/pi/Desktop/workspace/miniwinwm/MiniWin/miniwin.c.obj
                0x1000ad98                mw_set_timer
 .text.mw_post_message
                0x1000ae20      0x1dc CMakeFiles/MiniWinSimple.dir/home/pi/Desktop/workspace/miniwinwm/MiniWin/miniwin.c.obj
                0x1000ae20                mw_post_message
 .text.mw_process_message
                0x1000affc     0x482c CMakeFiles/MiniWinSimple.dir/home/pi/Desktop/workspace/miniwinwm/MiniWin/miniwin.c.obj
                0x1000affc                mw_process_message
 .text.mw_paint_all
                0x1000f828       0x28 CMakeFiles/MiniWinSimple.dir/home/pi/Desktop/workspace/miniwinwm/MiniWin/miniwin.c.obj
                0x1000f828                mw_paint_all
 .text.mw_message_queue_insert
                0x1000f850       0x40 CMakeFiles/MiniWinSimple.dir/home/pi/Desktop/workspace/miniwinwm/MiniWin/miniwin_message_queue.c.obj
                0x1000f850                mw_message_queue_insert
 .text.mw_message_queue_remove
                0x1000f890       0x54 CMakeFiles/MiniWinSimple.dir/home/pi/Desktop/workspace/miniwinwm/MiniWin/miniwin_message_queue.c.obj
                0x1000f890                mw_message_queue_remove
 .text.mw_message_queue_get_ref_to_item_at_position
                0x1000f8e4       0x14 CMakeFiles/MiniWinSimple.dir/home/pi/Desktop/workspace/miniwinwm/MiniWin/miniwin_message_queue.c.obj
                0x1000f8e4                mw_message_queue_get_ref_to_item_at_position
 .text.mw_settings_load
                0x1000f8f8       0x10 CMakeFiles/MiniWinSimple.dir/home/pi/Desktop/workspace/miniwinwm/MiniWin/miniwin_settings.c.obj
                0x1000f8f8                mw_settings_load
 .text.mw_settings_save
                0x1000f908       0x10 CMakeFiles/MiniWinSimple.dir/home/pi/Desktop/workspace/miniwinwm/MiniWin/miniwin_settings.c.obj
                0x1000f908                mw_settings_save
 .text.mw_settings_is_initialised
                0x1000f918       0x1c CMakeFiles/MiniWinSimple.dir/home/pi/Desktop/workspace/miniwinwm/MiniWin/miniwin_settings.c.obj
                0x1000f918                mw_settings_is_initialised
 .text.mw_settings_set_to_defaults
                0x1000f934       0x14 CMakeFiles/MiniWinSimple.dir/home/pi/Desktop/workspace/miniwinwm/MiniWin/miniwin_settings.c.obj
                0x1000f934                mw_settings_set_to_defaults
 .text.mw_settings_is_calibrated
                0x1000f948        0xc CMakeFiles/MiniWinSimple.dir/home/pi/Desktop/workspace/miniwinwm/MiniWin/miniwin_settings.c.obj
                0x1000f948                mw_settings_is_calibrated
 .text.mw_settings_set_calibrated
                0x1000f954        0xc CMakeFiles/MiniWinSimple.dir/home/pi/Desktop/workspace/miniwinwm/MiniWin/miniwin_settings.c.obj
                0x1000f954                mw_settings_set_calibrated
 .text.mw_settings_get_calibration_matrix
                0x1000f960        0xc CMakeFiles/MiniWinSimple.dir/home/pi/Desktop/workspace/miniwinwm/MiniWin/miniwin_settings.c.obj
                0x1000f960                mw_settings_get_calibration_matrix
 .text.mw_settings_set_calibration_matrix
                0x1000f96c       0x14 CMakeFiles/MiniWinSimple.dir/home/pi/Desktop/workspace/miniwinwm/MiniWin/miniwin_settings.c.obj
                0x1000f96c                mw_settings_set_calibration_matrix
 .text.draw_cross
                0x1000f980       0xc4 CMakeFiles/MiniWinSimple.dir/home/pi/Desktop/workspace/miniwinwm/MiniWin/miniwin_touch.c.obj
 .text.mw_touch_get_display_touch
                0x1000fa44       0x80 CMakeFiles/MiniWinSimple.dir/home/pi/Desktop/workspace/miniwinwm/MiniWin/miniwin_touch.c.obj
                0x1000fa44                mw_touch_get_display_touch
 .text.mw_touch_calibrate
                0x1000fac4       0xfc CMakeFiles/MiniWinSimple.dir/home/pi/Desktop/workspace/miniwinwm/MiniWin/miniwin_touch.c.obj
                0x1000fac4                mw_touch_calibrate
 .text.mw_util_set_rect
                0x1000fbc0       0x18 CMakeFiles/MiniWinSimple.dir/home/pi/Desktop/workspace/miniwinwm/MiniWin/miniwin_utilities.c.obj
                0x1000fbc0                mw_util_set_rect
 .text.mw_util_is_point_in_rect
                0x1000fbd8       0x38 CMakeFiles/MiniWinSimple.dir/home/pi/Desktop/workspace/miniwinwm/MiniWin/miniwin_utilities.c.obj
                0x1000fbd8                mw_util_is_point_in_rect
 .text.mw_util_do_rects_coincide
                0x1000fc10       0x50 CMakeFiles/MiniWinSimple.dir/home/pi/Desktop/workspace/miniwinwm/MiniWin/miniwin_utilities.c.obj
                0x1000fc10                mw_util_do_rects_coincide
 .text.mw_util_safe_strcpy
                0x1000fc60       0x48 CMakeFiles/MiniWinSimple.dir/home/pi/Desktop/workspace/miniwinwm/MiniWin/miniwin_utilities.c.obj
                0x1000fc60                mw_util_safe_strcpy
 .text.mw_util_get_bit
                0x1000fca8       0xa4 CMakeFiles/MiniWinSimple.dir/home/pi/Desktop/workspace/miniwinwm/MiniWin/miniwin_utilities.c.obj
                0x1000fca8                mw_util_get_bit
 .text.mw_util_shell_sort
                0x1000fd4c       0x78 CMakeFiles/MiniWinSimple.dir/home/pi/Desktop/workspace/miniwinwm/MiniWin/miniwin_utilities.c.obj
                0x1000fd4c                mw_util_shell_sort
 .text.mw_util_limit_point_to_rect_size
                0x1000fdc4       0x50 CMakeFiles/MiniWinSimple.dir/home/pi/Desktop/workspace/miniwinwm/MiniWin/miniwin_utilities.c.obj
                0x1000fdc4                mw_util_limit_point_to_rect_size
 .text.mw_dialog_one_button_paint_function
                0x1000fe14       0x84 CMakeFiles/MiniWinSimple.dir/home/pi/Desktop/workspace/miniwinwm/MiniWin/dialogs/dialog_one_button.c.obj
 .text.mw_dialog_one_button_message_function
                0x1000fe98       0x30 CMakeFiles/MiniWinSimple.dir/home/pi/Desktop/workspace/miniwinwm/MiniWin/dialogs/dialog_one_button.c.obj
 .text.mw_create_window_dialog_one_button
                0x1000fec8      0x194 CMakeFiles/MiniWinSimple.dir/home/pi/Desktop/workspace/miniwinwm/MiniWin/dialogs/dialog_one_button.c.obj
                0x1000fec8                mw_create_window_dialog_one_button
 .text.filled_rectangle
                0x1001005c      0x12c CMakeFiles/MiniWinSimple.dir/home/pi/Desktop/workspace/miniwinwm/MiniWin/gl/gl.c.obj
 .text.title_font_string
                0x10010188      0x534 CMakeFiles/MiniWinSimple.dir/home/pi/Desktop/workspace/miniwinwm/MiniWin/gl/gl.c.obj
 .text.arc_point
                0x100106bc      0x160 CMakeFiles/MiniWinSimple.dir/home/pi/Desktop/workspace/miniwinwm/MiniWin/gl/gl.c.obj
 .text.mw_gl_line.part.4
                0x1001081c      0x620 CMakeFiles/MiniWinSimple.dir/home/pi/Desktop/workspace/miniwinwm/MiniWin/gl/gl.c.obj
 .text.mw_gl_init
                0x10010e3c       0x38 CMakeFiles/MiniWinSimple.dir/home/pi/Desktop/workspace/miniwinwm/MiniWin/gl/gl.c.obj
                0x10010e3c                mw_gl_init
 .text.mw_gl_set_fg_colour
                0x10010e74        0xc CMakeFiles/MiniWinSimple.dir/home/pi/Desktop/workspace/miniwinwm/MiniWin/gl/gl.c.obj
                0x10010e74                mw_gl_set_fg_colour
 .text.mw_gl_set_bg_colour
                0x10010e80        0xc CMakeFiles/MiniWinSimple.dir/home/pi/Desktop/workspace/miniwinwm/MiniWin/gl/gl.c.obj
                0x10010e80                mw_gl_set_bg_colour
 .text.mw_gl_set_solid_fill_colour
                0x10010e8c        0xc CMakeFiles/MiniWinSimple.dir/home/pi/Desktop/workspace/miniwinwm/MiniWin/gl/gl.c.obj
                0x10010e8c                mw_gl_set_solid_fill_colour
 .text.mw_gl_set_line
                0x10010e98        0xc CMakeFiles/MiniWinSimple.dir/home/pi/Desktop/workspace/miniwinwm/MiniWin/gl/gl.c.obj
                0x10010e98                mw_gl_set_line
 .text.mw_gl_clear_pattern
                0x10010ea4       0x10 CMakeFiles/MiniWinSimple.dir/home/pi/Desktop/workspace/miniwinwm/MiniWin/gl/gl.c.obj
                0x10010ea4                mw_gl_clear_pattern
 .text.mw_gl_set_border
                0x10010eb4        0xc CMakeFiles/MiniWinSimple.dir/home/pi/Desktop/workspace/miniwinwm/MiniWin/gl/gl.c.obj
                0x10010eb4                mw_gl_set_border
 .text.mw_gl_set_fill
                0x10010ec0        0xc CMakeFiles/MiniWinSimple.dir/home/pi/Desktop/workspace/miniwinwm/MiniWin/gl/gl.c.obj
                0x10010ec0                mw_gl_set_fill
 .text.mw_gl_set_bg_transparency
                0x10010ecc        0xc CMakeFiles/MiniWinSimple.dir/home/pi/Desktop/workspace/miniwinwm/MiniWin/gl/gl.c.obj
                0x10010ecc                mw_gl_set_bg_transparency
 .text.mw_gl_set_font
                0x10010ed8        0xc CMakeFiles/MiniWinSimple.dir/home/pi/Desktop/workspace/miniwinwm/MiniWin/gl/gl.c.obj
                0x10010ed8                mw_gl_set_font
 .text.mw_gl_set_text_rotation
                0x10010ee4        0xc CMakeFiles/MiniWinSimple.dir/home/pi/Desktop/workspace/miniwinwm/MiniWin/gl/gl.c.obj
                0x10010ee4                mw_gl_set_text_rotation
 .text.mw_gl_get_font_width
                0x10010ef0       0x5c CMakeFiles/MiniWinSimple.dir/home/pi/Desktop/workspace/miniwinwm/MiniWin/gl/gl.c.obj
                0x10010ef0                mw_gl_get_font_width
 .text.mw_gl_solid_fill_pixel
                0x10010f4c      0x110 CMakeFiles/MiniWinSimple.dir/home/pi/Desktop/workspace/miniwinwm/MiniWin/gl/gl.c.obj
                0x10010f4c                mw_gl_solid_fill_pixel
 .text.mw_gl_hline
                0x1001105c      0x13c CMakeFiles/MiniWinSimple.dir/home/pi/Desktop/workspace/miniwinwm/MiniWin/gl/gl.c.obj
                0x1001105c                mw_gl_hline
 .text.mw_gl_vline
                0x10011198      0x134 CMakeFiles/MiniWinSimple.dir/home/pi/Desktop/workspace/miniwinwm/MiniWin/gl/gl.c.obj
                0x10011198                mw_gl_vline
 .text.mw_gl_rectangle.part.5
                0x100112cc      0x328 CMakeFiles/MiniWinSimple.dir/home/pi/Desktop/workspace/miniwinwm/MiniWin/gl/gl.c.obj
 .text.mw_gl_line
                0x100115f4       0x24 CMakeFiles/MiniWinSimple.dir/home/pi/Desktop/workspace/miniwinwm/MiniWin/gl/gl.c.obj
                0x100115f4                mw_gl_line
 .text.mw_gl_rectangle
                0x10011618      0x64c CMakeFiles/MiniWinSimple.dir/home/pi/Desktop/workspace/miniwinwm/MiniWin/gl/gl.c.obj
                0x10011618                mw_gl_rectangle
 .text.mw_gl_character
                0x10011c64      0xac8 CMakeFiles/MiniWinSimple.dir/home/pi/Desktop/workspace/miniwinwm/MiniWin/gl/gl.c.obj
                0x10011c64                mw_gl_character
 .text.mw_gl_string
                0x1001272c      0x250 CMakeFiles/MiniWinSimple.dir/home/pi/Desktop/workspace/miniwinwm/MiniWin/gl/gl.c.obj
                0x1001272c                mw_gl_string
 .text.mw_gl_get_string_width_pixels
                0x1001297c       0xc0 CMakeFiles/MiniWinSimple.dir/home/pi/Desktop/workspace/miniwinwm/MiniWin/gl/gl.c.obj
                0x1001297c                mw_gl_get_string_width_pixels
 .text.mw_gl_arc
                0x10012a3c      0x3dc CMakeFiles/MiniWinSimple.dir/home/pi/Desktop/workspace/miniwinwm/MiniWin/gl/gl.c.obj
                0x10012a3c                mw_gl_arc
 .text.mw_gl_circle
                0x10012e18      0xcb4 CMakeFiles/MiniWinSimple.dir/home/pi/Desktop/workspace/miniwinwm/MiniWin/gl/gl.c.obj
                0x10012e18                mw_gl_circle
 .text.mw_gl_monochrome_bitmap
                0x10013acc      0x1f0 CMakeFiles/MiniWinSimple.dir/home/pi/Desktop/workspace/miniwinwm/MiniWin/gl/gl.c.obj
                0x10013acc                mw_gl_monochrome_bitmap
 .text.button_message_function
                0x10013cbc       0x74 CMakeFiles/MiniWinSimple.dir/home/pi/Desktop/workspace/miniwinwm/MiniWin/ui/ui_button.c.obj
 .text.button_paint_function
                0x10013d30      0x208 CMakeFiles/MiniWinSimple.dir/home/pi/Desktop/workspace/miniwinwm/MiniWin/ui/ui_button.c.obj
 .text.mw_ui_button_add_new
                0x10013f38       0x50 CMakeFiles/MiniWinSimple.dir/home/pi/Desktop/workspace/miniwinwm/MiniWin/ui/ui_button.c.obj
                0x10013f38                mw_ui_button_add_new
 .text.mw_ui_common_scale_scroll_bar_touch_point
                0x10013f88       0x28 CMakeFiles/MiniWinSimple.dir/home/pi/Desktop/workspace/miniwinwm/MiniWin/ui/ui_common.c.obj
                0x10013f88                mw_ui_common_scale_scroll_bar_touch_point
 .text.label_message_function
                0x10013fb0       0x20 CMakeFiles/MiniWinSimple.dir/home/pi/Desktop/workspace/miniwinwm/MiniWin/ui/ui_label.c.obj
 .text.label_paint_function
                0x10013fd0       0xb4 CMakeFiles/MiniWinSimple.dir/home/pi/Desktop/workspace/miniwinwm/MiniWin/ui/ui_label.c.obj
 .text.mw_ui_label_add_new
                0x10014084       0x44 CMakeFiles/MiniWinSimple.dir/home/pi/Desktop/workspace/miniwinwm/MiniWin/ui/ui_label.c.obj
                0x10014084                mw_ui_label_add_new
 .text.app_init
                0x100140c8       0x80 CMakeFiles/MiniWinSimple.dir/home/pi/Desktop/workspace/miniwinwm/RaspberryPi/Pico/MiniWinSimple/src/app.c.obj
                0x100140c8                app_init
 .text.app_main_loop_process
                0x10014148        0x4 CMakeFiles/MiniWinSimple.dir/home/pi/Desktop/workspace/miniwinwm/RaspberryPi/Pico/MiniWinSimple/src/app.c.obj
                0x10014148                app_main_loop_process
 .text.startup.main
                0x1001414c       0x14 CMakeFiles/MiniWinSimple.dir/home/pi/Desktop/workspace/miniwinwm/MiniWinSimple_Common/main.c.obj
                0x1001414c                main
 .text.mw_user_root_paint_function
                0x10014160       0x3c CMakeFiles/MiniWinSimple.dir/home/pi/Desktop/workspace/miniwinwm/MiniWinSimple_Common/miniwin_user.c.obj
                0x10014160                mw_user_root_paint_function
 .text.mw_user_root_message_function
                0x1001419c        0x4 CMakeFiles/MiniWinSimple.dir/home/pi/Desktop/workspace/miniwinwm/MiniWinSimple_Common/miniwin_user.c.obj
                0x1001419c                mw_user_root_message_function
 .text.mw_user_init
                0x100141a0       0xa0 CMakeFiles/MiniWinSimple.dir/home/pi/Desktop/workspace/miniwinwm/MiniWinSimple_Common/miniwin_user.c.obj
                0x100141a0                mw_user_init
 .text.window_simple_paint_function
                0x10014240       0x8c CMakeFiles/MiniWinSimple.dir/home/pi/Desktop/workspace/miniwinwm/MiniWinSimple_Common/window_simple.c.obj
                0x10014240                window_simple_paint_function
 .text.window_simple_message_function
                0x100142cc       0x98 CMakeFiles/MiniWinSimple.dir/home/pi/Desktop/workspace/miniwinwm/MiniWinSimple_Common/window_simple.c.obj
                0x100142cc                window_simple_message_function
 .text.gpio_set_function
                0x10014364       0x30 CMakeFiles/MiniWinSimple.dir/home/pi/Desktop/pico/pico-sdk/src/rp2_common/hardware_gpio/gpio.c.obj
                0x10014364                gpio_set_function
 .text.gpio_init
                0x10014394       0x3c CMakeFiles/MiniWinSimple.dir/home/pi/Desktop/pico/pico-sdk/src/rp2_common/hardware_gpio/gpio.c.obj
                0x10014394                gpio_init
 .text.hw_claim_or_assert
                0x100143d0       0x44 CMakeFiles/MiniWinSimple.dir/home/pi/Desktop/pico/pico-sdk/src/rp2_common/hardware_claim/claim.c.obj
                0x100143d0                hw_claim_or_assert
 .text.spin_locks_reset
                0x10014414       0x1c CMakeFiles/MiniWinSimple.dir/home/pi/Desktop/pico/pico-sdk/src/rp2_common/hardware_sync/sync.c.obj
                0x10014414                spin_locks_reset
 .text.next_striped_spin_lock_num
                0x10014430       0x18 CMakeFiles/MiniWinSimple.dir/home/pi/Desktop/pico/pico-sdk/src/rp2_common/hardware_sync/sync.c.obj
                0x10014430                next_striped_spin_lock_num
 .text.running_on_fpga
                0x10014448       0x10 CMakeFiles/MiniWinSimple.dir/home/pi/Desktop/pico/pico-sdk/src/rp2_common/pico_platform/platform.c.obj
                0x10014448                running_on_fpga
 .text.timer_pool_entry_comparator
                0x10014458       0x34 CMakeFiles/MiniWinSimple.dir/home/pi/Desktop/pico/pico-sdk/src/common/pico_time/time.c.obj
                0x10014458                timer_pool_entry_comparator
 .text.repeating_timer_callback
                0x1001448c       0x1c CMakeFiles/MiniWinSimple.dir/home/pi/Desktop/pico/pico-sdk/src/common/pico_time/time.c.obj
 .text.sev_callback
                0x100144a8        0x8 CMakeFiles/MiniWinSimple.dir/home/pi/Desktop/pico/pico-sdk/src/common/pico_time/time.c.obj
 .text.add_alarm_under_lock
                0x100144b0      0x120 CMakeFiles/MiniWinSimple.dir/home/pi/Desktop/pico/pico-sdk/src/common/pico_time/time.c.obj
 .text.alarm_pool_alarm_callback
                0x100145d0      0x1dc CMakeFiles/MiniWinSimple.dir/home/pi/Desktop/pico/pico-sdk/src/common/pico_time/time.c.obj
 .text.alarm_pool_init_default
                0x100147ac       0x58 CMakeFiles/MiniWinSimple.dir/home/pi/Desktop/pico/pico-sdk/src/common/pico_time/time.c.obj
                0x100147ac                alarm_pool_init_default
 .text.alarm_pool_get_default
                0x10014804        0x8 CMakeFiles/MiniWinSimple.dir/home/pi/Desktop/pico/pico-sdk/src/common/pico_time/time.c.obj
                0x10014804                alarm_pool_get_default
 .text.alarm_pool_add_repeating_timer_us
                0x1001480c      0x208 CMakeFiles/MiniWinSimple.dir/home/pi/Desktop/pico/pico-sdk/src/common/pico_time/time.c.obj
                0x1001480c                alarm_pool_add_repeating_timer_us
 .text.sleep_until
                0x10014a14      0x1b8 CMakeFiles/MiniWinSimple.dir/home/pi/Desktop/pico/pico-sdk/src/common/pico_time/time.c.obj
                0x10014a14                sleep_until
 .text.sleep_ms
                0x10014bcc       0x38 CMakeFiles/MiniWinSimple.dir/home/pi/Desktop/pico/pico-sdk/src/common/pico_time/time.c.obj
                0x10014bcc                sleep_ms
 .text.hardware_alarm_irq_handler
                0x10014c04       0xb0 CMakeFiles/MiniWinSimple.dir/home/pi/Desktop/pico/pico-sdk/src/rp2_common/hardware_timer/timer.c.obj
 .text.hardware_alarm_claim
                0x10014cb4       0x18 CMakeFiles/MiniWinSimple.dir/home/pi/Desktop/pico/pico-sdk/src/rp2_common/hardware_timer/timer.c.obj
                0x10014cb4                hardware_alarm_claim
 .text.time_us_64
                0x10014ccc       0x18 CMakeFiles/MiniWinSimple.dir/home/pi/Desktop/pico/pico-sdk/src/rp2_common/hardware_timer/timer.c.obj
                0x10014ccc                time_us_64
 .text.busy_wait_until
                0x10014ce4       0x20 CMakeFiles/MiniWinSimple.dir/home/pi/Desktop/pico/pico-sdk/src/rp2_common/hardware_timer/timer.c.obj
                0x10014ce4                busy_wait_until
 .text.hardware_alarm_set_callback
                0x10014d04       0x8c CMakeFiles/MiniWinSimple.dir/home/pi/Desktop/pico/pico-sdk/src/rp2_common/hardware_timer/timer.c.obj
                0x10014d04                hardware_alarm_set_callback
 .text.hardware_alarm_set_target
                0x10014d90       0xd8 CMakeFiles/MiniWinSimple.dir/home/pi/Desktop/pico/pico-sdk/src/rp2_common/hardware_timer/timer.c.obj
                0x10014d90                hardware_alarm_set_target
 .text.hardware_alarm_cancel
                0x10014e68       0x40 CMakeFiles/MiniWinSimple.dir/home/pi/Desktop/pico/pico-sdk/src/rp2_common/hardware_timer/timer.c.obj
                0x10014e68                hardware_alarm_cancel
 .text.lock_init
                0x10014ea8       0x10 CMakeFiles/MiniWinSimple.dir/home/pi/Desktop/pico/pico-sdk/src/common/pico_sync/lock_core.c.obj
                0x10014ea8                lock_init
 .text.mutex_init
                0x10014eb8       0x1c CMakeFiles/MiniWinSimple.dir/home/pi/Desktop/pico/pico-sdk/src/common/pico_sync/mutex.c.obj
                0x10014eb8                mutex_init
 .text.ph_merge_two_pass.part.3
                0x10014ed4       0xcc CMakeFiles/MiniWinSimple.dir/home/pi/Desktop/pico/pico-sdk/src/common/pico_util/pheap.c.obj
 .text.ph_post_alloc_init
                0x10014fa0       0x3c CMakeFiles/MiniWinSimple.dir/home/pi/Desktop/pico/pico-sdk/src/common/pico_util/pheap.c.obj
                0x10014fa0                ph_post_alloc_init
 .text.ph_remove_head
                0x10014fdc      0x158 CMakeFiles/MiniWinSimple.dir/home/pi/Desktop/pico/pico-sdk/src/common/pico_util/pheap.c.obj
                0x10014fdc                ph_remove_head
 .text.ph_remove_and_free_node
                0x10015134      0x340 CMakeFiles/MiniWinSimple.dir/home/pi/Desktop/pico/pico-sdk/src/common/pico_util/pheap.c.obj
                0x10015134                ph_remove_and_free_node
 .text.runtime_init
                0x10015474       0xec CMakeFiles/MiniWinSimple.dir/home/pi/Desktop/pico/pico-sdk/src/rp2_common/pico_runtime/runtime.c.obj
                0x10015474                runtime_init
 .text.exit     0x10015560        0x4 CMakeFiles/MiniWinSimple.dir/home/pi/Desktop/pico/pico-sdk/src/rp2_common/pico_runtime/runtime.c.obj
                0x10015560                exit
 .text.panic    0x10015564       0x30 CMakeFiles/MiniWinSimple.dir/home/pi/Desktop/pico/pico-sdk/src/rp2_common/pico_runtime/runtime.c.obj
                0x10015564                panic
 .text.hard_assertion_failure
                0x10015594        0xc CMakeFiles/MiniWinSimple.dir/home/pi/Desktop/pico/pico-sdk/src/rp2_common/pico_runtime/runtime.c.obj
                0x10015594                hard_assertion_failure
 .text.clocks_init
                0x100155a0      0x2ec CMakeFiles/MiniWinSimple.dir/home/pi/Desktop/pico/pico-sdk/src/rp2_common/hardware_clocks/clocks.c.obj
                0x100155a0                clocks_init
 .text.clock_get_hz
                0x1001588c        0xc CMakeFiles/MiniWinSimple.dir/home/pi/Desktop/pico/pico-sdk/src/rp2_common/hardware_clocks/clocks.c.obj
                0x1001588c                clock_get_hz
 .text.watchdog_start_tick
                0x10015898       0x10 CMakeFiles/MiniWinSimple.dir/home/pi/Desktop/pico/pico-sdk/src/rp2_common/hardware_watchdog/watchdog.c.obj
                0x10015898                watchdog_start_tick
 .text.xosc_init
                0x100158a8       0x28 CMakeFiles/MiniWinSimple.dir/home/pi/Desktop/pico/pico-sdk/src/rp2_common/hardware_xosc/xosc.c.obj
                0x100158a8                xosc_init
 .text.pll_init
                0x100158d0       0x54 CMakeFiles/MiniWinSimple.dir/home/pi/Desktop/pico/pico-sdk/src/rp2_common/hardware_pll/pll.c.obj
                0x100158d0                pll_init
 .text.irq_set_enabled
                0x10015924       0x24 CMakeFiles/MiniWinSimple.dir/home/pi/Desktop/pico/pico-sdk/src/rp2_common/hardware_irq/irq.c.obj
                0x10015924                irq_set_enabled
 .text.irq_get_vtable_handler
                0x10015948       0x10 CMakeFiles/MiniWinSimple.dir/home/pi/Desktop/pico/pico-sdk/src/rp2_common/hardware_irq/irq.c.obj
                0x10015948                irq_get_vtable_handler
 .text.irq_set_exclusive_handler
                0x10015958       0x54 CMakeFiles/MiniWinSimple.dir/home/pi/Desktop/pico/pico-sdk/src/rp2_common/hardware_irq/irq.c.obj
                0x10015958                irq_set_exclusive_handler
 .text.irq_remove_handler
                0x100159ac      0x1bc CMakeFiles/MiniWinSimple.dir/home/pi/Desktop/pico/pico-sdk/src/rp2_common/hardware_irq/irq.c.obj
                0x100159ac                irq_remove_handler
 .text.irq_add_tail_to_free_list
                0x10015b68       0xb4 CMakeFiles/MiniWinSimple.dir/home/pi/Desktop/pico/pico-sdk/src/rp2_common/hardware_irq/irq.c.obj
                0x10015b68                irq_add_tail_to_free_list
 .text.irq_init_priorities
                0x10015c1c       0x38 CMakeFiles/MiniWinSimple.dir/home/pi/Desktop/pico/pico-sdk/src/rp2_common/hardware_irq/irq.c.obj
                0x10015c1c                irq_init_priorities
 .text._out_char
                0x10015c54        0xc CMakeFiles/MiniWinSimple.dir/home/pi/Desktop/pico/pico-sdk/src/rp2_common/pico_printf/printf.c.obj
 .text.weak_raw_vprintf
                0x10015c60       0x30 CMakeFiles/MiniWinSimple.dir/home/pi/Desktop/pico/pico-sdk/src/rp2_common/pico_printf/printf.c.obj
                0x10015c60                weak_raw_vprintf
 .text          0x10015c90       0x10 CMakeFiles/MiniWinSimple.dir/home/pi/Desktop/pico/pico-sdk/src/rp2_common/pico_bit_ops/bit_ops_aeabi.S.obj
 .text.rom_func_lookup
                0x10015ca0       0x10 CMakeFiles/MiniWinSimple.dir/home/pi/Desktop/pico/pico-sdk/src/rp2_common/pico_bootrom/bootrom.c.obj
                0x10015ca0                rom_func_lookup
 .text.rom_data_lookup
                0x10015cb0       0x10 CMakeFiles/MiniWinSimple.dir/home/pi/Desktop/pico/pico-sdk/src/rp2_common/pico_bootrom/bootrom.c.obj
                0x10015cb0                rom_data_lookup
 .text.rom_funcs_lookup
                0x10015cc0       0x3c CMakeFiles/MiniWinSimple.dir/home/pi/Desktop/pico/pico-sdk/src/rp2_common/pico_bootrom/bootrom.c.obj
                0x10015cc0                rom_funcs_lookup
 .text.__wrap___aeabi_idiv
                0x10015cfc       0x58 CMakeFiles/MiniWinSimple.dir/home/pi/Desktop/pico/pico-sdk/src/rp2_common/pico_divider/divider.S.obj
                0x10015cfc                __wrap___aeabi_idivmod
                0x10015cfc                divmod_s32s32
                0x10015cfc                div_s32s32
                0x10015cfc                __wrap___aeabi_idiv
                0x10015d04                divmod_s32s32_unsafe
                0x10015d30                divmod_s32s32_savestate
 .text.__wrap___aeabi_uidiv
                0x10015d54       0x54 CMakeFiles/MiniWinSimple.dir/home/pi/Desktop/pico/pico-sdk/src/rp2_common/pico_divider/divider.S.obj
                0x10015d54                __wrap___aeabi_uidiv
                0x10015d54                __wrap___aeabi_uidivmod
                0x10015d54                div_u32u32
                0x10015d54                divmod_u32u32
                0x10015d5c                divmod_u32u32_unsafe
                0x10015d84                divmod_u32u32_savestate
 .text.__wrap___aeabi_darithmetic
                0x10015da8       0x54 CMakeFiles/MiniWinSimple.dir/home/pi/Desktop/pico/pico-sdk/src/rp2_common/pico_double/double_aeabi.S.obj
                0x10015da8                __wrap___aeabi_drsub
                0x10015dae                __wrap___aeabi_dsub
                0x10015dc0                __wrap___aeabi_dadd
                0x10015dd2                __wrap___aeabi_ddiv
                0x10015de4                __wrap___aeabi_dmul
 .text.__wrap___aeabi_d2f
                0x10015dfc       0x18 CMakeFiles/MiniWinSimple.dir/home/pi/Desktop/pico/pico-sdk/src/rp2_common/pico_double/double_aeabi.S.obj
                0x10015dfc                __wrap___aeabi_d2f
 .text.__aeabi_double_init
                0x10015e14       0x4c CMakeFiles/MiniWinSimple.dir/home/pi/Desktop/pico/pico-sdk/src/rp2_common/pico_double/double_init_rom.c.obj
                0x10015e14                __aeabi_double_init
 .text.double_table_shim_on_use_helper
                0x10015e60       0x2c CMakeFiles/MiniWinSimple.dir/home/pi/Desktop/pico/pico-sdk/src/rp2_common/pico_double/double_v1_rom_shim.S.obj
                0x10015e60                double_table_shim_on_use_helper
 .text.__wrap___aeabi_dsub
                0x10015e8c       0x10 CMakeFiles/MiniWinSimple.dir/home/pi/Desktop/pico/pico-sdk/src/rp2_common/pico_double/double_v1_rom_shim.S.obj
                0x10015e8c                drsub_shim
                0x10015e92                dsub_shim
 .text.dadd_shim
                0x10015e9c      0x15c CMakeFiles/MiniWinSimple.dir/home/pi/Desktop/pico/pico-sdk/src/rp2_common/pico_double/double_v1_rom_shim.S.obj
                0x10015e9c                dadd_shim
 .text.dmul_shim
                0x10015ff8      0x15c CMakeFiles/MiniWinSimple.dir/home/pi/Desktop/pico/pico-sdk/src/rp2_common/pico_double/double_v1_rom_shim.S.obj
                0x10015ff8                dmul_shim
 .text.ddiv_shim
                0x10016154      0x1b0 CMakeFiles/MiniWinSimple.dir/home/pi/Desktop/pico/pico-sdk/src/rp2_common/pico_double/double_v1_rom_shim.S.obj
                0x10016154                ddiv_shim
 .text.double2float_shim
                0x10016304       0x5c CMakeFiles/MiniWinSimple.dir/home/pi/Desktop/pico/pico-sdk/src/rp2_common/pico_double/double_v1_rom_shim.S.obj
                0x10016304                double2float_shim
 .text.__aeabi_lmul
                0x10016360       0x32 CMakeFiles/MiniWinSimple.dir/home/pi/Desktop/pico/pico-sdk/src/rp2_common/pico_int64_ops/pico_int64_ops_aeabi.S.obj
                0x10016360                __wrap___aeabi_lmul
 *fill*         0x10016392        0x2 
 .text.__wrap___aeabi_farithmetic
                0x10016394       0x24 CMakeFiles/MiniWinSimple.dir/home/pi/Desktop/pico/pico-sdk/src/rp2_common/pico_float/float_aeabi.S.obj
                0x10016394                __wrap___aeabi_frsub
                0x1001639a                __wrap___aeabi_fsub
                0x100163a0                __wrap___aeabi_fadd
                0x100163a6                __wrap___aeabi_fdiv
                0x100163ac                __wrap___aeabi_fmul
 .text.__wrap___aeabi_cfcmple
                0x100163b8       0x50 CMakeFiles/MiniWinSimple.dir/home/pi/Desktop/pico/pico-sdk/src/rp2_common/pico_float/float_aeabi.S.obj
                0x100163b8                __wrap___aeabi_cfrcmple
                0x100163c4                __wrap___aeabi_cfcmpeq
                0x100163c4                __wrap___aeabi_cfcmple
 .text.__wrap___aeabi_fcmple
                0x10016408       0x10 CMakeFiles/MiniWinSimple.dir/home/pi/Desktop/pico/pico-sdk/src/rp2_common/pico_float/float_aeabi.S.obj
                0x10016408                __wrap___aeabi_fcmple
 .text.__wrap___aeabi_fcmpge
                0x10016418       0x10 CMakeFiles/MiniWinSimple.dir/home/pi/Desktop/pico/pico-sdk/src/rp2_common/pico_float/float_aeabi.S.obj
                0x10016418                __wrap___aeabi_fcmpge
 .text.__wrap___aeabi_i2f
                0x10016428       0x44 CMakeFiles/MiniWinSimple.dir/home/pi/Desktop/pico/pico-sdk/src/rp2_common/pico_float/float_aeabi.S.obj
                0x10016428                __wrap___aeabi_i2f
 .text.__wrap___aeabi_f2iz
                0x1001646c       0x4e CMakeFiles/MiniWinSimple.dir/home/pi/Desktop/pico/pico-sdk/src/rp2_common/pico_float/float_aeabi.S.obj
                0x1001646c                __wrap___aeabi_f2iz
                0x1001646c                float2int_z
 *fill*         0x100164ba        0x2 
 .text.float2int
                0x100164bc       0x14 CMakeFiles/MiniWinSimple.dir/home/pi/Desktop/pico/pico-sdk/src/rp2_common/pico_float/float_aeabi.S.obj
                0x100164bc                float2int
 .text.__wrap___aeabi_f2uiz
                0x100164d0        0xc CMakeFiles/MiniWinSimple.dir/home/pi/Desktop/pico/pico-sdk/src/rp2_common/pico_float/float_aeabi.S.obj
                0x100164d0                __wrap___aeabi_f2uiz
 .text.fix2float
                0x100164dc        0xc CMakeFiles/MiniWinSimple.dir/home/pi/Desktop/pico/pico-sdk/src/rp2_common/pico_float/float_aeabi.S.obj
                0x100164dc                fix2float
 .text.__wrap___aeabi_f2d
                0x100164e8       0x14 CMakeFiles/MiniWinSimple.dir/home/pi/Desktop/pico/pico-sdk/src/rp2_common/pico_float/float_aeabi.S.obj
                0x100164e8                __wrap___aeabi_f2d
 .text.__wrap_cosf
                0x100164fc       0x24 CMakeFiles/MiniWinSimple.dir/home/pi/Desktop/pico/pico-sdk/src/rp2_common/pico_float/float_aeabi.S.obj
                0x100164fc                __wrap_cosf
 .text.__wrap_sinf
                0x10016520       0x24 CMakeFiles/MiniWinSimple.dir/home/pi/Desktop/pico/pico-sdk/src/rp2_common/pico_float/float_aeabi.S.obj
                0x10016520                __wrap_sinf
 .text.__wrap_atan2f
                0x10016544       0x14 CMakeFiles/MiniWinSimple.dir/home/pi/Desktop/pico/pico-sdk/src/rp2_common/pico_float/float_aeabi.S.obj
                0x10016544                __wrap_atan2f
 .text.__aeabi_float_init
                0x10016558       0x68 CMakeFiles/MiniWinSimple.dir/home/pi/Desktop/pico/pico-sdk/src/rp2_common/pico_float/float_init_rom.c.obj
                0x10016558                __aeabi_float_init
 .text.__wrap_remquof
                0x100165c0      0x140 CMakeFiles/MiniWinSimple.dir/home/pi/Desktop/pico/pico-sdk/src/rp2_common/pico_float/float_math.c.obj
                0x100165c0                __wrap_remquof
 .text.__wrap_remainderf
                0x10016700        0xc CMakeFiles/MiniWinSimple.dir/home/pi/Desktop/pico/pico-sdk/src/rp2_common/pico_float/float_math.c.obj
                0x10016700                __wrap_remainderf
 .text.float_table_shim_on_use_helper
                0x1001670c       0x2c CMakeFiles/MiniWinSimple.dir/home/pi/Desktop/pico/pico-sdk/src/rp2_common/pico_float/float_v1_rom_shim.S.obj
                0x1001670c                float_table_shim_on_use_helper
 .text.fatan2_shim
                0x10016738       0x88 CMakeFiles/MiniWinSimple.dir/home/pi/Desktop/pico/pico-sdk/src/rp2_common/pico_float/float_v1_rom_shim.S.obj
                0x10016738                fatan2_shim
 .text.float232_shims
                0x100167c0       0x18 CMakeFiles/MiniWinSimple.dir/home/pi/Desktop/pico/pico-sdk/src/rp2_common/pico_float/float_v1_rom_shim.S.obj
                0x100167c0                float2int_shim
                0x100167c2                float2fix_shim
 .text.float2double_shim
                0x100167d8       0x30 CMakeFiles/MiniWinSimple.dir/home/pi/Desktop/pico/pico-sdk/src/rp2_common/pico_float/float_v1_rom_shim.S.obj
                0x100167d8                float2double_shim
 .text          0x10016808       0x10 CMakeFiles/MiniWinSimple.dir/home/pi/Desktop/pico/pico-sdk/src/rp2_common/pico_mem_ops/mem_ops_aeabi.S.obj
                0x10016808                __aeabi_mem_init
 .text.memset   0x10016818        0xc CMakeFiles/MiniWinSimple.dir/home/pi/Desktop/pico/pico-sdk/src/rp2_common/pico_mem_ops/mem_ops_aeabi.S.obj
                0x10016818                __wrap_memset
 .text.memcpy   0x10016824        0xc CMakeFiles/MiniWinSimple.dir/home/pi/Desktop/pico/pico-sdk/src/rp2_common/pico_mem_ops/mem_ops_aeabi.S.obj
                0x10016824                __wrap___aeabi_memcpy
                0x10016824                __wrap_memcpy
 .text.stdio_out_chars_crlf.part.0
                0x10016830       0x8c CMakeFiles/MiniWinSimple.dir/home/pi/Desktop/pico/pico-sdk/src/rp2_common/pico_stdio/stdio.c.obj
 .text.__wrap_putchar
                0x100168bc       0xac CMakeFiles/MiniWinSimple.dir/home/pi/Desktop/pico/pico-sdk/src/rp2_common/pico_stdio/stdio.c.obj
                0x100168bc                __wrap_putchar
 .text.__wrap_puts
                0x10016968      0x120 CMakeFiles/MiniWinSimple.dir/home/pi/Desktop/pico/pico-sdk/src/rp2_common/pico_stdio/stdio.c.obj
                0x10016968                __wrap_puts
 .text.spi_init
                0x10016a88       0xdc CMakeFiles/MiniWinSimple.dir/home/pi/Desktop/pico/pico-sdk/src/rp2_common/hardware_spi/spi.c.obj
                0x10016a88                spi_init
 .text.spi_set_baudrate
                0x10016b64       0x94 CMakeFiles/MiniWinSimple.dir/home/pi/Desktop/pico/pico-sdk/src/rp2_common/hardware_spi/spi.c.obj
                0x10016b64                spi_set_baudrate
 .text          0x10016bf8       0x64 /usr/lib/gcc/arm-none-eabi/7.3.1/../../../arm-none-eabi/lib/thumb/v6-m/libc.a(lib_a-strlen-stub.o)
                0x10016bf8                strlen
 *(.fini)
 .fini          0x10016c5c        0x4 /usr/lib/gcc/arm-none-eabi/7.3.1/thumb/v6-m/crti.o
                0x10016c5c                _fini
 .fini.__stub   0x10016c60       0x80 linker stubs
 *crtbegin.o(.ctors)
 *crtbegin?.o(.ctors)
 *(EXCLUDE_FILE(*crtend.o *crtend?.o) .ctors)
 *(SORT_BY_NAME(.ctors.*))
 *(.ctors)
 *crtbegin.o(.dtors)
 *crtbegin?.o(.dtors)
 *(EXCLUDE_FILE(*crtend.o *crtend?.o) .dtors)
 *(SORT_BY_NAME(.dtors.*))
 *(.dtors)
 *(.eh_frame*)
 .eh_frame      0x10016ce0        0x0 /usr/lib/gcc/arm-none-eabi/7.3.1/thumb/v6-m/crtbegin.o
                0x10016ce0                . = ALIGN (0x4)

.glue_7         0x10016ce0        0x0
 .glue_7        0x10016ce0        0x0 linker stubs

.glue_7t        0x10016ce0        0x0
 .glue_7t       0x10016ce0        0x0 linker stubs

.vfp11_veneer   0x10016ce0        0x0
 .vfp11_veneer  0x10016ce0        0x0 linker stubs

.v4_bx          0x10016ce0        0x0
 .v4_bx         0x10016ce0        0x0 linker stubs

.iplt           0x10016ce0        0x0
 .iplt          0x10016ce0        0x0 /usr/lib/gcc/arm-none-eabi/7.3.1/thumb/v6-m/crtbegin.o

.rodata         0x10016ce0     0x4788
 *(EXCLUDE_FILE(*libm.a: *libc.a:*lib_a-mem*.o *libgcc.a:) .rodata*)
 .rodata.pixel_data_command
                0x10016ce0        0x1 CMakeFiles/MiniWinSimple.dir/home/pi/Desktop/workspace/miniwinwm/MiniWin/hal/RaspberryPiPico/hal_lcd.c.obj
 .rodata.window_x_command
                0x10016ce1        0x1 CMakeFiles/MiniWinSimple.dir/home/pi/Desktop/workspace/miniwinwm/MiniWin/hal/RaspberryPiPico/hal_lcd.c.obj
 .rodata.window_y_command
                0x10016ce2        0x1 CMakeFiles/MiniWinSimple.dir/home/pi/Desktop/workspace/miniwinwm/MiniWin/hal/RaspberryPiPico/hal_lcd.c.obj
 *fill*         0x10016ce3        0x1 
 .rodata.mw_process_message
                0x10016ce4       0x18 CMakeFiles/MiniWinSimple.dir/home/pi/Desktop/workspace/miniwinwm/MiniWin/miniwin.c.obj
 .rodata.do_paint_window_frame2.str1.4
                0x10016cfc        0x6 CMakeFiles/MiniWinSimple.dir/home/pi/Desktop/workspace/miniwinwm/MiniWin/miniwin.c.obj
 .rodata.mw_init.str1.4
                0x10016d02        0x6 CMakeFiles/MiniWinSimple.dir/home/pi/Desktop/workspace/miniwinwm/MiniWin/miniwin.c.obj
                                  0x1 (size before relaxing)
 *fill*         0x10016d02        0x2 
 .rodata.draw_cross.str1.4
                0x10016d04       0x16 CMakeFiles/MiniWinSimple.dir/home/pi/Desktop/workspace/miniwinwm/MiniWin/miniwin_touch.c.obj
 *fill*         0x10016d1a        0x2 
 .rodata.mw_bitmaps_close_icon
                0x10016d1c       0x1c CMakeFiles/MiniWinSimple.dir/home/pi/Desktop/workspace/miniwinwm/MiniWin/bitmaps/close_icon.c.obj
                0x10016d1c                mw_bitmaps_close_icon
 .rodata.mw_bitmaps_close_icon_large
                0x10016d38       0x3c CMakeFiles/MiniWinSimple.dir/home/pi/Desktop/workspace/miniwinwm/MiniWin/bitmaps/close_icon_large.c.obj
                0x10016d38                mw_bitmaps_close_icon_large
 .rodata.mw_bitmaps_maximise_icon
                0x10016d74       0x1c CMakeFiles/MiniWinSimple.dir/home/pi/Desktop/workspace/miniwinwm/MiniWin/bitmaps/maximise_icon.c.obj
                0x10016d74                mw_bitmaps_maximise_icon
 .rodata.mw_bitmaps_maximise_icon_large
                0x10016d90       0x3c CMakeFiles/MiniWinSimple.dir/home/pi/Desktop/workspace/miniwinwm/MiniWin/bitmaps/maximise_icon_large.c.obj
                0x10016d90                mw_bitmaps_maximise_icon_large
 .rodata.mw_bitmaps_minimise_icon
                0x10016dcc       0x1c CMakeFiles/MiniWinSimple.dir/home/pi/Desktop/workspace/miniwinwm/MiniWin/bitmaps/minimise_icon.c.obj
                0x10016dcc                mw_bitmaps_minimise_icon
 .rodata.mw_bitmaps_minimise_icon_large
                0x10016de8       0x3c CMakeFiles/MiniWinSimple.dir/home/pi/Desktop/workspace/miniwinwm/MiniWin/bitmaps/minimise_icon_large.c.obj
                0x10016de8                mw_bitmaps_minimise_icon_large
 .rodata.mw_bitmaps_resize_icon
                0x10016e24       0x1c CMakeFiles/MiniWinSimple.dir/home/pi/Desktop/workspace/miniwinwm/MiniWin/bitmaps/resize_icon.c.obj
                0x10016e24                mw_bitmaps_resize_icon
 .rodata.mw_bitmaps_resize_icon_large
                0x10016e40       0x3c CMakeFiles/MiniWinSimple.dir/home/pi/Desktop/workspace/miniwinwm/MiniWin/bitmaps/resize_icon_large.c.obj
                0x10016e40                mw_bitmaps_resize_icon_large
 .rodata.title_font_string
                0x10016e7c       0x14 CMakeFiles/MiniWinSimple.dir/home/pi/Desktop/workspace/miniwinwm/MiniWin/gl/gl.c.obj
 .rodata.mw_gl_get_font_width
                0x10016e90       0x14 CMakeFiles/MiniWinSimple.dir/home/pi/Desktop/workspace/miniwinwm/MiniWin/gl/gl.c.obj
 .rodata.mw_gl_character
                0x10016ea4       0xd0 CMakeFiles/MiniWinSimple.dir/home/pi/Desktop/workspace/miniwinwm/MiniWin/gl/gl.c.obj
 .rodata.mw_gl_string
                0x10016f74       0x50 CMakeFiles/MiniWinSimple.dir/home/pi/Desktop/workspace/miniwinwm/MiniWin/gl/gl.c.obj
 .rodata.mw_gl_get_string_width_pixels
                0x10016fc4       0x14 CMakeFiles/MiniWinSimple.dir/home/pi/Desktop/workspace/miniwinwm/MiniWin/gl/gl.c.obj
 .rodata.Font9  0x10016fd8        0x8 CMakeFiles/MiniWinSimple.dir/home/pi/Desktop/workspace/miniwinwm/MiniWin/gl/fonts/bitmapped/font9.c.obj
                0x10016fd8                Font9
 .rodata.Font9_Table
                0x10016fe0      0x357 CMakeFiles/MiniWinSimple.dir/home/pi/Desktop/workspace/miniwinwm/MiniWin/gl/fonts/bitmapped/font9.c.obj
                0x10016fe0                Font9_Table
 *fill*         0x10017337        0x1 
 .rodata.Font12
                0x10017338        0x8 CMakeFiles/MiniWinSimple.dir/home/pi/Desktop/workspace/miniwinwm/MiniWin/gl/fonts/bitmapped/font12.c.obj
                0x10017338                Font12
 .rodata.Font12_Table
                0x10017340      0x474 CMakeFiles/MiniWinSimple.dir/home/pi/Desktop/workspace/miniwinwm/MiniWin/gl/fonts/bitmapped/font12.c.obj
                0x10017340                Font12_Table
 .rodata.Font16
                0x100177b4        0x8 CMakeFiles/MiniWinSimple.dir/home/pi/Desktop/workspace/miniwinwm/MiniWin/gl/fonts/bitmapped/font16.c.obj
                0x100177b4                Font16
 .rodata.Font16_Table
                0x100177bc      0xbe0 CMakeFiles/MiniWinSimple.dir/home/pi/Desktop/workspace/miniwinwm/MiniWin/gl/fonts/bitmapped/font16.c.obj
                0x100177bc                Font16_Table
 .rodata.Font20
                0x1001839c        0x8 CMakeFiles/MiniWinSimple.dir/home/pi/Desktop/workspace/miniwinwm/MiniWin/gl/fonts/bitmapped/font20.c.obj
                0x1001839c                Font20
 .rodata.Font20_Table
                0x100183a4      0xed8 CMakeFiles/MiniWinSimple.dir/home/pi/Desktop/workspace/miniwinwm/MiniWin/gl/fonts/bitmapped/font20.c.obj
                0x100183a4                Font20_Table
 .rodata.Font24
                0x1001927c        0x8 CMakeFiles/MiniWinSimple.dir/home/pi/Desktop/workspace/miniwinwm/MiniWin/gl/fonts/bitmapped/font24.c.obj
                0x1001927c                Font24
 .rodata.Font24_Table
                0x10019284     0x1ab8 CMakeFiles/MiniWinSimple.dir/home/pi/Desktop/workspace/miniwinwm/MiniWin/gl/fonts/bitmapped/font24.c.obj
                0x10019284                Font24_Table
 .rodata.mw_title_font_bitmap
                0x1001ad3c      0x570 CMakeFiles/MiniWinSimple.dir/home/pi/Desktop/workspace/miniwinwm/MiniWin/gl/fonts/bitmapped/gl_title_font.c.obj
                0x1001ad3c                mw_title_font_bitmap
 .rodata.mw_title_font_positions
                0x1001b2ac       0xc0 CMakeFiles/MiniWinSimple.dir/home/pi/Desktop/workspace/miniwinwm/MiniWin/gl/fonts/bitmapped/gl_title_font.c.obj
                0x1001b2ac                mw_title_font_positions
 .rodata.mw_user_init.str1.4
                0x1001b36c       0x19 CMakeFiles/MiniWinSimple.dir/home/pi/Desktop/workspace/miniwinwm/MiniWinSimple_Common/miniwin_user.c.obj
 *fill*         0x1001b385        0x3 
 .rodata.window_simple_message_function.str1.4
                0x1001b388       0x2d CMakeFiles/MiniWinSimple.dir/home/pi/Desktop/workspace/miniwinwm/MiniWinSimple_Common/window_simple.c.obj
 *fill*         0x1001b3b5        0x3 
 .rodata.hardware_alarm_claim.str1.4
                0x1001b3b8       0x22 CMakeFiles/MiniWinSimple.dir/home/pi/Desktop/pico/pico-sdk/src/rp2_common/hardware_timer/timer.c.obj
 *fill*         0x1001b3da        0x2 
 .rodata.hard_assertion_failure.str1.4
                0x1001b3dc        0xc CMakeFiles/MiniWinSimple.dir/home/pi/Desktop/pico/pico-sdk/src/rp2_common/pico_runtime/runtime.c.obj
 .rodata.panic.str1.4
                0x1001b3e8       0x12 CMakeFiles/MiniWinSimple.dir/home/pi/Desktop/pico/pico-sdk/src/rp2_common/pico_runtime/runtime.c.obj
 *fill*         0x1001b3fa        0x2 
 .rodata.__bi_44
                0x1001b3fc        0xc CMakeFiles/MiniWinSimple.dir/home/pi/Desktop/pico/pico-sdk/src/rp2_common/pico_standard_link/binary_info.c.obj
 .rodata.__bi_75
                0x1001b408        0xc CMakeFiles/MiniWinSimple.dir/home/pi/Desktop/pico/pico-sdk/src/rp2_common/pico_standard_link/binary_info.c.obj
 .rodata.__bi_81
                0x1001b414        0xc CMakeFiles/MiniWinSimple.dir/home/pi/Desktop/pico/pico-sdk/src/rp2_common/pico_standard_link/binary_info.c.obj
 .rodata.str1.4
                0x1001b420       0x44 CMakeFiles/MiniWinSimple.dir/home/pi/Desktop/pico/pico-sdk/src/rp2_common/pico_standard_link/binary_info.c.obj
 .rodata.crlf_str.5943
                0x1001b464        0x2 CMakeFiles/MiniWinSimple.dir/home/pi/Desktop/pico/pico-sdk/src/rp2_common/pico_stdio/stdio.c.obj
                0x1001b468                . = ALIGN (0x4)
 *fill*         0x1001b466        0x2 
 *(SORT_BY_ALIGNMENT(SORT_BY_NAME(.flashdata*)))
                0x1001b468                . = ALIGN (0x4)

.rel.dyn        0x1001b468        0x0
 .rel.iplt      0x1001b468        0x0 /usr/lib/gcc/arm-none-eabi/7.3.1/thumb/v6-m/crtbegin.o

.ARM.extab
 *(.ARM.extab* .gnu.linkonce.armextab.*)
                0x1001b468                __exidx_start = .

.ARM.exidx
 *(.ARM.exidx* .gnu.linkonce.armexidx.*)
                0x1001b468                __exidx_end = .
                0x1001b468                . = ALIGN (0x4)
                0x1001b468                __binary_info_start = .

.binary_info    0x1001b468       0x1c
 *(.binary_info.keep.*)
 .binary_info.keep.__bi_ptr22
                0x1001b468        0x4 CMakeFiles/MiniWinSimple.dir/home/pi/Desktop/pico/pico-sdk/src/rp2_common/pico_standard_link/binary_info.c.obj
 .binary_info.keep.__bi_ptr30
                0x1001b46c        0x4 CMakeFiles/MiniWinSimple.dir/home/pi/Desktop/pico/pico-sdk/src/rp2_common/pico_standard_link/binary_info.c.obj
 .binary_info.keep.__bi_ptr38
                0x1001b470        0x4 CMakeFiles/MiniWinSimple.dir/home/pi/Desktop/pico/pico-sdk/src/rp2_common/pico_standard_link/binary_info.c.obj
 .binary_info.keep.__bi_ptr44
                0x1001b474        0x4 CMakeFiles/MiniWinSimple.dir/home/pi/Desktop/pico/pico-sdk/src/rp2_common/pico_standard_link/binary_info.c.obj
 .binary_info.keep.__bi_ptr50
                0x1001b478        0x4 CMakeFiles/MiniWinSimple.dir/home/pi/Desktop/pico/pico-sdk/src/rp2_common/pico_standard_link/binary_info.c.obj
 .binary_info.keep.__bi_ptr75
                0x1001b47c        0x4 CMakeFiles/MiniWinSimple.dir/home/pi/Desktop/pico/pico-sdk/src/rp2_common/pico_standard_link/binary_info.c.obj
 .binary_info.keep.__bi_ptr81
                0x1001b480        0x4 CMakeFiles/MiniWinSimple.dir/home/pi/Desktop/pico/pico-sdk/src/rp2_common/pico_standard_link/binary_info.c.obj
 *(.binary_info.*)
                0x1001b484                __binary_info_end = .
                0x1001b484                . = ALIGN (0x4)
                0x1001b484                __etext = .

.ram_vector_table
                0x20000000       0xc0
 *(.ram_vector_table)
 .ram_vector_table
                0x20000000       0xc0 CMakeFiles/MiniWinSimple.dir/home/pi/Desktop/pico/pico-sdk/src/rp2_common/pico_runtime/runtime.c.obj
                0x20000000                ram_vector_table

.data           0x200000c0      0x35c load address 0x1001b484
                0x200000c0                __data_start__ = .
 *(vtable)
 *(.time_critical*)
 .time_critical.mutex_enter_blocking
                0x200000c0       0x4c CMakeFiles/MiniWinSimple.dir/home/pi/Desktop/pico/pico-sdk/src/common/pico_sync/mutex.c.obj
                0x200000c0                mutex_enter_blocking
 .time_critical.mutex_try_enter
                0x2000010c       0x48 CMakeFiles/MiniWinSimple.dir/home/pi/Desktop/pico/pico-sdk/src/common/pico_sync/mutex.c.obj
                0x2000010c                mutex_try_enter
 .time_critical.mutex_exit
                0x20000154       0x28 CMakeFiles/MiniWinSimple.dir/home/pi/Desktop/pico/pico-sdk/src/common/pico_sync/mutex.c.obj
                0x20000154                mutex_exit
 .time_critical.spi_write_read_blocking
                0x2000017c       0x54 CMakeFiles/MiniWinSimple.dir/home/pi/Desktop/pico/pico-sdk/src/rp2_common/hardware_spi/spi.c.obj
                0x2000017c                spi_write_read_blocking
 .time_critical.spi_write_blocking
                0x200001d0       0x4c CMakeFiles/MiniWinSimple.dir/home/pi/Desktop/pico/pico-sdk/src/rp2_common/hardware_spi/spi.c.obj
                0x200001d0                spi_write_blocking
 .time_critical.flash_init_boot2_copyout
                0x2000021c       0x34 CMakeFiles/MiniWinSimple.dir/home/pi/Desktop/pico/pico-sdk/src/rp2_common/hardware_flash/flash.c.obj
 .time_critical.flash_enable_xip_via_boot2
                0x20000250       0x10 CMakeFiles/MiniWinSimple.dir/home/pi/Desktop/pico/pico-sdk/src/rp2_common/hardware_flash/flash.c.obj
 .time_critical.flash_range_erase
                0x20000260       0x6c CMakeFiles/MiniWinSimple.dir/home/pi/Desktop/pico/pico-sdk/src/rp2_common/hardware_flash/flash.c.obj
                0x20000260                flash_range_erase
 .time_critical.flash_range_program
                0x200002cc       0x70 CMakeFiles/MiniWinSimple.dir/home/pi/Desktop/pico/pico-sdk/src/rp2_common/hardware_flash/flash.c.obj
                0x200002cc                flash_range_program
 *(.text*)
 .text          0x2000033c        0x4 /usr/lib/gcc/arm-none-eabi/7.3.1/thumb/v6-m/libgcc.a(_dvmd_tls.o)
                0x2000033c                __aeabi_ldiv0
                0x2000033c                __aeabi_idiv0
 .text.__stub   0x20000340       0x20 linker stubs
                0x20000360                . = ALIGN (0x4)
 *(.rodata*)
                0x20000360                . = ALIGN (0x4)
 *(.data*)
 .data.previous_width
                0x20000360        0x2 CMakeFiles/MiniWinSimple.dir/home/pi/Desktop/workspace/miniwinwm/MiniWin/hal/RaspberryPiPico/hal_lcd.c.obj
 .data.previous_x
                0x20000362        0x2 CMakeFiles/MiniWinSimple.dir/home/pi/Desktop/workspace/miniwinwm/MiniWin/hal/RaspberryPiPico/hal_lcd.c.obj
 .data.previous_y
                0x20000364        0x2 CMakeFiles/MiniWinSimple.dir/home/pi/Desktop/workspace/miniwinwm/MiniWin/hal/RaspberryPiPico/hal_lcd.c.obj
 *fill*         0x20000366        0x2 
 .data.next_handle.6856
                0x20000368        0x4 CMakeFiles/MiniWinSimple.dir/home/pi/Desktop/workspace/miniwinwm/MiniWin/miniwin.c.obj
 .data.previous_touch_state.6717
                0x2000036c        0x1 CMakeFiles/MiniWinSimple.dir/home/pi/Desktop/workspace/miniwinwm/MiniWin/miniwin.c.obj
 .data.striped_spin_lock_num
                0x2000036d        0x1 CMakeFiles/MiniWinSimple.dir/home/pi/Desktop/pico/pico-sdk/src/rp2_common/hardware_sync/sync.c.obj
 *fill*         0x2000036e        0x2 
 .data.default_alarm_pool
                0x20000370       0x18 CMakeFiles/MiniWinSimple.dir/home/pi/Desktop/pico/pico-sdk/src/common/pico_time/time.c.obj
 .data.default_alarm_pool_heap
                0x20000388       0x10 CMakeFiles/MiniWinSimple.dir/home/pi/Desktop/pico/pico-sdk/src/common/pico_time/time.c.obj
 .data          0x20000398       0x48 CMakeFiles/MiniWinSimple.dir/home/pi/Desktop/pico/pico-sdk/src/rp2_common/hardware_irq/irq_handler_chain.S.obj
                0x20000398                irq_handler_chain_slots
                0x200003c8                irq_handler_chain_first_slot
                0x200003d2                irq_handler_chain_remove_tail
 .data.aeabi_bits_funcs
                0x200003e0       0x10 CMakeFiles/MiniWinSimple.dir/home/pi/Desktop/pico/pico-sdk/src/rp2_common/pico_bit_ops/bit_ops_aeabi.S.obj
                0x200003e0                aeabi_bits_funcs
                0x200003f0                aeabi_bits_funcs_end
 .data.aeabi_mem_funcs
                0x200003f0       0x10 CMakeFiles/MiniWinSimple.dir/home/pi/Desktop/pico/pico-sdk/src/rp2_common/pico_mem_ops/mem_ops_aeabi.S.obj
                0x200003f0                aeabi_mem_funcs
                0x20000400                aeabi_mem_funcs_end
                0x20000400                . = ALIGN (0x4)
 *(.after_data.*)
                0x20000400                . = ALIGN (0x4)
                0x20000400                PROVIDE (__mutex_array_start = .)
 *(SORT_BY_NAME(.mutex_array.*))
 *(.mutex_array)
 .mutex_array   0x20000400        0x8 CMakeFiles/MiniWinSimple.dir/home/pi/Desktop/pico/pico-sdk/src/rp2_common/pico_stdio/stdio.c.obj
                0x20000408                PROVIDE (__mutex_array_end = .)
                0x20000408                . = ALIGN (0x4)
                0x20000408                PROVIDE (__preinit_array_start = .)
 *(SORT_BY_NAME(.preinit_array.*))
 .preinit_array.00001
                0x20000408        0x4 CMakeFiles/MiniWinSimple.dir/home/pi/Desktop/pico/pico-sdk/src/rp2_common/pico_mem_ops/mem_ops_aeabi.S.obj
 .preinit_array.00010
                0x2000040c        0x4 CMakeFiles/MiniWinSimple.dir/home/pi/Desktop/pico/pico-sdk/src/rp2_common/pico_bit_ops/bit_ops_aeabi.S.obj
 .preinit_array.00020
                0x20000410        0x4 CMakeFiles/MiniWinSimple.dir/home/pi/Desktop/pico/pico-sdk/src/rp2_common/pico_double/double_aeabi.S.obj
 .preinit_array.00020
                0x20000414        0x4 CMakeFiles/MiniWinSimple.dir/home/pi/Desktop/pico/pico-sdk/src/rp2_common/pico_float/float_aeabi.S.obj
 *(.preinit_array)
                0x20000418                PROVIDE (__preinit_array_end = .)
                0x20000418                . = ALIGN (0x4)
                0x20000418                PROVIDE (__init_array_start = .)
 *(SORT_BY_NAME(.init_array.*))
 *(.init_array)
 .init_array    0x20000418        0x4 /usr/lib/gcc/arm-none-eabi/7.3.1/thumb/v6-m/crtbegin.o
                0x2000041c                PROVIDE (__init_array_end = .)
                0x2000041c                . = ALIGN (0x4)
                0x2000041c                PROVIDE (__fini_array_start = .)
 *(SORT_BY_NAME(.fini_array.*))
 *(.fini_array)
                0x2000041c                PROVIDE (__fini_array_end = .)
 *(.jcr)
                0x2000041c                . = ALIGN (0x4)
                0x2000041c                __data_end__ = .

.tm_clone_table
                0x2000041c        0x0 load address 0x1001b7e0
 .tm_clone_table
                0x2000041c        0x0 /usr/lib/gcc/arm-none-eabi/7.3.1/thumb/v6-m/crtbegin.o
 .tm_clone_table
                0x2000041c        0x0 /usr/lib/gcc/arm-none-eabi/7.3.1/thumb/v6-m/crtend.o

.igot.plt       0x2000041c        0x0 load address 0x1001b7e0
 .igot.plt      0x2000041c        0x0 /usr/lib/gcc/arm-none-eabi/7.3.1/thumb/v6-m/crtbegin.o

.uninitialized_data
                0x2000041c        0x0 load address 0x1001b7e0
                0x2000041c                . = ALIGN (0x4)
 *(.uninitialized_data*)

.scratch_x      0x20040000        0x0 load address 0x1001b7e0
                0x20040000                __scratch_x_start__ = .
 *(.scratch_x.*)
                0x20040000                . = ALIGN (0x4)
                0x20040000                __scratch_x_end__ = .
                0x1001b7e0                __scratch_x_source__ = LOADADDR (.scratch_x)

.scratch_y      0x20041000        0x0 load address 0x1001b7e0
                0x20041000                __scratch_y_start__ = .
 *(.scratch_y.*)
                0x20041000                . = ALIGN (0x4)
                0x20041000                __scratch_y_end__ = .
                0x1001b7e0                __scratch_y_source__ = LOADADDR (.scratch_y)

.bss            0x20000420     0x171c
                0x20000420                . = ALIGN (0x4)
                0x20000420                __bss_start__ = .
 *(SORT_BY_ALIGNMENT(SORT_BY_NAME(.bss*)))
 .bss.default_alarm_pool_entries
                0x20000420      0x100 CMakeFiles/MiniWinSimple.dir/home/pi/Desktop/pico/pico-sdk/src/common/pico_time/time.c.obj
 .bss.timer.4825
                0x20000520       0x18 CMakeFiles/MiniWinSimple.dir/home/pi/Desktop/workspace/miniwinwm/MiniWin/hal/RaspberryPiPico/hal_timer.c.obj
 .bss           0x20000538       0x1c /usr/lib/gcc/arm-none-eabi/7.3.1/thumb/v6-m/crtbegin.o
 .bss.alarm_callbacks
                0x20000554       0x10 CMakeFiles/MiniWinSimple.dir/home/pi/Desktop/pico/pico-sdk/src/rp2_common/hardware_timer/timer.c.obj
 .bss.boot2_copyout
                0x20000564      0x100 CMakeFiles/MiniWinSimple.dir/home/pi/Desktop/pico/pico-sdk/src/rp2_common/hardware_flash/flash.c.obj
 .bss.button_data
                0x20000664        0xc CMakeFiles/MiniWinSimple.dir/home/pi/Desktop/workspace/miniwinwm/MiniWinSimple_Common/miniwin_user.c.obj
 .bss.configured_freq
                0x20000670       0x28 CMakeFiles/MiniWinSimple.dir/home/pi/Desktop/pico/pico-sdk/src/rp2_common/hardware_clocks/clocks.c.obj
 .bss.default_alarm_pool_entry_ids_high
                0x20000698       0x10 CMakeFiles/MiniWinSimple.dir/home/pi/Desktop/pico/pico-sdk/src/common/pico_time/time.c.obj
 .bss.default_alarm_pool_heap_nodes
                0x200006a8       0x30 CMakeFiles/MiniWinSimple.dir/home/pi/Desktop/pico/pico-sdk/src/common/pico_time/time.c.obj
 .bss.draw_info_root
                0x200006d8        0xc CMakeFiles/MiniWinSimple.dir/home/pi/Desktop/workspace/miniwinwm/MiniWin/miniwin.c.obj
 .bss.drivers   0x200006e4        0x4 CMakeFiles/MiniWinSimple.dir/home/pi/Desktop/pico/pico-sdk/src/rp2_common/pico_stdio/stdio.c.obj
 .bss.empty_string
                0x200006e8        0x1 CMakeFiles/MiniWinSimple.dir/home/pi/Desktop/workspace/miniwinwm/MiniWin/miniwin_utilities.c.obj
 *fill*         0x200006e9        0x3 
 .bss.filter    0x200006ec        0x4 CMakeFiles/MiniWinSimple.dir/home/pi/Desktop/pico/pico-sdk/src/rp2_common/pico_stdio/stdio.c.obj
 .bss.gc        0x200006f0       0x34 CMakeFiles/MiniWinSimple.dir/home/pi/Desktop/workspace/miniwinwm/MiniWin/gl/gl.c.obj
 .bss.horizontal_edges
                0x20000724       0x38 CMakeFiles/MiniWinSimple.dir/home/pi/Desktop/workspace/miniwinwm/MiniWin/miniwin.c.obj
 .bss.label_data
                0x2000075c       0x29 CMakeFiles/MiniWinSimple.dir/home/pi/Desktop/workspace/miniwinwm/MiniWinSimple_Common/miniwin_user.c.obj
 *fill*         0x20000785        0x3 
 .bss.lazy_vsnprintf
                0x20000788        0x4 CMakeFiles/MiniWinSimple.dir/home/pi/Desktop/pico/pico-sdk/src/rp2_common/pico_printf/printf.c.obj
 .bss.line_buffer
                0x2000078c      0x1e0 CMakeFiles/MiniWinSimple.dir/home/pi/Desktop/workspace/miniwinwm/MiniWin/hal/RaspberryPiPico/hal_lcd.c.obj
 .bss.message_queue
                0x2000096c      0x7d0 CMakeFiles/MiniWinSimple.dir/home/pi/Desktop/workspace/miniwinwm/MiniWin/miniwin_message_queue.c.obj
 .bss.minimised_windows
                0x2000113c        0xe CMakeFiles/MiniWinSimple.dir/home/pi/Desktop/workspace/miniwinwm/MiniWin/miniwin.c.obj
 *fill*         0x2000114a        0x2 
 .bss.mw_all_controls
                0x2000114c      0x300 CMakeFiles/MiniWinSimple.dir/home/pi/Desktop/workspace/miniwinwm/MiniWin/miniwin.c.obj
 .bss.mw_all_timers
                0x2000144c       0x80 CMakeFiles/MiniWinSimple.dir/home/pi/Desktop/workspace/miniwinwm/MiniWin/miniwin.c.obj
 .bss.mw_all_windows
                0x200014cc      0x380 CMakeFiles/MiniWinSimple.dir/home/pi/Desktop/workspace/miniwinwm/MiniWin/miniwin.c.obj
 .bss.mw_dialog_one_button_data
                0x2000184c       0x20 CMakeFiles/MiniWinSimple.dir/home/pi/Desktop/workspace/miniwinwm/MiniWin/dialogs/dialog_one_button.c.obj
 .bss.pools     0x2000186c       0x10 CMakeFiles/MiniWinSimple.dir/home/pi/Desktop/pico/pico-sdk/src/common/pico_time/time.c.obj
 .bss.previous_process_time.6714
                0x2000187c        0x4 CMakeFiles/MiniWinSimple.dir/home/pi/Desktop/workspace/miniwinwm/MiniWin/miniwin.c.obj
 .bss.settings  0x20001880       0x24 CMakeFiles/MiniWinSimple.dir/home/pi/Desktop/workspace/miniwinwm/MiniWin/miniwin_settings.c.obj
 .bss.system_timer
                0x200018a4        0xc CMakeFiles/MiniWinSimple.dir/home/pi/Desktop/workspace/miniwinwm/MiniWin/miniwin.c.obj
 .bss.target_hi
                0x200018b0       0x10 CMakeFiles/MiniWinSimple.dir/home/pi/Desktop/pico/pico-sdk/src/rp2_common/hardware_timer/timer.c.obj
 .bss.touch_message_target.6729
                0x200018c0        0x8 CMakeFiles/MiniWinSimple.dir/home/pi/Desktop/workspace/miniwinwm/MiniWin/miniwin.c.obj
 .bss.vertical_edges
                0x200018c8       0x38 CMakeFiles/MiniWinSimple.dir/home/pi/Desktop/workspace/miniwinwm/MiniWin/miniwin.c.obj
 .bss.window_simple_data
                0x20001900        0x6 CMakeFiles/MiniWinSimple.dir/home/pi/Desktop/workspace/miniwinwm/MiniWinSimple_Common/window_simple.c.obj
 *fill*         0x20001906        0x2 
 .bss.window_with_focus_handle
                0x20001908        0x4 CMakeFiles/MiniWinSimple.dir/home/pi/Desktop/workspace/miniwinwm/MiniWin/miniwin.c.obj
 .bss.window_x_bounds
                0x2000190c        0x4 CMakeFiles/MiniWinSimple.dir/home/pi/Desktop/workspace/miniwinwm/MiniWin/hal/RaspberryPiPico/hal_lcd.c.obj
 .bss.window_y_bounds
                0x20001910        0x4 CMakeFiles/MiniWinSimple.dir/home/pi/Desktop/workspace/miniwinwm/MiniWin/hal/RaspberryPiPico/hal_lcd.c.obj
 .bss.previous_touch_x.6715
                0x20001914        0x2 CMakeFiles/MiniWinSimple.dir/home/pi/Desktop/workspace/miniwinwm/MiniWin/miniwin.c.obj
 .bss.previous_touch_y.6716
                0x20001916        0x2 CMakeFiles/MiniWinSimple.dir/home/pi/Desktop/workspace/miniwinwm/MiniWin/miniwin.c.obj
 .bss.boot2_copyout_valid
                0x20001918        0x1 CMakeFiles/MiniWinSimple.dir/home/pi/Desktop/pico/pico-sdk/src/rp2_common/hardware_flash/flash.c.obj
 .bss.claimed   0x20001919        0x1 CMakeFiles/MiniWinSimple.dir/home/pi/Desktop/pico/pico-sdk/src/rp2_common/hardware_timer/timer.c.obj
 .bss.in_client_window_paint_function
                0x2000191a        0x1 CMakeFiles/MiniWinSimple.dir/home/pi/Desktop/workspace/miniwinwm/MiniWin/miniwin.c.obj
 .bss.init_complete
                0x2000191b        0x1 CMakeFiles/MiniWinSimple.dir/home/pi/Desktop/workspace/miniwinwm/MiniWin/miniwin.c.obj
 .bss.irq_hander_chain_free_slot_head
                0x2000191c        0x1 CMakeFiles/MiniWinSimple.dir/home/pi/Desktop/pico/pico-sdk/src/rp2_common/hardware_irq/irq.c.obj
 .bss.items_in_queue
                0x2000191d        0x1 CMakeFiles/MiniWinSimple.dir/home/pi/Desktop/workspace/miniwinwm/MiniWin/miniwin_message_queue.c.obj
 .bss.next_read_slot
                0x2000191e        0x1 CMakeFiles/MiniWinSimple.dir/home/pi/Desktop/workspace/miniwinwm/MiniWin/miniwin_message_queue.c.obj
 .bss.next_write_slot
                0x2000191f        0x1 CMakeFiles/MiniWinSimple.dir/home/pi/Desktop/workspace/miniwinwm/MiniWin/miniwin_message_queue.c.obj
 .bss.reentered.6989
                0x20001920        0x1 CMakeFiles/MiniWinSimple.dir/home/pi/Desktop/workspace/miniwinwm/MiniWin/miniwin.c.obj
 .bss.timer_callbacks_pending
                0x20001921        0x1 CMakeFiles/MiniWinSimple.dir/home/pi/Desktop/pico/pico-sdk/src/rp2_common/hardware_timer/timer.c.obj
 .bss.toggle.4818
                0x20001922        0x1 CMakeFiles/MiniWinSimple.dir/home/pi/Desktop/workspace/miniwinwm/MiniWin/hal/RaspberryPiPico/hal_timer.c.obj
 .bss.window_being_redimensioned_id
                0x20001923        0x1 CMakeFiles/MiniWinSimple.dir/home/pi/Desktop/workspace/miniwinwm/MiniWin/miniwin.c.obj
 .bss.window_redimensioning_state
                0x20001924        0x1 CMakeFiles/MiniWinSimple.dir/home/pi/Desktop/workspace/miniwinwm/MiniWin/miniwin.c.obj
 *(COMMON)
 *fill*         0x20001925        0x3 
 COMMON         0x20001928        0x4 CMakeFiles/MiniWinSimple.dir/home/pi/Desktop/workspace/miniwinwm/MiniWin/hal/RaspberryPiPico/hal_timer.c.obj
                0x20001928                mw_tick_counter
 COMMON         0x2000192c        0xc CMakeFiles/MiniWinSimple.dir/home/pi/Desktop/workspace/miniwinwm/MiniWinSimple_Common/miniwin_user.c.obj
                0x2000192c                label_handle
                0x20001930                button_handle
                0x20001934                window_simple_handle
 COMMON         0x20001938      0x100 CMakeFiles/MiniWinSimple.dir/home/pi/Desktop/pico/pico-sdk/src/rp2_common/pico_double/double_init_rom.c.obj
                0x20001938                sd_table
 COMMON         0x20001a38      0x104 CMakeFiles/MiniWinSimple.dir/home/pi/Desktop/pico/pico-sdk/src/rp2_common/pico_float/float_init_rom.c.obj
                0x20001a38                sf_table
                0x20001b38                sf_clz_func
                0x20001b3c                . = ALIGN (0x4)
                0x20001b3c                __bss_end__ = .

.heap           0x20001b3c      0x800
                0x20001b3c                __end__ = .
                0x20001b3c                end = __end__
 *(.heap*)
 .heap          0x20001b3c      0x800 CMakeFiles/MiniWinSimple.dir/home/pi/Desktop/pico/pico-sdk/src/rp2_common/pico_standard_link/crt0.S.obj
                0x2000233c                __HeapLimit = .

.stack1_dummy   0x20040000        0x0
 *(.stack1*)

.stack_dummy    0x20041000      0x800
 *(.stack*)
 .stack         0x20041000      0x800 CMakeFiles/MiniWinSimple.dir/home/pi/Desktop/pico/pico-sdk/src/rp2_common/pico_standard_link/crt0.S.obj

.flash_end      0x1001b7e0        0x0
                0x1001b7e0                __flash_binary_end = .
                0x20040000                __StackLimit = (ORIGIN (RAM) + LENGTH (RAM))
                0x20041000                __StackOneTop = (ORIGIN (SCRATCH_X) + LENGTH (SCRATCH_X))
                0x20042000                __StackTop = (ORIGIN (SCRATCH_Y) + LENGTH (SCRATCH_Y))
                0x20041000                __StackOneBottom = (__StackOneTop - SIZEOF (.stack1_dummy))
                0x20041800                __StackBottom = (__StackTop - SIZEOF (.stack_dummy))
                0x20042000                PROVIDE (__stack = __StackTop)
                0x00000001                ASSERT ((__StackLimit >= __HeapLimit), region RAM overflowed)
                0x00000001                ASSERT (((__binary_info_header_end - __logical_binary_start) <= 0x100), Binary info must be in first 256 bytes of the binary)
LOAD CMakeFiles/MiniWinSimple.dir/home/pi/Desktop/workspace/miniwinwm/MiniWin/hal/RaspberryPiPico/hal_delay.c.obj
LOAD CMakeFiles/MiniWinSimple.dir/home/pi/Desktop/workspace/miniwinwm/MiniWin/hal/RaspberryPiPico/hal_timer.c.obj
LOAD CMakeFiles/MiniWinSimple.dir/home/pi/Desktop/workspace/miniwinwm/MiniWin/hal/hal_init.c.obj
LOAD CMakeFiles/MiniWinSimple.dir/home/pi/Desktop/workspace/miniwinwm/MiniWin/hal/RaspberryPiPico/hal_non_vol.c.obj
LOAD CMakeFiles/MiniWinSimple.dir/home/pi/Desktop/workspace/miniwinwm/MiniWin/hal/RaspberryPiPico/hal_touch.c.obj
LOAD CMakeFiles/MiniWinSimple.dir/home/pi/Desktop/workspace/miniwinwm/MiniWin/hal/RaspberryPiPico/hal_lcd.c.obj
LOAD CMakeFiles/MiniWinSimple.dir/home/pi/Desktop/workspace/miniwinwm/MiniWin/calibrate.c.obj
LOAD CMakeFiles/MiniWinSimple.dir/home/pi/Desktop/workspace/miniwinwm/MiniWin/miniwin.c.obj
LOAD CMakeFiles/MiniWinSimple.dir/home/pi/Desktop/workspace/miniwinwm/MiniWin/miniwin_debug.c.obj
LOAD CMakeFiles/MiniWinSimple.dir/home/pi/Desktop/workspace/miniwinwm/MiniWin/miniwin_message_queue.c.obj
LOAD CMakeFiles/MiniWinSimple.dir/home/pi/Desktop/workspace/miniwinwm/MiniWin/miniwin_settings.c.obj
LOAD CMakeFiles/MiniWinSimple.dir/home/pi/Desktop/workspace/miniwinwm/MiniWin/miniwin_touch.c.obj
LOAD CMakeFiles/MiniWinSimple.dir/home/pi/Desktop/workspace/miniwinwm/MiniWin/miniwin_tree_container.c.obj
LOAD CMakeFiles/MiniWinSimple.dir/home/pi/Desktop/workspace/miniwinwm/MiniWin/miniwin_utilities.c.obj
LOAD CMakeFiles/MiniWinSimple.dir/home/pi/Desktop/workspace/miniwinwm/MiniWin/bitmaps/backspace_key.c.obj
LOAD CMakeFiles/MiniWinSimple.dir/home/pi/Desktop/workspace/miniwinwm/MiniWin/bitmaps/close_icon.c.obj
LOAD CMakeFiles/MiniWinSimple.dir/home/pi/Desktop/workspace/miniwinwm/MiniWin/bitmaps/close_icon_large.c.obj
LOAD CMakeFiles/MiniWinSimple.dir/home/pi/Desktop/workspace/miniwinwm/MiniWin/bitmaps/file_icon_large.c.obj
LOAD CMakeFiles/MiniWinSimple.dir/home/pi/Desktop/workspace/miniwinwm/MiniWin/bitmaps/file_icon_small.c.obj
LOAD CMakeFiles/MiniWinSimple.dir/home/pi/Desktop/workspace/miniwinwm/MiniWin/bitmaps/folder_close_icon_large.c.obj
LOAD CMakeFiles/MiniWinSimple.dir/home/pi/Desktop/workspace/miniwinwm/MiniWin/bitmaps/folder_close_icon_small.c.obj
LOAD CMakeFiles/MiniWinSimple.dir/home/pi/Desktop/workspace/miniwinwm/MiniWin/bitmaps/folder_icon_large.c.obj
LOAD CMakeFiles/MiniWinSimple.dir/home/pi/Desktop/workspace/miniwinwm/MiniWin/bitmaps/folder_icon_small.c.obj
LOAD CMakeFiles/MiniWinSimple.dir/home/pi/Desktop/workspace/miniwinwm/MiniWin/bitmaps/folder_open_icon_large.c.obj
LOAD CMakeFiles/MiniWinSimple.dir/home/pi/Desktop/workspace/miniwinwm/MiniWin/bitmaps/folder_open_icon_small.c.obj
LOAD CMakeFiles/MiniWinSimple.dir/home/pi/Desktop/workspace/miniwinwm/MiniWin/bitmaps/let_key.c.obj
LOAD CMakeFiles/MiniWinSimple.dir/home/pi/Desktop/workspace/miniwinwm/MiniWin/bitmaps/maximise_icon.c.obj
LOAD CMakeFiles/MiniWinSimple.dir/home/pi/Desktop/workspace/miniwinwm/MiniWin/bitmaps/maximise_icon_large.c.obj
LOAD CMakeFiles/MiniWinSimple.dir/home/pi/Desktop/workspace/miniwinwm/MiniWin/bitmaps/minimise_icon.c.obj
LOAD CMakeFiles/MiniWinSimple.dir/home/pi/Desktop/workspace/miniwinwm/MiniWin/bitmaps/minimise_icon_large.c.obj
LOAD CMakeFiles/MiniWinSimple.dir/home/pi/Desktop/workspace/miniwinwm/MiniWin/bitmaps/num_key.c.obj
LOAD CMakeFiles/MiniWinSimple.dir/home/pi/Desktop/workspace/miniwinwm/MiniWin/bitmaps/resize_icon.c.obj
LOAD CMakeFiles/MiniWinSimple.dir/home/pi/Desktop/workspace/miniwinwm/MiniWin/bitmaps/resize_icon_large.c.obj
LOAD CMakeFiles/MiniWinSimple.dir/home/pi/Desktop/workspace/miniwinwm/MiniWin/bitmaps/shift_key.c.obj
LOAD CMakeFiles/MiniWinSimple.dir/home/pi/Desktop/workspace/miniwinwm/MiniWin/bitmaps/sym_key.c.obj
LOAD CMakeFiles/MiniWinSimple.dir/home/pi/Desktop/workspace/miniwinwm/MiniWin/bitmaps/tick.c.obj
LOAD CMakeFiles/MiniWinSimple.dir/home/pi/Desktop/workspace/miniwinwm/MiniWin/bitmaps/tick_large.c.obj
LOAD CMakeFiles/MiniWinSimple.dir/home/pi/Desktop/workspace/miniwinwm/MiniWin/dialogs/dialog_colour_chooser.c.obj
LOAD CMakeFiles/MiniWinSimple.dir/home/pi/Desktop/workspace/miniwinwm/MiniWin/dialogs/dialog_date_chooser.c.obj
LOAD CMakeFiles/MiniWinSimple.dir/home/pi/Desktop/workspace/miniwinwm/MiniWin/dialogs/dialog_file_chooser.c.obj
LOAD CMakeFiles/MiniWinSimple.dir/home/pi/Desktop/workspace/miniwinwm/MiniWin/dialogs/dialog_number_entry.c.obj
LOAD CMakeFiles/MiniWinSimple.dir/home/pi/Desktop/workspace/miniwinwm/MiniWin/dialogs/dialog_one_button.c.obj
LOAD CMakeFiles/MiniWinSimple.dir/home/pi/Desktop/workspace/miniwinwm/MiniWin/dialogs/dialog_text_entry.c.obj
LOAD CMakeFiles/MiniWinSimple.dir/home/pi/Desktop/workspace/miniwinwm/MiniWin/dialogs/dialog_time_chooser.c.obj
LOAD CMakeFiles/MiniWinSimple.dir/home/pi/Desktop/workspace/miniwinwm/MiniWin/dialogs/dialog_two_button.c.obj
LOAD CMakeFiles/MiniWinSimple.dir/home/pi/Desktop/workspace/miniwinwm/MiniWin/gl/gl.c.obj
LOAD CMakeFiles/MiniWinSimple.dir/home/pi/Desktop/workspace/miniwinwm/MiniWin/gl/fonts/bitmapped/font9.c.obj
LOAD CMakeFiles/MiniWinSimple.dir/home/pi/Desktop/workspace/miniwinwm/MiniWin/gl/fonts/bitmapped/font12.c.obj
LOAD CMakeFiles/MiniWinSimple.dir/home/pi/Desktop/workspace/miniwinwm/MiniWin/gl/fonts/bitmapped/font16.c.obj
LOAD CMakeFiles/MiniWinSimple.dir/home/pi/Desktop/workspace/miniwinwm/MiniWin/gl/fonts/bitmapped/font20.c.obj
LOAD CMakeFiles/MiniWinSimple.dir/home/pi/Desktop/workspace/miniwinwm/MiniWin/gl/fonts/bitmapped/font24.c.obj
LOAD CMakeFiles/MiniWinSimple.dir/home/pi/Desktop/workspace/miniwinwm/MiniWin/gl/fonts/bitmapped/gl_title_font.c.obj
LOAD CMakeFiles/MiniWinSimple.dir/home/pi/Desktop/workspace/miniwinwm/MiniWin/gl/fonts/truetype/BLKCHCRY16.c.obj
LOAD CMakeFiles/MiniWinSimple.dir/home/pi/Desktop/workspace/miniwinwm/MiniWin/gl/fonts/truetype/BLKCHCRY16bw.c.obj
LOAD CMakeFiles/MiniWinSimple.dir/home/pi/Desktop/workspace/miniwinwm/MiniWin/gl/fonts/truetype/dejavu_sans_12.c.obj
LOAD CMakeFiles/MiniWinSimple.dir/home/pi/Desktop/workspace/miniwinwm/MiniWin/gl/fonts/truetype/mcufont/mf_bwfont.c.obj
LOAD CMakeFiles/MiniWinSimple.dir/home/pi/Desktop/workspace/miniwinwm/MiniWin/gl/fonts/truetype/mcufont/mf_encoding.c.obj
LOAD CMakeFiles/MiniWinSimple.dir/home/pi/Desktop/workspace/miniwinwm/MiniWin/gl/fonts/truetype/mcufont/mf_font.c.obj
LOAD CMakeFiles/MiniWinSimple.dir/home/pi/Desktop/workspace/miniwinwm/MiniWin/gl/fonts/truetype/mcufont/mf_justify.c.obj
LOAD CMakeFiles/MiniWinSimple.dir/home/pi/Desktop/workspace/miniwinwm/MiniWin/gl/fonts/truetype/mcufont/mf_kerning.c.obj
LOAD CMakeFiles/MiniWinSimple.dir/home/pi/Desktop/workspace/miniwinwm/MiniWin/gl/fonts/truetype/mcufont/mf_rlefont.c.obj
LOAD CMakeFiles/MiniWinSimple.dir/home/pi/Desktop/workspace/miniwinwm/MiniWin/gl/fonts/truetype/mcufont/mf_scaledfont.c.obj
LOAD CMakeFiles/MiniWinSimple.dir/home/pi/Desktop/workspace/miniwinwm/MiniWin/gl/fonts/truetype/mcufont/mf_wordwrap.c.obj
LOAD CMakeFiles/MiniWinSimple.dir/home/pi/Desktop/workspace/miniwinwm/MiniWin/ui/ui_arrow.c.obj
LOAD CMakeFiles/MiniWinSimple.dir/home/pi/Desktop/workspace/miniwinwm/MiniWin/ui/ui_button.c.obj
LOAD CMakeFiles/MiniWinSimple.dir/home/pi/Desktop/workspace/miniwinwm/MiniWin/ui/ui_check_box.c.obj
LOAD CMakeFiles/MiniWinSimple.dir/home/pi/Desktop/workspace/miniwinwm/MiniWin/ui/ui_common.c.obj
LOAD CMakeFiles/MiniWinSimple.dir/home/pi/Desktop/workspace/miniwinwm/MiniWin/ui/ui_keyboard.c.obj
LOAD CMakeFiles/MiniWinSimple.dir/home/pi/Desktop/workspace/miniwinwm/MiniWin/ui/ui_keypad.c.obj
LOAD CMakeFiles/MiniWinSimple.dir/home/pi/Desktop/workspace/miniwinwm/MiniWin/ui/ui_label.c.obj
LOAD CMakeFiles/MiniWinSimple.dir/home/pi/Desktop/workspace/miniwinwm/MiniWin/ui/ui_list_box.c.obj
LOAD CMakeFiles/MiniWinSimple.dir/home/pi/Desktop/workspace/miniwinwm/MiniWin/ui/ui_progress_bar.c.obj
LOAD CMakeFiles/MiniWinSimple.dir/home/pi/Desktop/workspace/miniwinwm/MiniWin/ui/ui_radio_button.c.obj
LOAD CMakeFiles/MiniWinSimple.dir/home/pi/Desktop/workspace/miniwinwm/MiniWin/ui/ui_scroll_bar_horiz.c.obj
LOAD CMakeFiles/MiniWinSimple.dir/home/pi/Desktop/workspace/miniwinwm/MiniWin/ui/ui_scroll_bar_vert.c.obj
LOAD CMakeFiles/MiniWinSimple.dir/home/pi/Desktop/workspace/miniwinwm/MiniWin/ui/ui_tabs.c.obj
LOAD CMakeFiles/MiniWinSimple.dir/home/pi/Desktop/workspace/miniwinwm/MiniWin/ui/ui_text_box.c.obj
LOAD CMakeFiles/MiniWinSimple.dir/home/pi/Desktop/workspace/miniwinwm/MiniWin/ui/ui_tree.c.obj
LOAD CMakeFiles/MiniWinSimple.dir/home/pi/Desktop/workspace/miniwinwm/RaspberryPi/Pico/MiniWinSimple/src/app.c.obj
LOAD CMakeFiles/MiniWinSimple.dir/home/pi/Desktop/workspace/miniwinwm/MiniWinSimple_Common/main.c.obj
LOAD CMakeFiles/MiniWinSimple.dir/home/pi/Desktop/workspace/miniwinwm/MiniWinSimple_Common/miniwin_user.c.obj
LOAD CMakeFiles/MiniWinSimple.dir/home/pi/Desktop/workspace/miniwinwm/MiniWinSimple_Common/window_simple.c.obj
LOAD CMakeFiles/MiniWinSimple.dir/home/pi/Desktop/pico/pico-sdk/src/rp2_common/pico_stdlib/stdlib.c.obj
LOAD CMakeFiles/MiniWinSimple.dir/home/pi/Desktop/pico/pico-sdk/src/rp2_common/hardware_gpio/gpio.c.obj
LOAD CMakeFiles/MiniWinSimple.dir/home/pi/Desktop/pico/pico-sdk/src/rp2_common/hardware_claim/claim.c.obj
LOAD CMakeFiles/MiniWinSimple.dir/home/pi/Desktop/pico/pico-sdk/src/rp2_common/hardware_sync/sync.c.obj
LOAD CMakeFiles/MiniWinSimple.dir/home/pi/Desktop/pico/pico-sdk/src/rp2_common/pico_platform/platform.c.obj
LOAD CMakeFiles/MiniWinSimple.dir/home/pi/Desktop/pico/pico-sdk/src/rp2_common/hardware_uart/uart.c.obj
LOAD CMakeFiles/MiniWinSimple.dir/home/pi/Desktop/pico/pico-sdk/src/rp2_common/hardware_divider/divider.S.obj
LOAD CMakeFiles/MiniWinSimple.dir/home/pi/Desktop/pico/pico-sdk/src/common/pico_time/time.c.obj
LOAD CMakeFiles/MiniWinSimple.dir/home/pi/Desktop/pico/pico-sdk/src/common/pico_time/timeout_helper.c.obj
LOAD CMakeFiles/MiniWinSimple.dir/home/pi/Desktop/pico/pico-sdk/src/rp2_common/hardware_timer/timer.c.obj
LOAD CMakeFiles/MiniWinSimple.dir/home/pi/Desktop/pico/pico-sdk/src/common/pico_sync/sem.c.obj
LOAD CMakeFiles/MiniWinSimple.dir/home/pi/Desktop/pico/pico-sdk/src/common/pico_sync/lock_core.c.obj
LOAD CMakeFiles/MiniWinSimple.dir/home/pi/Desktop/pico/pico-sdk/src/common/pico_sync/mutex.c.obj
LOAD CMakeFiles/MiniWinSimple.dir/home/pi/Desktop/pico/pico-sdk/src/common/pico_sync/critical_section.c.obj
LOAD CMakeFiles/MiniWinSimple.dir/home/pi/Desktop/pico/pico-sdk/src/common/pico_util/datetime.c.obj
LOAD CMakeFiles/MiniWinSimple.dir/home/pi/Desktop/pico/pico-sdk/src/common/pico_util/pheap.c.obj
LOAD CMakeFiles/MiniWinSimple.dir/home/pi/Desktop/pico/pico-sdk/src/common/pico_util/queue.c.obj
LOAD CMakeFiles/MiniWinSimple.dir/home/pi/Desktop/pico/pico-sdk/src/rp2_common/pico_runtime/runtime.c.obj
LOAD CMakeFiles/MiniWinSimple.dir/home/pi/Desktop/pico/pico-sdk/src/rp2_common/hardware_clocks/clocks.c.obj
LOAD CMakeFiles/MiniWinSimple.dir/home/pi/Desktop/pico/pico-sdk/src/rp2_common/hardware_watchdog/watchdog.c.obj
LOAD CMakeFiles/MiniWinSimple.dir/home/pi/Desktop/pico/pico-sdk/src/rp2_common/hardware_xosc/xosc.c.obj
LOAD CMakeFiles/MiniWinSimple.dir/home/pi/Desktop/pico/pico-sdk/src/rp2_common/hardware_pll/pll.c.obj