21:42:34 **** Incremental Build of configuration Debug for project MiniWinSimple_STM32F429 ****
Info: Internal Builder is used for build
arm-atollic-eabi-gcc -c ..\..\common\miniwin_user.c -mthumb -mcpu=cortex-m4 -mfloat-abi=hard -mfpu=fpv4-sp-d16 -std=gnu11 -DSTM32F42_43xxx -DUSE_STDPERIPH_DRIVER -DHSE_VALUE=8000000 -DUSE_STM32F429I_DISCO -I../src -I../Libraries/CMSIS/Include -I../Libraries/Device/ST/STM32F4xx/Include -I../Libraries/STM32F4xx_StdPeriph_Driver/inc -IC:\Users\John\Desktop\workspace\MiniWin -IC:\Users\John\Desktop\workspace\MiniWin\hal\stm32f429\STM32F429I-Discovery -O0 -ffunction-sections -fdata-sections -g -fstack-usage -Wall -o common\miniwin_user.o 
arm-atollic-eabi-gcc -o MiniWinSimple_STM32F429.elf Libraries\STM32F4xx_StdPeriph_Driver\src\misc.o Libraries\STM32F4xx_StdPeriph_Driver\src\stm32f4xx_adc.o Libraries\STM32F4xx_StdPeriph_Driver\src\stm32f4xx_can.o Libraries\STM32F4xx_StdPeriph_Driver\src\stm32f4xx_crc.o Libraries\STM32F4xx_StdPeriph_Driver\src\stm32f4xx_cryp.o Libraries\STM32F4xx_StdPeriph_Driver\src\stm32f4xx_cryp_aes.o Libraries\STM32F4xx_StdPeriph_Driver\src\stm32f4xx_cryp_des.o Libraries\STM32F4xx_StdPeriph_Driver\src\stm32f4xx_cryp_tdes.o Libraries\STM32F4xx_StdPeriph_Driver\src\stm32f4xx_dac.o Libraries\STM32F4xx_StdPeriph_Driver\src\stm32f4xx_dbgmcu.o Libraries\STM32F4xx_StdPeriph_Driver\src\stm32f4xx_dcmi.o Libraries\STM32F4xx_StdPeriph_Driver\src\stm32f4xx_dma.o Libraries\STM32F4xx_StdPeriph_Driver\src\stm32f4xx_dma2d.o Libraries\STM32F4xx_StdPeriph_Driver\src\stm32f4xx_exti.o Libraries\STM32F4xx_StdPeriph_Driver\src\stm32f4xx_flash.o Libraries\STM32F4xx_StdPeriph_Driver\src\stm32f4xx_fmc.o Libraries\STM32F4xx_StdPeriph_Driver\src\stm32f4xx_gpio.o Libraries\STM32F4xx_StdPeriph_Driver\src\stm32f4xx_hash.o Libraries\STM32F4xx_StdPeriph_Driver\src\stm32f4xx_hash_md5.o Libraries\STM32F4xx_StdPeriph_Driver\src\stm32f4xx_hash_sha1.o Libraries\STM32F4xx_StdPeriph_Driver\src\stm32f4xx_i2c.o Libraries\STM32F4xx_StdPeriph_Driver\src\stm32f4xx_iwdg.o Libraries\STM32F4xx_StdPeriph_Driver\src\stm32f4xx_ltdc.o Libraries\STM32F4xx_StdPeriph_Driver\src\stm32f4xx_pwr.o Libraries\STM32F4xx_StdPeriph_Driver\src\stm32f4xx_rcc.o Libraries\STM32F4xx_StdPeriph_Driver\src\stm32f4xx_rng.o Libraries\STM32F4xx_StdPeriph_Driver\src\stm32f4xx_rtc.o Libraries\STM32F4xx_StdPeriph_Driver\src\stm32f4xx_sai.o Libraries\STM32F4xx_StdPeriph_Driver\src\stm32f4xx_sdio.o Libraries\STM32F4xx_StdPeriph_Driver\src\stm32f4xx_spi.o Libraries\STM32F4xx_StdPeriph_Driver\src\stm32f4xx_syscfg.o Libraries\STM32F4xx_StdPeriph_Driver\src\stm32f4xx_tim.o Libraries\STM32F4xx_StdPeriph_Driver\src\stm32f4xx_usart.o Libraries\STM32F4xx_StdPeriph_Driver\src\stm32f4xx_wwdg.o MiniWin\bitmaps\backspace_key.o MiniWin\bitmaps\cancel_key.o MiniWin\bitmaps\close_icon.o MiniWin\bitmaps\let_key.o MiniWin\bitmaps\maximise_icon.o MiniWin\bitmaps\minimise_icon.o MiniWin\bitmaps\num_key.o MiniWin\bitmaps\ok_key.o MiniWin\bitmaps\resize_icon.o MiniWin\bitmaps\shift_key.o MiniWin\bitmaps\sym_key.o MiniWin\calibrate.o MiniWin\gl\gl.o MiniWin\gl\gl_fonts.o MiniWin\hal\hal_init.o MiniWin\hal\stm32f429\STM32F429I-Discovery\stm32f429i_discovery_ioe.o MiniWin\hal\stm32f429\STM32F429I-Discovery\stm32f429i_discovery_lcd.o MiniWin\hal\stm32f429\STM32F429I-Discovery\stm32f429i_discovery_sdram.o MiniWin\hal\stm32f429\hal_delay.o MiniWin\hal\stm32f429\hal_lcd.o MiniWin\hal\stm32f429\hal_non_vol.o MiniWin\hal\stm32f429\hal_timer.o MiniWin\hal\stm32f429\hal_touch.o MiniWin\miniwin.o MiniWin\miniwin_debug.o MiniWin\miniwin_message_queue.o MiniWin\miniwin_settings.o MiniWin\miniwin_touch.o MiniWin\miniwin_utilities.o MiniWin\ui\ui_button.o MiniWin\ui\ui_check_box.o MiniWin\ui\ui_common.o MiniWin\ui\ui_int_number_chooser.o MiniWin\ui\ui_keyboard.o MiniWin\ui\ui_label.o MiniWin\ui\ui_list_box.o MiniWin\ui\ui_progress_bar.o MiniWin\ui\ui_radio_button.o MiniWin\ui\ui_scroll_bar_horiz.o MiniWin\ui\ui_scroll_bar_vert.o common\main.o common\miniwin_user.o common\window_simple.o common\window_simple2.o src\startup_stm32f429x.o src\stm32f4xx_it.o src\system_stm32f4xx.o -mthumb -mcpu=cortex-m4 -mfloat-abi=hard -mfpu=fpv4-sp-d16 -T../stm32f4_flash.ld -specs=nosys.specs -static -Wl,-cref,-u,Reset_Handler -Wl,-Map=MiniWinSimple_STM32F429.map -Wl,--gc-sections -Wl,--defsym=malloc_getpagesize_P=0x80 -Wl,--start-group -lc -lm -Wl,--end-group 
D:\TrueSTUDIO for ARM 8.1.0\ide\jre\bin\java -jar D:\TrueSTUDIO for ARM 8.1.0\Tools\arm-atollic-reports.jar sizeinfo list MiniWinSimple_STM32F429.elf 
Generate build reports...
Print size information
   text	   data	    bss	    dec	    hex	filename
  76128	   1684	   2620	  80432	  13a30	MiniWinSimple_STM32F429.elf
Print size information done
Generate listing file
Output sent to: MiniWinSimple_STM32F429.list
Generate listing file done
Generate build reports done

21:42:36 Build Finished (took 1s.502ms)

