19:56:17 **** Incremental Build of configuration Debug for project MiniWinTest_STM32F429 ****
Info: Internal Builder is used for build
arm-atollic-eabi-gcc -c ..\Libraries\STM32F4xx_StdPeriph_Driver\src\stm32f4xx_spi.c -mthumb -mcpu=cortex-m4 -mfloat-abi=hard -mfpu=fpv4-sp-d16 -std=gnu11 -DSTM32F42_43xxx -DUSE_STDPERIPH_DRIVER -DHSE_VALUE=8000000 -DUSE_STM32F429I_DISCO -I../src -I../Libraries/CMSIS/Include -I../Libraries/Device/ST/STM32F4xx/Include -I../Libraries/STM32F4xx_StdPeriph_Driver/inc -IC:\Users\John\Desktop\workspace\MiniWin -IC:\Users\John\Desktop\workspace\MiniWin\hal\stm32f429\STM32F429I-Discovery -O0 -ffunction-sections -fdata-sections -g -fstack-usage -Wall -o Libraries\STM32F4xx_StdPeriph_Driver\src\stm32f4xx_spi.o 
arm-atollic-eabi-gcc -c ..\..\..\MiniWin\ui\ui_scroll_bar_horiz.c -mthumb -mcpu=cortex-m4 -mfloat-abi=hard -mfpu=fpv4-sp-d16 -std=gnu11 -DSTM32F42_43xxx -DUSE_STDPERIPH_DRIVER -DHSE_VALUE=8000000 -DUSE_STM32F429I_DISCO -I../src -I../Libraries/CMSIS/Include -I../Libraries/Device/ST/STM32F4xx/Include -I../Libraries/STM32F4xx_StdPeriph_Driver/inc -IC:\Users\John\Desktop\workspace\MiniWin -IC:\Users\John\Desktop\workspace\MiniWin\hal\stm32f429\STM32F429I-Discovery -O0 -ffunction-sections -fdata-sections -g -fstack-usage -Wall -o MiniWin\ui\ui_scroll_bar_horiz.o 
arm-atollic-eabi-gcc -c ..\..\common\window_yield.c -mthumb -mcpu=cortex-m4 -mfloat-abi=hard -mfpu=fpv4-sp-d16 -std=gnu11 -DSTM32F42_43xxx -DUSE_STDPERIPH_DRIVER -DHSE_VALUE=8000000 -DUSE_STM32F429I_DISCO -I../src -I../Libraries/CMSIS/Include -I../Libraries/Device/ST/STM32F4xx/Include -I../Libraries/STM32F4xx_StdPeriph_Driver/inc -IC:\Users\John\Desktop\workspace\MiniWin -IC:\Users\John\Desktop\workspace\MiniWin\hal\stm32f429\STM32F429I-Discovery -O0 -ffunction-sections -fdata-sections -g -fstack-usage -Wall -o common\window_yield.o 
arm-atollic-eabi-gcc -c ..\..\common\window_ok_cancel.c -mthumb -mcpu=cortex-m4 -mfloat-abi=hard -mfpu=fpv4-sp-d16 -std=gnu11 -DSTM32F42_43xxx -DUSE_STDPERIPH_DRIVER -DHSE_VALUE=8000000 -DUSE_STM32F429I_DISCO -I../src -I../Libraries/CMSIS/Include -I../Libraries/Device/ST/STM32F4xx/Include -I../Libraries/STM32F4xx_StdPeriph_Driver/inc -IC:\Users\John\Desktop\workspace\MiniWin -IC:\Users\John\Desktop\workspace\MiniWin\hal\stm32f429\STM32F429I-Discovery -O0 -ffunction-sections -fdata-sections -g -fstack-usage -Wall -o common\window_ok_cancel.o 
arm-atollic-eabi-gcc -c ..\..\..\MiniWin\bitmaps\shift_key.c -mthumb -mcpu=cortex-m4 -mfloat-abi=hard -mfpu=fpv4-sp-d16 -std=gnu11 -DSTM32F42_43xxx -DUSE_STDPERIPH_DRIVER -DHSE_VALUE=8000000 -DUSE_STM32F429I_DISCO -I../src -I../Libraries/CMSIS/Include -I../Libraries/Device/ST/STM32F4xx/Include -I../Libraries/STM32F4xx_StdPeriph_Driver/inc -IC:\Users\John\Desktop\workspace\MiniWin -IC:\Users\John\Desktop\workspace\MiniWin\hal\stm32f429\STM32F429I-Discovery -O0 -ffunction-sections -fdata-sections -g -fstack-usage -Wall -o MiniWin\bitmaps\shift_key.o 
arm-atollic-eabi-gcc -c ..\..\..\MiniWin\ui\ui_progress_bar.c -mthumb -mcpu=cortex-m4 -mfloat-abi=hard -mfpu=fpv4-sp-d16 -std=gnu11 -DSTM32F42_43xxx -DUSE_STDPERIPH_DRIVER -DHSE_VALUE=8000000 -DUSE_STM32F429I_DISCO -I../src -I../Libraries/CMSIS/Include -I../Libraries/Device/ST/STM32F4xx/Include -I../Libraries/STM32F4xx_StdPeriph_Driver/inc -IC:\Users\John\Desktop\workspace\MiniWin -IC:\Users\John\Desktop\workspace\MiniWin\hal\stm32f429\STM32F429I-Discovery -O0 -ffunction-sections -fdata-sections -g -fstack-usage -Wall -o MiniWin\ui\ui_progress_bar.o 
arm-atollic-eabi-gcc -c ..\Libraries\STM32F4xx_StdPeriph_Driver\src\stm32f4xx_tim.c -mthumb -mcpu=cortex-m4 -mfloat-abi=hard -mfpu=fpv4-sp-d16 -std=gnu11 -DSTM32F42_43xxx -DUSE_STDPERIPH_DRIVER -DHSE_VALUE=8000000 -DUSE_STM32F429I_DISCO -I../src -I../Libraries/CMSIS/Include -I../Libraries/Device/ST/STM32F4xx/Include -I../Libraries/STM32F4xx_StdPeriph_Driver/inc -IC:\Users\John\Desktop\workspace\MiniWin -IC:\Users\John\Desktop\workspace\MiniWin\hal\stm32f429\STM32F429I-Discovery -O0 -ffunction-sections -fdata-sections -g -fstack-usage -Wall -o Libraries\STM32F4xx_StdPeriph_Driver\src\stm32f4xx_tim.o 
arm-atollic-eabi-gcc -c ..\..\..\MiniWin\miniwin_debug.c -mthumb -mcpu=cortex-m4 -mfloat-abi=hard -mfpu=fpv4-sp-d16 -std=gnu11 -DSTM32F42_43xxx -DUSE_STDPERIPH_DRIVER -DHSE_VALUE=8000000 -DUSE_STM32F429I_DISCO -I../src -I../Libraries/CMSIS/Include -I../Libraries/Device/ST/STM32F4xx/Include -I../Libraries/STM32F4xx_StdPeriph_Driver/inc -IC:\Users\John\Desktop\workspace\MiniWin -IC:\Users\John\Desktop\workspace\MiniWin\hal\stm32f429\STM32F429I-Discovery -O0 -ffunction-sections -fdata-sections -g -fstack-usage -Wall -o MiniWin\miniwin_debug.o 
arm-atollic-eabi-gcc -c ..\Libraries\STM32F4xx_StdPeriph_Driver\src\stm32f4xx_gpio.c -mthumb -mcpu=cortex-m4 -mfloat-abi=hard -mfpu=fpv4-sp-d16 -std=gnu11 -DSTM32F42_43xxx -DUSE_STDPERIPH_DRIVER -DHSE_VALUE=8000000 -DUSE_STM32F429I_DISCO -I../src -I../Libraries/CMSIS/Include -I../Libraries/Device/ST/STM32F4xx/Include -I../Libraries/STM32F4xx_StdPeriph_Driver/inc -IC:\Users\John\Desktop\workspace\MiniWin -IC:\Users\John\Desktop\workspace\MiniWin\hal\stm32f429\STM32F429I-Discovery -O0 -ffunction-sections -fdata-sections -g -fstack-usage -Wall -o Libraries\STM32F4xx_StdPeriph_Driver\src\stm32f4xx_gpio.o 
arm-atollic-eabi-gcc -c ..\..\..\MiniWin\hal\stm32f429\hal_delay.c -mthumb -mcpu=cortex-m4 -mfloat-abi=hard -mfpu=fpv4-sp-d16 -std=gnu11 -DSTM32F42_43xxx -DUSE_STDPERIPH_DRIVER -DHSE_VALUE=8000000 -DUSE_STM32F429I_DISCO -I../src -I../Libraries/CMSIS/Include -I../Libraries/Device/ST/STM32F4xx/Include -I../Libraries/STM32F4xx_StdPeriph_Driver/inc -IC:\Users\John\Desktop\workspace\MiniWin -IC:\Users\John\Desktop\workspace\MiniWin\hal\stm32f429\STM32F429I-Discovery -O0 -ffunction-sections -fdata-sections -g -fstack-usage -Wall -o MiniWin\hal\stm32f429\hal_delay.o 
arm-atollic-eabi-gcc -c ..\..\..\MiniWin\ui\ui_check_box.c -mthumb -mcpu=cortex-m4 -mfloat-abi=hard -mfpu=fpv4-sp-d16 -std=gnu11 -DSTM32F42_43xxx -DUSE_STDPERIPH_DRIVER -DHSE_VALUE=8000000 -DUSE_STM32F429I_DISCO -I../src -I../Libraries/CMSIS/Include -I../Libraries/Device/ST/STM32F4xx/Include -I../Libraries/STM32F4xx_StdPeriph_Driver/inc -IC:\Users\John\Desktop\workspace\MiniWin -IC:\Users\John\Desktop\workspace\MiniWin\hal\stm32f429\STM32F429I-Discovery -O0 -ffunction-sections -fdata-sections -g -fstack-usage -Wall -o MiniWin\ui\ui_check_box.o 
arm-atollic-eabi-gcc -c ..\Libraries\STM32F4xx_StdPeriph_Driver\src\stm32f4xx_cryp_aes.c -mthumb -mcpu=cortex-m4 -mfloat-abi=hard -mfpu=fpv4-sp-d16 -std=gnu11 -DSTM32F42_43xxx -DUSE_STDPERIPH_DRIVER -DHSE_VALUE=8000000 -DUSE_STM32F429I_DISCO -I../src -I../Libraries/CMSIS/Include -I../Libraries/Device/ST/STM32F4xx/Include -I../Libraries/STM32F4xx_StdPeriph_Driver/inc -IC:\Users\John\Desktop\workspace\MiniWin -IC:\Users\John\Desktop\workspace\MiniWin\hal\stm32f429\STM32F429I-Discovery -O0 -ffunction-sections -fdata-sections -g -fstack-usage -Wall -o Libraries\STM32F4xx_StdPeriph_Driver\src\stm32f4xx_cryp_aes.o 
arm-atollic-eabi-gcc -c ..\Libraries\STM32F4xx_StdPeriph_Driver\src\stm32f4xx_flash.c -mthumb -mcpu=cortex-m4 -mfloat-abi=hard -mfpu=fpv4-sp-d16 -std=gnu11 -DSTM32F42_43xxx -DUSE_STDPERIPH_DRIVER -DHSE_VALUE=8000000 -DUSE_STM32F429I_DISCO -I../src -I../Libraries/CMSIS/Include -I../Libraries/Device/ST/STM32F4xx/Include -I../Libraries/STM32F4xx_StdPeriph_Driver/inc -IC:\Users\John\Desktop\workspace\MiniWin -IC:\Users\John\Desktop\workspace\MiniWin\hal\stm32f429\STM32F429I-Discovery -O0 -ffunction-sections -fdata-sections -g -fstack-usage -Wall -o Libraries\STM32F4xx_StdPeriph_Driver\src\stm32f4xx_flash.o 
arm-atollic-eabi-gcc -c ..\..\common\window_gl.c -mthumb -mcpu=cortex-m4 -mfloat-abi=hard -mfpu=fpv4-sp-d16 -std=gnu11 -DSTM32F42_43xxx -DUSE_STDPERIPH_DRIVER -DHSE_VALUE=8000000 -DUSE_STM32F429I_DISCO -I../src -I../Libraries/CMSIS/Include -I../Libraries/Device/ST/STM32F4xx/Include -I../Libraries/STM32F4xx_StdPeriph_Driver/inc -IC:\Users\John\Desktop\workspace\MiniWin -IC:\Users\John\Desktop\workspace\MiniWin\hal\stm32f429\STM32F429I-Discovery -O0 -ffunction-sections -fdata-sections -g -fstack-usage -Wall -o common\window_gl.o 
arm-atollic-eabi-gcc -c ..\..\common\window_paint_rect.c -mthumb -mcpu=cortex-m4 -mfloat-abi=hard -mfpu=fpv4-sp-d16 -std=gnu11 -DSTM32F42_43xxx -DUSE_STDPERIPH_DRIVER -DHSE_VALUE=8000000 -DUSE_STM32F429I_DISCO -I../src -I../Libraries/CMSIS/Include -I../Libraries/Device/ST/STM32F4xx/Include -I../Libraries/STM32F4xx_StdPeriph_Driver/inc -IC:\Users\John\Desktop\workspace\MiniWin -IC:\Users\John\Desktop\workspace\MiniWin\hal\stm32f429\STM32F429I-Discovery -O0 -ffunction-sections -fdata-sections -g -fstack-usage -Wall -o common\window_paint_rect.o 
arm-atollic-eabi-gcc -c ..\Libraries\STM32F4xx_StdPeriph_Driver\src\stm32f4xx_exti.c -mthumb -mcpu=cortex-m4 -mfloat-abi=hard -mfpu=fpv4-sp-d16 -std=gnu11 -DSTM32F42_43xxx -DUSE_STDPERIPH_DRIVER -DHSE_VALUE=8000000 -DUSE_STM32F429I_DISCO -I../src -I../Libraries/CMSIS/Include -I../Libraries/Device/ST/STM32F4xx/Include -I../Libraries/STM32F4xx_StdPeriph_Driver/inc -IC:\Users\John\Desktop\workspace\MiniWin -IC:\Users\John\Desktop\workspace\MiniWin\hal\stm32f429\STM32F429I-Discovery -O0 -ffunction-sections -fdata-sections -g -fstack-usage -Wall -o Libraries\STM32F4xx_StdPeriph_Driver\src\stm32f4xx_exti.o 
arm-atollic-eabi-gcc -c ..\..\..\MiniWin\calibrate.c -mthumb -mcpu=cortex-m4 -mfloat-abi=hard -mfpu=fpv4-sp-d16 -std=gnu11 -DSTM32F42_43xxx -DUSE_STDPERIPH_DRIVER -DHSE_VALUE=8000000 -DUSE_STM32F429I_DISCO -I../src -I../Libraries/CMSIS/Include -I../Libraries/Device/ST/STM32F4xx/Include -I../Libraries/STM32F4xx_StdPeriph_Driver/inc -IC:\Users\John\Desktop\workspace\MiniWin -IC:\Users\John\Desktop\workspace\MiniWin\hal\stm32f429\STM32F429I-Discovery -O0 -ffunction-sections -fdata-sections -g -fstack-usage -Wall -o MiniWin\calibrate.o 
arm-atollic-eabi-gcc -c ..\..\..\MiniWin\hal\stm32f429\STM32F429I-Discovery\stm32f429i_discovery_sdram.c -mthumb -mcpu=cortex-m4 -mfloat-abi=hard -mfpu=fpv4-sp-d16 -std=gnu11 -DSTM32F42_43xxx -DUSE_STDPERIPH_DRIVER -DHSE_VALUE=8000000 -DUSE_STM32F429I_DISCO -I../src -I../Libraries/CMSIS/Include -I../Libraries/Device/ST/STM32F4xx/Include -I../Libraries/STM32F4xx_StdPeriph_Driver/inc -IC:\Users\John\Desktop\workspace\MiniWin -IC:\Users\John\Desktop\workspace\MiniWin\hal\stm32f429\STM32F429I-Discovery -O0 -ffunction-sections -fdata-sections -g -fstack-usage -Wall -o MiniWin\hal\stm32f429\STM32F429I-Discovery\stm32f429i_discovery_sdram.o 
arm-atollic-eabi-gcc -c ..\..\..\MiniWin\hal\stm32f429\STM32F429I-Discovery\stm32f429i_discovery_ioe.c -mthumb -mcpu=cortex-m4 -mfloat-abi=hard -mfpu=fpv4-sp-d16 -std=gnu11 -DSTM32F42_43xxx -DUSE_STDPERIPH_DRIVER -DHSE_VALUE=8000000 -DUSE_STM32F429I_DISCO -I../src -I../Libraries/CMSIS/Include -I../Libraries/Device/ST/STM32F4xx/Include -I../Libraries/STM32F4xx_StdPeriph_Driver/inc -IC:\Users\John\Desktop\workspace\MiniWin -IC:\Users\John\Desktop\workspace\MiniWin\hal\stm32f429\STM32F429I-Discovery -O0 -ffunction-sections -fdata-sections -g -fstack-usage -Wall -o MiniWin\hal\stm32f429\STM32F429I-Discovery\stm32f429i_discovery_ioe.o 
arm-atollic-eabi-gcc -c ..\..\..\MiniWin\miniwin_utilities.c -mthumb -mcpu=cortex-m4 -mfloat-abi=hard -mfpu=fpv4-sp-d16 -std=gnu11 -DSTM32F42_43xxx -DUSE_STDPERIPH_DRIVER -DHSE_VALUE=8000000 -DUSE_STM32F429I_DISCO -I../src -I../Libraries/CMSIS/Include -I../Libraries/Device/ST/STM32F4xx/Include -I../Libraries/STM32F4xx_StdPeriph_Driver/inc -IC:\Users\John\Desktop\workspace\MiniWin -IC:\Users\John\Desktop\workspace\MiniWin\hal\stm32f429\STM32F429I-Discovery -O0 -ffunction-sections -fdata-sections -g -fstack-usage -Wall -o MiniWin\miniwin_utilities.o 
arm-atollic-eabi-gcc -c ..\..\..\MiniWin\bitmaps\minimise_icon.c -mthumb -mcpu=cortex-m4 -mfloat-abi=hard -mfpu=fpv4-sp-d16 -std=gnu11 -DSTM32F42_43xxx -DUSE_STDPERIPH_DRIVER -DHSE_VALUE=8000000 -DUSE_STM32F429I_DISCO -I../src -I../Libraries/CMSIS/Include -I../Libraries/Device/ST/STM32F4xx/Include -I../Libraries/STM32F4xx_StdPeriph_Driver/inc -IC:\Users\John\Desktop\workspace\MiniWin -IC:\Users\John\Desktop\workspace\MiniWin\hal\stm32f429\STM32F429I-Discovery -O0 -ffunction-sections -fdata-sections -g -fstack-usage -Wall -o MiniWin\bitmaps\minimise_icon.o 
arm-atollic-eabi-gcc -c ..\..\common\main.c -mthumb -mcpu=cortex-m4 -mfloat-abi=hard -mfpu=fpv4-sp-d16 -std=gnu11 -DSTM32F42_43xxx -DUSE_STDPERIPH_DRIVER -DHSE_VALUE=8000000 -DUSE_STM32F429I_DISCO -I../src -I../Libraries/CMSIS/Include -I../Libraries/Device/ST/STM32F4xx/Include -I../Libraries/STM32F4xx_StdPeriph_Driver/inc -IC:\Users\John\Desktop\workspace\MiniWin -IC:\Users\John\Desktop\workspace\MiniWin\hal\stm32f429\STM32F429I-Discovery -O0 -ffunction-sections -fdata-sections -g -fstack-usage -Wall -o common\main.o 
arm-atollic-eabi-gcc -c ..\..\..\MiniWin\ui\ui_common.c -mthumb -mcpu=cortex-m4 -mfloat-abi=hard -mfpu=fpv4-sp-d16 -std=gnu11 -DSTM32F42_43xxx -DUSE_STDPERIPH_DRIVER -DHSE_VALUE=8000000 -DUSE_STM32F429I_DISCO -I../src -I../Libraries/CMSIS/Include -I../Libraries/Device/ST/STM32F4xx/Include -I../Libraries/STM32F4xx_StdPeriph_Driver/inc -IC:\Users\John\Desktop\workspace\MiniWin -IC:\Users\John\Desktop\workspace\MiniWin\hal\stm32f429\STM32F429I-Discovery -O0 -ffunction-sections -fdata-sections -g -fstack-usage -Wall -o MiniWin\ui\ui_common.o 
arm-atollic-eabi-gcc -c ..\..\..\MiniWin\ui\ui_keyboard.c -mthumb -mcpu=cortex-m4 -mfloat-abi=hard -mfpu=fpv4-sp-d16 -std=gnu11 -DSTM32F42_43xxx -DUSE_STDPERIPH_DRIVER -DHSE_VALUE=8000000 -DUSE_STM32F429I_DISCO -I../src -I../Libraries/CMSIS/Include -I../Libraries/Device/ST/STM32F4xx/Include -I../Libraries/STM32F4xx_StdPeriph_Driver/inc -IC:\Users\John\Desktop\workspace\MiniWin -IC:\Users\John\Desktop\workspace\MiniWin\hal\stm32f429\STM32F429I-Discovery -O0 -ffunction-sections -fdata-sections -g -fstack-usage -Wall -o MiniWin\ui\ui_keyboard.o 
arm-atollic-eabi-gcc -c ..\Libraries\STM32F4xx_StdPeriph_Driver\src\stm32f4xx_hash.c -mthumb -mcpu=cortex-m4 -mfloat-abi=hard -mfpu=fpv4-sp-d16 -std=gnu11 -DSTM32F42_43xxx -DUSE_STDPERIPH_DRIVER -DHSE_VALUE=8000000 -DUSE_STM32F429I_DISCO -I../src -I../Libraries/CMSIS/Include -I../Libraries/Device/ST/STM32F4xx/Include -I../Libraries/STM32F4xx_StdPeriph_Driver/inc -IC:\Users\John\Desktop\workspace\MiniWin -IC:\Users\John\Desktop\workspace\MiniWin\hal\stm32f429\STM32F429I-Discovery -O0 -ffunction-sections -fdata-sections -g -fstack-usage -Wall -o Libraries\STM32F4xx_StdPeriph_Driver\src\stm32f4xx_hash.o 
arm-atollic-eabi-gcc -c ..\Libraries\STM32F4xx_StdPeriph_Driver\src\stm32f4xx_sai.c -mthumb -mcpu=cortex-m4 -mfloat-abi=hard -mfpu=fpv4-sp-d16 -std=gnu11 -DSTM32F42_43xxx -DUSE_STDPERIPH_DRIVER -DHSE_VALUE=8000000 -DUSE_STM32F429I_DISCO -I../src -I../Libraries/CMSIS/Include -I../Libraries/Device/ST/STM32F4xx/Include -I../Libraries/STM32F4xx_StdPeriph_Driver/inc -IC:\Users\John\Desktop\workspace\MiniWin -IC:\Users\John\Desktop\workspace\MiniWin\hal\stm32f429\STM32F429I-Discovery -O0 -ffunction-sections -fdata-sections -g -fstack-usage -Wall -o Libraries\STM32F4xx_StdPeriph_Driver\src\stm32f4xx_sai.o 
arm-atollic-eabi-gcc -c ..\..\..\MiniWin\bitmaps\num_key.c -mthumb -mcpu=cortex-m4 -mfloat-abi=hard -mfpu=fpv4-sp-d16 -std=gnu11 -DSTM32F42_43xxx -DUSE_STDPERIPH_DRIVER -DHSE_VALUE=8000000 -DUSE_STM32F429I_DISCO -I../src -I../Libraries/CMSIS/Include -I../Libraries/Device/ST/STM32F4xx/Include -I../Libraries/STM32F4xx_StdPeriph_Driver/inc -IC:\Users\John\Desktop\workspace\MiniWin -IC:\Users\John\Desktop\workspace\MiniWin\hal\stm32f429\STM32F429I-Discovery -O0 -ffunction-sections -fdata-sections -g -fstack-usage -Wall -o MiniWin\bitmaps\num_key.o 
arm-atollic-eabi-gcc -c ..\..\..\MiniWin\gl\gl.c -mthumb -mcpu=cortex-m4 -mfloat-abi=hard -mfpu=fpv4-sp-d16 -std=gnu11 -DSTM32F42_43xxx -DUSE_STDPERIPH_DRIVER -DHSE_VALUE=8000000 -DUSE_STM32F429I_DISCO -I../src -I../Libraries/CMSIS/Include -I../Libraries/Device/ST/STM32F4xx/Include -I../Libraries/STM32F4xx_StdPeriph_Driver/inc -IC:\Users\John\Desktop\workspace\MiniWin -IC:\Users\John\Desktop\workspace\MiniWin\hal\stm32f429\STM32F429I-Discovery -O0 -ffunction-sections -fdata-sections -g -fstack-usage -Wall -o MiniWin\gl\gl.o 
arm-atollic-eabi-gcc -c ..\src\stm32f4xx_it.c -mthumb -mcpu=cortex-m4 -mfloat-abi=hard -mfpu=fpv4-sp-d16 -std=gnu11 -DSTM32F42_43xxx -DUSE_STDPERIPH_DRIVER -DHSE_VALUE=8000000 -DUSE_STM32F429I_DISCO -I../src -I../Libraries/CMSIS/Include -I../Libraries/Device/ST/STM32F4xx/Include -I../Libraries/STM32F4xx_StdPeriph_Driver/inc -IC:\Users\John\Desktop\workspace\MiniWin -IC:\Users\John\Desktop\workspace\MiniWin\hal\stm32f429\STM32F429I-Discovery -O0 -ffunction-sections -fdata-sections -g -fstack-usage -Wall -o src\stm32f4xx_it.o 
arm-atollic-eabi-gcc -c ..\..\..\MiniWin\bitmaps\cancel_key.c -mthumb -mcpu=cortex-m4 -mfloat-abi=hard -mfpu=fpv4-sp-d16 -std=gnu11 -DSTM32F42_43xxx -DUSE_STDPERIPH_DRIVER -DHSE_VALUE=8000000 -DUSE_STM32F429I_DISCO -I../src -I../Libraries/CMSIS/Include -I../Libraries/Device/ST/STM32F4xx/Include -I../Libraries/STM32F4xx_StdPeriph_Driver/inc -IC:\Users\John\Desktop\workspace\MiniWin -IC:\Users\John\Desktop\workspace\MiniWin\hal\stm32f429\STM32F429I-Discovery -O0 -ffunction-sections -fdata-sections -g -fstack-usage -Wall -o MiniWin\bitmaps\cancel_key.o 
arm-atollic-eabi-gcc -c ..\Libraries\STM32F4xx_StdPeriph_Driver\src\stm32f4xx_fmc.c -mthumb -mcpu=cortex-m4 -mfloat-abi=hard -mfpu=fpv4-sp-d16 -std=gnu11 -DSTM32F42_43xxx -DUSE_STDPERIPH_DRIVER -DHSE_VALUE=8000000 -DUSE_STM32F429I_DISCO -I../src -I../Libraries/CMSIS/Include -I../Libraries/Device/ST/STM32F4xx/Include -I../Libraries/STM32F4xx_StdPeriph_Driver/inc -IC:\Users\John\Desktop\workspace\MiniWin -IC:\Users\John\Desktop\workspace\MiniWin\hal\stm32f429\STM32F429I-Discovery -O0 -ffunction-sections -fdata-sections -g -fstack-usage -Wall -o Libraries\STM32F4xx_StdPeriph_Driver\src\stm32f4xx_fmc.o 
arm-atollic-eabi-gcc -c ..\..\..\MiniWin\miniwin_settings.c -mthumb -mcpu=cortex-m4 -mfloat-abi=hard -mfpu=fpv4-sp-d16 -std=gnu11 -DSTM32F42_43xxx -DUSE_STDPERIPH_DRIVER -DHSE_VALUE=8000000 -DUSE_STM32F429I_DISCO -I../src -I../Libraries/CMSIS/Include -I../Libraries/Device/ST/STM32F4xx/Include -I../Libraries/STM32F4xx_StdPeriph_Driver/inc -IC:\Users\John\Desktop\workspace\MiniWin -IC:\Users\John\Desktop\workspace\MiniWin\hal\stm32f429\STM32F429I-Discovery -O0 -ffunction-sections -fdata-sections -g -fstack-usage -Wall -o MiniWin\miniwin_settings.o 
arm-atollic-eabi-gcc -c ..\..\..\MiniWin\ui\ui_scroll_bar_vert.c -mthumb -mcpu=cortex-m4 -mfloat-abi=hard -mfpu=fpv4-sp-d16 -std=gnu11 -DSTM32F42_43xxx -DUSE_STDPERIPH_DRIVER -DHSE_VALUE=8000000 -DUSE_STM32F429I_DISCO -I../src -I../Libraries/CMSIS/Include -I../Libraries/Device/ST/STM32F4xx/Include -I../Libraries/STM32F4xx_StdPeriph_Driver/inc -IC:\Users\John\Desktop\workspace\MiniWin -IC:\Users\John\Desktop\workspace\MiniWin\hal\stm32f429\STM32F429I-Discovery -O0 -ffunction-sections -fdata-sections -g -fstack-usage -Wall -o MiniWin\ui\ui_scroll_bar_vert.o 
arm-atollic-eabi-gcc -c ..\Libraries\STM32F4xx_StdPeriph_Driver\src\misc.c -mthumb -mcpu=cortex-m4 -mfloat-abi=hard -mfpu=fpv4-sp-d16 -std=gnu11 -DSTM32F42_43xxx -DUSE_STDPERIPH_DRIVER -DHSE_VALUE=8000000 -DUSE_STM32F429I_DISCO -I../src -I../Libraries/CMSIS/Include -I../Libraries/Device/ST/STM32F4xx/Include -I../Libraries/STM32F4xx_StdPeriph_Driver/inc -IC:\Users\John\Desktop\workspace\MiniWin -IC:\Users\John\Desktop\workspace\MiniWin\hal\stm32f429\STM32F429I-Discovery -O0 -ffunction-sections -fdata-sections -g -fstack-usage -Wall -o Libraries\STM32F4xx_StdPeriph_Driver\src\misc.o 
arm-atollic-eabi-gcc -c ..\Libraries\STM32F4xx_StdPeriph_Driver\src\stm32f4xx_iwdg.c -mthumb -mcpu=cortex-m4 -mfloat-abi=hard -mfpu=fpv4-sp-d16 -std=gnu11 -DSTM32F42_43xxx -DUSE_STDPERIPH_DRIVER -DHSE_VALUE=8000000 -DUSE_STM32F429I_DISCO -I../src -I../Libraries/CMSIS/Include -I../Libraries/Device/ST/STM32F4xx/Include -I../Libraries/STM32F4xx_StdPeriph_Driver/inc -IC:\Users\John\Desktop\workspace\MiniWin -IC:\Users\John\Desktop\workspace\MiniWin\hal\stm32f429\STM32F429I-Discovery -O0 -ffunction-sections -fdata-sections -g -fstack-usage -Wall -o Libraries\STM32F4xx_StdPeriph_Driver\src\stm32f4xx_iwdg.o 
arm-atollic-eabi-gcc -c ..\..\..\MiniWin\miniwin_touch.c -mthumb -mcpu=cortex-m4 -mfloat-abi=hard -mfpu=fpv4-sp-d16 -std=gnu11 -DSTM32F42_43xxx -DUSE_STDPERIPH_DRIVER -DHSE_VALUE=8000000 -DUSE_STM32F429I_DISCO -I../src -I../Libraries/CMSIS/Include -I../Libraries/Device/ST/STM32F4xx/Include -I../Libraries/STM32F4xx_StdPeriph_Driver/inc -IC:\Users\John\Desktop\workspace\MiniWin -IC:\Users\John\Desktop\workspace\MiniWin\hal\stm32f429\STM32F429I-Discovery -O0 -ffunction-sections -fdata-sections -g -fstack-usage -Wall -o MiniWin\miniwin_touch.o 
arm-atollic-eabi-gcc -c ..\..\..\MiniWin\miniwin.c -mthumb -mcpu=cortex-m4 -mfloat-abi=hard -mfpu=fpv4-sp-d16 -std=gnu11 -DSTM32F42_43xxx -DUSE_STDPERIPH_DRIVER -DHSE_VALUE=8000000 -DUSE_STM32F429I_DISCO -I../src -I../Libraries/CMSIS/Include -I../Libraries/Device/ST/STM32F4xx/Include -I../Libraries/STM32F4xx_StdPeriph_Driver/inc -IC:\Users\John\Desktop\workspace\MiniWin -IC:\Users\John\Desktop\workspace\MiniWin\hal\stm32f429\STM32F429I-Discovery -O0 -ffunction-sections -fdata-sections -g -fstack-usage -Wall -o MiniWin\miniwin.o 
arm-atollic-eabi-gcc -c ..\Libraries\STM32F4xx_StdPeriph_Driver\src\stm32f4xx_cryp.c -mthumb -mcpu=cortex-m4 -mfloat-abi=hard -mfpu=fpv4-sp-d16 -std=gnu11 -DSTM32F42_43xxx -DUSE_STDPERIPH_DRIVER -DHSE_VALUE=8000000 -DUSE_STM32F429I_DISCO -I../src -I../Libraries/CMSIS/Include -I../Libraries/Device/ST/STM32F4xx/Include -I../Libraries/STM32F4xx_StdPeriph_Driver/inc -IC:\Users\John\Desktop\workspace\MiniWin -IC:\Users\John\Desktop\workspace\MiniWin\hal\stm32f429\STM32F429I-Discovery -O0 -ffunction-sections -fdata-sections -g -fstack-usage -Wall -o Libraries\STM32F4xx_StdPeriph_Driver\src\stm32f4xx_cryp.o 
arm-atollic-eabi-gcc -c ..\..\..\MiniWin\ui\ui_label.c -mthumb -mcpu=cortex-m4 -mfloat-abi=hard -mfpu=fpv4-sp-d16 -std=gnu11 -DSTM32F42_43xxx -DUSE_STDPERIPH_DRIVER -DHSE_VALUE=8000000 -DUSE_STM32F429I_DISCO -I../src -I../Libraries/CMSIS/Include -I../Libraries/Device/ST/STM32F4xx/Include -I../Libraries/STM32F4xx_StdPeriph_Driver/inc -IC:\Users\John\Desktop\workspace\MiniWin -IC:\Users\John\Desktop\workspace\MiniWin\hal\stm32f429\STM32F429I-Discovery -O0 -ffunction-sections -fdata-sections -g -fstack-usage -Wall -o MiniWin\ui\ui_label.o 
arm-atollic-eabi-gcc -c ..\..\..\MiniWin\hal\stm32f429\hal_touch.c -mthumb -mcpu=cortex-m4 -mfloat-abi=hard -mfpu=fpv4-sp-d16 -std=gnu11 -DSTM32F42_43xxx -DUSE_STDPERIPH_DRIVER -DHSE_VALUE=8000000 -DUSE_STM32F429I_DISCO -I../src -I../Libraries/CMSIS/Include -I../Libraries/Device/ST/STM32F4xx/Include -I../Libraries/STM32F4xx_StdPeriph_Driver/inc -IC:\Users\John\Desktop\workspace\MiniWin -IC:\Users\John\Desktop\workspace\MiniWin\hal\stm32f429\STM32F429I-Discovery -O0 -ffunction-sections -fdata-sections -g -fstack-usage -Wall -o MiniWin\hal\stm32f429\hal_touch.o 
arm-atollic-eabi-gcc -c ..\Libraries\STM32F4xx_StdPeriph_Driver\src\stm32f4xx_dac.c -mthumb -mcpu=cortex-m4 -mfloat-abi=hard -mfpu=fpv4-sp-d16 -std=gnu11 -DSTM32F42_43xxx -DUSE_STDPERIPH_DRIVER -DHSE_VALUE=8000000 -DUSE_STM32F429I_DISCO -I../src -I../Libraries/CMSIS/Include -I../Libraries/Device/ST/STM32F4xx/Include -I../Libraries/STM32F4xx_StdPeriph_Driver/inc -IC:\Users\John\Desktop\workspace\MiniWin -IC:\Users\John\Desktop\workspace\MiniWin\hal\stm32f429\STM32F429I-Discovery -O0 -ffunction-sections -fdata-sections -g -fstack-usage -Wall -o Libraries\STM32F4xx_StdPeriph_Driver\src\stm32f4xx_dac.o 
arm-atollic-eabi-gcc -c ..\..\..\MiniWin\bitmaps\close_icon.c -mthumb -mcpu=cortex-m4 -mfloat-abi=hard -mfpu=fpv4-sp-d16 -std=gnu11 -DSTM32F42_43xxx -DUSE_STDPERIPH_DRIVER -DHSE_VALUE=8000000 -DUSE_STM32F429I_DISCO -I../src -I../Libraries/CMSIS/Include -I../Libraries/Device/ST/STM32F4xx/Include -I../Libraries/STM32F4xx_StdPeriph_Driver/inc -IC:\Users\John\Desktop\workspace\MiniWin -IC:\Users\John\Desktop\workspace\MiniWin\hal\stm32f429\STM32F429I-Discovery -O0 -ffunction-sections -fdata-sections -g -fstack-usage -Wall -o MiniWin\bitmaps\close_icon.o 
arm-atollic-eabi-gcc -c ..\..\common\kitten.c -mthumb -mcpu=cortex-m4 -mfloat-abi=hard -mfpu=fpv4-sp-d16 -std=gnu11 -DSTM32F42_43xxx -DUSE_STDPERIPH_DRIVER -DHSE_VALUE=8000000 -DUSE_STM32F429I_DISCO -I../src -I../Libraries/CMSIS/Include -I../Libraries/Device/ST/STM32F4xx/Include -I../Libraries/STM32F4xx_StdPeriph_Driver/inc -IC:\Users\John\Desktop\workspace\MiniWin -IC:\Users\John\Desktop\workspace\MiniWin\hal\stm32f429\STM32F429I-Discovery -O0 -ffunction-sections -fdata-sections -g -fstack-usage -Wall -o common\kitten.o 
arm-atollic-eabi-gcc -c ..\..\..\MiniWin\ui\ui_button.c -mthumb -mcpu=cortex-m4 -mfloat-abi=hard -mfpu=fpv4-sp-d16 -std=gnu11 -DSTM32F42_43xxx -DUSE_STDPERIPH_DRIVER -DHSE_VALUE=8000000 -DUSE_STM32F429I_DISCO -I../src -I../Libraries/CMSIS/Include -I../Libraries/Device/ST/STM32F4xx/Include -I../Libraries/STM32F4xx_StdPeriph_Driver/inc -IC:\Users\John\Desktop\workspace\MiniWin -IC:\Users\John\Desktop\workspace\MiniWin\hal\stm32f429\STM32F429I-Discovery -O0 -ffunction-sections -fdata-sections -g -fstack-usage -Wall -o MiniWin\ui\ui_button.o 
arm-atollic-eabi-gcc -c ..\Libraries\STM32F4xx_StdPeriph_Driver\src\stm32f4xx_can.c -mthumb -mcpu=cortex-m4 -mfloat-abi=hard -mfpu=fpv4-sp-d16 -std=gnu11 -DSTM32F42_43xxx -DUSE_STDPERIPH_DRIVER -DHSE_VALUE=8000000 -DUSE_STM32F429I_DISCO -I../src -I../Libraries/CMSIS/Include -I../Libraries/Device/ST/STM32F4xx/Include -I../Libraries/STM32F4xx_StdPeriph_Driver/inc -IC:\Users\John\Desktop\workspace\MiniWin -IC:\Users\John\Desktop\workspace\MiniWin\hal\stm32f429\STM32F429I-Discovery -O0 -ffunction-sections -fdata-sections -g -fstack-usage -Wall -o Libraries\STM32F4xx_StdPeriph_Driver\src\stm32f4xx_can.o 
arm-atollic-eabi-gcc -c ..\..\..\MiniWin\bitmaps\backspace_key.c -mthumb -mcpu=cortex-m4 -mfloat-abi=hard -mfpu=fpv4-sp-d16 -std=gnu11 -DSTM32F42_43xxx -DUSE_STDPERIPH_DRIVER -DHSE_VALUE=8000000 -DUSE_STM32F429I_DISCO -I../src -I../Libraries/CMSIS/Include -I../Libraries/Device/ST/STM32F4xx/Include -I../Libraries/STM32F4xx_StdPeriph_Driver/inc -IC:\Users\John\Desktop\workspace\MiniWin -IC:\Users\John\Desktop\workspace\MiniWin\hal\stm32f429\STM32F429I-Discovery -O0 -ffunction-sections -fdata-sections -g -fstack-usage -Wall -o MiniWin\bitmaps\backspace_key.o 
arm-atollic-eabi-gcc -c ..\..\..\MiniWin\ui\ui_list_box.c -mthumb -mcpu=cortex-m4 -mfloat-abi=hard -mfpu=fpv4-sp-d16 -std=gnu11 -DSTM32F42_43xxx -DUSE_STDPERIPH_DRIVER -DHSE_VALUE=8000000 -DUSE_STM32F429I_DISCO -I../src -I../Libraries/CMSIS/Include -I../Libraries/Device/ST/STM32F4xx/Include -I../Libraries/STM32F4xx_StdPeriph_Driver/inc -IC:\Users\John\Desktop\workspace\MiniWin -IC:\Users\John\Desktop\workspace\MiniWin\hal\stm32f429\STM32F429I-Discovery -O0 -ffunction-sections -fdata-sections -g -fstack-usage -Wall -o MiniWin\ui\ui_list_box.o 
arm-atollic-eabi-gcc -c ..\Libraries\STM32F4xx_StdPeriph_Driver\src\stm32f4xx_dma2d.c -mthumb -mcpu=cortex-m4 -mfloat-abi=hard -mfpu=fpv4-sp-d16 -std=gnu11 -DSTM32F42_43xxx -DUSE_STDPERIPH_DRIVER -DHSE_VALUE=8000000 -DUSE_STM32F429I_DISCO -I../src -I../Libraries/CMSIS/Include -I../Libraries/Device/ST/STM32F4xx/Include -I../Libraries/STM32F4xx_StdPeriph_Driver/inc -IC:\Users\John\Desktop\workspace\MiniWin -IC:\Users\John\Desktop\workspace\MiniWin\hal\stm32f429\STM32F429I-Discovery -O0 -ffunction-sections -fdata-sections -g -fstack-usage -Wall -o Libraries\STM32F4xx_StdPeriph_Driver\src\stm32f4xx_dma2d.o 
arm-atollic-eabi-gcc -c ..\Libraries\STM32F4xx_StdPeriph_Driver\src\stm32f4xx_cryp_des.c -mthumb -mcpu=cortex-m4 -mfloat-abi=hard -mfpu=fpv4-sp-d16 -std=gnu11 -DSTM32F42_43xxx -DUSE_STDPERIPH_DRIVER -DHSE_VALUE=8000000 -DUSE_STM32F429I_DISCO -I../src -I../Libraries/CMSIS/Include -I../Libraries/Device/ST/STM32F4xx/Include -I../Libraries/STM32F4xx_StdPeriph_Driver/inc -IC:\Users\John\Desktop\workspace\MiniWin -IC:\Users\John\Desktop\workspace\MiniWin\hal\stm32f429\STM32F429I-Discovery -O0 -ffunction-sections -fdata-sections -g -fstack-usage -Wall -o Libraries\STM32F4xx_StdPeriph_Driver\src\stm32f4xx_cryp_des.o 
arm-atollic-eabi-gcc -c ..\Libraries\STM32F4xx_StdPeriph_Driver\src\stm32f4xx_wwdg.c -mthumb -mcpu=cortex-m4 -mfloat-abi=hard -mfpu=fpv4-sp-d16 -std=gnu11 -DSTM32F42_43xxx -DUSE_STDPERIPH_DRIVER -DHSE_VALUE=8000000 -DUSE_STM32F429I_DISCO -I../src -I../Libraries/CMSIS/Include -I../Libraries/Device/ST/STM32F4xx/Include -I../Libraries/STM32F4xx_StdPeriph_Driver/inc -IC:\Users\John\Desktop\workspace\MiniWin -IC:\Users\John\Desktop\workspace\MiniWin\hal\stm32f429\STM32F429I-Discovery -O0 -ffunction-sections -fdata-sections -g -fstack-usage -Wall -o Libraries\STM32F4xx_StdPeriph_Driver\src\stm32f4xx_wwdg.o 
arm-atollic-eabi-gcc -c ..\..\..\MiniWin\bitmaps\resize_icon.c -mthumb -mcpu=cortex-m4 -mfloat-abi=hard -mfpu=fpv4-sp-d16 -std=gnu11 -DSTM32F42_43xxx -DUSE_STDPERIPH_DRIVER -DHSE_VALUE=8000000 -DUSE_STM32F429I_DISCO -I../src -I../Libraries/CMSIS/Include -I../Libraries/Device/ST/STM32F4xx/Include -I../Libraries/STM32F4xx_StdPeriph_Driver/inc -IC:\Users\John\Desktop\workspace\MiniWin -IC:\Users\John\Desktop\workspace\MiniWin\hal\stm32f429\STM32F429I-Discovery -O0 -ffunction-sections -fdata-sections -g -fstack-usage -Wall -o MiniWin\bitmaps\resize_icon.o 
arm-atollic-eabi-gcc -c ..\..\..\MiniWin\ui\ui_radio_button.c -mthumb -mcpu=cortex-m4 -mfloat-abi=hard -mfpu=fpv4-sp-d16 -std=gnu11 -DSTM32F42_43xxx -DUSE_STDPERIPH_DRIVER -DHSE_VALUE=8000000 -DUSE_STM32F429I_DISCO -I../src -I../Libraries/CMSIS/Include -I../Libraries/Device/ST/STM32F4xx/Include -I../Libraries/STM32F4xx_StdPeriph_Driver/inc -IC:\Users\John\Desktop\workspace\MiniWin -IC:\Users\John\Desktop\workspace\MiniWin\hal\stm32f429\STM32F429I-Discovery -O0 -ffunction-sections -fdata-sections -g -fstack-usage -Wall -o MiniWin\ui\ui_radio_button.o 
arm-atollic-eabi-gcc -c ..\Libraries\STM32F4xx_StdPeriph_Driver\src\stm32f4xx_sdio.c -mthumb -mcpu=cortex-m4 -mfloat-abi=hard -mfpu=fpv4-sp-d16 -std=gnu11 -DSTM32F42_43xxx -DUSE_STDPERIPH_DRIVER -DHSE_VALUE=8000000 -DUSE_STM32F429I_DISCO -I../src -I../Libraries/CMSIS/Include -I../Libraries/Device/ST/STM32F4xx/Include -I../Libraries/STM32F4xx_StdPeriph_Driver/inc -IC:\Users\John\Desktop\workspace\MiniWin -IC:\Users\John\Desktop\workspace\MiniWin\hal\stm32f429\STM32F429I-Discovery -O0 -ffunction-sections -fdata-sections -g -fstack-usage -Wall -o Libraries\STM32F4xx_StdPeriph_Driver\src\stm32f4xx_sdio.o 
arm-atollic-eabi-gcc -c ..\Libraries\STM32F4xx_StdPeriph_Driver\src\stm32f4xx_rng.c -mthumb -mcpu=cortex-m4 -mfloat-abi=hard -mfpu=fpv4-sp-d16 -std=gnu11 -DSTM32F42_43xxx -DUSE_STDPERIPH_DRIVER -DHSE_VALUE=8000000 -DUSE_STM32F429I_DISCO -I../src -I../Libraries/CMSIS/Include -I../Libraries/Device/ST/STM32F4xx/Include -I../Libraries/STM32F4xx_StdPeriph_Driver/inc -IC:\Users\John\Desktop\workspace\MiniWin -IC:\Users\John\Desktop\workspace\MiniWin\hal\stm32f429\STM32F429I-Discovery -O0 -ffunction-sections -fdata-sections -g -fstack-usage -Wall -o Libraries\STM32F4xx_StdPeriph_Driver\src\stm32f4xx_rng.o 
arm-atollic-eabi-gcc -c ..\Libraries\STM32F4xx_StdPeriph_Driver\src\stm32f4xx_rtc.c -mthumb -mcpu=cortex-m4 -mfloat-abi=hard -mfpu=fpv4-sp-d16 -std=gnu11 -DSTM32F42_43xxx -DUSE_STDPERIPH_DRIVER -DHSE_VALUE=8000000 -DUSE_STM32F429I_DISCO -I../src -I../Libraries/CMSIS/Include -I../Libraries/Device/ST/STM32F4xx/Include -I../Libraries/STM32F4xx_StdPeriph_Driver/inc -IC:\Users\John\Desktop\workspace\MiniWin -IC:\Users\John\Desktop\workspace\MiniWin\hal\stm32f429\STM32F429I-Discovery -O0 -ffunction-sections -fdata-sections -g -fstack-usage -Wall -o Libraries\STM32F4xx_StdPeriph_Driver\src\stm32f4xx_rtc.o 
arm-atollic-eabi-gcc -c ..\Libraries\STM32F4xx_StdPeriph_Driver\src\stm32f4xx_usart.c -mthumb -mcpu=cortex-m4 -mfloat-abi=hard -mfpu=fpv4-sp-d16 -std=gnu11 -DSTM32F42_43xxx -DUSE_STDPERIPH_DRIVER -DHSE_VALUE=8000000 -DUSE_STM32F429I_DISCO -I../src -I../Libraries/CMSIS/Include -I../Libraries/Device/ST/STM32F4xx/Include -I../Libraries/STM32F4xx_StdPeriph_Driver/inc -IC:\Users\John\Desktop\workspace\MiniWin -IC:\Users\John\Desktop\workspace\MiniWin\hal\stm32f429\STM32F429I-Discovery -O0 -ffunction-sections -fdata-sections -g -fstack-usage -Wall -o Libraries\STM32F4xx_StdPeriph_Driver\src\stm32f4xx_usart.o 
arm-atollic-eabi-gcc -c ..\..\common\window_test.c -mthumb -mcpu=cortex-m4 -mfloat-abi=hard -mfpu=fpv4-sp-d16 -std=gnu11 -DSTM32F42_43xxx -DUSE_STDPERIPH_DRIVER -DHSE_VALUE=8000000 -DUSE_STM32F429I_DISCO -I../src -I../Libraries/CMSIS/Include -I../Libraries/Device/ST/STM32F4xx/Include -I../Libraries/STM32F4xx_StdPeriph_Driver/inc -IC:\Users\John\Desktop\workspace\MiniWin -IC:\Users\John\Desktop\workspace\MiniWin\hal\stm32f429\STM32F429I-Discovery -O0 -ffunction-sections -fdata-sections -g -fstack-usage -Wall -o common\window_test.o 
arm-atollic-eabi-gcc -c ..\Libraries\STM32F4xx_StdPeriph_Driver\src\stm32f4xx_dbgmcu.c -mthumb -mcpu=cortex-m4 -mfloat-abi=hard -mfpu=fpv4-sp-d16 -std=gnu11 -DSTM32F42_43xxx -DUSE_STDPERIPH_DRIVER -DHSE_VALUE=8000000 -DUSE_STM32F429I_DISCO -I../src -I../Libraries/CMSIS/Include -I../Libraries/Device/ST/STM32F4xx/Include -I../Libraries/STM32F4xx_StdPeriph_Driver/inc -IC:\Users\John\Desktop\workspace\MiniWin -IC:\Users\John\Desktop\workspace\MiniWin\hal\stm32f429\STM32F429I-Discovery -O0 -ffunction-sections -fdata-sections -g -fstack-usage -Wall -o Libraries\STM32F4xx_StdPeriph_Driver\src\stm32f4xx_dbgmcu.o 
arm-atollic-eabi-gcc -c ..\..\..\MiniWin\hal\stm32f429\hal_timer.c -mthumb -mcpu=cortex-m4 -mfloat-abi=hard -mfpu=fpv4-sp-d16 -std=gnu11 -DSTM32F42_43xxx -DUSE_STDPERIPH_DRIVER -DHSE_VALUE=8000000 -DUSE_STM32F429I_DISCO -I../src -I../Libraries/CMSIS/Include -I../Libraries/Device/ST/STM32F4xx/Include -I../Libraries/STM32F4xx_StdPeriph_Driver/inc -IC:\Users\John\Desktop\workspace\MiniWin -IC:\Users\John\Desktop\workspace\MiniWin\hal\stm32f429\STM32F429I-Discovery -O0 -ffunction-sections -fdata-sections -g -fstack-usage -Wall -o MiniWin\hal\stm32f429\hal_timer.o 
arm-atollic-eabi-gcc -c ..\..\common\window_scroll.c -mthumb -mcpu=cortex-m4 -mfloat-abi=hard -mfpu=fpv4-sp-d16 -std=gnu11 -DSTM32F42_43xxx -DUSE_STDPERIPH_DRIVER -DHSE_VALUE=8000000 -DUSE_STM32F429I_DISCO -I../src -I../Libraries/CMSIS/Include -I../Libraries/Device/ST/STM32F4xx/Include -I../Libraries/STM32F4xx_StdPeriph_Driver/inc -IC:\Users\John\Desktop\workspace\MiniWin -IC:\Users\John\Desktop\workspace\MiniWin\hal\stm32f429\STM32F429I-Discovery -O0 -ffunction-sections -fdata-sections -g -fstack-usage -Wall -o common\window_scroll.o 
arm-atollic-eabi-gcc -c ..\..\..\MiniWin\bitmaps\maximise_icon.c -mthumb -mcpu=cortex-m4 -mfloat-abi=hard -mfpu=fpv4-sp-d16 -std=gnu11 -DSTM32F42_43xxx -DUSE_STDPERIPH_DRIVER -DHSE_VALUE=8000000 -DUSE_STM32F429I_DISCO -I../src -I../Libraries/CMSIS/Include -I../Libraries/Device/ST/STM32F4xx/Include -I../Libraries/STM32F4xx_StdPeriph_Driver/inc -IC:\Users\John\Desktop\workspace\MiniWin -IC:\Users\John\Desktop\workspace\MiniWin\hal\stm32f429\STM32F429I-Discovery -O0 -ffunction-sections -fdata-sections -g -fstack-usage -Wall -o MiniWin\bitmaps\maximise_icon.o 
arm-atollic-eabi-gcc -c ..\..\..\MiniWin\hal\hal_init.c -mthumb -mcpu=cortex-m4 -mfloat-abi=hard -mfpu=fpv4-sp-d16 -std=gnu11 -DSTM32F42_43xxx -DUSE_STDPERIPH_DRIVER -DHSE_VALUE=8000000 -DUSE_STM32F429I_DISCO -I../src -I../Libraries/CMSIS/Include -I../Libraries/Device/ST/STM32F4xx/Include -I../Libraries/STM32F4xx_StdPeriph_Driver/inc -IC:\Users\John\Desktop\workspace\MiniWin -IC:\Users\John\Desktop\workspace\MiniWin\hal\stm32f429\STM32F429I-Discovery -O0 -ffunction-sections -fdata-sections -g -fstack-usage -Wall -o MiniWin\hal\hal_init.o 
arm-atollic-eabi-gcc -c ..\Libraries\STM32F4xx_StdPeriph_Driver\src\stm32f4xx_adc.c -mthumb -mcpu=cortex-m4 -mfloat-abi=hard -mfpu=fpv4-sp-d16 -std=gnu11 -DSTM32F42_43xxx -DUSE_STDPERIPH_DRIVER -DHSE_VALUE=8000000 -DUSE_STM32F429I_DISCO -I../src -I../Libraries/CMSIS/Include -I../Libraries/Device/ST/STM32F4xx/Include -I../Libraries/STM32F4xx_StdPeriph_Driver/inc -IC:\Users\John\Desktop\workspace\MiniWin -IC:\Users\John\Desktop\workspace\MiniWin\hal\stm32f429\STM32F429I-Discovery -O0 -ffunction-sections -fdata-sections -g -fstack-usage -Wall -o Libraries\STM32F4xx_StdPeriph_Driver\src\stm32f4xx_adc.o 
arm-atollic-eabi-gcc -c ..\..\..\MiniWin\hal\stm32f429\STM32F429I-Discovery\stm32f429i_discovery_lcd.c -mthumb -mcpu=cortex-m4 -mfloat-abi=hard -mfpu=fpv4-sp-d16 -std=gnu11 -DSTM32F42_43xxx -DUSE_STDPERIPH_DRIVER -DHSE_VALUE=8000000 -DUSE_STM32F429I_DISCO -I../src -I../Libraries/CMSIS/Include -I../Libraries/Device/ST/STM32F4xx/Include -I../Libraries/STM32F4xx_StdPeriph_Driver/inc -IC:\Users\John\Desktop\workspace\MiniWin -IC:\Users\John\Desktop\workspace\MiniWin\hal\stm32f429\STM32F429I-Discovery -O0 -ffunction-sections -fdata-sections -g -fstack-usage -Wall -o MiniWin\hal\stm32f429\STM32F429I-Discovery\stm32f429i_discovery_lcd.o 
arm-atollic-eabi-gcc -c ..\..\..\MiniWin\miniwin_message_queue.c -mthumb -mcpu=cortex-m4 -mfloat-abi=hard -mfpu=fpv4-sp-d16 -std=gnu11 -DSTM32F42_43xxx -DUSE_STDPERIPH_DRIVER -DHSE_VALUE=8000000 -DUSE_STM32F429I_DISCO -I../src -I../Libraries/CMSIS/Include -I../Libraries/Device/ST/STM32F4xx/Include -I../Libraries/STM32F4xx_StdPeriph_Driver/inc -IC:\Users\John\Desktop\workspace\MiniWin -IC:\Users\John\Desktop\workspace\MiniWin\hal\stm32f429\STM32F429I-Discovery -O0 -ffunction-sections -fdata-sections -g -fstack-usage -Wall -o MiniWin\miniwin_message_queue.o 
arm-atollic-eabi-gcc -c ..\..\..\MiniWin\hal\stm32f429\hal_non_vol.c -mthumb -mcpu=cortex-m4 -mfloat-abi=hard -mfpu=fpv4-sp-d16 -std=gnu11 -DSTM32F42_43xxx -DUSE_STDPERIPH_DRIVER -DHSE_VALUE=8000000 -DUSE_STM32F429I_DISCO -I../src -I../Libraries/CMSIS/Include -I../Libraries/Device/ST/STM32F4xx/Include -I../Libraries/STM32F4xx_StdPeriph_Driver/inc -IC:\Users\John\Desktop\workspace\MiniWin -IC:\Users\John\Desktop\workspace\MiniWin\hal\stm32f429\STM32F429I-Discovery -O0 -ffunction-sections -fdata-sections -g -fstack-usage -Wall -o MiniWin\hal\stm32f429\hal_non_vol.o 
arm-atollic-eabi-gcc -c ..\Libraries\STM32F4xx_StdPeriph_Driver\src\stm32f4xx_syscfg.c -mthumb -mcpu=cortex-m4 -mfloat-abi=hard -mfpu=fpv4-sp-d16 -std=gnu11 -DSTM32F42_43xxx -DUSE_STDPERIPH_DRIVER -DHSE_VALUE=8000000 -DUSE_STM32F429I_DISCO -I../src -I../Libraries/CMSIS/Include -I../Libraries/Device/ST/STM32F4xx/Include -I../Libraries/STM32F4xx_StdPeriph_Driver/inc -IC:\Users\John\Desktop\workspace\MiniWin -IC:\Users\John\Desktop\workspace\MiniWin\hal\stm32f429\STM32F429I-Discovery -O0 -ffunction-sections -fdata-sections -g -fstack-usage -Wall -o Libraries\STM32F4xx_StdPeriph_Driver\src\stm32f4xx_syscfg.o 
arm-atollic-eabi-gcc -c ..\..\common\window_drag.c -mthumb -mcpu=cortex-m4 -mfloat-abi=hard -mfpu=fpv4-sp-d16 -std=gnu11 -DSTM32F42_43xxx -DUSE_STDPERIPH_DRIVER -DHSE_VALUE=8000000 -DUSE_STM32F429I_DISCO -I../src -I../Libraries/CMSIS/Include -I../Libraries/Device/ST/STM32F4xx/Include -I../Libraries/STM32F4xx_StdPeriph_Driver/inc -IC:\Users\John\Desktop\workspace\MiniWin -IC:\Users\John\Desktop\workspace\MiniWin\hal\stm32f429\STM32F429I-Discovery -O0 -ffunction-sections -fdata-sections -g -fstack-usage -Wall -o common\window_drag.o 
arm-atollic-eabi-gcc -c ..\..\..\MiniWin\bitmaps\ok_key.c -mthumb -mcpu=cortex-m4 -mfloat-abi=hard -mfpu=fpv4-sp-d16 -std=gnu11 -DSTM32F42_43xxx -DUSE_STDPERIPH_DRIVER -DHSE_VALUE=8000000 -DUSE_STM32F429I_DISCO -I../src -I../Libraries/CMSIS/Include -I../Libraries/Device/ST/STM32F4xx/Include -I../Libraries/STM32F4xx_StdPeriph_Driver/inc -IC:\Users\John\Desktop\workspace\MiniWin -IC:\Users\John\Desktop\workspace\MiniWin\hal\stm32f429\STM32F429I-Discovery -O0 -ffunction-sections -fdata-sections -g -fstack-usage -Wall -o MiniWin\bitmaps\ok_key.o 
arm-atollic-eabi-gcc -c ..\Libraries\STM32F4xx_StdPeriph_Driver\src\stm32f4xx_cryp_tdes.c -mthumb -mcpu=cortex-m4 -mfloat-abi=hard -mfpu=fpv4-sp-d16 -std=gnu11 -DSTM32F42_43xxx -DUSE_STDPERIPH_DRIVER -DHSE_VALUE=8000000 -DUSE_STM32F429I_DISCO -I../src -I../Libraries/CMSIS/Include -I../Libraries/Device/ST/STM32F4xx/Include -I../Libraries/STM32F4xx_StdPeriph_Driver/inc -IC:\Users\John\Desktop\workspace\MiniWin -IC:\Users\John\Desktop\workspace\MiniWin\hal\stm32f429\STM32F429I-Discovery -O0 -ffunction-sections -fdata-sections -g -fstack-usage -Wall -o Libraries\STM32F4xx_StdPeriph_Driver\src\stm32f4xx_cryp_tdes.o 
arm-atollic-eabi-gcc -c ..\Libraries\STM32F4xx_StdPeriph_Driver\src\stm32f4xx_dma.c -mthumb -mcpu=cortex-m4 -mfloat-abi=hard -mfpu=fpv4-sp-d16 -std=gnu11 -DSTM32F42_43xxx -DUSE_STDPERIPH_DRIVER -DHSE_VALUE=8000000 -DUSE_STM32F429I_DISCO -I../src -I../Libraries/CMSIS/Include -I../Libraries/Device/ST/STM32F4xx/Include -I../Libraries/STM32F4xx_StdPeriph_Driver/inc -IC:\Users\John\Desktop\workspace\MiniWin -IC:\Users\John\Desktop\workspace\MiniWin\hal\stm32f429\STM32F429I-Discovery -O0 -ffunction-sections -fdata-sections -g -fstack-usage -Wall -o Libraries\STM32F4xx_StdPeriph_Driver\src\stm32f4xx_dma.o 
arm-atollic-eabi-gcc -c ..\Libraries\STM32F4xx_StdPeriph_Driver\src\stm32f4xx_hash_sha1.c -mthumb -mcpu=cortex-m4 -mfloat-abi=hard -mfpu=fpv4-sp-d16 -std=gnu11 -DSTM32F42_43xxx -DUSE_STDPERIPH_DRIVER -DHSE_VALUE=8000000 -DUSE_STM32F429I_DISCO -I../src -I../Libraries/CMSIS/Include -I../Libraries/Device/ST/STM32F4xx/Include -I../Libraries/STM32F4xx_StdPeriph_Driver/inc -IC:\Users\John\Desktop\workspace\MiniWin -IC:\Users\John\Desktop\workspace\MiniWin\hal\stm32f429\STM32F429I-Discovery -O0 -ffunction-sections -fdata-sections -g -fstack-usage -Wall -o Libraries\STM32F4xx_StdPeriph_Driver\src\stm32f4xx_hash_sha1.o 
arm-atollic-eabi-gcc -c ..\..\..\MiniWin\bitmaps\let_key.c -mthumb -mcpu=cortex-m4 -mfloat-abi=hard -mfpu=fpv4-sp-d16 -std=gnu11 -DSTM32F42_43xxx -DUSE_STDPERIPH_DRIVER -DHSE_VALUE=8000000 -DUSE_STM32F429I_DISCO -I../src -I../Libraries/CMSIS/Include -I../Libraries/Device/ST/STM32F4xx/Include -I../Libraries/STM32F4xx_StdPeriph_Driver/inc -IC:\Users\John\Desktop\workspace\MiniWin -IC:\Users\John\Desktop\workspace\MiniWin\hal\stm32f429\STM32F429I-Discovery -O0 -ffunction-sections -fdata-sections -g -fstack-usage -Wall -o MiniWin\bitmaps\let_key.o 
arm-atollic-eabi-gcc -c ..\..\..\MiniWin\ui\ui_int_number_chooser.c -mthumb -mcpu=cortex-m4 -mfloat-abi=hard -mfpu=fpv4-sp-d16 -std=gnu11 -DSTM32F42_43xxx -DUSE_STDPERIPH_DRIVER -DHSE_VALUE=8000000 -DUSE_STM32F429I_DISCO -I../src -I../Libraries/CMSIS/Include -I../Libraries/Device/ST/STM32F4xx/Include -I../Libraries/STM32F4xx_StdPeriph_Driver/inc -IC:\Users\John\Desktop\workspace\MiniWin -IC:\Users\John\Desktop\workspace\MiniWin\hal\stm32f429\STM32F429I-Discovery -O0 -ffunction-sections -fdata-sections -g -fstack-usage -Wall -o MiniWin\ui\ui_int_number_chooser.o 
arm-atollic-eabi-gcc -c ..\Libraries\STM32F4xx_StdPeriph_Driver\src\stm32f4xx_dcmi.c -mthumb -mcpu=cortex-m4 -mfloat-abi=hard -mfpu=fpv4-sp-d16 -std=gnu11 -DSTM32F42_43xxx -DUSE_STDPERIPH_DRIVER -DHSE_VALUE=8000000 -DUSE_STM32F429I_DISCO -I../src -I../Libraries/CMSIS/Include -I../Libraries/Device/ST/STM32F4xx/Include -I../Libraries/STM32F4xx_StdPeriph_Driver/inc -IC:\Users\John\Desktop\workspace\MiniWin -IC:\Users\John\Desktop\workspace\MiniWin\hal\stm32f429\STM32F429I-Discovery -O0 -ffunction-sections -fdata-sections -g -fstack-usage -Wall -o Libraries\STM32F4xx_StdPeriph_Driver\src\stm32f4xx_dcmi.o 
arm-atollic-eabi-gcc -c ..\..\common\minwin_user.c -mthumb -mcpu=cortex-m4 -mfloat-abi=hard -mfpu=fpv4-sp-d16 -std=gnu11 -DSTM32F42_43xxx -DUSE_STDPERIPH_DRIVER -DHSE_VALUE=8000000 -DUSE_STM32F429I_DISCO -I../src -I../Libraries/CMSIS/Include -I../Libraries/Device/ST/STM32F4xx/Include -I../Libraries/STM32F4xx_StdPeriph_Driver/inc -IC:\Users\John\Desktop\workspace\MiniWin -IC:\Users\John\Desktop\workspace\MiniWin\hal\stm32f429\STM32F429I-Discovery -O0 -ffunction-sections -fdata-sections -g -fstack-usage -Wall -o common\minwin_user.o 
arm-atollic-eabi-gcc -c ..\Libraries\STM32F4xx_StdPeriph_Driver\src\stm32f4xx_pwr.c -mthumb -mcpu=cortex-m4 -mfloat-abi=hard -mfpu=fpv4-sp-d16 -std=gnu11 -DSTM32F42_43xxx -DUSE_STDPERIPH_DRIVER -DHSE_VALUE=8000000 -DUSE_STM32F429I_DISCO -I../src -I../Libraries/CMSIS/Include -I../Libraries/Device/ST/STM32F4xx/Include -I../Libraries/STM32F4xx_StdPeriph_Driver/inc -IC:\Users\John\Desktop\workspace\MiniWin -IC:\Users\John\Desktop\workspace\MiniWin\hal\stm32f429\STM32F429I-Discovery -O0 -ffunction-sections -fdata-sections -g -fstack-usage -Wall -o Libraries\STM32F4xx_StdPeriph_Driver\src\stm32f4xx_pwr.o 
arm-atollic-eabi-gcc -c ..\Libraries\STM32F4xx_StdPeriph_Driver\src\stm32f4xx_hash_md5.c -mthumb -mcpu=cortex-m4 -mfloat-abi=hard -mfpu=fpv4-sp-d16 -std=gnu11 -DSTM32F42_43xxx -DUSE_STDPERIPH_DRIVER -DHSE_VALUE=8000000 -DUSE_STM32F429I_DISCO -I../src -I../Libraries/CMSIS/Include -I../Libraries/Device/ST/STM32F4xx/Include -I../Libraries/STM32F4xx_StdPeriph_Driver/inc -IC:\Users\John\Desktop\workspace\MiniWin -IC:\Users\John\Desktop\workspace\MiniWin\hal\stm32f429\STM32F429I-Discovery -O0 -ffunction-sections -fdata-sections -g -fstack-usage -Wall -o Libraries\STM32F4xx_StdPeriph_Driver\src\stm32f4xx_hash_md5.o 
arm-atollic-eabi-gcc -c -mthumb -mcpu=cortex-m4 -mfloat-abi=hard -mfpu=fpv4-sp-d16 -DSTM32F42_43xxx -DUSE_STDPERIPH_DRIVER -DHSE_VALUE=8000000 -DUSE_STM32F429I_DISCO -I../src -I../Libraries/CMSIS/Include -I../Libraries/Device/ST/STM32F4xx/Include -I../Libraries/STM32F4xx_StdPeriph_Driver/inc -g -Wa,--warn -x assembler-with-cpp -o src\startup_stm32f429x.o ..\src\startup_stm32f429x.s 
arm-atollic-eabi-gcc -c ..\Libraries\STM32F4xx_StdPeriph_Driver\src\stm32f4xx_ltdc.c -mthumb -mcpu=cortex-m4 -mfloat-abi=hard -mfpu=fpv4-sp-d16 -std=gnu11 -DSTM32F42_43xxx -DUSE_STDPERIPH_DRIVER -DHSE_VALUE=8000000 -DUSE_STM32F429I_DISCO -I../src -I../Libraries/CMSIS/Include -I../Libraries/Device/ST/STM32F4xx/Include -I../Libraries/STM32F4xx_StdPeriph_Driver/inc -IC:\Users\John\Desktop\workspace\MiniWin -IC:\Users\John\Desktop\workspace\MiniWin\hal\stm32f429\STM32F429I-Discovery -O0 -ffunction-sections -fdata-sections -g -fstack-usage -Wall -o Libraries\STM32F4xx_StdPeriph_Driver\src\stm32f4xx_ltdc.o 
arm-atollic-eabi-gcc -c ..\Libraries\STM32F4xx_StdPeriph_Driver\src\stm32f4xx_crc.c -mthumb -mcpu=cortex-m4 -mfloat-abi=hard -mfpu=fpv4-sp-d16 -std=gnu11 -DSTM32F42_43xxx -DUSE_STDPERIPH_DRIVER -DHSE_VALUE=8000000 -DUSE_STM32F429I_DISCO -I../src -I../Libraries/CMSIS/Include -I../Libraries/Device/ST/STM32F4xx/Include -I../Libraries/STM32F4xx_StdPeriph_Driver/inc -IC:\Users\John\Desktop\workspace\MiniWin -IC:\Users\John\Desktop\workspace\MiniWin\hal\stm32f429\STM32F429I-Discovery -O0 -ffunction-sections -fdata-sections -g -fstack-usage -Wall -o Libraries\STM32F4xx_StdPeriph_Driver\src\stm32f4xx_crc.o 
arm-atollic-eabi-gcc -c ..\..\..\MiniWin\hal\stm32f429\hal_lcd.c -mthumb -mcpu=cortex-m4 -mfloat-abi=hard -mfpu=fpv4-sp-d16 -std=gnu11 -DSTM32F42_43xxx -DUSE_STDPERIPH_DRIVER -DHSE_VALUE=8000000 -DUSE_STM32F429I_DISCO -I../src -I../Libraries/CMSIS/Include -I../Libraries/Device/ST/STM32F4xx/Include -I../Libraries/STM32F4xx_StdPeriph_Driver/inc -IC:\Users\John\Desktop\workspace\MiniWin -IC:\Users\John\Desktop\workspace\MiniWin\hal\stm32f429\STM32F429I-Discovery -O0 -ffunction-sections -fdata-sections -g -fstack-usage -Wall -o MiniWin\hal\stm32f429\hal_lcd.o 
arm-atollic-eabi-gcc -c ..\Libraries\STM32F4xx_StdPeriph_Driver\src\stm32f4xx_i2c.c -mthumb -mcpu=cortex-m4 -mfloat-abi=hard -mfpu=fpv4-sp-d16 -std=gnu11 -DSTM32F42_43xxx -DUSE_STDPERIPH_DRIVER -DHSE_VALUE=8000000 -DUSE_STM32F429I_DISCO -I../src -I../Libraries/CMSIS/Include -I../Libraries/Device/ST/STM32F4xx/Include -I../Libraries/STM32F4xx_StdPeriph_Driver/inc -IC:\Users\John\Desktop\workspace\MiniWin -IC:\Users\John\Desktop\workspace\MiniWin\hal\stm32f429\STM32F429I-Discovery -O0 -ffunction-sections -fdata-sections -g -fstack-usage -Wall -o Libraries\STM32F4xx_StdPeriph_Driver\src\stm32f4xx_i2c.o 
arm-atollic-eabi-gcc -c ..\..\..\MiniWin\gl\gl_fonts.c -mthumb -mcpu=cortex-m4 -mfloat-abi=hard -mfpu=fpv4-sp-d16 -std=gnu11 -DSTM32F42_43xxx -DUSE_STDPERIPH_DRIVER -DHSE_VALUE=8000000 -DUSE_STM32F429I_DISCO -I../src -I../Libraries/CMSIS/Include -I../Libraries/Device/ST/STM32F4xx/Include -I../Libraries/STM32F4xx_StdPeriph_Driver/inc -IC:\Users\John\Desktop\workspace\MiniWin -IC:\Users\John\Desktop\workspace\MiniWin\hal\stm32f429\STM32F429I-Discovery -O0 -ffunction-sections -fdata-sections -g -fstack-usage -Wall -o MiniWin\gl\gl_fonts.o 
arm-atollic-eabi-gcc -c ..\src\system_stm32f4xx.c -mthumb -mcpu=cortex-m4 -mfloat-abi=hard -mfpu=fpv4-sp-d16 -std=gnu11 -DSTM32F42_43xxx -DUSE_STDPERIPH_DRIVER -DHSE_VALUE=8000000 -DUSE_STM32F429I_DISCO -I../src -I../Libraries/CMSIS/Include -I../Libraries/Device/ST/STM32F4xx/Include -I../Libraries/STM32F4xx_StdPeriph_Driver/inc -IC:\Users\John\Desktop\workspace\MiniWin -IC:\Users\John\Desktop\workspace\MiniWin\hal\stm32f429\STM32F429I-Discovery -O0 -ffunction-sections -fdata-sections -g -fstack-usage -Wall -o src\system_stm32f4xx.o 
..\src\system_stm32f4xx.c: In function 'SetSysClock':
..\src\system_stm32f4xx.c:400:5: warning: this 'while' clause does not guard... [-Wmisleading-indentation]
     while ((RCC->CFGR & (uint32_t)RCC_CFGR_SWS ) != RCC_CFGR_SWS_PLL);
     ^~~~~
..\src\system_stm32f4xx.c:401:5: note: ...this statement, but the latter is misleadingly indented as if it is guarded by the 'while'
     {
     ^
arm-atollic-eabi-gcc -c ..\Libraries\STM32F4xx_StdPeriph_Driver\src\stm32f4xx_rcc.c -mthumb -mcpu=cortex-m4 -mfloat-abi=hard -mfpu=fpv4-sp-d16 -std=gnu11 -DSTM32F42_43xxx -DUSE_STDPERIPH_DRIVER -DHSE_VALUE=8000000 -DUSE_STM32F429I_DISCO -I../src -I../Libraries/CMSIS/Include -I../Libraries/Device/ST/STM32F4xx/Include -I../Libraries/STM32F4xx_StdPeriph_Driver/inc -IC:\Users\John\Desktop\workspace\MiniWin -IC:\Users\John\Desktop\workspace\MiniWin\hal\stm32f429\STM32F429I-Discovery -O0 -ffunction-sections -fdata-sections -g -fstack-usage -Wall -o Libraries\STM32F4xx_StdPeriph_Driver\src\stm32f4xx_rcc.o 
arm-atollic-eabi-gcc -c ..\..\..\MiniWin\bitmaps\sym_key.c -mthumb -mcpu=cortex-m4 -mfloat-abi=hard -mfpu=fpv4-sp-d16 -std=gnu11 -DSTM32F42_43xxx -DUSE_STDPERIPH_DRIVER -DHSE_VALUE=8000000 -DUSE_STM32F429I_DISCO -I../src -I../Libraries/CMSIS/Include -I../Libraries/Device/ST/STM32F4xx/Include -I../Libraries/STM32F4xx_StdPeriph_Driver/inc -IC:\Users\John\Desktop\workspace\MiniWin -IC:\Users\John\Desktop\workspace\MiniWin\hal\stm32f429\STM32F429I-Discovery -O0 -ffunction-sections -fdata-sections -g -fstack-usage -Wall -o MiniWin\bitmaps\sym_key.o 
arm-atollic-eabi-gcc -o MiniWinTest_STM32F429.elf Libraries\STM32F4xx_StdPeriph_Driver\src\misc.o Libraries\STM32F4xx_StdPeriph_Driver\src\stm32f4xx_adc.o Libraries\STM32F4xx_StdPeriph_Driver\src\stm32f4xx_can.o Libraries\STM32F4xx_StdPeriph_Driver\src\stm32f4xx_crc.o Libraries\STM32F4xx_StdPeriph_Driver\src\stm32f4xx_cryp.o Libraries\STM32F4xx_StdPeriph_Driver\src\stm32f4xx_cryp_aes.o Libraries\STM32F4xx_StdPeriph_Driver\src\stm32f4xx_cryp_des.o Libraries\STM32F4xx_StdPeriph_Driver\src\stm32f4xx_cryp_tdes.o Libraries\STM32F4xx_StdPeriph_Driver\src\stm32f4xx_dac.o Libraries\STM32F4xx_StdPeriph_Driver\src\stm32f4xx_dbgmcu.o Libraries\STM32F4xx_StdPeriph_Driver\src\stm32f4xx_dcmi.o Libraries\STM32F4xx_StdPeriph_Driver\src\stm32f4xx_dma.o Libraries\STM32F4xx_StdPeriph_Driver\src\stm32f4xx_dma2d.o Libraries\STM32F4xx_StdPeriph_Driver\src\stm32f4xx_exti.o Libraries\STM32F4xx_StdPeriph_Driver\src\stm32f4xx_flash.o Libraries\STM32F4xx_StdPeriph_Driver\src\stm32f4xx_fmc.o Libraries\STM32F4xx_StdPeriph_Driver\src\stm32f4xx_gpio.o Libraries\STM32F4xx_StdPeriph_Driver\src\stm32f4xx_hash.o Libraries\STM32F4xx_StdPeriph_Driver\src\stm32f4xx_hash_md5.o Libraries\STM32F4xx_StdPeriph_Driver\src\stm32f4xx_hash_sha1.o Libraries\STM32F4xx_StdPeriph_Driver\src\stm32f4xx_i2c.o Libraries\STM32F4xx_StdPeriph_Driver\src\stm32f4xx_iwdg.o Libraries\STM32F4xx_StdPeriph_Driver\src\stm32f4xx_ltdc.o Libraries\STM32F4xx_StdPeriph_Driver\src\stm32f4xx_pwr.o Libraries\STM32F4xx_StdPeriph_Driver\src\stm32f4xx_rcc.o Libraries\STM32F4xx_StdPeriph_Driver\src\stm32f4xx_rng.o Libraries\STM32F4xx_StdPeriph_Driver\src\stm32f4xx_rtc.o Libraries\STM32F4xx_StdPeriph_Driver\src\stm32f4xx_sai.o Libraries\STM32F4xx_StdPeriph_Driver\src\stm32f4xx_sdio.o Libraries\STM32F4xx_StdPeriph_Driver\src\stm32f4xx_spi.o Libraries\STM32F4xx_StdPeriph_Driver\src\stm32f4xx_syscfg.o Libraries\STM32F4xx_StdPeriph_Driver\src\stm32f4xx_tim.o Libraries\STM32F4xx_StdPeriph_Driver\src\stm32f4xx_usart.o Libraries\STM32F4xx_StdPeriph_Driver\src\stm32f4xx_wwdg.o MiniWin\bitmaps\backspace_key.o MiniWin\bitmaps\cancel_key.o MiniWin\bitmaps\close_icon.o MiniWin\bitmaps\let_key.o MiniWin\bitmaps\maximise_icon.o MiniWin\bitmaps\minimise_icon.o MiniWin\bitmaps\num_key.o MiniWin\bitmaps\ok_key.o MiniWin\bitmaps\resize_icon.o MiniWin\bitmaps\shift_key.o MiniWin\bitmaps\sym_key.o MiniWin\calibrate.o MiniWin\gl\gl.o MiniWin\gl\gl_fonts.o MiniWin\hal\hal_init.o MiniWin\hal\stm32f429\STM32F429I-Discovery\stm32f429i_discovery_ioe.o MiniWin\hal\stm32f429\STM32F429I-Discovery\stm32f429i_discovery_lcd.o MiniWin\hal\stm32f429\STM32F429I-Discovery\stm32f429i_discovery_sdram.o MiniWin\hal\stm32f429\hal_delay.o MiniWin\hal\stm32f429\hal_lcd.o MiniWin\hal\stm32f429\hal_non_vol.o MiniWin\hal\stm32f429\hal_timer.o MiniWin\hal\stm32f429\hal_touch.o MiniWin\miniwin.o MiniWin\miniwin_debug.o MiniWin\miniwin_message_queue.o MiniWin\miniwin_settings.o MiniWin\miniwin_touch.o MiniWin\miniwin_utilities.o MiniWin\ui\ui_button.o MiniWin\ui\ui_check_box.o MiniWin\ui\ui_common.o MiniWin\ui\ui_int_number_chooser.o MiniWin\ui\ui_keyboard.o MiniWin\ui\ui_label.o MiniWin\ui\ui_list_box.o MiniWin\ui\ui_progress_bar.o MiniWin\ui\ui_radio_button.o MiniWin\ui\ui_scroll_bar_horiz.o MiniWin\ui\ui_scroll_bar_vert.o common\kitten.o common\main.o common\minwin_user.o common\window_drag.o common\window_gl.o common\window_ok_cancel.o common\window_paint_rect.o common\window_scroll.o common\window_test.o common\window_yield.o src\startup_stm32f429x.o src\stm32f4xx_it.o src\system_stm32f4xx.o -mthumb -mcpu=cortex-m4 -mfloat-abi=hard -mfpu=fpv4-sp-d16 -T../stm32f4_flash.ld -specs=nosys.specs -static -Wl,-cref,-u,Reset_Handler -Wl,-Map=MiniWinTest_STM32F429.map -Wl,--gc-sections -Wl,--defsym=malloc_getpagesize_P=0x80 -Wl,--start-group -lc -lm -Wl,--end-group 
D:\TrueSTUDIO for ARM 8.1.0\ide\jre\bin\java -jar D:\TrueSTUDIO for ARM 8.1.0\Tools\arm-atollic-reports.jar sizeinfo list MiniWinTest_STM32F429.elf 
Generate build reports...
Print size information
   text	   data	    bss	    dec	    hex	filename
 177224	   1768	   2956	 181948	  2c6bc	MiniWinTest_STM32F429.elf
Print size information done
Generate listing file
Output sent to: MiniWinTest_STM32F429.list
Generate listing file done
Generate build reports done

19:56:45 Build Finished (took 28s.2ms)

